Archive member included because of file (symbol)

contiki-avr-atmega128rfa1.a(ping6.o)
                              example-ping6.co (ping6_process)
contiki-avr-atmega128rfa1.a(contiki-main.o)
                              /usr/local/bin/../lib/gcc/avr/4.8.1/../../../../avr/lib/avr51/crtm128rfa1.o (main)
contiki-avr-atmega128rfa1.a(params.o)
                              contiki-avr-atmega128rfa1.a(contiki-main.o) (params_get_channel)
contiki-avr-atmega128rfa1.a(clock.o)
                              contiki-avr-atmega128rfa1.a(contiki-main.o) (clock_init)
contiki-avr-atmega128rfa1.a(rs232.o)
                              contiki-avr-atmega128rfa1.a(contiki-main.o) (rs232_init)
contiki-avr-atmega128rfa1.a(watchdog.o)
                              contiki-avr-atmega128rfa1.a(contiki-main.o) (watchdog_init)
contiki-avr-atmega128rfa1.a(random.o)
                              contiki-avr-atmega128rfa1.a(contiki-main.o) (random_init)
contiki-avr-atmega128rfa1.a(rf230bb.o)
                              contiki-avr-atmega128rfa1.a(clock.o) (RF230_receive_on)
contiki-avr-atmega128rfa1.a(halbb.o)
                              contiki-avr-atmega128rfa1.a(rf230bb.o) (hal_init)
contiki-avr-atmega128rfa1.a(autostart.o)
                              contiki-avr-atmega128rfa1.a(contiki-main.o) (autostart_start)
contiki-avr-atmega128rfa1.a(ctimer.o)
                              contiki-avr-atmega128rfa1.a(contiki-main.o) (ctimer_init)
contiki-avr-atmega128rfa1.a(energest.o)
                              contiki-avr-atmega128rfa1.a(rf230bb.o) (energest_current_time)
contiki-avr-atmega128rfa1.a(etimer.o)
                              contiki-avr-atmega128rfa1.a(clock.o) (etimer_request_poll)
contiki-avr-atmega128rfa1.a(process.o)
                              contiki-avr-atmega128rfa1.a(ctimer.o) (process_current)
contiki-avr-atmega128rfa1.a(rtimer.o)
                              contiki-avr-atmega128rfa1.a(contiki-main.o) (rtimer_init)
contiki-avr-atmega128rfa1.a(timer.o)
                              contiki-avr-atmega128rfa1.a(etimer.o) (timer_set)
contiki-avr-atmega128rfa1.a(list.o)
                              contiki-avr-atmega128rfa1.a(ctimer.o) (list_init)
contiki-avr-atmega128rfa1.a(print-stats.o)
                              contiki-avr-atmega128rfa1.a(contiki-main.o) (print_stats)
contiki-avr-atmega128rfa1.a(sicslowpan.o)
                              contiki-avr-atmega128rfa1.a(contiki-main.o) (sicslowpan_driver)
contiki-avr-atmega128rfa1.a(uip6.o)
                              contiki-avr-atmega128rfa1.a(ping6.o) (uip_ext_len)
contiki-avr-atmega128rfa1.a(uip-ds6.o)
                              contiki-avr-atmega128rfa1.a(uip6.o) (uip_ds6_is_addr_onlink)
contiki-avr-atmega128rfa1.a(uip-ds6-nbr.o)
                              contiki-avr-atmega128rfa1.a(contiki-main.o) (ds6_neighbors)
contiki-avr-atmega128rfa1.a(uip-ds6-route.o)
                              contiki-avr-atmega128rfa1.a(uip-ds6.o) (uip_ds6_route_init)
contiki-avr-atmega128rfa1.a(uip-icmp6.o)
                              contiki-avr-atmega128rfa1.a(uip6.o) (uip_icmp6_input)
contiki-avr-atmega128rfa1.a(uip-nd6.o)
                              contiki-avr-atmega128rfa1.a(uip-ds6-nbr.o) (uip_nd6_ns_output)
contiki-avr-atmega128rfa1.a(tcpip.o)
                              contiki-avr-atmega128rfa1.a(sicslowpan.o) (tcpip_set_outputfunc)
contiki-avr-atmega128rfa1.a(uip-debug.o)
                              contiki-avr-atmega128rfa1.a(uip-ds6-route.o) (uip_debug_ipaddr_print)
contiki-avr-atmega128rfa1.a(uip-packetqueue)
                              contiki-avr-atmega128rfa1.a(uip-ds6-nbr.o) (uip_packetqueue_new)
contiki-avr-atmega128rfa1.a(uip-split.o)
                              contiki-avr-atmega128rfa1.a(tcpip.o) (uip_split_output)
contiki-avr-atmega128rfa1.a(rpl.o)
                              contiki-avr-atmega128rfa1.a(uip-ds6-nbr.o) (rpl_link_neighbor_callback)
contiki-avr-atmega128rfa1.a(rpl-dag.o)
                              contiki-avr-atmega128rfa1.a(rpl.o) (rpl_dag_init)
contiki-avr-atmega128rfa1.a(rpl-ext-header.)
                              contiki-avr-atmega128rfa1.a(uip6.o) (rpl_verify_header)
contiki-avr-atmega128rfa1.a(rpl-icmp6.o)
                              contiki-avr-atmega128rfa1.a(rpl.o) (dao_output_target)
contiki-avr-atmega128rfa1.a(rpl-mrhof.o)
                              contiki-avr-atmega128rfa1.a(rpl.o) (rpl_mrhof)
contiki-avr-atmega128rfa1.a(rpl-timers.o)
                              contiki-avr-atmega128rfa1.a(rpl.o) (rpl_reset_periodic_timer)
contiki-avr-atmega128rfa1.a(framer-802154.o)
                              contiki-avr-atmega128rfa1.a(sicslowpan.o) (framer_802154)
contiki-avr-atmega128rfa1.a(framer.o)
                              contiki-avr-atmega128rfa1.a(framer-802154.o) (framer_canonical_create_and_secure)
contiki-avr-atmega128rfa1.a(nullmac.o)
                              contiki-avr-atmega128rfa1.a(contiki-main.o) (nullmac_driver)
contiki-avr-atmega128rfa1.a(linkaddr.o)
[...]
Memory Configuration

Name             Origin             Length             Attributes
text             0x00000000         0x00020000         xr
data             0x00800100         0x0000ff00         rw !x
eeprom           0x00810000         0x00010000         rw !x
fuse             0x00820000         0x00000400         rw !x
lock             0x00830000         0x00000400         rw !x
signature        0x00840000         0x00000400         rw !x
user_signatures  0x00850000         0x00000400         rw !x
*default*        0x00000000         0xffffffff

Linker script and memory map

Address of section .data set to 0x800200
LOAD /usr/local/bin/../lib/gcc/avr/4.8.1/../../../../avr/lib/avr51/crtm128rfa1.o
Address of section .bootloader set to 0x1f800
LOAD example-ping6.co
LOAD contiki-avr-atmega128rfa1.a
START GROUP
LOAD /usr/local/bin/../lib/gcc/avr/4.8.1/avr51/libgcc.a
LOAD /usr/local/bin/../lib/gcc/avr/4.8.1/../../../../avr/lib/avr51/libm.a
LOAD /usr/local/bin/../lib/gcc/avr/4.8.1/../../../../avr/lib/avr51/libc.a
END GROUP

.hash
 *(.hash)

.dynsym
 *(.dynsym)

.dynstr
 *(.dynstr)

.gnu.version
 *(.gnu.version)

.gnu.version_d
 *(.gnu.version_d)

.gnu.version_r
 *(.gnu.version_r)

.rel.init
 *(.rel.init)

.rela.init
 *(.rela.init)

.rel.text
 *(.rel.text)
 *(.rel.text.*)
 *(.rel.gnu.linkonce.t*)

.rela.text
 *(.rela.text)
 *(.rela.text.*)
 *(.rela.gnu.linkonce.t*)

.rel.fini
 *(.rel.fini)

.rela.fini
 *(.rela.fini)

.rel.rodata
 *(.rel.rodata)
 *(.rel.rodata.*)
 *(.rel.gnu.linkonce.r*)

.rela.rodata
 *(.rela.rodata)
 *(.rela.rodata.*)
 *(.rela.gnu.linkonce.r*)

.rel.data
 *(.rel.data)
 *(.rel.data.*)
 *(.rel.gnu.linkonce.d*)

.rela.data
 *(.rela.data)
 *(.rela.data.*)
 *(.rela.gnu.linkonce.d*)

.rel.ctors
 *(.rel.ctors)

.rela.ctors
 *(.rela.ctors)

.rel.dtors
 *(.rel.dtors)

.rela.dtors
 *(.rela.dtors)

.rel.got
 *(.rel.got)

.rela.got
 *(.rela.got)

.rel.bss
 *(.rel.bss)

.rela.bss
 *(.rela.bss)

.rel.plt
 *(.rel.plt)

.rela.plt
 *(.rela.plt)

.text           0x00000000     0xc578
 *(.vectors)
 .vectors       0x00000000      0x120 /usr/local/bin/../lib/gcc/avr/4.8.1/../../../../avr/lib/avr51/crtm128rfa1.o
                0x00000000                __vectors
                0x00000000                __vector_default
 *(.vectors)
 *(.progmem.gcc*)
 .progmem.gcc_sw_table.uip_process
                0x00000120       0x10 contiki-avr-atmega128rfa1.a(uip6.o)
                0x00000130                . = ALIGN (0x2)
                0x00000130                __trampolines_start = .
 *(.trampolines)
 .trampolines   0x00000130        0x0 linker stubs
 *(.trampolines*)
                0x00000130                __trampolines_end = .
 *(.progmem*)
 .progmem.data.__c.5480
                0x00000130        0x3 contiki-avr-atmega128rfa1.a(contiki-main.o)
 .progmem.data.__c.5478
                0x00000133        0x2 contiki-avr-atmega128rfa1.a(contiki-main.o)
 .progmem.data.__c.5476
                0x00000135        0x3 contiki-avr-atmega128rfa1.a(contiki-main.o)
 .progmem.data.__c.5530
                0x00000138       0x1d contiki-avr-atmega128rfa1.a(contiki-main.o)
 .progmem.data.__c.5525
                0x00000155        0xc contiki-avr-atmega128rfa1.a(contiki-main.o)
 .progmem.data.__c.5523
                0x00000161        0x9 contiki-avr-atmega128rfa1.a(contiki-main.o)
 .progmem.data.__c.5518
                0x0000016a        0x8 contiki-avr-atmega128rfa1.a(contiki-main.o)
 .progmem.data.__c.5516
                0x00000172        0xa contiki-avr-atmega128rfa1.a(contiki-main.o)
 .progmem.data.__c.5514
                0x0000017c       0x12 contiki-avr-atmega128rfa1.a(contiki-main.o)
 .progmem.data.__c.5511
                0x0000018e       0x12 contiki-avr-atmega128rfa1.a(contiki-main.o)
 .progmem.data.__c.5509
                0x000001a0        0x9 contiki-avr-atmega128rfa1.a(contiki-main.o)
 .progmem.data.__c.5504
                0x000001a9        0x2 contiki-avr-atmega128rfa1.a(contiki-main.o)
 .progmem.data.__c.5502
                0x000001ab       0x15 contiki-avr-atmega128rfa1.a(contiki-main.o)
 .progmem.data.__c.5497
                0x000001c0        0x2 contiki-avr-atmega128rfa1.a(contiki-main.o)
 .progmem.data.__c.5495
                0x000001c2       0x15 contiki-avr-atmega128rfa1.a(contiki-main.o)
 .progmem.data.__c.5468
                0x000001d7        0x8 contiki-avr-atmega128rfa1.a(contiki-main.o)
 .progmem.data.__c.5466
                0x000001df       0x11 contiki-avr-atmega128rfa1.a(contiki-main.o)
 .progmem.data.__c.5464
                0x000001f0        0xd contiki-avr-atmega128rfa1.a(contiki-main.o)
 .progmem.data.__c.5462
                0x000001fd       0x32 contiki-avr-atmega128rfa1.a(contiki-main.o)
 .progmem.data.__c.5460
                0x0000022f       0x25 contiki-avr-atmega128rfa1.a(contiki-main.o)
 .progmem.data.__c.5458
                0x00000254       0x20 contiki-avr-atmega128rfa1.a(contiki-main.o)
 .progmem.data.__c.5455
                0x00000274       0x1b contiki-avr-atmega128rfa1.a(contiki-main.o)
 .progmem.data.__c.5285
                0x0000028f       0x2d contiki-avr-atmega128rfa1.a(params.o)
 .progmem.data.default_domain_name
                0x000002bc        0xa contiki-avr-atmega128rfa1.a(params.o)
                0x000002bc                default_domain_name
 .progmem.data.default_server_name
                0x000002c6        0xe contiki-avr-atmega128rfa1.a(params.o)
                0x000002c6                default_server_name
 .progmem.data.default_mac_address
                0x000002d4        0x8 contiki-avr-atmega128rfa1.a(params.o)
                0x000002d4                default_mac_address
 .progmem.data.__c.4380
                0x000002dc       0x6f contiki-avr-atmega128rfa1.a(print-stats.o)
 .progmem.data.__c.3319
                0x0000034b        0x3 contiki-avr-atmega128rfa1.a(uip-debug.o)
 .progmem.data.__c.3317
                0x0000034e        0x2 contiki-avr-atmega128rfa1.a(uip-debug.o)
 .progmem.data.__c.3315
                0x00000350        0x3 contiki-avr-atmega128rfa1.a(uip-debug.o)
 .progmem.data  0x00000353        0xc /usr/local/bin/../lib/gcc/avr/4.8.1/../../../../avr/lib/avr51/libc.a(vfscanf_std.o)
                0x00000360                . = ALIGN (0x2)
 *fill*         0x0000035f        0x1 
 *(.jumptables)
 *(.jumptables*)
 *(.lowtext)
 *(.lowtext*)
                0x00000360                __ctors_start = .
 *(.ctors)
                0x00000360                __ctors_end = .
                0x00000360                __dtors_start = .
 *(.dtors)
                0x00000360                __dtors_end = .
 SORT(*)(.ctors)
 SORT(*)(.dtors)
 *(.init0)
 .init0         0x00000360        0x0 /usr/local/bin/../lib/gcc/avr/4.8.1/../../../../avr/lib/avr51/crtm128rfa1.o
                0x00000360                __init
 *(.init0)
 *(.init1)
 *(.init1)
 *(.init2)
 .init2         0x00000360        0xc /usr/local/bin/../lib/gcc/avr/4.8.1/../../../../avr/lib/avr51/crtm128rfa1.o
 *(.init2)
 *(.init3)
 *(.init3)
 *(.init4)
 .init4         0x0000036c       0x1a /usr/local/bin/../lib/gcc/avr/4.8.1/avr51/libgcc.a(_copy_data.o)
                0x0000036c                __do_copy_data
 .init4         0x00000386       0x10 /usr/local/bin/../lib/gcc/avr/4.8.1/avr51/libgcc.a(_clear_bss.o)
                0x00000386                __do_clear_bss
 *(.init4)
 *(.init5)
 *(.init5)
 *(.init6)
 *(.init6)
 *(.init7)
 *(.init7)
 *(.init8)
 *(.init8)
 *(.init9)
 .init9         0x00000396        0x8 /usr/local/bin/../lib/gcc/avr/4.8.1/../../../../avr/lib/avr51/crtm128rfa1.o
 *(.init9)
 *(.text)
 .text          0x0000039e        0x4 /usr/local/bin/../lib/gcc/avr/4.8.1/../../../../avr/lib/avr51/crtm128rfa1.o
                0x0000039e                __vector_38
                0x0000039e                __vector_22
                0x0000039e                __vector_28
                0x0000039e                __vector_67
                0x0000039e                __vector_1
                0x0000039e                __vector_71
                0x0000039e                __vector_34
                0x0000039e                __vector_24
                0x0000039e                __vector_12
                0x0000039e                __vector_55
                0x0000039e                __vector_69
                0x0000039e                __vector_46
                0x0000039e                __bad_interrupt
                0x0000039e                __vector_6
                0x0000039e                __vector_31
                0x0000039e                __vector_35
                0x0000039e                __vector_39
                0x0000039e                __vector_3
                0x0000039e                __vector_23
                0x0000039e                __vector_68
                0x0000039e                __vector_30
                0x0000039e                __vector_45
                0x0000039e                __vector_11
                0x0000039e                __vector_54
                0x0000039e                __vector_17
                0x0000039e                __vector_19
                0x0000039e                __vector_56
                0x0000039e                __vector_7
                0x0000039e                __vector_49
                0x0000039e                __vector_41
                0x0000039e                __vector_43
                0x0000039e                __vector_27
                0x0000039e                __vector_5
                0x0000039e                __vector_33
                0x0000039e                __vector_47
                0x0000039e                __vector_52
                0x0000039e                __vector_37
                0x0000039e                __vector_4
                0x0000039e                __vector_44
                0x0000039e                __vector_51
                0x0000039e                __vector_9
                0x0000039e                __vector_2
                0x0000039e                __vector_15
                0x0000039e                __vector_66
                0x0000039e                __vector_70
                0x0000039e                __vector_29
                0x0000039e                __vector_40
                0x0000039e                __vector_8
                0x0000039e                __vector_26
                0x0000039e                __vector_48
                0x0000039e                __vector_14
                0x0000039e                __vector_53
                0x0000039e                __vector_10
                0x0000039e                __vector_50
                0x0000039e                __vector_16
                0x0000039e                __vector_18
                0x0000039e                __vector_20
                0x0000039e                __vector_42
                0x0000039e                __vector_65
                0x000003a2                . = ALIGN (0x2)
 *(.text.*)
 .text.process_thread_ping6_process
                0x000003a2      0x268 contiki-avr-atmega128rfa1.a(ping6.o)
 .text.ipaddr_add
                0x0000060a       0xc6 contiki-avr-atmega128rfa1.a(contiki-main.o)
 .text.rng_get_uint8
                0x000006d0       0x28 contiki-avr-atmega128rfa1.a(contiki-main.o)
                0x000006d0                rng_get_uint8
 .text.initialize
                0x000006f8      0x22c contiki-avr-atmega128rfa1.a(contiki-main.o)
                0x000006f8                initialize
 .text.startup.main
                0x00000924      0x26e contiki-avr-atmega128rfa1.a(contiki-main.o)
                0x00000924                main
 .text.params_get_channel
                0x00000b92      0x10c contiki-avr-atmega128rfa1.a(params.o)
                0x00000b92                params_get_channel
 .text.params_get_eui64
                0x00000c9e       0x14 contiki-avr-atmega128rfa1.a(params.o)
                0x00000c9e                params_get_eui64
 .text.params_get_panid
                0x00000cb2        0x8 contiki-avr-atmega128rfa1.a(params.o)
                0x00000cb2                params_get_panid
 .text.params_get_panaddr
                0x00000cba        0x8 contiki-avr-atmega128rfa1.a(params.o)
                0x00000cba                params_get_panaddr
 .text.params_get_txpower
                0x00000cc2        0x8 contiki-avr-atmega128rfa1.a(params.o)
                0x00000cc2                params_get_txpower
 .text.clock_init
                0x00000cca       0x20 contiki-avr-atmega128rfa1.a(clock.o)
                0x00000cca                clock_init
 .text.clock_time
                0x00000cea       0x18 contiki-avr-atmega128rfa1.a(clock.o)
                0x00000cea                clock_time
 .text.clock_seconds
                0x00000d02       0x34 contiki-avr-atmega128rfa1.a(clock.o)
                0x00000d02                clock_seconds
 .text.__vector_21
                0x00000d36       0xe0 contiki-avr-atmega128rfa1.a(clock.o)
                0x00000d36                __vector_21
 .text.__vector_25
                0x00000e16       0x5e contiki-avr-atmega128rfa1.a(rs232.o)
                0x00000e16                __vector_25
 .text.__vector_36
                0x00000e74       0x5e contiki-avr-atmega128rfa1.a(rs232.o)
                0x00000e74                __vector_36
 .text.rs232_init
                0x00000ed2       0x40 contiki-avr-atmega128rfa1.a(rs232.o)
                0x00000ed2                rs232_init
 .text.rs232_send
                0x00000f12       0x24 contiki-avr-atmega128rfa1.a(rs232.o)
                0x00000f12                rs232_send
 .text.rs232_stdout_putchar
                0x00000f36       0x2a contiki-avr-atmega128rfa1.a(rs232.o)
                0x00000f36                rs232_stdout_putchar
 .text.rs232_redirect_stdout
                0x00000f60       0x12 contiki-avr-atmega128rfa1.a(rs232.o)
                0x00000f60                rs232_redirect_stdout
 .text.watchdog_init
                0x00000f72       0x18 contiki-avr-atmega128rfa1.a(watchdog.o)
                0x00000f72                watchdog_init
 .text.watchdog_start
                0x00000f8a       0x18 contiki-avr-atmega128rfa1.a(watchdog.o)
                0x00000f8a                watchdog_start
 .text.watchdog_periodic
                0x00000fa2        0x4 contiki-avr-atmega128rfa1.a(watchdog.o)
                0x00000fa2                watchdog_periodic
 .text.random_init
                0x00000fa6        0x4 contiki-avr-atmega128rfa1.a(random.o)
                0x00000fa6                random_init
 .text.random_rand
                0x00000faa        0x4 contiki-avr-atmega128rfa1.a(random.o)
                0x00000faa                random_rand
 .text.get_value
                0x00000fae        0x6 contiki-avr-atmega128rfa1.a(rf230bb.o)
 .text.set_value
                0x00000fb4        0x6 contiki-avr-atmega128rfa1.a(rf230bb.o)
 .text.get_object
                0x00000fba        0x6 contiki-avr-atmega128rfa1.a(rf230bb.o)
 .text.set_object
                0x00000fc0        0x6 contiki-avr-atmega128rfa1.a(rf230bb.o)
 .text.rf230_pending_packet
                0x00000fc6        0x8 contiki-avr-atmega128rfa1.a(rf230bb.o)
 .text.radio_reset_state_machine
                0x00000fce       0x32 contiki-avr-atmega128rfa1.a(rf230bb.o)
 .text.set_txpower
                0x00001000       0x1e contiki-avr-atmega128rfa1.a(rf230bb.o)
 .text.rf230_isidle
                0x0000101e       0x2c contiki-avr-atmega128rfa1.a(rf230bb.o)
 .text.rf230_waitidle
                0x0000104a       0x12 contiki-avr-atmega128rfa1.a(rf230bb.o)
 .text.rf230_receiving_packet
                0x0000105c       0x2a contiki-avr-atmega128rfa1.a(rf230bb.o)
 .text.radio_off
                0x00001086      0x124 contiki-avr-atmega128rfa1.a(rf230bb.o)
 .text.rf230_off
                0x000011aa       0x16 contiki-avr-atmega128rfa1.a(rf230bb.o)
 .text.rf230_prepare
                0x000011c0       0x32 contiki-avr-atmega128rfa1.a(rf230bb.o)
 .text.radio_get_trx_state
                0x000011f2        0xc contiki-avr-atmega128rfa1.a(rf230bb.o)
                0x000011f2                radio_get_trx_state
 .text.radio_set_trx_state
                0x000011fe       0xbc contiki-avr-atmega128rfa1.a(rf230bb.o)
 .text.radio_on
                0x000012ba       0x6a contiki-avr-atmega128rfa1.a(rf230bb.o)
 .text.rf230_on
                0x00001324       0x12 contiki-avr-atmega128rfa1.a(rf230bb.o)
 .text.rf230_cca
                0x00001336      0x128 contiki-avr-atmega128rfa1.a(rf230bb.o)
 .text.rf230_warm_reset
                0x0000145e       0x3e contiki-avr-atmega128rfa1.a(rf230bb.o)
                0x0000145e                rf230_warm_reset
 .text.rf230_init
                0x0000149c       0x76 contiki-avr-atmega128rfa1.a(rf230bb.o)
                0x0000149c                rf230_init
 .text.rf230_get_channel
                0x00001512        0x6 contiki-avr-atmega128rfa1.a(rf230bb.o)
                0x00001512                rf230_get_channel
 .text.rf230_set_channel
                0x00001518       0x2a contiki-avr-atmega128rfa1.a(rf230bb.o)
                0x00001518                rf230_set_channel
 .text.rf230_set_pan_addr
                0x00001542       0x48 contiki-avr-atmega128rfa1.a(rf230bb.o)
                0x00001542                rf230_set_pan_addr
 .text.rf230_interrupt
                0x0000158a       0x26 contiki-avr-atmega128rfa1.a(rf230bb.o)
                0x0000158a                rf230_interrupt
 .text.rf230_read
                0x000015b0       0xce contiki-avr-atmega128rfa1.a(rf230bb.o)
 .text.process_thread_rf230_process
                0x0000167e       0x8a contiki-avr-atmega128rfa1.a(rf230bb.o)
 .text.rf230_set_txpower
                0x00001708        0x4 contiki-avr-atmega128rfa1.a(rf230bb.o)
                0x00001708                rf230_set_txpower
 .text.rf230_get_txpower
                0x0000170c       0x18 contiki-avr-atmega128rfa1.a(rf230bb.o)
                0x0000170c                rf230_get_txpower
 .text.rf230_transmit
                0x00001724      0x260 contiki-avr-atmega128rfa1.a(rf230bb.o)
 .text.rf230_send
                0x00001984       0x32 contiki-avr-atmega128rfa1.a(rf230bb.o)
 .text.hal_init
                0x000019b6        0x2 contiki-avr-atmega128rfa1.a(halbb.o)
                0x000019b6                hal_init
 .text.hal_subregister_read
                0x000019b8       0x14 contiki-avr-atmega128rfa1.a(halbb.o)
                0x000019b8                hal_subregister_read
 .text.hal_subregister_write
                0x000019cc       0x36 contiki-avr-atmega128rfa1.a(halbb.o)
                0x000019cc                hal_subregister_write
 .text.hal_frame_read
                0x00001a02       0x54 contiki-avr-atmega128rfa1.a(halbb.o)
                0x00001a02                hal_frame_read
 .text.hal_frame_write
                0x00001a56       0x22 contiki-avr-atmega128rfa1.a(halbb.o)
                0x00001a56                hal_frame_write
 .text.__vector_60
                0x00001a78       0x80 contiki-avr-atmega128rfa1.a(halbb.o)
                0x00001a78                __vector_60
 .text.__vector_59
                0x00001af8       0x14 contiki-avr-atmega128rfa1.a(halbb.o)
                0x00001af8                __vector_59
 .text.__vector_57
                0x00001b0c       0x14 contiki-avr-atmega128rfa1.a(halbb.o)
                0x00001b0c                __vector_57
 .text.__vector_58
                0x00001b20       0x14 contiki-avr-atmega128rfa1.a(halbb.o)
                0x00001b20                __vector_58
 .text.__vector_64
                0x00001b34       0x18 contiki-avr-atmega128rfa1.a(halbb.o)
                0x00001b34                __vector_64
 .text.__vector_63
                0x00001b4c       0x18 contiki-avr-atmega128rfa1.a(halbb.o)
                0x00001b4c                __vector_63
 .text.__vector_62
                0x00001b64       0x14 contiki-avr-atmega128rfa1.a(halbb.o)
                0x00001b64                __vector_62
 .text.__vector_61
                0x00001b78       0x18 contiki-avr-atmega128rfa1.a(halbb.o)
                0x00001b78                __vector_61
 .text.autostart_start
                0x00001b90       0x1e contiki-avr-atmega128rfa1.a(autostart.o)
                0x00001b90                autostart_start
 .text.process_thread_ctimer_process
                0x00001bae       0xc8 contiki-avr-atmega128rfa1.a(ctimer.o)
 .text.ctimer_init
                0x00001c76       0x18 contiki-avr-atmega128rfa1.a(ctimer.o)
                0x00001c76                ctimer_init
 .text.ctimer_set
                0x00001c8e       0x5a contiki-avr-atmega128rfa1.a(ctimer.o)
                0x00001c8e                ctimer_set
 .text.ctimer_reset
                0x00001ce8       0x48 contiki-avr-atmega128rfa1.a(ctimer.o)
                0x00001ce8                ctimer_reset
 .text.ctimer_stop
                0x00001d30       0x2e contiki-avr-atmega128rfa1.a(ctimer.o)
                0x00001d30                ctimer_stop
 .text.update_time
                0x00001d5e       0x64 contiki-avr-atmega128rfa1.a(etimer.o)
 .text.etimer_request_poll
                0x00001dc2        0x8 contiki-avr-atmega128rfa1.a(etimer.o)
                0x00001dc2                etimer_request_poll
 .text.process_thread_etimer_process
                0x00001dca      0x106 contiki-avr-atmega128rfa1.a(etimer.o)
 .text.add_timer
                0x00001ed0       0x5e contiki-avr-atmega128rfa1.a(etimer.o)
 .text.etimer_set
                0x00001f2e       0x14 contiki-avr-atmega128rfa1.a(etimer.o)
                0x00001f2e                etimer_set
 .text.etimer_reset
                0x00001f42       0x14 contiki-avr-atmega128rfa1.a(etimer.o)
                0x00001f42                etimer_reset
 .text.etimer_restart
                0x00001f56       0x14 contiki-avr-atmega128rfa1.a(etimer.o)
                0x00001f56                etimer_restart
 .text.etimer_expired
                0x00001f6a       0x16 contiki-avr-atmega128rfa1.a(etimer.o)
                0x00001f6a                etimer_expired
 .text.etimer_expiration_time
                0x00001f80       0x10 contiki-avr-atmega128rfa1.a(etimer.o)
                0x00001f80                etimer_expiration_time
 .text.etimer_pending
                0x00001f90       0x16 contiki-avr-atmega128rfa1.a(etimer.o)
                0x00001f90                etimer_pending
 .text.etimer_stop
                0x00001fa6       0x4e contiki-avr-atmega128rfa1.a(etimer.o)
                0x00001fa6                etimer_stop
 .text.call_process.part.0
                0x00001ff4       0x4e contiki-avr-atmega128rfa1.a(process.o)
 .text.call_process
                0x00002042        0xc contiki-avr-atmega128rfa1.a(process.o)
 .text.exit_process
                0x0000204e       0xd8 contiki-avr-atmega128rfa1.a(process.o)
 .text.do_poll  0x00002126       0x3e contiki-avr-atmega128rfa1.a(process.o)
 .text.process_alloc_event
                0x00002164        0xe contiki-avr-atmega128rfa1.a(process.o)
                0x00002164                process_alloc_event
 .text.process_init
                0x00002172       0x20 contiki-avr-atmega128rfa1.a(process.o)
                0x00002172                process_init
 .text.process_run
                0x00002192       0xc6 contiki-avr-atmega128rfa1.a(process.o)
                0x00002192                process_run
 .text.process_post
                0x00002258       0x3c contiki-avr-atmega128rfa1.a(process.o)
                0x00002258                process_post
 .text.process_post_synch
                0x00002294       0x1e contiki-avr-atmega128rfa1.a(process.o)
                0x00002294                process_post_synch
 .text.process_start
                0x000022b2       0x42 contiki-avr-atmega128rfa1.a(process.o)
                0x000022b2                process_start
 .text.process_poll
                0x000022f4       0x18 contiki-avr-atmega128rfa1.a(process.o)
                0x000022f4                process_poll
 .text.rtimer_init
                0x0000230c        0x4 contiki-avr-atmega128rfa1.a(rtimer.o)
                0x0000230c                rtimer_init
 .text.rtimer_run_next
                0x00002310       0x3e contiki-avr-atmega128rfa1.a(rtimer.o)
                0x00002310                rtimer_run_next
 .text.timer_set
                0x0000234e       0x18 contiki-avr-atmega128rfa1.a(timer.o)
                0x0000234e                timer_set
 .text.timer_reset
                0x00002366       0x14 contiki-avr-atmega128rfa1.a(timer.o)
                0x00002366                timer_reset
 .text.timer_restart
                0x0000237a       0x14 contiki-avr-atmega128rfa1.a(timer.o)
                0x0000237a                timer_restart
 .text.timer_expired
                0x0000238e       0x30 contiki-avr-atmega128rfa1.a(timer.o)
                0x0000238e                timer_expired
 .text.list_init
                0x000023be        0x8 contiki-avr-atmega128rfa1.a(list.o)
                0x000023be                list_init
 .text.list_head
                0x000023c6        0x8 contiki-avr-atmega128rfa1.a(list.o)
                0x000023c6                list_head
 .text.list_tail
                0x000023ce       0x20 contiki-avr-atmega128rfa1.a(list.o)
                0x000023ce                list_tail
 .text.list_remove
                0x000023ee       0x36 contiki-avr-atmega128rfa1.a(list.o)
                0x000023ee                list_remove
 .text.list_add
                0x00002424       0x32 contiki-avr-atmega128rfa1.a(list.o)
                0x00002424                list_add
 .text.list_push
                0x00002456       0x28 contiki-avr-atmega128rfa1.a(list.o)
                0x00002456                list_push
 .text.list_length
                0x0000247e       0x1a contiki-avr-atmega128rfa1.a(list.o)
                0x0000247e                list_length
 .text.list_item_next
                0x00002498       0x12 contiki-avr-atmega128rfa1.a(list.o)
                0x00002498                list_item_next
 .text.print_stats
                0x000024aa      0x1c0 contiki-avr-atmega128rfa1.a(print-stats.o)
                0x000024aa                print_stats
 .text.sicslowpan_init
                0x0000266a       0x1e contiki-avr-atmega128rfa1.a(sicslowpan.o)
                0x0000266a                sicslowpan_init
 .text.set_packet_attrs
                0x00002688       0x52 contiki-avr-atmega128rfa1.a(sicslowpan.o)
 .text.compress_addr_64
                0x000026da       0xcc contiki-avr-atmega128rfa1.a(sicslowpan.o)
 .text.addr_context_lookup_by_prefix
                0x000027a6       0x26 contiki-avr-atmega128rfa1.a(sicslowpan.o)
 .text.send_packet
                0x000027cc       0x1e contiki-avr-atmega128rfa1.a(sicslowpan.o)
 .text.output   0x000027ea      0x87c contiki-avr-atmega128rfa1.a(sicslowpan.o)
 .text.packet_sent
                0x00003066       0x32 contiki-avr-atmega128rfa1.a(sicslowpan.o)
 .text.uncompress_addr
                0x00003098       0xe2 contiki-avr-atmega128rfa1.a(sicslowpan.o)
 .text.input    0x0000317a      0x78c contiki-avr-atmega128rfa1.a(sicslowpan.o)
 .text.chksum   0x00003906       0x4a contiki-avr-atmega128rfa1.a(uip6.o)
 .text.upper_layer_chksum
                0x00003950       0x72 contiki-avr-atmega128rfa1.a(uip6.o)
 .text.ext_hdr_options_process
                0x000039c2       0xd4 contiki-avr-atmega128rfa1.a(uip6.o)
 .text.uip_add32
                0x00003a96       0x6e contiki-avr-atmega128rfa1.a(uip6.o)
                0x00003a96                uip_add32
 .text.unlikely.uip_add_rcv_nxt
                0x00003b04       0x34 contiki-avr-atmega128rfa1.a(uip6.o)
 .text.uip_icmp6chksum
                0x00003b38        0x6 contiki-avr-atmega128rfa1.a(uip6.o)
                0x00003b38                uip_icmp6chksum
 .text.uip_tcpchksum
                0x00003b3e        0x6 contiki-avr-atmega128rfa1.a(uip6.o)
                0x00003b3e                uip_tcpchksum
 .text.uip_udpchksum
                0x00003b44        0x6 contiki-avr-atmega128rfa1.a(uip6.o)
                0x00003b44                uip_udpchksum
 .text.uip_init
                0x00003b4a       0x64 contiki-avr-atmega128rfa1.a(uip6.o)
                0x00003b4a                uip_init
 .text.remove_ext_hdr
                0x00003bae       0x6c contiki-avr-atmega128rfa1.a(uip6.o)
                0x00003bae                remove_ext_hdr
 .text.uip_unlisten
                0x00003c1a       0x34 contiki-avr-atmega128rfa1.a(uip6.o)
                0x00003c1a                uip_unlisten
 .text.uip_process
                0x00003c4e     0x1112 contiki-avr-atmega128rfa1.a(uip6.o)
                0x00003c4e                uip_process
 .text.uip_htonl
                0x00004d60        0x6 contiki-avr-atmega128rfa1.a(uip6.o)
                0x00004d60                uip_htonl
 .text.uip_ds6_list_loop
                0x00004d66       0x96 contiki-avr-atmega128rfa1.a(uip-ds6.o)
                0x00004d66                uip_ds6_list_loop
 .text.uip_ds6_prefix_add
                0x00004dfc       0xb6 contiki-avr-atmega128rfa1.a(uip-ds6.o)
                0x00004dfc                uip_ds6_prefix_add
 .text.uip_ds6_is_addr_onlink
                0x00004eb2       0x60 contiki-avr-atmega128rfa1.a(uip-ds6.o)
                0x00004eb2                uip_ds6_is_addr_onlink
 .text.uip_ds6_addr_lookup
                0x00004f12       0x3a contiki-avr-atmega128rfa1.a(uip-ds6.o)
                0x00004f12                uip_ds6_addr_lookup
 .text.uip_ds6_get_link_local
                0x00004f4c       0x5a contiki-avr-atmega128rfa1.a(uip-ds6.o)
                0x00004f4c                uip_ds6_get_link_local
 .text.uip_ds6_maddr_add
                0x00004fa6       0x64 contiki-avr-atmega128rfa1.a(uip-ds6.o)
                0x00004fa6                uip_ds6_maddr_add
 .text.uip_ds6_addr_add
                0x0000500a      0x104 contiki-avr-atmega128rfa1.a(uip-ds6.o)
                0x0000500a                uip_ds6_addr_add
 .text.uip_ds6_maddr_rm
                0x0000510e        0xa contiki-avr-atmega128rfa1.a(uip-ds6.o)
                0x0000510e                uip_ds6_maddr_rm
 .text.uip_ds6_maddr_lookup
                0x00005118       0x3a contiki-avr-atmega128rfa1.a(uip-ds6.o)
                0x00005118                uip_ds6_maddr_lookup
 .text.uip_ds6_addr_rm
                0x00005152       0x76 contiki-avr-atmega128rfa1.a(uip-ds6.o)
                0x00005152                uip_ds6_addr_rm
 .text.uip_ds6_periodic
                0x000051c8       0x5c contiki-avr-atmega128rfa1.a(uip-ds6.o)
                0x000051c8                uip_ds6_periodic
 .text.uip_ds6_set_addr_iid
                0x00005224       0x1c contiki-avr-atmega128rfa1.a(uip-ds6.o)
                0x00005224                uip_ds6_set_addr_iid
 .text.get_match_length
                0x00005240       0x2a contiki-avr-atmega128rfa1.a(uip-ds6.o)
                0x00005240                get_match_length
 .text.uip_ds6_select_src
                0x0000526a       0xdc contiki-avr-atmega128rfa1.a(uip-ds6.o)
                0x0000526a                uip_ds6_select_src
 .text.uip_ds6_compute_reachable_time
                0x00005346       0x58 contiki-avr-atmega128rfa1.a(uip-ds6.o)
                0x00005346                uip_ds6_compute_reachable_time
 .text.uip_ds6_init
                0x0000539e      0x1e2 contiki-avr-atmega128rfa1.a(uip-ds6.o)
                0x0000539e                uip_ds6_init
 .text.uip_ds6_nbr_rm
                0x00005580       0x2e contiki-avr-atmega128rfa1.a(uip-ds6-nbr.o)
                0x00005580                uip_ds6_nbr_rm
 .text.uip_ds6_neighbors_init
                0x000055ae       0x10 contiki-avr-atmega128rfa1.a(uip-ds6-nbr.o)
                0x000055ae                uip_ds6_neighbors_init
 .text.uip_ds6_nbr_add
                0x000055be       0x84 contiki-avr-atmega128rfa1.a(uip-ds6-nbr.o)
                0x000055be                uip_ds6_nbr_add
 .text.uip_ds6_nbr_get_ll
                0x00005642        0xe contiki-avr-atmega128rfa1.a(uip-ds6-nbr.o)
                0x00005642                uip_ds6_nbr_get_ll
 .text.uip_ds6_nbr_lookup
                0x00005650       0x56 contiki-avr-atmega128rfa1.a(uip-ds6-nbr.o)
                0x00005650                uip_ds6_nbr_lookup
 .text.uip_ds6_nbr_ll_lookup
                0x000056a6        0xe contiki-avr-atmega128rfa1.a(uip-ds6-nbr.o)
                0x000056a6                uip_ds6_nbr_ll_lookup
 .text.uip_ds6_nbr_ipaddr_from_lladdr
                0x000056b4        0x4 contiki-avr-atmega128rfa1.a(uip-ds6-nbr.o)
                0x000056b4                uip_ds6_nbr_ipaddr_from_lladdr
 .text.uip_ds6_nbr_lladdr_from_ipaddr
                0x000056b8       0x12 contiki-avr-atmega128rfa1.a(uip-ds6-nbr.o)
                0x000056b8                uip_ds6_nbr_lladdr_from_ipaddr
 .text.uip_ds6_link_neighbor_callback
                0x000056ca       0x48 contiki-avr-atmega128rfa1.a(uip-ds6-nbr.o)
                0x000056ca                uip_ds6_link_neighbor_callback
 .text.uip_ds6_neighbor_periodic
                0x00005712      0x17a contiki-avr-atmega128rfa1.a(uip-ds6-nbr.o)
                0x00005712                uip_ds6_neighbor_periodic
 .text.call_route_callback
                0x0000588c       0x64 contiki-avr-atmega128rfa1.a(uip-ds6-route.o)
 .text.uip_ds6_route_init
                0x000058f0       0x34 contiki-avr-atmega128rfa1.a(uip-ds6-route.o)
                0x000058f0                uip_ds6_route_init
 .text.uip_ds6_route_nexthop
                0x00005924       0x1c contiki-avr-atmega128rfa1.a(uip-ds6-route.o)
                0x00005924                uip_ds6_route_nexthop
 .text.uip_ds6_route_head
                0x00005940        0x8 contiki-avr-atmega128rfa1.a(uip-ds6-route.o)
                0x00005940                uip_ds6_route_head
 .text.uip_ds6_route_next
                0x00005948        0xe contiki-avr-atmega128rfa1.a(uip-ds6-route.o)
                0x00005948                uip_ds6_route_next
 .text.uip_ds6_route_lookup
                0x00005956       0x96 contiki-avr-atmega128rfa1.a(uip-ds6-route.o)
                0x00005956                uip_ds6_route_lookup
 .text.uip_ds6_route_rm
                0x000059ec       0xce contiki-avr-atmega128rfa1.a(uip-ds6-route.o)
                0x000059ec                uip_ds6_route_rm
 .text.rm_routelist
                0x00005aba       0x3e contiki-avr-atmega128rfa1.a(uip-ds6-route.o)
 .text.rm_routelist_callback
                0x00005af8        0x4 contiki-avr-atmega128rfa1.a(uip-ds6-route.o)
 .text.uip_ds6_route_add
                0x00005afc      0x142 contiki-avr-atmega128rfa1.a(uip-ds6-route.o)
                0x00005afc                uip_ds6_route_add
 .text.uip_ds6_defrt_rm
                0x00005c3e       0x5c contiki-avr-atmega128rfa1.a(uip-ds6-route.o)
                0x00005c3e                uip_ds6_defrt_rm
 .text.uip_ds6_defrt_lookup
                0x00005c9a       0x44 contiki-avr-atmega128rfa1.a(uip-ds6-route.o)
                0x00005c9a                uip_ds6_defrt_lookup
 .text.uip_ds6_defrt_add
                0x00005cde       0x8c contiki-avr-atmega128rfa1.a(uip-ds6-route.o)
                0x00005cde                uip_ds6_defrt_add
 .text.uip_ds6_defrt_choose
                0x00005d6a       0x48 contiki-avr-atmega128rfa1.a(uip-ds6-route.o)
                0x00005d6a                uip_ds6_defrt_choose
 .text.uip_ds6_defrt_periodic
                0x00005db2       0x3a contiki-avr-atmega128rfa1.a(uip-ds6-route.o)
                0x00005db2                uip_ds6_defrt_periodic
 .text.echo_reply_input
                0x00005dec      0x15a contiki-avr-atmega128rfa1.a(uip-icmp6.o)
 .text.echo_request_input
                0x00005f46      0x14a contiki-avr-atmega128rfa1.a(uip-icmp6.o)
 .text.uip_icmp6_input
                0x00006090       0x4e contiki-avr-atmega128rfa1.a(uip-icmp6.o)
                0x00006090                uip_icmp6_input
 .text.uip_icmp6_register_input_handler
                0x000060de        0xa contiki-avr-atmega128rfa1.a(uip-icmp6.o)
                0x000060de                uip_icmp6_register_input_handler
 .text.uip_icmp6_error_output
                0x000060e8      0x1cc contiki-avr-atmega128rfa1.a(uip-icmp6.o)
                0x000060e8                uip_icmp6_error_output
 .text.uip_icmp6_send
                0x000062b4       0xb0 contiki-avr-atmega128rfa1.a(uip-icmp6.o)
                0x000062b4                uip_icmp6_send
 .text.uip_icmp6_init
                0x00006364       0x10 contiki-avr-atmega128rfa1.a(uip-icmp6.o)
                0x00006364                uip_icmp6_init
 .text.na_input
                0x00006374      0x28e contiki-avr-atmega128rfa1.a(uip-nd6.o)
 .text.ns_input
                0x00006602      0x360 contiki-avr-atmega128rfa1.a(uip-nd6.o)
 .text.uip_nd6_ns_output
                0x00006962      0x200 contiki-avr-atmega128rfa1.a(uip-nd6.o)
                0x00006962                uip_nd6_ns_output
 .text.uip_nd6_init
                0x00006b62       0x10 contiki-avr-atmega128rfa1.a(uip-nd6.o)
                0x00006b62                uip_nd6_init
 .text.start_periodic_tcp_timer
                0x00006b72       0x16 contiki-avr-atmega128rfa1.a(tcpip.o)
 .text.tcpip_output
                0x00006b88       0x12 contiki-avr-atmega128rfa1.a(tcpip.o)
                0x00006b88                tcpip_output
 .text.tcpip_set_outputfunc
                0x00006b9a        0xa contiki-avr-atmega128rfa1.a(tcpip.o)
                0x00006b9a                tcpip_set_outputfunc
 .text.tcpip_icmp6_call
                0x00006ba4       0x2e contiki-avr-atmega128rfa1.a(tcpip.o)
                0x00006ba4                tcpip_icmp6_call
 .text.tcpip_input
                0x00006bd2       0x1c contiki-avr-atmega128rfa1.a(tcpip.o)
                0x00006bd2                tcpip_input
 .text.tcpip_ipv6_output
                0x00006bee      0x274 contiki-avr-atmega128rfa1.a(tcpip.o)
                0x00006bee                tcpip_ipv6_output
 .text.process_thread_tcpip_process
                0x00006e62      0x218 contiki-avr-atmega128rfa1.a(tcpip.o)
 .text.tcpip_uipcall
                0x0000707a       0x8a contiki-avr-atmega128rfa1.a(tcpip.o)
                0x0000707a                tcpip_uipcall
 .text.uip_debug_ipaddr_print
                0x00007104       0xe6 contiki-avr-atmega128rfa1.a(uip-debug.o)
                0x00007104                uip_debug_ipaddr_print
 .text.packet_timedout
                0x000071ea       0x1c contiki-avr-atmega128rfa1.a(uip-packetqueue)
 .text.uip_packetqueue_new
                0x00007206        0x8 contiki-avr-atmega128rfa1.a(uip-packetqueue)
                0x00007206                uip_packetqueue_new
 .text.uip_packetqueue_alloc
                0x0000720e       0x5c contiki-avr-atmega128rfa1.a(uip-packetqueue)
                0x0000720e                uip_packetqueue_alloc
 .text.uip_packetqueue_free
                0x0000726a       0x2c contiki-avr-atmega128rfa1.a(uip-packetqueue)
                0x0000726a                uip_packetqueue_free
 .text.uip_packetqueue_buf
                0x00007296       0x14 contiki-avr-atmega128rfa1.a(uip-packetqueue)
                0x00007296                uip_packetqueue_buf
 .text.uip_packetqueue_buflen
                0x000072aa       0x1c contiki-avr-atmega128rfa1.a(uip-packetqueue)
                0x000072aa                uip_packetqueue_buflen
 .text.uip_packetqueue_set_buflen
                0x000072c6       0x16 contiki-avr-atmega128rfa1.a(uip-packetqueue)
                0x000072c6                uip_packetqueue_set_buflen
 .text.uip_split_output
                0x000072dc       0xf4 contiki-avr-atmega128rfa1.a(uip-split.o)
                0x000072dc                uip_split_output
 .text.rpl_get_mode
                0x000073d0        0xa contiki-avr-atmega128rfa1.a(rpl.o)
                0x000073d0                rpl_get_mode
 .text.rpl_purge_routes
                0x000073da       0xca contiki-avr-atmega128rfa1.a(rpl.o)
                0x000073da                rpl_purge_routes
 .text.rpl_remove_routes
                0x000074a4       0x2c contiki-avr-atmega128rfa1.a(rpl.o)
                0x000074a4                rpl_remove_routes
 .text.rpl_remove_routes_by_nexthop
                0x000074d0       0x56 contiki-avr-atmega128rfa1.a(rpl.o)
                0x000074d0                rpl_remove_routes_by_nexthop
 .text.rpl_add_route
                0x00007526       0x46 contiki-avr-atmega128rfa1.a(rpl.o)
                0x00007526                rpl_add_route
 .text.rpl_link_neighbor_callback
                0x0000756c       0xa2 contiki-avr-atmega128rfa1.a(rpl.o)
                0x0000756c                rpl_link_neighbor_callback
 .text.rpl_ipv6_neighbor_callback
                0x0000760e       0x28 contiki-avr-atmega128rfa1.a(rpl.o)
                0x0000760e                rpl_ipv6_neighbor_callback
 .text.rpl_init
                0x00007636       0x78 contiki-avr-atmega128rfa1.a(rpl.o)
                0x00007636                rpl_init
 .text.lollipop_greater_than
                0x000076ae       0x48 contiki-avr-atmega128rfa1.a(rpl-dag.o)
 .text.rpl_set_preferred_parent
                0x000076f6       0x3e contiki-avr-atmega128rfa1.a(rpl-dag.o)
 .text.set_ip_from_prefix
                0x00007734       0x38 contiki-avr-atmega128rfa1.a(rpl-dag.o)
 .text.check_prefix
                0x0000776c       0xb4 contiki-avr-atmega128rfa1.a(rpl-dag.o)
 .text.find_parent_any_dag_any_instance
                0x00007820       0x12 contiki-avr-atmega128rfa1.a(rpl-dag.o)
 .text.rpl_get_nbr
                0x00007832       0x22 contiki-avr-atmega128rfa1.a(rpl-dag.o)
                0x00007832                rpl_get_nbr
 .text.rpl_dag_init
                0x00007854        0xc contiki-avr-atmega128rfa1.a(rpl-dag.o)
                0x00007854                rpl_dag_init
 .text.rpl_get_parent
                0x00007860        0xa contiki-avr-atmega128rfa1.a(rpl-dag.o)
                0x00007860                rpl_get_parent
 .text.rpl_get_parent_ipaddr
                0x0000786a        0xe contiki-avr-atmega128rfa1.a(rpl-dag.o)
                0x0000786a                rpl_get_parent_ipaddr
 .text.rpl_set_prefix
                0x00007878       0xb4 contiki-avr-atmega128rfa1.a(rpl-dag.o)
                0x00007878                rpl_set_prefix
 .text.rpl_set_default_route
                0x0000792c       0x7c contiki-avr-atmega128rfa1.a(rpl-dag.o)
                0x0000792c                rpl_set_default_route
 .text.rpl_alloc_instance
                0x000079a8       0x2a contiki-avr-atmega128rfa1.a(rpl-dag.o)
                0x000079a8                rpl_alloc_instance
 .text.rpl_add_parent
                0x000079d2       0x72 contiki-avr-atmega128rfa1.a(rpl-dag.o)
                0x000079d2                rpl_add_parent
 .text.rpl_find_parent
                0x00007a44       0x2a contiki-avr-atmega128rfa1.a(rpl-dag.o)
                0x00007a44                rpl_find_parent
 .text.rpl_find_parent_any_dag
                0x00007a6e       0x36 contiki-avr-atmega128rfa1.a(rpl-dag.o)
                0x00007a6e                rpl_find_parent_any_dag
 .text.rpl_select_parent
                0x00007aa4       0x8e contiki-avr-atmega128rfa1.a(rpl-dag.o)
                0x00007aa4                rpl_select_parent
 .text.rpl_select_dag
                0x00007b32      0x248 contiki-avr-atmega128rfa1.a(rpl-dag.o)
                0x00007b32                rpl_select_dag
 .text.rpl_nullify_parent
                0x00007d7a       0x70 contiki-avr-atmega128rfa1.a(rpl-dag.o)
                0x00007d7a                rpl_nullify_parent
 .text.rpl_remove_parent
                0x00007dea       0x18 contiki-avr-atmega128rfa1.a(rpl-dag.o)
                0x00007dea                rpl_remove_parent
 .text.nbr_callback
                0x00007e02        0x4 contiki-avr-atmega128rfa1.a(rpl-dag.o)
 .text.remove_parents.constprop.4
                0x00007e06       0x3e contiki-avr-atmega128rfa1.a(rpl-dag.o)
 .text.rpl_free_dag
                0x00007e44       0x34 contiki-avr-atmega128rfa1.a(rpl-dag.o)
                0x00007e44                rpl_free_dag
 .text.rpl_free_instance
                0x00007e78       0x88 contiki-avr-atmega128rfa1.a(rpl-dag.o)
                0x00007e78                rpl_free_instance
 .text.rpl_move_parent
                0x00007f00       0x7c contiki-avr-atmega128rfa1.a(rpl-dag.o)
                0x00007f00                rpl_move_parent
 .text.rpl_get_any_dag
                0x00007f7c       0x1e contiki-avr-atmega128rfa1.a(rpl-dag.o)
                0x00007f7c                rpl_get_any_dag
 .text.rpl_get_instance
                0x00007f9a       0x1c contiki-avr-atmega128rfa1.a(rpl-dag.o)
                0x00007f9a                rpl_get_instance
 .text.get_dag  0x00007fb6       0x6a contiki-avr-atmega128rfa1.a(rpl-dag.o)
 .text.rpl_repair_root
                0x00008020       0x52 contiki-avr-atmega128rfa1.a(rpl-dag.o)
                0x00008020                rpl_repair_root
 .text.rpl_alloc_dag
                0x00008072       0x5e contiki-avr-atmega128rfa1.a(rpl-dag.o)
                0x00008072                rpl_alloc_dag
 .text.rpl_find_of
                0x000080d0       0x1a contiki-avr-atmega128rfa1.a(rpl-dag.o)
                0x000080d0                rpl_find_of
 .text.rpl_join_instance
                0x000080ea      0x1e4 contiki-avr-atmega128rfa1.a(rpl-dag.o)
                0x000080ea                rpl_join_instance
 .text.rpl_local_repair
                0x000082ce       0x9e contiki-avr-atmega128rfa1.a(rpl-dag.o)
                0x000082ce                rpl_local_repair
 .text.rpl_process_parent_event
                0x0000836c       0xd8 contiki-avr-atmega128rfa1.a(rpl-dag.o)
                0x0000836c                rpl_process_parent_event
 .text.rpl_add_dag
                0x00008444      0x178 contiki-avr-atmega128rfa1.a(rpl-dag.o)
                0x00008444                rpl_add_dag
 .text.rpl_recalculate_ranks
                0x000085bc       0x48 contiki-avr-atmega128rfa1.a(rpl-dag.o)
                0x000085bc                rpl_recalculate_ranks
 .text.rpl_process_dio
                0x00008604      0x40e contiki-avr-atmega128rfa1.a(rpl-dag.o)
                0x00008604                rpl_process_dio
 .text.rpl_lock_parent
                0x00008a12        0xa contiki-avr-atmega128rfa1.a(rpl-dag.o)
                0x00008a12                rpl_lock_parent
 .text.rpl_verify_header
                0x00008a1c       0xc6 contiki-avr-atmega128rfa1.a(rpl-ext-header.)
                0x00008a1c                rpl_verify_header
 .text.rpl_update_header_empty
                0x00008ae2      0x168 contiki-avr-atmega128rfa1.a(rpl-ext-header.)
                0x00008ae2                rpl_update_header_empty
 .text.rpl_update_header_final
                0x00008c4a       0xd4 contiki-avr-atmega128rfa1.a(rpl-ext-header.)
                0x00008c4a                rpl_update_header_final
 .text.rpl_invert_header
                0x00008d1e       0x86 contiki-avr-atmega128rfa1.a(rpl-ext-header.)
                0x00008d1e                rpl_invert_header
 .text.rpl_insert_header
                0x00008da4       0x1a contiki-avr-atmega128rfa1.a(rpl-ext-header.)
                0x00008da4                rpl_insert_header
 .text.get32    0x00008dbe       0x1c contiki-avr-atmega128rfa1.a(rpl-icmp6.o)
 .text.set32    0x00008dda       0x10 contiki-avr-atmega128rfa1.a(rpl-icmp6.o)
 .text.get16    0x00008dea       0x10 contiki-avr-atmega128rfa1.a(rpl-icmp6.o)
 .text.set16    0x00008dfa        0xc contiki-avr-atmega128rfa1.a(rpl-icmp6.o)
 .text.dao_ack_input
                0x00008e06        0xa contiki-avr-atmega128rfa1.a(rpl-icmp6.o)
 .text.dio_input
                0x00008e10      0x354 contiki-avr-atmega128rfa1.a(rpl-icmp6.o)
 .text.dis_output
                0x00009164       0x74 contiki-avr-atmega128rfa1.a(rpl-icmp6.o)
                0x00009164                dis_output
 .text.dio_output
                0x000091d8      0x310 contiki-avr-atmega128rfa1.a(rpl-icmp6.o)
                0x000091d8                dio_output
 .text.dis_input
                0x000094e8       0x30 contiki-avr-atmega128rfa1.a(rpl-icmp6.o)
 .text.dao_output_target
                0x00009518      0x11e contiki-avr-atmega128rfa1.a(rpl-icmp6.o)
                0x00009518                dao_output_target
 .text.dao_output
                0x00009636       0x88 contiki-avr-atmega128rfa1.a(rpl-icmp6.o)
                0x00009636                dao_output
 .text.dao_ack_output
                0x000096be       0x36 contiki-avr-atmega128rfa1.a(rpl-icmp6.o)
                0x000096be                dao_ack_output
 .text.dao_input
                0x000096f4      0x35c contiki-avr-atmega128rfa1.a(rpl-icmp6.o)
 .text.rpl_icmp6_register_handlers
                0x00009a50       0x20 contiki-avr-atmega128rfa1.a(rpl-icmp6.o)
                0x00009a50                rpl_icmp6_register_handlers
 .text.reset    0x00009a70        0x2 contiki-avr-atmega128rfa1.a(rpl-mrhof.o)
 .text.update_metric_container
                0x00009a72        0x6 contiki-avr-atmega128rfa1.a(rpl-mrhof.o)
 .text.calculate_rank
                0x00009a78       0x54 contiki-avr-atmega128rfa1.a(rpl-mrhof.o)
 .text.neighbor_link_callback
                0x00009acc       0xae contiki-avr-atmega128rfa1.a(rpl-mrhof.o)
 .text.best_dag
                0x00009b7a       0x40 contiki-avr-atmega128rfa1.a(rpl-mrhof.o)
 .text.best_parent
                0x00009bba       0xa6 contiki-avr-atmega128rfa1.a(rpl-mrhof.o)
 .text.new_dio_interval
                0x00009c60       0x9c contiki-avr-atmega128rfa1.a(rpl-timers.o)
 .text.handle_periodic_timer
                0x00009cfc       0x46 contiki-avr-atmega128rfa1.a(rpl-timers.o)
 .text.set_dao_lifetime_timer
                0x00009d42       0x5a contiki-avr-atmega128rfa1.a(rpl-timers.o)
 .text.handle_dio_timer
                0x00009d9c       0xb4 contiki-avr-atmega128rfa1.a(rpl-timers.o)
 .text.schedule_dao
                0x00009e50       0x80 contiki-avr-atmega128rfa1.a(rpl-timers.o)
 .text.handle_dao_timer
                0x00009ed0       0x7e contiki-avr-atmega128rfa1.a(rpl-timers.o)
 .text.rpl_reset_periodic_timer
                0x00009f4e       0x3a contiki-avr-atmega128rfa1.a(rpl-timers.o)
                0x00009f4e                rpl_reset_periodic_timer
 .text.rpl_reset_dio_timer
                0x00009f88       0x20 contiki-avr-atmega128rfa1.a(rpl-timers.o)
                0x00009f88                rpl_reset_dio_timer
 .text.rpl_schedule_dao
                0x00009fa8        0x8 contiki-avr-atmega128rfa1.a(rpl-timers.o)
                0x00009fa8                rpl_schedule_dao
 .text.parse    0x00009fb0       0xd4 contiki-avr-atmega128rfa1.a(framer-802154.o)
 .text.create_frame.isra.0
                0x0000a084      0x14c contiki-avr-atmega128rfa1.a(framer-802154.o)
 .text.create   0x0000a1d0        0x8 contiki-avr-atmega128rfa1.a(framer-802154.o)
 .text.hdr_length
                0x0000a1d8        0x8 contiki-avr-atmega128rfa1.a(framer-802154.o)
 .text.framer_canonical_create_and_secure
                0x0000a1e0       0x34 contiki-avr-atmega128rfa1.a(framer.o)
                0x0000a1e0                framer_canonical_create_and_secure
 .text.send_packet
                0x0000a214        0xa contiki-avr-atmega128rfa1.a(nullmac.o)
 .text.packet_input
                0x0000a21e        0xa contiki-avr-atmega128rfa1.a(nullmac.o)
 .text.on       0x0000a228        0xa contiki-avr-atmega128rfa1.a(nullmac.o)
 .text.off      0x0000a232        0xa contiki-avr-atmega128rfa1.a(nullmac.o)
 .text.channel_check_interval
                0x0000a23c        0x6 contiki-avr-atmega128rfa1.a(nullmac.o)
 .text.init     0x0000a242        0x2 contiki-avr-atmega128rfa1.a(nullmac.o)
 .text.linkaddr_copy
                0x0000a244       0x10 contiki-avr-atmega128rfa1.a(linkaddr.o)
                0x0000a244                linkaddr_copy
 .text.linkaddr_cmp
                0x0000a254       0x18 contiki-avr-atmega128rfa1.a(linkaddr.o)
                0x0000a254                linkaddr_cmp
 .text.linkaddr_set_node_addr
                0x0000a26c        0xa contiki-avr-atmega128rfa1.a(linkaddr.o)
                0x0000a26c                linkaddr_set_node_addr
 .text.index_from_key
                0x0000a276       0x32 contiki-avr-atmega128rfa1.a(nbr-table.o)
 .text.nbr_set_bit
                0x0000a2a8       0x66 contiki-avr-atmega128rfa1.a(nbr-table.o)
 .text.index_from_lladdr
                0x0000a30e       0x5a contiki-avr-atmega128rfa1.a(nbr-table.o)
 .text.key_from_item
                0x0000a368       0x48 contiki-avr-atmega128rfa1.a(nbr-table.o)
 .text.item_from_key
                0x0000a3b0       0x3e contiki-avr-atmega128rfa1.a(nbr-table.o)
 .text.nbr_get_bit.constprop.0
                0x0000a3ee       0x4a contiki-avr-atmega128rfa1.a(nbr-table.o)
 .text.nbr_table_register
                0x0000a438       0x40 contiki-avr-atmega128rfa1.a(nbr-table.o)
                0x0000a438                nbr_table_register
 .text.nbr_table_next
                0x0000a478       0x3e contiki-avr-atmega128rfa1.a(nbr-table.o)
                0x0000a478                nbr_table_next
 .text.nbr_table_head
                0x0000a4b6       0x44 contiki-avr-atmega128rfa1.a(nbr-table.o)
                0x0000a4b6                nbr_table_head
 .text.nbr_table_add_lladdr
                0x0000a4fa      0x1c0 contiki-avr-atmega128rfa1.a(nbr-table.o)
                0x0000a4fa                nbr_table_add_lladdr
 .text.nbr_table_get_from_lladdr
                0x0000a6ba       0x5e contiki-avr-atmega128rfa1.a(nbr-table.o)
                0x0000a6ba                nbr_table_get_from_lladdr
 .text.nbr_table_remove
                0x0000a718       0x42 contiki-avr-atmega128rfa1.a(nbr-table.o)
                0x0000a718                nbr_table_remove
 .text.nbr_table_lock
                0x0000a75a       0x10 contiki-avr-atmega128rfa1.a(nbr-table.o)
                0x0000a75a                nbr_table_lock
 .text.nbr_table_unlock
                0x0000a76a       0x10 contiki-avr-atmega128rfa1.a(nbr-table.o)
                0x0000a76a                nbr_table_unlock
 .text.nbr_table_get_lladdr
                0x0000a77a       0x12 contiki-avr-atmega128rfa1.a(nbr-table.o)
                0x0000a77a                nbr_table_get_lladdr
 .text.packetbuf_copyto_hdr
                0x0000a78c       0x24 contiki-avr-atmega128rfa1.a(packetbuf.o)
                0x0000a78c                packetbuf_copyto_hdr
 .text.packetbuf_copyto
                0x0000a7b0       0x7a contiki-avr-atmega128rfa1.a(packetbuf.o)
                0x0000a7b0                packetbuf_copyto
 .text.packetbuf_hdrreduce
                0x0000a82a       0x3a contiki-avr-atmega128rfa1.a(packetbuf.o)
                0x0000a82a                packetbuf_hdrreduce
 .text.packetbuf_set_datalen
                0x0000a864        0xa contiki-avr-atmega128rfa1.a(packetbuf.o)
                0x0000a864                packetbuf_set_datalen
 .text.packetbuf_dataptr
                0x0000a86e        0xe contiki-avr-atmega128rfa1.a(packetbuf.o)
                0x0000a86e                packetbuf_dataptr
 .text.packetbuf_hdrptr
                0x0000a87c        0xc contiki-avr-atmega128rfa1.a(packetbuf.o)
                0x0000a87c                packetbuf_hdrptr
 .text.packetbuf_is_reference
                0x0000a888       0x18 contiki-avr-atmega128rfa1.a(packetbuf.o)
                0x0000a888                packetbuf_is_reference
 .text.packetbuf_compact
                0x0000a8a0       0x5e contiki-avr-atmega128rfa1.a(packetbuf.o)
                0x0000a8a0                packetbuf_compact
 .text.packetbuf_reference_ptr
                0x0000a8fe        0xa contiki-avr-atmega128rfa1.a(packetbuf.o)
                0x0000a8fe                packetbuf_reference_ptr
 .text.packetbuf_datalen
                0x0000a908        0xa contiki-avr-atmega128rfa1.a(packetbuf.o)
                0x0000a908                packetbuf_datalen
 .text.packetbuf_hdrlen
                0x0000a912       0x10 contiki-avr-atmega128rfa1.a(packetbuf.o)
                0x0000a912                packetbuf_hdrlen
 .text.packetbuf_totlen
                0x0000a922       0x16 contiki-avr-atmega128rfa1.a(packetbuf.o)
                0x0000a922                packetbuf_totlen
 .text.packetbuf_hdralloc
                0x0000a938       0x3c contiki-avr-atmega128rfa1.a(packetbuf.o)
                0x0000a938                packetbuf_hdralloc
 .text.packetbuf_attr_clear
                0x0000a974       0x28 contiki-avr-atmega128rfa1.a(packetbuf.o)
                0x0000a974                packetbuf_attr_clear
 .text.packetbuf_clear
                0x0000a99c       0x26 contiki-avr-atmega128rfa1.a(packetbuf.o)
                0x0000a99c                packetbuf_clear
 .text.packetbuf_copyfrom
                0x0000a9c2       0x5e contiki-avr-atmega128rfa1.a(packetbuf.o)
                0x0000a9c2                packetbuf_copyfrom
 .text.packetbuf_attr_copyto
                0x0000aa20       0x22 contiki-avr-atmega128rfa1.a(packetbuf.o)
                0x0000aa20                packetbuf_attr_copyto
 .text.packetbuf_attr_copyfrom
                0x0000aa42       0x22 contiki-avr-atmega128rfa1.a(packetbuf.o)
                0x0000aa42                packetbuf_attr_copyfrom
 .text.packetbuf_set_attr
                0x0000aa64       0x16 contiki-avr-atmega128rfa1.a(packetbuf.o)
                0x0000aa64                packetbuf_set_attr
 .text.packetbuf_attr
                0x0000aa7a       0x12 contiki-avr-atmega128rfa1.a(packetbuf.o)
                0x0000aa7a                packetbuf_attr
 .text.packetbuf_set_addr
                0x0000aa8c       0x16 contiki-avr-atmega128rfa1.a(packetbuf.o)
                0x0000aa8c                packetbuf_set_addr
 .text.packetbuf_addr
                0x0000aaa2        0xe contiki-avr-atmega128rfa1.a(packetbuf.o)
                0x0000aaa2                packetbuf_addr
 .text.packetbuf_holds_broadcast
                0x0000aab0        0xc contiki-avr-atmega128rfa1.a(packetbuf.o)
                0x0000aab0                packetbuf_holds_broadcast
 .text.queuebuf_init
                0x0000aabc       0x18 contiki-avr-atmega128rfa1.a(queuebuf.o)
                0x0000aabc                queuebuf_init
 .text.queuebuf_numfree
                0x0000aad4       0x16 contiki-avr-atmega128rfa1.a(queuebuf.o)
                0x0000aad4                queuebuf_numfree
 .text.queuebuf_new_from_packetbuf
                0x0000aaea       0x9a contiki-avr-atmega128rfa1.a(queuebuf.o)
                0x0000aaea                queuebuf_new_from_packetbuf
 .text.queuebuf_free
                0x0000ab84       0x4a contiki-avr-atmega128rfa1.a(queuebuf.o)
                0x0000ab84                queuebuf_free
 .text.queuebuf_to_packetbuf
                0x0000abce       0x92 contiki-avr-atmega128rfa1.a(queuebuf.o)
                0x0000abce                queuebuf_to_packetbuf
 .text.on       0x0000ac60        0xa contiki-avr-atmega128rfa1.a(sicslowmac.o)
 .text.channel_check_interval
                0x0000ac6a        0x6 contiki-avr-atmega128rfa1.a(sicslowmac.o)
 .text.send_packet
                0x0000ac70      0x128 contiki-avr-atmega128rfa1.a(sicslowmac.o)
 .text.send_list
                0x0000ad98       0x48 contiki-avr-atmega128rfa1.a(sicslowmac.o)
                0x0000ad98                send_list
 .text.input_packet
                0x0000ade0       0xd8 contiki-avr-atmega128rfa1.a(sicslowmac.o)
 .text.init     0x0000aeb8       0x12 contiki-avr-atmega128rfa1.a(sicslowmac.o)
 .text.off      0x0000aeca       0x18 contiki-avr-atmega128rfa1.a(sicslowmac.o)
 .text.bootstrap
                0x0000aee2        0x4 contiki-avr-atmega128rfa1.a(nullsec.o)
 .text.on_frame_created
                0x0000aee6        0x6 contiki-avr-atmega128rfa1.a(nullsec.o)
 .text.input    0x0000aeec        0xa contiki-avr-atmega128rfa1.a(nullsec.o)
 .text.get_overhead
                0x0000aef6        0x4 contiki-avr-atmega128rfa1.a(nullsec.o)
 .text.send     0x0000aefa       0x2c contiki-avr-atmega128rfa1.a(nullsec.o)
 .text.__vector_32
                0x0000af26       0xee contiki-avr-atmega128rfa1.a(rtimer-arch.o)
                0x0000af26                __vector_32
 .text.rtimer_arch_init
                0x0000b014       0x34 contiki-avr-atmega128rfa1.a(rtimer-arch.o)
                0x0000b014                rtimer_arch_init
 .text.rtimer_arch_schedule
                0x0000b048       0x20 contiki-avr-atmega128rfa1.a(rtimer-arch.o)
                0x0000b048                rtimer_arch_schedule
 .text.__vector_13
                0x0000b068       0x14 contiki-avr-atmega128rfa1.a(rtimer-arch.o)
                0x0000b068                __vector_13
 .text.stimer_set
                0x0000b07c       0x20 contiki-avr-atmega128rfa1.a(stimer.o)
                0x0000b07c                stimer_set
 .text.stimer_expired
                0x0000b09c       0x5c contiki-avr-atmega128rfa1.a(stimer.o)
                0x0000b09c                stimer_expired
 .text.memb_init
                0x0000b0f8       0x3c contiki-avr-atmega128rfa1.a(memb.o)
                0x0000b0f8                memb_init
 .text.memb_alloc
                0x0000b134       0x4a contiki-avr-atmega128rfa1.a(memb.o)
                0x0000b134                memb_alloc
 .text.memb_free
                0x0000b17e       0x4a contiki-avr-atmega128rfa1.a(memb.o)
                0x0000b17e                memb_free
 .text.memb_inmemb
                0x0000b1c8       0x3a contiki-avr-atmega128rfa1.a(memb.o)
                0x0000b1c8                memb_inmemb
 .text.memb_numfree
                0x0000b202       0x34 contiki-avr-atmega128rfa1.a(memb.o)
                0x0000b202                memb_numfree
 .text.field_len
                0x0000b236       0x8e contiki-avr-atmega128rfa1.a(frame802154.o)
 .text.frame802154_hdrlen
                0x0000b2c4       0x46 contiki-avr-atmega128rfa1.a(frame802154.o)
                0x0000b2c4                frame802154_hdrlen
 .text.frame802154_create
                0x0000b30a      0x1ac contiki-avr-atmega128rfa1.a(frame802154.o)
                0x0000b30a                frame802154_create
 .text.frame802154_parse
                0x0000b4b6      0x19c contiki-avr-atmega128rfa1.a(frame802154.o)
                0x0000b4b6                frame802154_parse
 .text.libgcc.div
                0x0000b652       0x28 /usr/local/bin/../lib/gcc/avr/4.8.1/avr51/libgcc.a(_udivmodhi4.o)
                0x0000b652                __udivmodhi4
 .text.libgcc.div
                0x0000b67a       0x28 /usr/local/bin/../lib/gcc/avr/4.8.1/avr51/libgcc.a(_divmodhi4.o)
                0x0000b67a                __divmodhi4
                0x0000b67a                _div
 .text.libgcc.div
                0x0000b6a2       0x44 /usr/local/bin/../lib/gcc/avr/4.8.1/avr51/libgcc.a(_udivmodsi4.o)
                0x0000b6a2                __udivmodsi4
 .text.libgcc   0x0000b6e6        0xc /usr/local/bin/../lib/gcc/avr/4.8.1/avr51/libgcc.a(_tablejump.o)
                0x0000b6e6                __tablejump2__
                0x0000b6ea                __tablejump__
 .text.libgcc.builtins
                0x0000b6f2        0xe /usr/local/bin/../lib/gcc/avr/4.8.1/avr51/libgcc.a(_bswapsi2.o)
                0x0000b6f2                __bswapsi2
 .text.libgcc.mul
                0x0000b700       0x1e /usr/local/bin/../lib/gcc/avr/4.8.1/avr51/libgcc.a(_umulhisi3.o)
                0x0000b700                __umulhisi3
 .text.avr-libc
                0x0000b71e       0xb8 /usr/local/bin/../lib/gcc/avr/4.8.1/../../../../avr/lib/avr51/libc.a(rand.o)
                0x0000b7b4                rand_r
                0x0000b7b8                rand
                0x0000b7c0                srand
 .text.avr-libc
                0x0000b7d6       0x1a /usr/local/bin/../lib/gcc/avr/4.8.1/../../../../avr/lib/avr51/libc.a(memcmp.o)
                0x0000b7d6                memcmp
 .text.avr-libc
                0x0000b7f0       0x12 /usr/local/bin/../lib/gcc/avr/4.8.1/../../../../avr/lib/avr51/libc.a(memcpy.o)
                0x0000b7f0                memcpy
 .text.avr-libc
                0x0000b802       0x24 /usr/local/bin/../lib/gcc/avr/4.8.1/../../../../avr/lib/avr51/libc.a(memmove.o)
                0x0000b802                memmove
 .text.avr-libc
                0x0000b826        0xe /usr/local/bin/../lib/gcc/avr/4.8.1/../../../../avr/lib/avr51/libc.a(memset.o)
                0x0000b826                memset
 .text.avr-libc
                0x0000b834       0x12 /usr/local/bin/../lib/gcc/avr/4.8.1/../../../../avr/lib/avr51/libc.a(strcmp.o)
                0x0000b834                strcmp
 .text.avr-libc
                0x0000b846       0x24 /usr/local/bin/../lib/gcc/avr/4.8.1/../../../../avr/lib/avr51/libc.a(printf.o)
                0x0000b846                printf
 .text.avr-libc
                0x0000b86a       0x48 /usr/local/bin/../lib/gcc/avr/4.8.1/../../../../avr/lib/avr51/libc.a(printf_p.o)
                0x0000b86a                printf_P
 .text.avr-libc
                0x0000b8b2       0x24 /usr/local/bin/../lib/gcc/avr/4.8.1/../../../../avr/lib/avr51/libc.a(scanf.o)
                0x0000b8b2                scanf
 .text.avr-libc
                0x0000b8d6      0x3f6 /usr/local/bin/../lib/gcc/avr/4.8.1/../../../../avr/lib/avr51/libc.a(vfprintf_std.o)
                0x0000b8d6                vfprintf
 .text.avr-libc
                0x0000bccc      0x5a8 /usr/local/bin/../lib/gcc/avr/4.8.1/../../../../avr/lib/avr51/libc.a(vfscanf_std.o)
                0x0000c006                vfscanf
 .text.avr-libc
                0x0000c274       0x20 /usr/local/bin/../lib/gcc/avr/4.8.1/../../../../avr/lib/avr51/libc.a(eerd_block_atmega128rfa1.o)
                0x0000c274                __eerd_block_m128rfa1
                0x0000c278                __eerd_blraw_m128rfa1
 .text.avr-libc
                0x0000c294       0x10 /usr/local/bin/../lib/gcc/avr/4.8.1/../../../../avr/lib/avr51/libc.a(eerd_byte_atmega128rfa1.o)
                0x0000c294                __eerd_byte_m128rfa1
 .text.avr-libc
                0x0000c2a4        0xc /usr/local/bin/../lib/gcc/avr/4.8.1/../../../../avr/lib/avr51/libc.a(eerd_word_atmega128rfa1.o)
                0x0000c2a4                __eerd_word_m128rfa1
 .text.avr-libc
                0x0000c2b0       0x14 /usr/local/bin/../lib/gcc/avr/4.8.1/../../../../avr/lib/avr51/libc.a(eewr_block_atmega128rfa1.o)
                0x0000c2b0                __eewr_block_m128rfa1
 .text.avr-libc
                0x0000c2c4       0x1c /usr/local/bin/../lib/gcc/avr/4.8.1/../../../../avr/lib/avr51/libc.a(eewr_byte_atmega128rfa1.o)
                0x0000c2c4                __eewr_byte_m128rfa1
                0x0000c2c6                __eewr_r18_m128rfa1
 .text.avr-libc
                0x0000c2e0        0xa /usr/local/bin/../lib/gcc/avr/4.8.1/../../../../avr/lib/avr51/libc.a(eewr_word_atmega128rfa1.o)
                0x0000c2e0                __eewr_word_m128rfa1
 .text.avr-libc
                0x0000c2ea       0x10 /usr/local/bin/../lib/gcc/avr/4.8.1/../../../../avr/lib/avr51/libc.a(isspace.o)
                0x0000c2ea                isspace
 .text.avr-libc
                0x0000c2fa       0x16 /usr/local/bin/../lib/gcc/avr/4.8.1/../../../../avr/lib/avr51/libc.a(strchr_P.o)
                0x0000c2fa                strchr_P
 .text.avr-libc
                0x0000c310       0x16 /usr/local/bin/../lib/gcc/avr/4.8.1/../../../../avr/lib/avr51/libc.a(strnlen_P.o)
                0x0000c310                strnlen_P
 .text.avr-libc
                0x0000c326       0x16 /usr/local/bin/../lib/gcc/avr/4.8.1/../../../../avr/lib/avr51/libc.a(strnlen.o)
                0x0000c326                strnlen
 .text.avr-libc
                0x0000c33c       0x7c /usr/local/bin/../lib/gcc/avr/4.8.1/../../../../avr/lib/avr51/libc.a(fgetc.o)
                0x0000c33c                fgetc
 .text.avr-libc
                0x0000c3b8       0x64 /usr/local/bin/../lib/gcc/avr/4.8.1/../../../../avr/lib/avr51/libc.a(fputc.o)
                0x0000c3b8                fputc
 .text.avr-libc
                0x0000c41c       0x32 /usr/local/bin/../lib/gcc/avr/4.8.1/../../../../avr/lib/avr51/libc.a(ungetc.o)
                0x0000c41c                ungetc
 .text.avr-libc
                0x0000c44e       0xbc /usr/local/bin/../lib/gcc/avr/4.8.1/../../../../avr/lib/avr51/libc.a(ultoa_invert.o)
                0x0000c44e                __ultoa_invert
 .text.avr-libc
                0x0000c50a        0x6 /usr/local/bin/../lib/gcc/avr/4.8.1/../../../../avr/lib/avr51/libc.a(cty_isfalse.o)
                0x0000c50a                __ctype_isfalse
                0x0000c50e                __ctype_istrue
 .text.libgcc.div
                0x0000c510       0x2e /usr/local/bin/../lib/gcc/avr/4.8.1/avr51/libgcc.a(_divmodsi4.o)
                0x0000c510                __divmodsi4
 .text.libgcc.div
                0x0000c53e       0x10 /usr/local/bin/../lib/gcc/avr/4.8.1/avr51/libgcc.a(_negsi2.o)
                0x0000c53e                __negsi2
 .text.libgcc.mul
                0x0000c54e       0x16 /usr/local/bin/../lib/gcc/avr/4.8.1/avr51/libgcc.a(_muluhisi3.o)
                0x0000c54e                __muluhisi3
 .text.libgcc.mul
                0x0000c564       0x10 /usr/local/bin/../lib/gcc/avr/4.8.1/avr51/libgcc.a(_mulshisi3.o)
                0x0000c564                __mulshisi3
                0x0000c56a                __mulohisi3
                0x0000c574                . = ALIGN (0x2)
 *(.fini9)
 .fini9         0x0000c574        0x0 /usr/local/bin/../lib/gcc/avr/4.8.1/avr51/libgcc.a(_exit.o)
                0x0000c574                exit
                0x0000c574                _exit
 *(.fini9)
 *(.fini8)
 *(.fini8)
 *(.fini7)
 *(.fini7)
 *(.fini6)
 *(.fini6)
 *(.fini5)
 *(.fini5)
 *(.fini4)
 *(.fini4)
 *(.fini3)
 *(.fini3)
 *(.fini2)
 *(.fini2)
 *(.fini1)
 *(.fini1)
 *(.fini0)
 .fini0         0x0000c574        0x4 /usr/local/bin/../lib/gcc/avr/4.8.1/avr51/libgcc.a(_exit.o)
 *(.fini0)
                0x0000c578                _etext = .

.data           0x00800200      0x216 load address 0x0000c578
                0x00800200                PROVIDE (__data_start, .)
 *(.data)
 .data          0x00800200        0x4 /usr/local/bin/../lib/gcc/avr/4.8.1/../../../../avr/lib/avr51/libc.a(rand.o)
 *(.data*)
 .data.ping6_process
                0x00800204        0xa contiki-avr-atmega128rfa1.a(ping6.o)
                0x00800204                ping6_process
 .data.rs232_stdout
                0x0080020e        0xe contiki-avr-atmega128rfa1.a(rs232.o)
 .data.rf230_process
                0x0080021c        0xa contiki-avr-atmega128rfa1.a(rf230bb.o)
                0x0080021c                rf230_process
 .data.ctimer_process
                0x00800226        0xa contiki-avr-atmega128rfa1.a(ctimer.o)
                0x00800226                ctimer_process
 .data.etimer_process
                0x00800230        0xa contiki-avr-atmega128rfa1.a(etimer.o)
                0x00800230                etimer_process
 .data.ds6_neighbors
                0x0080023a        0x2 contiki-avr-atmega128rfa1.a(uip-ds6-nbr.o)
                0x0080023a                ds6_neighbors
 .data.ds6_neighbors_struct
                0x0080023c        0x8 contiki-avr-atmega128rfa1.a(uip-ds6-nbr.o)
 .data.defaultroutermemb
                0x00800244        0x8 contiki-avr-atmega128rfa1.a(uip-ds6-route.o)
 .data.routememb
                0x0080024c        0x8 contiki-avr-atmega128rfa1.a(uip-ds6-route.o)
 .data.neighborroutememb
                0x00800254        0x8 contiki-avr-atmega128rfa1.a(uip-ds6-route.o)
 .data.nbr_routes_struct
                0x0080025c        0x8 contiki-avr-atmega128rfa1.a(uip-ds6-route.o)
 .data.echo_reply_handler
                0x00800264        0x6 contiki-avr-atmega128rfa1.a(uip-icmp6.o)
 .data.echo_request_handler
                0x0080026a        0x6 contiki-avr-atmega128rfa1.a(uip-icmp6.o)
 .data.na_input_handler
                0x00800270        0x6 contiki-avr-atmega128rfa1.a(uip-nd6.o)
 .data.ns_input_handler
                0x00800276        0x6 contiki-avr-atmega128rfa1.a(uip-nd6.o)
 .data.tcpip_process
                0x0080027c        0xa contiki-avr-atmega128rfa1.a(tcpip.o)
                0x0080027c                tcpip_process
 .data.packets_memb
                0x00800286        0x8 contiki-avr-atmega128rfa1.a(uip-packetqueue)
 .data.rpl_parents_struct
                0x0080028e        0x8 contiki-avr-atmega128rfa1.a(rpl-dag.o)
 .data.dao_ack_handler
                0x00800296        0x6 contiki-avr-atmega128rfa1.a(rpl-icmp6.o)
 .data.dao_handler
                0x0080029c        0x6 contiki-avr-atmega128rfa1.a(rpl-icmp6.o)
 .data.dio_handler
                0x008002a2        0x6 contiki-avr-atmega128rfa1.a(rpl-icmp6.o)
 .data.dis_handler
                0x008002a8        0x6 contiki-avr-atmega128rfa1.a(rpl-icmp6.o)
 .data.dao_sequence
                0x008002ae        0x1 contiki-avr-atmega128rfa1.a(rpl-icmp6.o)
 .data.rpl_mrhof
                0x008002af        0xe contiki-avr-atmega128rfa1.a(rpl-mrhof.o)
                0x008002af                rpl_mrhof
 .data.neighbor_addr_mem
                0x008002bd        0x8 contiki-avr-atmega128rfa1.a(nbr-table.o)
 .data.buframmem
                0x008002c5        0x8 contiki-avr-atmega128rfa1.a(queuebuf.o)
 .data.refbufmem
                0x008002cd        0x8 contiki-avr-atmega128rfa1.a(queuebuf.o)
 .data.bufmem   0x008002d5        0x8 contiki-avr-atmega128rfa1.a(queuebuf.o)
 *(.rodata)
 *(.rodata*)
 .rodata.autostart_processes
                0x008002dd        0x4 example-ping6.co
                0x008002dd                autostart_processes
 .rodata.str1.1
                0x008002e1       0x43 contiki-avr-atmega128rfa1.a(ping6.o)
 .rodata.str1.1
                0x00800324       0x1a contiki-avr-atmega128rfa1.a(contiki-main.o)
 .rodata.str1.1
                0x0080033e        0xd contiki-avr-atmega128rfa1.a(rf230bb.o)
 .rodata.rf230_driver
                0x0080034b       0x1c contiki-avr-atmega128rfa1.a(rf230bb.o)
                0x0080034b                rf230_driver
 .rodata.str1.1
                0x00800367        0xf contiki-avr-atmega128rfa1.a(ctimer.o)
 .rodata.str1.1
                0x00800376        0xc contiki-avr-atmega128rfa1.a(etimer.o)
 .rodata.str1.1
                0x00800382        0xb contiki-avr-atmega128rfa1.a(sicslowpan.o)
 .rodata.sicslowpan_driver
                0x0080038d        0x6 contiki-avr-atmega128rfa1.a(sicslowpan.o)
                0x0080038d                sicslowpan_driver
 .rodata.ttl_values
                0x00800393        0x4 contiki-avr-atmega128rfa1.a(sicslowpan.o)
 .rodata.llprefix
                0x00800397        0x2 contiki-avr-atmega128rfa1.a(sicslowpan.o)
                0x00800397                llprefix
 .rodata.unc_mxconf
                0x00800399        0x4 contiki-avr-atmega128rfa1.a(sicslowpan.o)
                0x00800399                unc_mxconf
 .rodata.unc_ctxconf
                0x0080039d        0x4 contiki-avr-atmega128rfa1.a(sicslowpan.o)
                0x0080039d                unc_ctxconf
 .rodata.unc_llconf
                0x008003a1        0x4 contiki-avr-atmega128rfa1.a(sicslowpan.o)
                0x008003a1                unc_llconf
 .rodata.str1.1
                0x008003a5        0xd contiki-avr-atmega128rfa1.a(tcpip.o)
 .rodata.str1.1
                0x008003b2        0xf contiki-avr-atmega128rfa1.a(uip-debug.o)
 .rodata.framer_802154
                0x008003c1        0x8 contiki-avr-atmega128rfa1.a(framer-802154.o)
                0x008003c1                framer_802154
 .rodata.str1.1
                0x008003c9        0x8 contiki-avr-atmega128rfa1.a(nullmac.o)
 .rodata.nullmac_driver
                0x008003d1        0xe contiki-avr-atmega128rfa1.a(nullmac.o)
                0x008003d1                nullmac_driver
 .rodata.linkaddr_null
                0x008003df        0x8 contiki-avr-atmega128rfa1.a(linkaddr.o)
                0x008003df                linkaddr_null
 .rodata.str1.1
                0x008003e7        0xb contiki-avr-atmega128rfa1.a(sicslowmac.o)
 .rodata.sicslowmac_driver
                0x008003f2       0x10 contiki-avr-atmega128rfa1.a(sicslowmac.o)
                0x008003f2                sicslowmac_driver
 .rodata.str1.1
                0x00800402        0x8 contiki-avr-atmega128rfa1.a(nullsec.o)
 .rodata.nullsec_driver
                0x0080040a        0xc contiki-avr-atmega128rfa1.a(nullsec.o)
                0x0080040a                nullsec_driver
 *(.gnu.linkonce.d*)
                0x00800416                . = ALIGN (0x2)
                0x00800416                _edata = .
                0x00800416                PROVIDE (__data_end, .)

.bss            0x00800416     0x2740
                0x00800416                PROVIDE (__bss_start, .)
 *(.bss)
 *(.bss*)
 .bss.addr      0x00800416       0x10 contiki-avr-atmega128rfa1.a(ping6.o)
 .bss.command   0x00800426       0x14 contiki-avr-atmega128rfa1.a(ping6.o)
 .bss.count     0x0080043a        0x1 contiki-avr-atmega128rfa1.a(ping6.o)
 .bss.ping6_periodic_timer
                0x0080043b        0x8 contiki-avr-atmega128rfa1.a(ping6.o)
 .bss.rcount    0x00800443        0x1 contiki-avr-atmega128rfa1.a(clock.o)
 .bss.count     0x00800444        0x2 contiki-avr-atmega128rfa1.a(clock.o)
 .bss.stdout_rs232_port
                0x00800446        0x1 contiki-avr-atmega128rfa1.a(rs232.o)
 .bss.buffer    0x00800447       0x81 contiki-avr-atmega128rfa1.a(rf230bb.o)
 .bss.channel   0x008004c8        0x1 contiki-avr-atmega128rfa1.a(rf230bb.o)
 .bss.initialized
                0x008004c9        0x1 contiki-avr-atmega128rfa1.a(ctimer.o)
 .bss.ctimer_list_list
                0x008004ca        0x2 contiki-avr-atmega128rfa1.a(ctimer.o)
 .bss.next_expiration
                0x008004cc        0x2 contiki-avr-atmega128rfa1.a(etimer.o)
 .bss.timerlist
                0x008004ce        0x2 contiki-avr-atmega128rfa1.a(etimer.o)
 .bss.snum.1752
                0x008004d0        0x1 contiki-avr-atmega128rfa1.a(process.o)
 .bss.p.1737    0x008004d1        0x2 contiki-avr-atmega128rfa1.a(process.o)
 .bss.receiver.1736
                0x008004d3        0x2 contiki-avr-atmega128rfa1.a(process.o)
 .bss.data.1735
                0x008004d5        0x2 contiki-avr-atmega128rfa1.a(process.o)
 .bss.ev.1734   0x008004d7        0x1 contiki-avr-atmega128rfa1.a(process.o)
 .bss.poll_requested
                0x008004d8        0x1 contiki-avr-atmega128rfa1.a(process.o)
 .bss.events    0x008004d9       0xa0 contiki-avr-atmega128rfa1.a(process.o)
 .bss.fevent    0x00800579        0x1 contiki-avr-atmega128rfa1.a(process.o)
 .bss.nevents   0x0080057a        0x1 contiki-avr-atmega128rfa1.a(process.o)
 .bss.lastevent
                0x0080057b        0x1 contiki-avr-atmega128rfa1.a(process.o)
 .bss.process_current
                0x0080057c        0x2 contiki-avr-atmega128rfa1.a(process.o)
                0x0080057c                process_current
 .bss.process_list
                0x0080057e        0x2 contiki-avr-atmega128rfa1.a(process.o)
                0x0080057e                process_list
 .bss.next_rtimer
                0x00800580        0x2 contiki-avr-atmega128rfa1.a(rtimer.o)
 .bss.hc06_ptr  0x00800582        0x2 contiki-avr-atmega128rfa1.a(sicslowpan.o)
 .bss.context   0x00800584        0x2 contiki-avr-atmega128rfa1.a(sicslowpan.o)
 .bss.addr_contexts
                0x00800586        0xa contiki-avr-atmega128rfa1.a(sicslowpan.o)
 .bss.callback  0x00800590        0x2 contiki-avr-atmega128rfa1.a(sicslowpan.o)
 .bss.last_rssi
                0x00800592        0x2 contiki-avr-atmega128rfa1.a(sicslowpan.o)
 .bss.reass_timer
                0x00800594        0x4 contiki-avr-atmega128rfa1.a(sicslowpan.o)
 .bss.reass_tag
                0x00800598        0x2 contiki-avr-atmega128rfa1.a(sicslowpan.o)
 .bss.my_tag    0x0080059a        0x2 contiki-avr-atmega128rfa1.a(sicslowpan.o)
 .bss.processed_ip_in_len
                0x0080059c        0x2 contiki-avr-atmega128rfa1.a(sicslowpan.o)
 .bss.sicslowpan_aligned_buf
                0x0080059e       0x80 contiki-avr-atmega128rfa1.a(sicslowpan.o)
 .bss.sicslowpan_len
                0x0080061e        0x2 contiki-avr-atmega128rfa1.a(sicslowpan.o)
 .bss.last_tx_status
                0x00800620        0x2 contiki-avr-atmega128rfa1.a(sicslowpan.o)
 .bss.uncomp_hdr_len
                0x00800622        0x1 contiki-avr-atmega128rfa1.a(sicslowpan.o)
 .bss.packetbuf_payload_len
                0x00800623        0x2 contiki-avr-atmega128rfa1.a(sicslowpan.o)
 .bss.packetbuf_hdr_len
                0x00800625        0x1 contiki-avr-atmega128rfa1.a(sicslowpan.o)
 .bss.packetbuf_ptr
                0x00800626        0x2 contiki-avr-atmega128rfa1.a(sicslowpan.o)
 .bss.tmp16     0x00800628        0x2 contiki-avr-atmega128rfa1.a(uip6.o)
 .bss.opt       0x0080062a        0x1 contiki-avr-atmega128rfa1.a(uip6.o)
 .bss.iss       0x0080062b        0x4 contiki-avr-atmega128rfa1.a(uip6.o)
 .bss.lastport  0x0080062f        0x2 contiki-avr-atmega128rfa1.a(uip6.o)
 .bss.c         0x00800631        0x1 contiki-avr-atmega128rfa1.a(uip6.o)
 .bss.uip_ext_opt_offset
                0x00800632        0x1 contiki-avr-atmega128rfa1.a(uip6.o)
                0x00800632                uip_ext_opt_offset
 .bss.uip_ext_len
                0x00800633        0x1 contiki-avr-atmega128rfa1.a(uip6.o)
                0x00800633                uip_ext_len
 .bss.uip_ext_bitmap
                0x00800634        0x1 contiki-avr-atmega128rfa1.a(uip6.o)
                0x00800634                uip_ext_bitmap
 .bss.locprefix
                0x00800635        0x2 contiki-avr-atmega128rfa1.a(uip-ds6.o)
 .bss.locmaddr  0x00800637        0x2 contiki-avr-atmega128rfa1.a(uip-ds6.o)
 .bss.locaddr   0x00800639        0x2 contiki-avr-atmega128rfa1.a(uip-ds6.o)
 .bss.loc_fipaddr
                0x0080063b       0x10 contiki-avr-atmega128rfa1.a(uip-ds6.o)
 .bss._ds6_neighbors_mem
                0x0080064b      0x30c contiki-avr-atmega128rfa1.a(uip-ds6-nbr.o)
 .bss.num_routes
                0x00800957        0x2 contiki-avr-atmega128rfa1.a(uip-ds6-route.o)
 .bss.notificationlist_list
                0x00800959        0x2 contiki-avr-atmega128rfa1.a(uip-ds6-route.o)
 .bss.defaultroutermemb_memb_mem
                0x0080095b       0x36 contiki-avr-atmega128rfa1.a(uip-ds6-route.o)
 .bss.defaultroutermemb_memb_count
                0x00800991        0x2 contiki-avr-atmega128rfa1.a(uip-ds6-route.o)
 .bss.defaultrouterlist_list
                0x00800993        0x2 contiki-avr-atmega128rfa1.a(uip-ds6-route.o)
 .bss.routememb_memb_mem
                0x00800995      0x244 contiki-avr-atmega128rfa1.a(uip-ds6-route.o)
 .bss.routememb_memb_count
                0x00800bd9       0x14 contiki-avr-atmega128rfa1.a(uip-ds6-route.o)
 .bss.routelist_list
                0x00800bed        0x2 contiki-avr-atmega128rfa1.a(uip-ds6-route.o)
 .bss.neighborroutememb_memb_mem
                0x00800bef       0x50 contiki-avr-atmega128rfa1.a(uip-ds6-route.o)
 .bss.neighborroutememb_memb_count
                0x00800c3f       0x14 contiki-avr-atmega128rfa1.a(uip-ds6-route.o)
 .bss._nbr_routes_mem
                0x00800c53       0x50 contiki-avr-atmega128rfa1.a(uip-ds6-route.o)
 .bss.input_handler_list_list
                0x00800ca3        0x2 contiki-avr-atmega128rfa1.a(uip-icmp6.o)
 .bss.echo_reply_callback_list_list
                0x00800ca5        0x2 contiki-avr-atmega128rfa1.a(uip-icmp6.o)
 .bss.tmp_ipaddr
                0x00800ca7       0x10 contiki-avr-atmega128rfa1.a(uip-icmp6.o)
 .bss.addr      0x00800cb7        0x2 contiki-avr-atmega128rfa1.a(uip-nd6.o)
 .bss.defrt     0x00800cb9        0x2 contiki-avr-atmega128rfa1.a(uip-nd6.o)
 .bss.nbr       0x00800cbb        0x2 contiki-avr-atmega128rfa1.a(uip-nd6.o)
 .bss.nd6_opt_llao
                0x00800cbd        0x2 contiki-avr-atmega128rfa1.a(uip-nd6.o)
 .bss.nd6_opt_offset
                0x00800cbf        0x1 contiki-avr-atmega128rfa1.a(uip-nd6.o)
 .bss.i.5371    0x00800cc0        0x1 contiki-avr-atmega128rfa1.a(tcpip.o)
 .bss.i.5327    0x00800cc1        0x1 contiki-avr-atmega128rfa1.a(tcpip.o)
 .bss.i.5383    0x00800cc2        0x1 contiki-avr-atmega128rfa1.a(tcpip.o)
 .bss.outputfunc
                0x00800cc3        0x2 contiki-avr-atmega128rfa1.a(tcpip.o)
 .bss.s         0x00800cc5       0x12 contiki-avr-atmega128rfa1.a(tcpip.o)
 .bss.periodic  0x00800cd7        0x8 contiki-avr-atmega128rfa1.a(tcpip.o)
 .bss.packets_memb_memb_mem
                0x00800cdf      0xa2c contiki-avr-atmega128rfa1.a(uip-packetqueue)
 .bss.packets_memb_memb_count
                0x0080170b        0x2 contiki-avr-atmega128rfa1.a(uip-packetqueue)
 .bss.mode      0x0080170d        0x2 contiki-avr-atmega128rfa1.a(rpl.o)
 .bss._rpl_parents_mem
                0x0080170f       0xa0 contiki-avr-atmega128rfa1.a(rpl-dag.o)
 .bss.dio_send_ok
                0x008017af        0x1 contiki-avr-atmega128rfa1.a(rpl-timers.o)
 .bss.next_dis  0x008017b0        0x2 contiki-avr-atmega128rfa1.a(rpl-timers.o)
 .bss.periodic_timer
                0x008017b2       0x10 contiki-avr-atmega128rfa1.a(rpl-timers.o)
 .bss.initialized
                0x008017c2        0x1 contiki-avr-atmega128rfa1.a(framer-802154.o)
 .bss.mac_dsn   0x008017c3        0x1 contiki-avr-atmega128rfa1.a(framer-802154.o)
 .bss.nbr_table_keys_list
                0x008017c4        0x2 contiki-avr-atmega128rfa1.a(nbr-table.o)
 .bss.neighbor_addr_mem_memb_mem
                0x008017c6       0xc8 contiki-avr-atmega128rfa1.a(nbr-table.o)
 .bss.neighbor_addr_mem_memb_count
                0x0080188e       0x14 contiki-avr-atmega128rfa1.a(nbr-table.o)
 .bss.num_tables
                0x008018a2        0x2 contiki-avr-atmega128rfa1.a(nbr-table.o)
 .bss.all_tables
                0x008018a4       0x10 contiki-avr-atmega128rfa1.a(nbr-table.o)
 .bss.locked_map
                0x008018b4       0x14 contiki-avr-atmega128rfa1.a(nbr-table.o)
 .bss.used_map  0x008018c8       0x14 contiki-avr-atmega128rfa1.a(nbr-table.o)
 .bss.packetbufptr
                0x008018dc        0x2 contiki-avr-atmega128rfa1.a(packetbuf.o)
 .bss.packetbuf_aligned
                0x008018de       0xb0 contiki-avr-atmega128rfa1.a(packetbuf.o)
 .bss.hdrptr    0x0080198e        0x1 contiki-avr-atmega128rfa1.a(packetbuf.o)
 .bss.bufptr    0x0080198f        0x2 contiki-avr-atmega128rfa1.a(packetbuf.o)
 .bss.buflen    0x00801991        0x2 contiki-avr-atmega128rfa1.a(packetbuf.o)
 .bss.buframmem_memb_mem
                0x00801993      0x5b0 contiki-avr-atmega128rfa1.a(queuebuf.o)
 .bss.buframmem_memb_count
                0x00801f43        0x8 contiki-avr-atmega128rfa1.a(queuebuf.o)
 .bss.refbufmem_memb_mem
                0x00801f4b       0x6a contiki-avr-atmega128rfa1.a(queuebuf.o)
 .bss.refbufmem_memb_count
                0x00801fb5        0x2 contiki-avr-atmega128rfa1.a(queuebuf.o)
 .bss.bufmem_memb_mem
                0x00801fb7       0x10 contiki-avr-atmega128rfa1.a(queuebuf.o)
 .bss.bufmem_memb_count
                0x00801fc7        0x8 contiki-avr-atmega128rfa1.a(queuebuf.o)
 .bss.mac_dsn   0x00801fcf        0x1 contiki-avr-atmega128rfa1.a(sicslowmac.o)
 *(COMMON)
 COMMON         0x00801fd0       0x10 contiki-avr-atmega128rfa1.a(ping6.o)
                0x00801fd0                dest_addr
 COMMON         0x00801fe0        0x6 contiki-avr-atmega128rfa1.a(contiki-main.o)
                0x00801fe0                ledtimer
                0x00801fe2                clocktime
 COMMON         0x00801fe6        0xc contiki-avr-atmega128rfa1.a(clock.o)
                0x00801fe6                radioontime
                0x00801fea                sleepseconds
                0x00801fee                seconds
 COMMON         0x00801ff2        0x4 contiki-avr-atmega128rfa1.a(rs232.o)
                0x00801ff2                input_handler_1
                0x00801ff4                input_handler_0
 COMMON         0x00801ff6      0x198 contiki-avr-atmega128rfa1.a(rf230bb.o)
                0x00801ff6                rf230_last_correlation
                0x00801ff7                rf230_last_rssi
                0x00801ff8                RF230_receivefail
                0x00801ffa                rf230_smallest_rssi
                0x00801ffb                rf230_pending
                0x00801ffc                rf230_ccawait
                0x00801ffd                RF230_receivepackets
                0x00801fff                rf230_txendwait
                0x00802000                rxframe_tail
                0x00802001                rxframe_head
                0x00802002                rxframe
                0x00802188                rf230_wakewait
                0x00802189                RF230_sendpackets
                0x0080218b                RF230_sendfail
                0x0080218d                RF230_receive_on
 COMMON         0x0080218e       0x56 contiki-avr-atmega128rfa1.a(energest.o)
                0x0080218e                energest_total_time
                0x008021be                energest_total_count
                0x008021c0                energest_current_mode
                0x008021cc                energest_current_time
 COMMON         0x008021e4        0x8 contiki-avr-atmega128rfa1.a(sicslowpan.o)
                0x008021e4                frag_sender
 COMMON         0x008021ec      0x6d1 contiki-avr-atmega128rfa1.a(uip6.o)
                0x008021ec                uip_len
                0x008021ee                uip_sappdata
                0x008021f0                uip_acc32
                0x008021f4                uip_lladdr
                0x008021fc                uip_aligned_buf
                0x008026fc                uip_flags
                0x008026fd                uip_next_hdr
                0x008026ff                uip_udp_conn
                0x00802701                uip_appdata
                0x00802703                uip_conn
                0x00802705                uip_conns
                0x008027b5                uip_icmp6_conns
                0x008027b9                uip_listenports
                0x008027c1                uip_slen
                0x008027c3                uip_udp_conns
 COMMON         0x008028bd      0x19d contiki-avr-atmega128rfa1.a(uip-ds6.o)
                0x008028bd                uip_ds6_timer_ra
                0x008028c5                uip_ds6_if
                0x008029e0                uip_ds6_netif_addr_list_offset
                0x008029e1                uip_ds6_addr_size
                0x008029e2                uip_ds6_prefix_list
                0x00802a52                uip_ds6_timer_periodic
 COMMON         0x00802a5a        0x2 contiki-avr-atmega128rfa1.a(tcpip.o)
                0x00802a5a                tcpip_event
                0x00802a5b                tcpip_icmp6_event
 COMMON         0x00802a5c       0xb8 contiki-avr-atmega128rfa1.a(rpl-dag.o)
                0x00802a5c                default_instance
                0x00802a5e                instance_table
 COMMON         0x00802b14        0x8 contiki-avr-atmega128rfa1.a(linkaddr.o)
                0x00802b14                linkaddr_node_addr
 COMMON         0x00802b1c       0x34 contiki-avr-atmega128rfa1.a(packetbuf.o)
                0x00802b1c                packetbuf_addrs
                0x00802b2c                packetbuf_attrs
 COMMON         0x00802b50        0x6 /usr/local/bin/../lib/gcc/avr/4.8.1/../../../../avr/lib/avr51/libc.a(iob.o)
                0x00802b50                __iob
                0x00802b56                PROVIDE (__bss_end, .)
                0x0000c578                __data_load_start = LOADADDR (.data)
                0x0000c78e                __data_load_end = (__data_load_start + SIZEOF (.data))

.noinit         0x00802b56        0x0
                0x00802b56                PROVIDE (__noinit_start, .)
 *(.noinit*)
                0x00802b56                PROVIDE (__noinit_end, .)
                0x00802b56                _end = .
                0x00802b56                PROVIDE (__heap_start, .)

.eeprom         0x00810000       0x29
 *(.eeprom*)
 .eeprom        0x00810000       0x29 contiki-avr-atmega128rfa1.a(params.o)
                0x00810000                eemem_txpower
                0x00810001                eemem_panaddr
                0x00810003                eemem_panid
                0x00810005                eemem_channel
                0x00810007                eemem_nodeid
                0x00810009                eemem_domain_name
                0x00810013                eemem_server_name
                0x00810021                eemem_mac_address
                0x00810029                __eeprom_end = .

.fuse           0x00820000        0x3
 *(.fuse)
 .fuse          0x00820000        0x3 contiki-avr-atmega128rfa1.a(contiki-main.o)
                0x00820000                __fuse
 *(.lfuse)
 *(.hfuse)
 *(.efuse)

.lock
 *(.lock*)

.signature      0x00840000        0x3
 *(.signature*)
 .signature     0x00840000        0x3 contiki-avr-atmega128rfa1.a(contiki-main.o)
                0x00840000                __signature

.user_signatures
 *(.user_signatures*)

.stab
 *(.stab)

.stabstr
 *(.stabstr)

.stab.excl
 *(.stab.excl)

.stab.exclstr
 *(.stab.exclstr)

.stab.index
 *(.stab.index)

.stab.indexstr
 *(.stab.indexstr)

.comment        0x00000000       0x5c
 *(.comment)
 .comment       0x00000000       0x30 example-ping6.co
                                 0x31 (size before relaxing)
 .comment       0x00000000       0x31 contiki-avr-atmega128rfa1.a(ping6.o)
 .comment       0x00000000       0x31 contiki-avr-atmega128rfa1.a(contiki-main.o)
 .comment       0x00000000       0x31 contiki-avr-atmega128rfa1.a(params.o)
 .comment       0x00000000       0x31 contiki-avr-atmega128rfa1.a(clock.o)
 .comment       0x00000000       0x31 contiki-avr-atmega128rfa1.a(rs232.o)
 .comment       0x00000000       0x31 contiki-avr-atmega128rfa1.a(watchdog.o)
 .comment       0x00000000       0x31 contiki-avr-atmega128rfa1.a(random.o)
 .comment       0x00000000       0x31 contiki-avr-atmega128rfa1.a(rf230bb.o)
 .comment       0x00000000       0x31 contiki-avr-atmega128rfa1.a(halbb.o)
 .comment       0x00000000       0x31 contiki-avr-atmega128rfa1.a(autostart.o)
 .comment       0x00000000       0x31 contiki-avr-atmega128rfa1.a(ctimer.o)
 .comment       0x00000000       0x31 contiki-avr-atmega128rfa1.a(energest.o)
 .comment       0x00000000       0x31 contiki-avr-atmega128rfa1.a(etimer.o)