Archive member included because of file (symbol)

contiki-avr-atmega256rfr2.a(contiki-main.o)
                              /usr/local/bin/../lib/gcc/avr/4.8.1/../../../../avr/lib/avr6/crtm256rfr2.o (main)
contiki-avr-atmega256rfr2.a(params.o)
                              contiki-avr-atmega256rfr2.a(contiki-main.o) (params_get_channel)
contiki-avr-atmega256rfr2.a(ssd1306.o)
                              contiki-avr-atmega256rfr2.a(contiki-main.o) (ssd1306_init)
contiki-avr-atmega256rfr2.a(sensors.o)
                              border-router.co (sensors_event)
contiki-avr-atmega256rfr2.a(clock.o)
                              contiki-avr-atmega256rfr2.a(contiki-main.o) (clock_init)
contiki-avr-atmega256rfr2.a(rs232.o)
                              contiki-avr-atmega256rfr2.a(contiki-main.o) (rs232_init)
contiki-avr-atmega256rfr2.a(watchdog.o)
                              contiki-avr-atmega256rfr2.a(contiki-main.o) (watchdog_periodic)
contiki-avr-atmega256rfr2.a(rtimer-arch.o)
                              contiki-avr-atmega256rfr2.a(contiki-main.o) (rtimer_arch_sleep)
contiki-avr-atmega256rfr2.a(random.o)
                              contiki-avr-atmega256rfr2.a(contiki-main.o) (random_init)
contiki-avr-atmega256rfr2.a(rf230bb.o)
                              contiki-avr-atmega256rfr2.a(clock.o) (RF230_receive_on)
contiki-avr-atmega256rfr2.a(halbb.o)
                              contiki-avr-atmega256rfr2.a(rf230bb.o) (hal_init)
contiki-avr-atmega256rfr2.a(autostart.o)
                              contiki-avr-atmega256rfr2.a(contiki-main.o) (autostart_start)
contiki-avr-atmega256rfr2.a(ctimer.o)
                              contiki-avr-atmega256rfr2.a(contiki-main.o) (ctimer_init)
contiki-avr-atmega256rfr2.a(energest.o)
                              contiki-avr-atmega256rfr2.a(rtimer-arch.o) (energest_current_time)
contiki-avr-atmega256rfr2.a(etimer.o)
                              contiki-avr-atmega256rfr2.a(clock.o) (etimer_request_poll)
contiki-avr-atmega256rfr2.a(process.o)
                              border-router.co (process_current)
contiki-avr-atmega256rfr2.a(rtimer.o)
                              contiki-avr-atmega256rfr2.a(contiki-main.o) (rtimer_init)
contiki-avr-atmega256rfr2.a(timer.o)
                              obj_avr-atmega256rfr2/httpd-simple.o (timer_set)
contiki-avr-atmega256rfr2.a(slip.o)
                              obj_avr-atmega256rfr2/slip-bridge.o (slip_process)
contiki-avr-atmega256rfr2.a(list.o)
                              contiki-avr-atmega256rfr2.a(ctimer.o) (list_init)
contiki-avr-atmega256rfr2.a(memb.o)
                              obj_avr-atmega256rfr2/httpd-simple.o (memb_init)
contiki-avr-atmega256rfr2.a(print-stats.o)
                              contiki-avr-atmega256rfr2.a(contiki-main.o) (print_stats)
contiki-avr-atmega256rfr2.a(uip6.o)
                              border-router.co (uip_aligned_buf)
contiki-avr-atmega256rfr2.a(uip-ds6.o)
                              contiki-avr-atmega256rfr2.a(uip6.o) (uip_ds6_is_addr_onlink)
contiki-avr-atmega256rfr2.a(uip-ds6-nbr.o)
                              border-router.co (ds6_neighbors)
contiki-avr-atmega256rfr2.a(uip-ds6-route.o)
                              contiki-avr-atmega256rfr2.a(uip-ds6.o) (uip_ds6_route_init)
contiki-avr-atmega256rfr2.a(uip-icmp6.o)
                              contiki-avr-atmega256rfr2.a(uip6.o) (uip_icmp6_input)
contiki-avr-atmega256rfr2.a(uip-nd6.o)
                              contiki-avr-atmega256rfr2.a(uip-ds6-nbr.o) (uip_nd6_ns_output)
contiki-avr-atmega256rfr2.a(psock.o)
                              border-router.co (psock_send)
contiki-avr-atmega256rfr2.a(tcpip.o)
                              obj_avr-atmega256rfr2/httpd-simple.o (tcp_listen)
contiki-avr-atmega256rfr2.a(uip-debug.o)
                              border-router.co (uip_debug_ipaddr_print)
contiki-avr-atmega256rfr2.a(uip-packetqueue)
                              contiki-avr-atmega256rfr2.a(uip-ds6-nbr.o) (uip_packetqueue_new)
contiki-avr-atmega256rfr2.a(uip-split.o)
                              contiki-avr-atmega256rfr2.a(tcpip.o) (uip_split_output)
contiki-avr-atmega256rfr2.a(rpl.o)
                              contiki-avr-atmega256rfr2.a(uip-ds6-nbr.o) (rpl_link_neighbor_callback)
contiki-avr-atmega256rfr2.a(rpl-dag.o)
                              contiki-avr-atmega256rfr2.a(rpl.o) (rpl_dag_init)
contiki-avr-atmega256rfr2.a(rpl-ext-header.)
                              contiki-avr-atmega256rfr2.a(uip6.o) (rpl_verify_header)
contiki-avr-atmega256rfr2.a(rpl-icmp6.o)
                              contiki-avr-atmega256rfr2.a(rpl.o) (dao_output_target)
contiki-avr-atmega256rfr2.a(rpl-mrhof.o)
                              contiki-avr-atmega256rfr2.a(rpl.o) (rpl_mrhof)
contiki-avr-atmega256rfr2.a(rpl-timers.o)
                              contiki-avr-atmega256rfr2.a(rpl.o) (rpl_reset_periodic_timer)
contiki-avr-atmega256rfr2.a(nullmac.o)
                              border-router.co (nullmac_driver)
[...]
Memory Configuration

Name             Origin             Length             Attributes
text             0x00000000         0x00100000         xr
data             0x00800200         0x0000fe00         rw !x
eeprom           0x00810000         0x00010000         rw !x
fuse             0x00820000         0x00000400         rw !x
lock             0x00830000         0x00000400         rw !x
signature        0x00840000         0x00000400         rw !x
user_signatures  0x00850000         0x00000400         rw !x
*default*        0x00000000         0xffffffff

Linker script and memory map

Address of section .data set to 0x800200
LOAD /usr/local/bin/../lib/gcc/avr/4.8.1/../../../../avr/lib/avr6/crtm256rfr2.o
Address of section .bootloader set to 0x1f800
LOAD border-router.co
LOAD obj_avr-atmega256rfr2/slip-bridge.o
LOAD obj_avr-atmega256rfr2/httpd-simple.o
LOAD contiki-avr-atmega256rfr2.a
START GROUP
LOAD /usr/local/bin/../lib/gcc/avr/4.8.1/avr6/libgcc.a
LOAD /usr/local/bin/../lib/gcc/avr/4.8.1/../../../../avr/lib/avr6/libm.a
LOAD /usr/local/bin/../lib/gcc/avr/4.8.1/../../../../avr/lib/avr6/libc.a
END GROUP

.hash
 *(.hash)

.dynsym
 *(.dynsym)

.dynstr
 *(.dynstr)

.gnu.version
 *(.gnu.version)

.gnu.version_d
 *(.gnu.version_d)

.gnu.version_r
 *(.gnu.version_r)

.rel.init
 *(.rel.init)

.rela.init
 *(.rela.init)

.rel.text
 *(.rel.text)
 *(.rel.text.*)
 *(.rel.gnu.linkonce.t*)

.rela.text
 *(.rela.text)
 *(.rela.text.*)
 *(.rela.gnu.linkonce.t*)

.rel.fini
 *(.rel.fini)

.rela.fini
 *(.rela.fini)

.rel.rodata
 *(.rel.rodata)
 *(.rel.rodata.*)
 *(.rel.gnu.linkonce.r*)

.rela.rodata
 *(.rela.rodata)
 *(.rela.rodata.*)
 *(.rela.gnu.linkonce.r*)

.rel.data
 *(.rel.data)
 *(.rel.data.*)
 *(.rel.gnu.linkonce.d*)

.rela.data
 *(.rela.data)
 *(.rela.data.*)
 *(.rela.gnu.linkonce.d*)

.rel.ctors
 *(.rel.ctors)

.rela.ctors
 *(.rela.ctors)

.rel.dtors
 *(.rel.dtors)

.rela.dtors
 *(.rela.dtors)

.rel.got
 *(.rel.got)

.rela.got
 *(.rela.got)

.rel.bss
 *(.rel.bss)

.rela.bss
 *(.rela.bss)

.rel.plt
 *(.rel.plt)

.rela.plt
 *(.rela.plt)

.text           0x00000000     0xd664
 *(.vectors)
 .vectors       0x00000000      0x134 /usr/local/bin/../lib/gcc/avr/4.8.1/../../../../avr/lib/avr6/crtm256rfr2.o
                0x00000000                __vectors
                0x00000000                __vector_default
 *(.vectors)
 *(.progmem.gcc*)
 .progmem.gcc_sw_table.uip_process
                0x00000134       0x10 contiki-avr-atmega256rfr2.a(uip6.o)
                0x00000144                . = ALIGN (0x2)
                0x00000144                __trampolines_start = .
 *(.trampolines)
 .trampolines   0x00000144      0x144 linker stubs
 *(.trampolines*)
                0x00000288                __trampolines_end = .
 *(.progmem*)
 .progmem.data.__c.4666
                0x00000288        0x2 border-router.co
 .progmem.data.__c.4664
                0x0000028a        0x2 border-router.co
 .progmem.data.__c.4662
                0x0000028c       0x18 border-router.co
 .progmem.data.__c.3022
                0x000002a4       0x20 obj_avr-atmega256rfr2/slip-bridge.o
 .progmem.data.__c.3020
                0x000002c4        0x2 obj_avr-atmega256rfr2/slip-bridge.o
 .progmem.data.__c.3018
                0x000002c6       0x10 obj_avr-atmega256rfr2/slip-bridge.o
 .progmem.data.__c.3015
                0x000002d6       0x26 obj_avr-atmega256rfr2/slip-bridge.o
 .progmem.data.__c.3039
                0x000002fc        0x2 obj_avr-atmega256rfr2/slip-bridge.o
 .progmem.data.__c.3037
                0x000002fe        0x6 obj_avr-atmega256rfr2/slip-bridge.o
 .progmem.data.__c.3035
                0x00000304       0x34 obj_avr-atmega256rfr2/slip-bridge.o
 .progmem.data.__c.4684
                0x00000338        0x3 contiki-avr-atmega256rfr2.a(contiki-main.o)
 .progmem.data.__c.4682
                0x0000033b        0x2 contiki-avr-atmega256rfr2.a(contiki-main.o)
 .progmem.data.__c.4680
                0x0000033d        0x3 contiki-avr-atmega256rfr2.a(contiki-main.o)
 .progmem.data.__c.4734
                0x00000340       0x1d contiki-avr-atmega256rfr2.a(contiki-main.o)
 .progmem.data.__c.4729
                0x0000035d        0xc contiki-avr-atmega256rfr2.a(contiki-main.o)
 .progmem.data.__c.4727
                0x00000369        0x9 contiki-avr-atmega256rfr2.a(contiki-main.o)
 .progmem.data.__c.4722
                0x00000372        0x8 contiki-avr-atmega256rfr2.a(contiki-main.o)
 .progmem.data.__c.4720
                0x0000037a        0xa contiki-avr-atmega256rfr2.a(contiki-main.o)
 .progmem.data.__c.4718
                0x00000384       0x12 contiki-avr-atmega256rfr2.a(contiki-main.o)
 .progmem.data.__c.4715
                0x00000396       0x12 contiki-avr-atmega256rfr2.a(contiki-main.o)
 .progmem.data.__c.4710
                0x000003a8        0x2 contiki-avr-atmega256rfr2.a(contiki-main.o)
 .progmem.data.__c.4708
                0x000003aa       0x15 contiki-avr-atmega256rfr2.a(contiki-main.o)
 .progmem.data.__c.4703
                0x000003bf        0x2 contiki-avr-atmega256rfr2.a(contiki-main.o)
 .progmem.data.__c.4701
                0x000003c1       0x15 contiki-avr-atmega256rfr2.a(contiki-main.o)
 .progmem.data.__c.4672
                0x000003d6        0x8 contiki-avr-atmega256rfr2.a(contiki-main.o)
 .progmem.data.__c.4665
                0x000003de       0x11 contiki-avr-atmega256rfr2.a(contiki-main.o)
 .progmem.data.__c.4663
                0x000003ef        0xd contiki-avr-atmega256rfr2.a(contiki-main.o)
 .progmem.data.__c.4661
                0x000003fc       0x32 contiki-avr-atmega256rfr2.a(contiki-main.o)
 .progmem.data.__c.4659
                0x0000042e       0x25 contiki-avr-atmega256rfr2.a(contiki-main.o)
 .progmem.data.__c.4657
                0x00000453       0x20 contiki-avr-atmega256rfr2.a(contiki-main.o)
 .progmem.data.__c.4654
                0x00000473       0x1b contiki-avr-atmega256rfr2.a(contiki-main.o)
 .progmem.data.__c.4647
                0x0000048e        0xd contiki-avr-atmega256rfr2.a(contiki-main.o)
 .progmem.data.__c.4645
                0x0000049b       0x11 contiki-avr-atmega256rfr2.a(contiki-main.o)
 .progmem.data.__c.4643
                0x000004ac       0x11 contiki-avr-atmega256rfr2.a(contiki-main.o)
 .progmem.data.__c.4641
                0x000004bd       0x11 contiki-avr-atmega256rfr2.a(contiki-main.o)
 .progmem.data.__c.4639
                0x000004ce       0x11 contiki-avr-atmega256rfr2.a(contiki-main.o)
 .progmem.data.__c.4634
                0x000004df        0xf contiki-avr-atmega256rfr2.a(contiki-main.o)
 .progmem.data.__c.4413
                0x000004ee       0x2d contiki-avr-atmega256rfr2.a(params.o)
 .progmem.data.default_domain_name
                0x0000051b        0xa contiki-avr-atmega256rfr2.a(params.o)
                0x0000051b                default_domain_name
 .progmem.data.default_server_name
                0x00000525        0xe contiki-avr-atmega256rfr2.a(params.o)
                0x00000525                default_server_name
 .progmem.data.default_mac_address
                0x00000533        0x8 contiki-avr-atmega256rfr2.a(params.o)
                0x00000533                default_mac_address
 .progmem.data.__c.3506
                0x0000053b       0x6f contiki-avr-atmega256rfr2.a(print-stats.o)
 .progmem.data.__c.2435
                0x000005aa        0x3 contiki-avr-atmega256rfr2.a(uip-debug.o)
 .progmem.data.__c.2433
                0x000005ad        0x2 contiki-avr-atmega256rfr2.a(uip-debug.o)
 .progmem.data.__c.2431
                0x000005af        0x3 contiki-avr-atmega256rfr2.a(uip-debug.o)
                0x000005b2                . = ALIGN (0x2)
 *(.jumptables)
 *(.jumptables*)
 *(.lowtext)
 *(.lowtext*)
                0x000005b2                __ctors_start = .
 *(.ctors)
                0x000005b2                __ctors_end = .
                0x000005b2                __dtors_start = .
 *(.dtors)
                0x000005b2                __dtors_end = .
 SORT(*)(.ctors)
 SORT(*)(.dtors)
 *(.init0)
 .init0         0x000005b2        0x0 /usr/local/bin/../lib/gcc/avr/4.8.1/../../../../avr/lib/avr6/crtm256rfr2.o
                0x000005b2                __init
 *(.init0)
 *(.init1)
 *(.init1)
 *(.init2)
 .init2         0x000005b2       0x10 /usr/local/bin/../lib/gcc/avr/4.8.1/../../../../avr/lib/avr6/crtm256rfr2.o
 *(.init2)
 *(.init3)
 *(.init3)
 *(.init4)
 .init4         0x000005c2       0x1a /usr/local/bin/../lib/gcc/avr/4.8.1/avr6/libgcc.a(_copy_data.o)
                0x000005c2                __do_copy_data
 .init4         0x000005dc       0x10 /usr/local/bin/../lib/gcc/avr/4.8.1/avr6/libgcc.a(_clear_bss.o)
                0x000005dc                __do_clear_bss
 *(.init4)
 *(.init5)
 *(.init5)
 *(.init6)
 *(.init6)
 *(.init7)
 *(.init7)
 *(.init8)
 *(.init8)
 *(.init9)
 .init9         0x000005ec        0x8 /usr/local/bin/../lib/gcc/avr/4.8.1/../../../../avr/lib/avr6/crtm256rfr2.o
 *(.init9)
 *(.text)
 .text          0x000005f4        0x4 /usr/local/bin/../lib/gcc/avr/4.8.1/../../../../avr/lib/avr6/crtm256rfr2.o
                0x000005f4                __vector_38
                0x000005f4                __vector_22
                0x000005f4                __vector_28
                0x000005f4                __vector_67
                0x000005f4                __vector_1
                0x000005f4                __vector_75
                0x000005f4                __vector_71
                0x000005f4                __vector_34
                0x000005f4                __vector_24
                0x000005f4                __vector_12
                0x000005f4                __vector_55
                0x000005f4                __vector_69
                0x000005f4                __vector_46
                0x000005f4                __bad_interrupt
                0x000005f4                __vector_72
                0x000005f4                __vector_6
                0x000005f4                __vector_31
                0x000005f4                __vector_35
                0x000005f4                __vector_74
                0x000005f4                __vector_39
                0x000005f4                __vector_3
                0x000005f4                __vector_23
                0x000005f4                __vector_68
                0x000005f4                __vector_30
                0x000005f4                __vector_73
                0x000005f4                __vector_45
                0x000005f4                __vector_11
                0x000005f4                __vector_54
                0x000005f4                __vector_17
                0x000005f4                __vector_19
                0x000005f4                __vector_56
                0x000005f4                __vector_7
                0x000005f4                __vector_49
                0x000005f4                __vector_41
                0x000005f4                __vector_43
                0x000005f4                __vector_27
                0x000005f4                __vector_5
                0x000005f4                __vector_33
                0x000005f4                __vector_76
                0x000005f4                __vector_47
                0x000005f4                __vector_52
                0x000005f4                __vector_37
                0x000005f4                __vector_4
                0x000005f4                __vector_44
                0x000005f4                __vector_51
                0x000005f4                __vector_9
                0x000005f4                __vector_2
                0x000005f4                __vector_15
                0x000005f4                __vector_66
                0x000005f4                __vector_70
                0x000005f4                __vector_29
                0x000005f4                __vector_40
                0x000005f4                __vector_8
                0x000005f4                __vector_26
                0x000005f4                __vector_48
                0x000005f4                __vector_14
                0x000005f4                __vector_53
                0x000005f4                __vector_10
                0x000005f4                __vector_50
                0x000005f4                __vector_16
                0x000005f4                __vector_18
                0x000005f4                __vector_20
                0x000005f4                __vector_42
                0x000005f4                __vector_65
                0x000005f8                . = ALIGN (0x2)
 *(.text.*)
 .text.process_thread_webserver_nogui_process
                0x000005f8       0x44 border-router.co
 .text.ipaddr_add
                0x0000063c      0x178 border-router.co
 .text.generate_routes
                0x000007b4      0x374 border-router.co
 .text.httpd_simple_get_script
                0x00000b28        0x6 border-router.co
                0x00000b28                httpd_simple_get_script
 .text.request_prefix
                0x00000b2e       0x26 border-router.co
                0x00000b2e                request_prefix
 .text.process_thread_border_router_process
                0x00000b54      0x156 border-router.co
 .text.set_prefix_64
                0x00000caa       0x84 border-router.co
                0x00000caa                set_prefix_64
 .text.init     0x00000d2e       0x20 obj_avr-atmega256rfr2/slip-bridge.o
 .text.slip_input_callback
                0x00000d4e      0x14c obj_avr-atmega256rfr2/slip-bridge.o
 .text.output   0x00000e9a       0x5a obj_avr-atmega256rfr2/slip-bridge.o
 .text.handle_input
                0x00000ef4       0xfc obj_avr-atmega256rfr2/httpd-simple.o
 .text.send_headers
                0x00000ff0       0x6c obj_avr-atmega256rfr2/httpd-simple.o
 .text.handle_output
                0x0000105c      0x10c obj_avr-atmega256rfr2/httpd-simple.o
 .text.httpd_appcall
                0x00001168      0x10c obj_avr-atmega256rfr2/httpd-simple.o
                0x00001168                httpd_appcall
 .text.httpd_init
                0x00001274       0x10 obj_avr-atmega256rfr2/httpd-simple.o
                0x00001274                httpd_init
 .text.ipaddr_add
                0x00001284       0xc6 contiki-avr-atmega256rfr2.a(contiki-main.o)
 .text.rng_get_uint8
                0x0000134a       0x46 contiki-avr-atmega256rfr2.a(contiki-main.o)
                0x0000134a                rng_get_uint8
 .text.initialize
                0x00001390      0x2fc contiki-avr-atmega256rfr2.a(contiki-main.o)
                0x00001390                initialize
 .text.startup.main
                0x0000168c      0x29c contiki-avr-atmega256rfr2.a(contiki-main.o)
                0x0000168c                main
 .text.params_get_channel
                0x00001928      0x10c contiki-avr-atmega256rfr2.a(params.o)
                0x00001928                params_get_channel
 .text.params_get_eui64
                0x00001a34       0x14 contiki-avr-atmega256rfr2.a(params.o)
                0x00001a34                params_get_eui64
 .text.params_get_panid
                0x00001a48        0x8 contiki-avr-atmega256rfr2.a(params.o)
                0x00001a48                params_get_panid
 .text.params_get_panaddr
                0x00001a50        0x8 contiki-avr-atmega256rfr2.a(params.o)
                0x00001a50                params_get_panaddr
 .text.params_get_txpower
                0x00001a58        0x8 contiki-avr-atmega256rfr2.a(params.o)
                0x00001a58                params_get_txpower
 .text.ssd1306_reset_clear
                0x00001a60        0x6 contiki-avr-atmega256rfr2.a(ssd1306.o)
                0x00001a60                ssd1306_reset_clear
 .text.ssd1306_reset_set
                0x00001a66        0x6 contiki-avr-atmega256rfr2.a(ssd1306.o)
                0x00001a66                ssd1306_reset_set
 .text.ssd1306_sel_cmd
                0x00001a6c        0x6 contiki-avr-atmega256rfr2.a(ssd1306.o)
                0x00001a6c                ssd1306_sel_cmd
 .text.spi_deselect_device
                0x00001a72        0x6 contiki-avr-atmega256rfr2.a(ssd1306.o)
                0x00001a72                spi_deselect_device
 .text.spi_select_device
                0x00001a78        0x6 contiki-avr-atmega256rfr2.a(ssd1306.o)
                0x00001a78                spi_select_device
 .text.spi_write_single
                0x00001a7e        0xa contiki-avr-atmega256rfr2.a(ssd1306.o)
                0x00001a7e                spi_write_single
 .text.ssd1306_write_command
                0x00001a88       0x2c contiki-avr-atmega256rfr2.a(ssd1306.o)
                0x00001a88                ssd1306_write_command
 .text.ssd1306_hard_reset
                0x00001ab4       0x18 contiki-avr-atmega256rfr2.a(ssd1306.o)
                0x00001ab4                ssd1306_hard_reset
 .text.ssd1306_display_on
                0x00001acc        0x6 contiki-avr-atmega256rfr2.a(ssd1306.o)
                0x00001acc                ssd1306_display_on
 .text.ssd1306_set_contrast
                0x00001ad2       0x16 contiki-avr-atmega256rfr2.a(ssd1306.o)
                0x00001ad2                ssd1306_set_contrast
 .text.ssd1306_display_invert_disable
                0x00001ae8        0x6 contiki-avr-atmega256rfr2.a(ssd1306.o)
                0x00001ae8                ssd1306_display_invert_disable
 .text.ssd1306_spi_init
                0x00001aee       0x14 contiki-avr-atmega256rfr2.a(ssd1306.o)
                0x00001aee                ssd1306_spi_init
 .text.ssd1306_interface_init
                0x00001b02        0x8 contiki-avr-atmega256rfr2.a(ssd1306.o)
                0x00001b02                ssd1306_interface_init
 .text.ssd1306_init
                0x00001b0a       0x82 contiki-avr-atmega256rfr2.a(ssd1306.o)
                0x00001b0a                ssd1306_init
 .text.clock_init
                0x00001b8c       0x20 contiki-avr-atmega256rfr2.a(clock.o)
                0x00001b8c                clock_init
 .text.clock_time
                0x00001bac       0x18 contiki-avr-atmega256rfr2.a(clock.o)
                0x00001bac                clock_time
 .text.clock_seconds
                0x00001bc4       0x34 contiki-avr-atmega256rfr2.a(clock.o)
                0x00001bc4                clock_seconds
 .text.clock_delay_usec
                0x00001bf8       0x1a contiki-avr-atmega256rfr2.a(clock.o)
                0x00001bf8                clock_delay_usec
 .text.clock_adjust_ticks
                0x00001c12       0xbe contiki-avr-atmega256rfr2.a(clock.o)
                0x00001c12                clock_adjust_ticks
 .text.__vector_21
                0x00001cd0       0xe0 contiki-avr-atmega256rfr2.a(clock.o)
                0x00001cd0                __vector_21
 .text.__vector_25
                0x00001db0       0x5e contiki-avr-atmega256rfr2.a(rs232.o)
                0x00001db0                __vector_25
 .text.__vector_36
                0x00001e0e       0x5e contiki-avr-atmega256rfr2.a(rs232.o)
                0x00001e0e                __vector_36
 .text.rs232_init
                0x00001e6c       0x40 contiki-avr-atmega256rfr2.a(rs232.o)
                0x00001e6c                rs232_init
 .text.rs232_send
                0x00001eac       0x24 contiki-avr-atmega256rfr2.a(rs232.o)
                0x00001eac                rs232_send
 .text.rs232_stdout_putchar
                0x00001ed0       0x2a contiki-avr-atmega256rfr2.a(rs232.o)
                0x00001ed0                rs232_stdout_putchar
 .text.slip_arch_writeb
                0x00001efa        0x8 contiki-avr-atmega256rfr2.a(rs232.o)
                0x00001efa                slip_arch_writeb
 .text.rs232_redirect_stdout
                0x00001f02       0x12 contiki-avr-atmega256rfr2.a(rs232.o)
                0x00001f02                rs232_redirect_stdout
 .text.watchdog_start
                0x00001f14       0x18 contiki-avr-atmega256rfr2.a(watchdog.o)
                0x00001f14                watchdog_start
 .text.watchdog_periodic
                0x00001f2c        0x4 contiki-avr-atmega256rfr2.a(watchdog.o)
                0x00001f2c                watchdog_periodic
 .text.watchdog_stop
                0x00001f30       0x12 contiki-avr-atmega256rfr2.a(watchdog.o)
                0x00001f30                watchdog_stop
 .text.__vector_32
                0x00001f42       0xee contiki-avr-atmega256rfr2.a(rtimer-arch.o)
                0x00001f42                __vector_32
 .text.rtimer_arch_init
                0x00002030       0x34 contiki-avr-atmega256rfr2.a(rtimer-arch.o)
                0x00002030                rtimer_arch_init
 .text.rtimer_arch_schedule
                0x00002064       0x20 contiki-avr-atmega256rfr2.a(rtimer-arch.o)
                0x00002064                rtimer_arch_schedule
 .text.rtimer_arch_sleep
                0x00002084      0x17a contiki-avr-atmega256rfr2.a(rtimer-arch.o)
                0x00002084                rtimer_arch_sleep
 .text.__vector_13
                0x000021fe       0x14 contiki-avr-atmega256rfr2.a(rtimer-arch.o)
                0x000021fe                __vector_13
 .text.random_init
                0x00002212        0x4 contiki-avr-atmega256rfr2.a(random.o)
                0x00002212                random_init
 .text.random_rand
                0x00002216        0x4 contiki-avr-atmega256rfr2.a(random.o)
                0x00002216                random_rand
 .text.get_value
                0x0000221a        0x6 contiki-avr-atmega256rfr2.a(rf230bb.o)
 .text.set_value
                0x00002220        0x6 contiki-avr-atmega256rfr2.a(rf230bb.o)
 .text.get_object
                0x00002226        0x6 contiki-avr-atmega256rfr2.a(rf230bb.o)
 .text.set_object
                0x0000222c        0x6 contiki-avr-atmega256rfr2.a(rf230bb.o)
 .text.rf230_pending_packet
                0x00002232        0x8 contiki-avr-atmega256rfr2.a(rf230bb.o)
 .text.radio_reset_state_machine
                0x0000223a       0x32 contiki-avr-atmega256rfr2.a(rf230bb.o)
 .text.set_txpower
                0x0000226c       0x1e contiki-avr-atmega256rfr2.a(rf230bb.o)
 .text.rf230_isidle
                0x0000228a       0x2c contiki-avr-atmega256rfr2.a(rf230bb.o)
 .text.rf230_waitidle
                0x000022b6       0x12 contiki-avr-atmega256rfr2.a(rf230bb.o)
 .text.rf230_receiving_packet
                0x000022c8       0x2a contiki-avr-atmega256rfr2.a(rf230bb.o)
 .text.radio_off
                0x000022f2      0x124 contiki-avr-atmega256rfr2.a(rf230bb.o)
 .text.rf230_off
                0x00002416       0x16 contiki-avr-atmega256rfr2.a(rf230bb.o)
 .text.rf230_prepare
                0x0000242c       0x32 contiki-avr-atmega256rfr2.a(rf230bb.o)
 .text.radio_get_trx_state
                0x0000245e        0xc contiki-avr-atmega256rfr2.a(rf230bb.o)
                0x0000245e                radio_get_trx_state
 .text.radio_set_trx_state
                0x0000246a       0xbc contiki-avr-atmega256rfr2.a(rf230bb.o)
 .text.radio_on
                0x00002526       0x6a contiki-avr-atmega256rfr2.a(rf230bb.o)
 .text.rf230_on
                0x00002590       0x12 contiki-avr-atmega256rfr2.a(rf230bb.o)
 .text.rf230_cca
                0x000025a2      0x128 contiki-avr-atmega256rfr2.a(rf230bb.o)
 .text.rf230_warm_reset
                0x000026ca       0x3e contiki-avr-atmega256rfr2.a(rf230bb.o)
                0x000026ca                rf230_warm_reset
 .text.rf230_init
                0x00002708       0x76 contiki-avr-atmega256rfr2.a(rf230bb.o)
                0x00002708                rf230_init
 .text.rf230_get_channel
                0x0000277e        0x6 contiki-avr-atmega256rfr2.a(rf230bb.o)
                0x0000277e                rf230_get_channel
 .text.rf230_set_channel
                0x00002784       0x2a contiki-avr-atmega256rfr2.a(rf230bb.o)
                0x00002784                rf230_set_channel
 .text.rf230_set_pan_addr
                0x000027ae       0x48 contiki-avr-atmega256rfr2.a(rf230bb.o)
                0x000027ae                rf230_set_pan_addr
 .text.rf230_interrupt
                0x000027f6       0x26 contiki-avr-atmega256rfr2.a(rf230bb.o)
                0x000027f6                rf230_interrupt
 .text.rf230_read
                0x0000281c       0xce contiki-avr-atmega256rfr2.a(rf230bb.o)
 .text.process_thread_rf230_process
                0x000028ea       0x8a contiki-avr-atmega256rfr2.a(rf230bb.o)
 .text.rf230_set_txpower
                0x00002974        0x4 contiki-avr-atmega256rfr2.a(rf230bb.o)
                0x00002974                rf230_set_txpower
 .text.rf230_get_txpower
                0x00002978       0x18 contiki-avr-atmega256rfr2.a(rf230bb.o)
                0x00002978                rf230_get_txpower
 .text.rf230_transmit
                0x00002990      0x260 contiki-avr-atmega256rfr2.a(rf230bb.o)
 .text.rf230_send
                0x00002bf0       0x32 contiki-avr-atmega256rfr2.a(rf230bb.o)
 .text.hal_init
                0x00002c22        0x2 contiki-avr-atmega256rfr2.a(halbb.o)
                0x00002c22                hal_init
 .text.hal_subregister_read
                0x00002c24       0x14 contiki-avr-atmega256rfr2.a(halbb.o)
                0x00002c24                hal_subregister_read
 .text.hal_subregister_write
                0x00002c38       0x36 contiki-avr-atmega256rfr2.a(halbb.o)
                0x00002c38                hal_subregister_write
 .text.hal_frame_read
                0x00002c6e       0x54 contiki-avr-atmega256rfr2.a(halbb.o)
                0x00002c6e                hal_frame_read
 .text.hal_frame_write
                0x00002cc2       0x22 contiki-avr-atmega256rfr2.a(halbb.o)
                0x00002cc2                hal_frame_write
 .text.__vector_60
                0x00002ce4       0x80 contiki-avr-atmega256rfr2.a(halbb.o)
                0x00002ce4                __vector_60
 .text.__vector_59
                0x00002d64       0x14 contiki-avr-atmega256rfr2.a(halbb.o)
                0x00002d64                __vector_59
 .text.__vector_57
                0x00002d78       0x14 contiki-avr-atmega256rfr2.a(halbb.o)
                0x00002d78                __vector_57
 .text.__vector_58
                0x00002d8c       0x14 contiki-avr-atmega256rfr2.a(halbb.o)
                0x00002d8c                __vector_58
 .text.__vector_64
                0x00002da0       0x18 contiki-avr-atmega256rfr2.a(halbb.o)
                0x00002da0                __vector_64
 .text.__vector_63
                0x00002db8       0x18 contiki-avr-atmega256rfr2.a(halbb.o)
                0x00002db8                __vector_63
 .text.__vector_62
                0x00002dd0       0x14 contiki-avr-atmega256rfr2.a(halbb.o)
                0x00002dd0                __vector_62
 .text.__vector_61
                0x00002de4       0x18 contiki-avr-atmega256rfr2.a(halbb.o)
                0x00002de4                __vector_61
 .text.autostart_start
                0x00002dfc       0x1e contiki-avr-atmega256rfr2.a(autostart.o)
                0x00002dfc                autostart_start
 .text.process_thread_ctimer_process
                0x00002e1a       0xc8 contiki-avr-atmega256rfr2.a(ctimer.o)
 .text.ctimer_init
                0x00002ee2       0x18 contiki-avr-atmega256rfr2.a(ctimer.o)
                0x00002ee2                ctimer_init
 .text.ctimer_set
                0x00002efa       0x5a contiki-avr-atmega256rfr2.a(ctimer.o)
                0x00002efa                ctimer_set
 .text.ctimer_reset
                0x00002f54       0x48 contiki-avr-atmega256rfr2.a(ctimer.o)
                0x00002f54                ctimer_reset
 .text.ctimer_stop
                0x00002f9c       0x2e contiki-avr-atmega256rfr2.a(ctimer.o)
                0x00002f9c                ctimer_stop
 .text.update_time
                0x00002fca       0x64 contiki-avr-atmega256rfr2.a(etimer.o)
 .text.etimer_request_poll
                0x0000302e        0x8 contiki-avr-atmega256rfr2.a(etimer.o)
                0x0000302e                etimer_request_poll
 .text.process_thread_etimer_process
                0x00003036      0x106 contiki-avr-atmega256rfr2.a(etimer.o)
 .text.add_timer
                0x0000313c       0x5e contiki-avr-atmega256rfr2.a(etimer.o)
 .text.etimer_set
                0x0000319a       0x14 contiki-avr-atmega256rfr2.a(etimer.o)
                0x0000319a                etimer_set
 .text.etimer_reset
                0x000031ae       0x14 contiki-avr-atmega256rfr2.a(etimer.o)
                0x000031ae                etimer_reset
 .text.etimer_restart
                0x000031c2       0x14 contiki-avr-atmega256rfr2.a(etimer.o)
                0x000031c2                etimer_restart
 .text.etimer_expired
                0x000031d6       0x16 contiki-avr-atmega256rfr2.a(etimer.o)
                0x000031d6                etimer_expired
 .text.etimer_expiration_time
                0x000031ec       0x10 contiki-avr-atmega256rfr2.a(etimer.o)
                0x000031ec                etimer_expiration_time
 .text.etimer_pending
                0x000031fc       0x16 contiki-avr-atmega256rfr2.a(etimer.o)
                0x000031fc                etimer_pending
 .text.etimer_stop
                0x00003212       0x4e contiki-avr-atmega256rfr2.a(etimer.o)
                0x00003212                etimer_stop
 .text.call_process.part.0
                0x00003260       0x4e contiki-avr-atmega256rfr2.a(process.o)
 .text.call_process
                0x000032ae        0xc contiki-avr-atmega256rfr2.a(process.o)
 .text.exit_process
                0x000032ba       0xd8 contiki-avr-atmega256rfr2.a(process.o)
 .text.do_poll  0x00003392       0x3e contiki-avr-atmega256rfr2.a(process.o)
 .text.process_alloc_event
                0x000033d0        0xe contiki-avr-atmega256rfr2.a(process.o)
                0x000033d0                process_alloc_event
 .text.process_init
                0x000033de       0x20 contiki-avr-atmega256rfr2.a(process.o)
                0x000033de                process_init
 .text.process_run
                0x000033fe       0xc6 contiki-avr-atmega256rfr2.a(process.o)
                0x000033fe                process_run
 .text.process_post
                0x000034c4       0x3c contiki-avr-atmega256rfr2.a(process.o)
                0x000034c4                process_post
 .text.process_post_synch
                0x00003500       0x1e contiki-avr-atmega256rfr2.a(process.o)
                0x00003500                process_post_synch
 .text.process_start
                0x0000351e       0x42 contiki-avr-atmega256rfr2.a(process.o)
                0x0000351e                process_start
 .text.process_poll
                0x00003560       0x18 contiki-avr-atmega256rfr2.a(process.o)
                0x00003560                process_poll
 .text.rtimer_init
                0x00003578        0x4 contiki-avr-atmega256rfr2.a(rtimer.o)
                0x00003578                rtimer_init
 .text.rtimer_run_next
                0x0000357c       0x3e contiki-avr-atmega256rfr2.a(rtimer.o)
                0x0000357c                rtimer_run_next
 .text.timer_set
                0x000035ba       0x18 contiki-avr-atmega256rfr2.a(timer.o)
                0x000035ba                timer_set
 .text.timer_reset
                0x000035d2       0x14 contiki-avr-atmega256rfr2.a(timer.o)
                0x000035d2                timer_reset
 .text.timer_restart
                0x000035e6       0x14 contiki-avr-atmega256rfr2.a(timer.o)
                0x000035e6                timer_restart
 .text.timer_expired
                0x000035fa       0x30 contiki-avr-atmega256rfr2.a(timer.o)
                0x000035fa                timer_expired
 .text.process_thread_slip_process
                0x0000362a      0x1ba contiki-avr-atmega256rfr2.a(slip.o)
 .text.slip_set_input_callback
                0x000037e4        0xa contiki-avr-atmega256rfr2.a(slip.o)
                0x000037e4                slip_set_input_callback
 .text.slip_send
                0x000037ee       0x6e contiki-avr-atmega256rfr2.a(slip.o)
                0x000037ee                slip_send
 .text.list_init
                0x0000385c        0x8 contiki-avr-atmega256rfr2.a(list.o)
                0x0000385c                list_init
 .text.list_head
                0x00003864        0x8 contiki-avr-atmega256rfr2.a(list.o)
                0x00003864                list_head
 .text.list_tail
                0x0000386c       0x20 contiki-avr-atmega256rfr2.a(list.o)
                0x0000386c                list_tail
 .text.list_remove
                0x0000388c       0x36 contiki-avr-atmega256rfr2.a(list.o)
                0x0000388c                list_remove
 .text.list_add
                0x000038c2       0x32 contiki-avr-atmega256rfr2.a(list.o)
                0x000038c2                list_add
 .text.list_push
                0x000038f4       0x28 contiki-avr-atmega256rfr2.a(list.o)
                0x000038f4                list_push
 .text.list_length
                0x0000391c       0x1a contiki-avr-atmega256rfr2.a(list.o)
                0x0000391c                list_length
 .text.list_item_next
                0x00003936       0x12 contiki-avr-atmega256rfr2.a(list.o)
                0x00003936                list_item_next
 .text.memb_init
                0x00003948       0x3c contiki-avr-atmega256rfr2.a(memb.o)
                0x00003948                memb_init
 .text.memb_alloc
                0x00003984       0x4a contiki-avr-atmega256rfr2.a(memb.o)
                0x00003984                memb_alloc
 .text.memb_free
                0x000039ce       0x4a contiki-avr-atmega256rfr2.a(memb.o)
                0x000039ce                memb_free
 .text.memb_inmemb
                0x00003a18       0x3a contiki-avr-atmega256rfr2.a(memb.o)
                0x00003a18                memb_inmemb
 .text.memb_numfree
                0x00003a52       0x34 contiki-avr-atmega256rfr2.a(memb.o)
                0x00003a52                memb_numfree
 .text.print_stats
                0x00003a86      0x1c0 contiki-avr-atmega256rfr2.a(print-stats.o)
                0x00003a86                print_stats
 .text.chksum   0x00003c46       0x4a contiki-avr-atmega256rfr2.a(uip6.o)
 .text.upper_layer_chksum
                0x00003c90       0x74 contiki-avr-atmega256rfr2.a(uip6.o)
 .text.ext_hdr_options_process
                0x00003d04       0xd4 contiki-avr-atmega256rfr2.a(uip6.o)
 .text.uip_add32
                0x00003dd8       0x6e contiki-avr-atmega256rfr2.a(uip6.o)
                0x00003dd8                uip_add32
 .text.unlikely.uip_add_rcv_nxt
                0x00003e46       0x34 contiki-avr-atmega256rfr2.a(uip6.o)
 .text.uip_icmp6chksum
                0x00003e7a        0x6 contiki-avr-atmega256rfr2.a(uip6.o)
                0x00003e7a                uip_icmp6chksum
 .text.uip_tcpchksum
                0x00003e80        0x6 contiki-avr-atmega256rfr2.a(uip6.o)
                0x00003e80                uip_tcpchksum
 .text.uip_udpchksum
                0x00003e86        0x6 contiki-avr-atmega256rfr2.a(uip6.o)
                0x00003e86                uip_udpchksum
 .text.uip_init
                0x00003e8c       0x64 contiki-avr-atmega256rfr2.a(uip6.o)
                0x00003e8c                uip_init
 .text.remove_ext_hdr
                0x00003ef0       0x6c contiki-avr-atmega256rfr2.a(uip6.o)
                0x00003ef0                remove_ext_hdr
 .text.uip_unlisten
                0x00003f5c       0x34 contiki-avr-atmega256rfr2.a(uip6.o)
                0x00003f5c                uip_unlisten
 .text.uip_listen
                0x00003f90       0x32 contiki-avr-atmega256rfr2.a(uip6.o)
                0x00003f90                uip_listen
 .text.uip_process
                0x00003fc2     0x110c contiki-avr-atmega256rfr2.a(uip6.o)
                0x00003fc2                uip_process
 .text.uip_htonl
                0x000050ce        0x6 contiki-avr-atmega256rfr2.a(uip6.o)
                0x000050ce                uip_htonl
 .text.uip_send
                0x000050d4       0x52 contiki-avr-atmega256rfr2.a(uip6.o)
                0x000050d4                uip_send
 .text.uip_ds6_list_loop
                0x00005126       0x96 contiki-avr-atmega256rfr2.a(uip-ds6.o)
                0x00005126                uip_ds6_list_loop
 .text.uip_ds6_prefix_add
                0x000051bc       0xb6 contiki-avr-atmega256rfr2.a(uip-ds6.o)
                0x000051bc                uip_ds6_prefix_add
 .text.uip_ds6_is_addr_onlink
                0x00005272       0x60 contiki-avr-atmega256rfr2.a(uip-ds6.o)
                0x00005272                uip_ds6_is_addr_onlink
 .text.uip_ds6_addr_lookup
                0x000052d2       0x3a contiki-avr-atmega256rfr2.a(uip-ds6.o)
                0x000052d2                uip_ds6_addr_lookup
 .text.uip_ds6_get_link_local
                0x0000530c       0x5a contiki-avr-atmega256rfr2.a(uip-ds6.o)
                0x0000530c                uip_ds6_get_link_local
 .text.uip_ds6_maddr_add
                0x00005366       0x64 contiki-avr-atmega256rfr2.a(uip-ds6.o)
                0x00005366                uip_ds6_maddr_add
 .text.uip_ds6_addr_add
                0x000053ca      0x104 contiki-avr-atmega256rfr2.a(uip-ds6.o)
                0x000053ca                uip_ds6_addr_add
 .text.uip_ds6_maddr_rm
                0x000054ce        0xa contiki-avr-atmega256rfr2.a(uip-ds6.o)
                0x000054ce                uip_ds6_maddr_rm
 .text.uip_ds6_maddr_lookup
                0x000054d8       0x3a contiki-avr-atmega256rfr2.a(uip-ds6.o)
                0x000054d8                uip_ds6_maddr_lookup
 .text.uip_ds6_addr_rm
                0x00005512       0x76 contiki-avr-atmega256rfr2.a(uip-ds6.o)
                0x00005512                uip_ds6_addr_rm
 .text.uip_ds6_periodic
                0x00005588       0x5c contiki-avr-atmega256rfr2.a(uip-ds6.o)
                0x00005588                uip_ds6_periodic
 .text.uip_ds6_set_addr_iid
                0x000055e4       0x1c contiki-avr-atmega256rfr2.a(uip-ds6.o)
                0x000055e4                uip_ds6_set_addr_iid
 .text.get_match_length
                0x00005600       0x2a contiki-avr-atmega256rfr2.a(uip-ds6.o)
                0x00005600                get_match_length
 .text.uip_ds6_select_src
                0x0000562a       0xdc contiki-avr-atmega256rfr2.a(uip-ds6.o)
                0x0000562a                uip_ds6_select_src
 .text.uip_ds6_compute_reachable_time
                0x00005706       0x58 contiki-avr-atmega256rfr2.a(uip-ds6.o)
                0x00005706                uip_ds6_compute_reachable_time
 .text.uip_ds6_init
                0x0000575e      0x1e2 contiki-avr-atmega256rfr2.a(uip-ds6.o)
                0x0000575e                uip_ds6_init
 .text.uip_ds6_nbr_rm
                0x00005940       0x2e contiki-avr-atmega256rfr2.a(uip-ds6-nbr.o)
                0x00005940                uip_ds6_nbr_rm
 .text.uip_ds6_neighbors_init
                0x0000596e       0x10 contiki-avr-atmega256rfr2.a(uip-ds6-nbr.o)
                0x0000596e                uip_ds6_neighbors_init
 .text.uip_ds6_nbr_add
                0x0000597e       0x86 contiki-avr-atmega256rfr2.a(uip-ds6-nbr.o)
                0x0000597e                uip_ds6_nbr_add
 .text.uip_ds6_nbr_get_ll
                0x00005a04        0xe contiki-avr-atmega256rfr2.a(uip-ds6-nbr.o)
                0x00005a04                uip_ds6_nbr_get_ll
 .text.uip_ds6_nbr_lookup
                0x00005a12       0x56 contiki-avr-atmega256rfr2.a(uip-ds6-nbr.o)
                0x00005a12                uip_ds6_nbr_lookup
 .text.uip_ds6_nbr_ll_lookup
                0x00005a68        0xe contiki-avr-atmega256rfr2.a(uip-ds6-nbr.o)
                0x00005a68                uip_ds6_nbr_ll_lookup
 .text.uip_ds6_nbr_ipaddr_from_lladdr
                0x00005a76        0x4 contiki-avr-atmega256rfr2.a(uip-ds6-nbr.o)
                0x00005a76                uip_ds6_nbr_ipaddr_from_lladdr
 .text.uip_ds6_nbr_lladdr_from_ipaddr
                0x00005a7a       0x12 contiki-avr-atmega256rfr2.a(uip-ds6-nbr.o)
                0x00005a7a                uip_ds6_nbr_lladdr_from_ipaddr
 .text.uip_ds6_link_neighbor_callback
                0x00005a8c       0x48 contiki-avr-atmega256rfr2.a(uip-ds6-nbr.o)
                0x00005a8c                uip_ds6_link_neighbor_callback
 .text.uip_ds6_neighbor_periodic
                0x00005ad4      0x17a contiki-avr-atmega256rfr2.a(uip-ds6-nbr.o)
                0x00005ad4                uip_ds6_neighbor_periodic
 .text.call_route_callback
                0x00005c4e       0x64 contiki-avr-atmega256rfr2.a(uip-ds6-route.o)
 .text.uip_ds6_route_init
                0x00005cb2       0x34 contiki-avr-atmega256rfr2.a(uip-ds6-route.o)
                0x00005cb2                uip_ds6_route_init
 .text.uip_ds6_route_nexthop
                0x00005ce6       0x1c contiki-avr-atmega256rfr2.a(uip-ds6-route.o)
                0x00005ce6                uip_ds6_route_nexthop
 .text.uip_ds6_route_head
                0x00005d02        0x8 contiki-avr-atmega256rfr2.a(uip-ds6-route.o)
                0x00005d02                uip_ds6_route_head
 .text.uip_ds6_route_next
                0x00005d0a        0xe contiki-avr-atmega256rfr2.a(uip-ds6-route.o)
                0x00005d0a                uip_ds6_route_next
 .text.uip_ds6_route_lookup
                0x00005d18       0x96 contiki-avr-atmega256rfr2.a(uip-ds6-route.o)
                0x00005d18                uip_ds6_route_lookup
 .text.uip_ds6_route_rm
                0x00005dae       0xce contiki-avr-atmega256rfr2.a(uip-ds6-route.o)
                0x00005dae                uip_ds6_route_rm
 .text.rm_routelist
                0x00005e7c       0x3e contiki-avr-atmega256rfr2.a(uip-ds6-route.o)
 .text.rm_routelist_callback
                0x00005eba        0x4 contiki-avr-atmega256rfr2.a(uip-ds6-route.o)
 .text.uip_ds6_route_add
                0x00005ebe      0x142 contiki-avr-atmega256rfr2.a(uip-ds6-route.o)
                0x00005ebe                uip_ds6_route_add
 .text.uip_ds6_defrt_rm
                0x00006000       0x5c contiki-avr-atmega256rfr2.a(uip-ds6-route.o)
                0x00006000                uip_ds6_defrt_rm
 .text.uip_ds6_defrt_lookup
                0x0000605c       0x44 contiki-avr-atmega256rfr2.a(uip-ds6-route.o)
                0x0000605c                uip_ds6_defrt_lookup
 .text.uip_ds6_defrt_add
                0x000060a0       0x8c contiki-avr-atmega256rfr2.a(uip-ds6-route.o)
                0x000060a0                uip_ds6_defrt_add
 .text.uip_ds6_defrt_choose
                0x0000612c       0x48 contiki-avr-atmega256rfr2.a(uip-ds6-route.o)
                0x0000612c                uip_ds6_defrt_choose
 .text.uip_ds6_defrt_periodic
                0x00006174       0x3a contiki-avr-atmega256rfr2.a(uip-ds6-route.o)
                0x00006174                uip_ds6_defrt_periodic
 .text.echo_reply_input
                0x000061ae      0x15a contiki-avr-atmega256rfr2.a(uip-icmp6.o)
 .text.echo_request_input
                0x00006308      0x14a contiki-avr-atmega256rfr2.a(uip-icmp6.o)
 .text.uip_icmp6_input
                0x00006452       0x4e contiki-avr-atmega256rfr2.a(uip-icmp6.o)
                0x00006452                uip_icmp6_input
 .text.uip_icmp6_register_input_handler
                0x000064a0        0xa contiki-avr-atmega256rfr2.a(uip-icmp6.o)
                0x000064a0                uip_icmp6_register_input_handler
 .text.uip_icmp6_error_output
                0x000064aa      0x1cc contiki-avr-atmega256rfr2.a(uip-icmp6.o)
                0x000064aa                uip_icmp6_error_output
 .text.uip_icmp6_send
                0x00006676       0xb0 contiki-avr-atmega256rfr2.a(uip-icmp6.o)
                0x00006676                uip_icmp6_send
 .text.uip_icmp6_init
                0x00006726       0x10 contiki-avr-atmega256rfr2.a(uip-icmp6.o)
                0x00006726                uip_icmp6_init
 .text.na_input
                0x00006736      0x28e contiki-avr-atmega256rfr2.a(uip-nd6.o)
 .text.ns_input
                0x000069c4      0x360 contiki-avr-atmega256rfr2.a(uip-nd6.o)
 .text.uip_nd6_ns_output
                0x00006d24      0x200 contiki-avr-atmega256rfr2.a(uip-nd6.o)
                0x00006d24                uip_nd6_ns_output
 .text.uip_nd6_init
                0x00006f24       0x10 contiki-avr-atmega256rfr2.a(uip-nd6.o)
                0x00006f24                uip_nd6_init
 .text.psock_send
                0x00006f34       0xca contiki-avr-atmega256rfr2.a(psock.o)
                0x00006f34                psock_send
 .text.psock_datalen
                0x00006ffe       0x10 contiki-avr-atmega256rfr2.a(psock.o)
                0x00006ffe                psock_datalen
 .text.psock_newdata
                0x0000700e       0x26 contiki-avr-atmega256rfr2.a(psock.o)
                0x0000700e                psock_newdata
 .text.psock_readto
                0x00007034      0x142 contiki-avr-atmega256rfr2.a(psock.o)
                0x00007034                psock_readto
 .text.psock_init
                0x00007176       0x22 contiki-avr-atmega256rfr2.a(psock.o)
                0x00007176                psock_init
 .text.start_periodic_tcp_timer
                0x00007198       0x16 contiki-avr-atmega256rfr2.a(tcpip.o)
 .text.tcpip_output
                0x000071ae       0x12 contiki-avr-atmega256rfr2.a(tcpip.o)
                0x000071ae                tcpip_output
 .text.tcpip_set_outputfunc
                0x000071c0        0xa contiki-avr-atmega256rfr2.a(tcpip.o)
                0x000071c0                tcpip_set_outputfunc
 .text.tcp_listen
                0x000071ca       0x3a contiki-avr-atmega256rfr2.a(tcpip.o)
                0x000071ca                tcp_listen
 .text.tcp_attach
                0x00007204       0x14 contiki-avr-atmega256rfr2.a(tcpip.o)
                0x00007204                tcp_attach
 .text.tcpip_icmp6_call
                0x00007218       0x2e contiki-avr-atmega256rfr2.a(tcpip.o)
                0x00007218                tcpip_icmp6_call
 .text.tcpip_input
                0x00007246       0x1c contiki-avr-atmega256rfr2.a(tcpip.o)
                0x00007246                tcpip_input
 .text.tcpip_ipv6_output
                0x00007262      0x292 contiki-avr-atmega256rfr2.a(tcpip.o)
                0x00007262                tcpip_ipv6_output
 .text.process_thread_tcpip_process
                0x000074f4      0x222 contiki-avr-atmega256rfr2.a(tcpip.o)
 .text.tcpip_uipcall
                0x00007716       0x8a contiki-avr-atmega256rfr2.a(tcpip.o)
                0x00007716                tcpip_uipcall
 .text.uip_debug_ipaddr_print
                0x000077a0       0xe6 contiki-avr-atmega256rfr2.a(uip-debug.o)
                0x000077a0                uip_debug_ipaddr_print
 .text.packet_timedout
                0x00007886       0x1c contiki-avr-atmega256rfr2.a(uip-packetqueue)
 .text.uip_packetqueue_new
                0x000078a2        0x8 contiki-avr-atmega256rfr2.a(uip-packetqueue)
                0x000078a2                uip_packetqueue_new
 .text.uip_packetqueue_alloc
                0x000078aa       0x5e contiki-avr-atmega256rfr2.a(uip-packetqueue)
                0x000078aa                uip_packetqueue_alloc
 .text.uip_packetqueue_free
                0x00007908       0x2c contiki-avr-atmega256rfr2.a(uip-packetqueue)
                0x00007908                uip_packetqueue_free
 .text.uip_packetqueue_buf
                0x00007934       0x14 contiki-avr-atmega256rfr2.a(uip-packetqueue)
                0x00007934                uip_packetqueue_buf
 .text.uip_packetqueue_buflen
                0x00007948       0x1c contiki-avr-atmega256rfr2.a(uip-packetqueue)
                0x00007948                uip_packetqueue_buflen
 .text.uip_packetqueue_set_buflen
                0x00007964       0x16 contiki-avr-atmega256rfr2.a(uip-packetqueue)
                0x00007964                uip_packetqueue_set_buflen
 .text.uip_split_output
                0x0000797a       0xf2 contiki-avr-atmega256rfr2.a(uip-split.o)
                0x0000797a                uip_split_output
 .text.rpl_get_mode
                0x00007a6c        0xa contiki-avr-atmega256rfr2.a(rpl.o)
                0x00007a6c                rpl_get_mode
 .text.rpl_purge_routes
                0x00007a76       0xca contiki-avr-atmega256rfr2.a(rpl.o)
                0x00007a76                rpl_purge_routes
 .text.rpl_remove_routes
                0x00007b40       0x2c contiki-avr-atmega256rfr2.a(rpl.o)
                0x00007b40                rpl_remove_routes
 .text.rpl_remove_routes_by_nexthop
                0x00007b6c       0x56 contiki-avr-atmega256rfr2.a(rpl.o)
                0x00007b6c                rpl_remove_routes_by_nexthop
 .text.rpl_add_route
                0x00007bc2       0x46 contiki-avr-atmega256rfr2.a(rpl.o)
                0x00007bc2                rpl_add_route
 .text.rpl_link_neighbor_callback
                0x00007c08       0xa2 contiki-avr-atmega256rfr2.a(rpl.o)
                0x00007c08                rpl_link_neighbor_callback
 .text.rpl_ipv6_neighbor_callback
                0x00007caa       0x28 contiki-avr-atmega256rfr2.a(rpl.o)
                0x00007caa                rpl_ipv6_neighbor_callback
 .text.rpl_init
                0x00007cd2       0x78 contiki-avr-atmega256rfr2.a(rpl.o)
                0x00007cd2                rpl_init
 .text.lollipop_greater_than
                0x00007d4a       0x48 contiki-avr-atmega256rfr2.a(rpl-dag.o)
 .text.rpl_set_preferred_parent
                0x00007d92       0x3e contiki-avr-atmega256rfr2.a(rpl-dag.o)
 .text.set_ip_from_prefix
                0x00007dd0       0x38 contiki-avr-atmega256rfr2.a(rpl-dag.o)
 .text.check_prefix
                0x00007e08       0xb4 contiki-avr-atmega256rfr2.a(rpl-dag.o)
 .text.find_parent_any_dag_any_instance
                0x00007ebc       0x12 contiki-avr-atmega256rfr2.a(rpl-dag.o)
 .text.rpl_get_nbr
                0x00007ece       0x22 contiki-avr-atmega256rfr2.a(rpl-dag.o)
                0x00007ece                rpl_get_nbr
 .text.rpl_dag_init
                0x00007ef0        0xc contiki-avr-atmega256rfr2.a(rpl-dag.o)
                0x00007ef0                rpl_dag_init
 .text.rpl_get_parent
                0x00007efc        0xa contiki-avr-atmega256rfr2.a(rpl-dag.o)
                0x00007efc                rpl_get_parent
 .text.rpl_get_parent_ipaddr
                0x00007f06        0xe contiki-avr-atmega256rfr2.a(rpl-dag.o)
                0x00007f06                rpl_get_parent_ipaddr
 .text.rpl_set_prefix
                0x00007f14       0xb4 contiki-avr-atmega256rfr2.a(rpl-dag.o)
                0x00007f14                rpl_set_prefix
 .text.rpl_set_default_route
                0x00007fc8       0x7c contiki-avr-atmega256rfr2.a(rpl-dag.o)
                0x00007fc8                rpl_set_default_route
 .text.rpl_alloc_instance
                0x00008044       0x2a contiki-avr-atmega256rfr2.a(rpl-dag.o)
                0x00008044                rpl_alloc_instance
 .text.rpl_add_parent
                0x0000806e       0x72 contiki-avr-atmega256rfr2.a(rpl-dag.o)
                0x0000806e                rpl_add_parent
 .text.rpl_find_parent
                0x000080e0       0x2a contiki-avr-atmega256rfr2.a(rpl-dag.o)
                0x000080e0                rpl_find_parent
 .text.rpl_find_parent_any_dag
                0x0000810a       0x36 contiki-avr-atmega256rfr2.a(rpl-dag.o)
                0x0000810a                rpl_find_parent_any_dag
 .text.rpl_select_parent
                0x00008140       0x8e contiki-avr-atmega256rfr2.a(rpl-dag.o)
                0x00008140                rpl_select_parent
 .text.rpl_select_dag
                0x000081ce      0x248 contiki-avr-atmega256rfr2.a(rpl-dag.o)
                0x000081ce                rpl_select_dag
 .text.rpl_nullify_parent
                0x00008416       0x70 contiki-avr-atmega256rfr2.a(rpl-dag.o)
                0x00008416                rpl_nullify_parent
 .text.rpl_remove_parent
                0x00008486       0x18 contiki-avr-atmega256rfr2.a(rpl-dag.o)
                0x00008486                rpl_remove_parent
 .text.nbr_callback
                0x0000849e        0x4 contiki-avr-atmega256rfr2.a(rpl-dag.o)
 .text.remove_parents.constprop.4
                0x000084a2       0x3e contiki-avr-atmega256rfr2.a(rpl-dag.o)
 .text.rpl_free_dag
                0x000084e0       0x34 contiki-avr-atmega256rfr2.a(rpl-dag.o)
                0x000084e0                rpl_free_dag
 .text.rpl_free_instance
                0x00008514       0x88 contiki-avr-atmega256rfr2.a(rpl-dag.o)
                0x00008514                rpl_free_instance
 .text.rpl_move_parent
                0x0000859c       0x7c contiki-avr-atmega256rfr2.a(rpl-dag.o)
                0x0000859c                rpl_move_parent
 .text.rpl_get_any_dag
                0x00008618       0x1e contiki-avr-atmega256rfr2.a(rpl-dag.o)
                0x00008618                rpl_get_any_dag
 .text.rpl_get_instance
                0x00008636       0x1c contiki-avr-atmega256rfr2.a(rpl-dag.o)
                0x00008636                rpl_get_instance
 .text.get_dag  0x00008652       0x6a contiki-avr-atmega256rfr2.a(rpl-dag.o)
 .text.rpl_repair_root
                0x000086bc       0x52 contiki-avr-atmega256rfr2.a(rpl-dag.o)
                0x000086bc                rpl_repair_root
 .text.rpl_alloc_dag
                0x0000870e       0x5e contiki-avr-atmega256rfr2.a(rpl-dag.o)
                0x0000870e                rpl_alloc_dag
 .text.rpl_set_root
                0x0000876c      0x138 contiki-avr-atmega256rfr2.a(rpl-dag.o)
                0x0000876c                rpl_set_root
 .text.rpl_find_of
                0x000088a4       0x1a contiki-avr-atmega256rfr2.a(rpl-dag.o)
                0x000088a4                rpl_find_of
 .text.rpl_join_instance
                0x000088be      0x1e4 contiki-avr-atmega256rfr2.a(rpl-dag.o)
                0x000088be                rpl_join_instance
 .text.rpl_local_repair
                0x00008aa2       0x9e contiki-avr-atmega256rfr2.a(rpl-dag.o)
                0x00008aa2                rpl_local_repair
 .text.rpl_process_parent_event
                0x00008b40       0xd8 contiki-avr-atmega256rfr2.a(rpl-dag.o)
                0x00008b40                rpl_process_parent_event
 .text.rpl_add_dag
                0x00008c18      0x178 contiki-avr-atmega256rfr2.a(rpl-dag.o)
                0x00008c18                rpl_add_dag
 .text.rpl_recalculate_ranks
                0x00008d90       0x48 contiki-avr-atmega256rfr2.a(rpl-dag.o)
                0x00008d90                rpl_recalculate_ranks
 .text.rpl_process_dio
                0x00008dd8      0x40e contiki-avr-atmega256rfr2.a(rpl-dag.o)
                0x00008dd8                rpl_process_dio
 .text.rpl_lock_parent
                0x000091e6        0xa contiki-avr-atmega256rfr2.a(rpl-dag.o)
                0x000091e6                rpl_lock_parent
 .text.rpl_verify_header
                0x000091f0       0xc6 contiki-avr-atmega256rfr2.a(rpl-ext-header.)
                0x000091f0                rpl_verify_header
 .text.rpl_update_header_empty
                0x000092b6      0x166 contiki-avr-atmega256rfr2.a(rpl-ext-header.)
                0x000092b6                rpl_update_header_empty
 .text.rpl_update_header_final
                0x0000941c       0xd4 contiki-avr-atmega256rfr2.a(rpl-ext-header.)
                0x0000941c                rpl_update_header_final
 .text.rpl_invert_header
                0x000094f0       0x86 contiki-avr-atmega256rfr2.a(rpl-ext-header.)
                0x000094f0                rpl_invert_header
 .text.rpl_insert_header
                0x00009576       0x1a contiki-avr-atmega256rfr2.a(rpl-ext-header.)
                0x00009576                rpl_insert_header
 .text.get32    0x00009590       0x1c contiki-avr-atmega256rfr2.a(rpl-icmp6.o)
 .text.set32    0x000095ac       0x10 contiki-avr-atmega256rfr2.a(rpl-icmp6.o)
 .text.get16    0x000095bc       0x10 contiki-avr-atmega256rfr2.a(rpl-icmp6.o)
 .text.set16    0x000095cc        0xc contiki-avr-atmega256rfr2.a(rpl-icmp6.o)
 .text.dao_ack_input
                0x000095d8        0xa contiki-avr-atmega256rfr2.a(rpl-icmp6.o)
 .text.dio_input
                0x000095e2      0x354 contiki-avr-atmega256rfr2.a(rpl-icmp6.o)
 .text.dis_output
                0x00009936       0x74 contiki-avr-atmega256rfr2.a(rpl-icmp6.o)
                0x00009936                dis_output
 .text.dio_output
                0x000099aa      0x310 contiki-avr-atmega256rfr2.a(rpl-icmp6.o)
                0x000099aa                dio_output
 .text.dis_input
                0x00009cba       0x30 contiki-avr-atmega256rfr2.a(rpl-icmp6.o)
 .text.dao_output_target
                0x00009cea      0x11e contiki-avr-atmega256rfr2.a(rpl-icmp6.o)
                0x00009cea                dao_output_target
 .text.dao_output
                0x00009e08       0x88 contiki-avr-atmega256rfr2.a(rpl-icmp6.o)
                0x00009e08                dao_output
 .text.dao_ack_output
                0x00009e90       0x36 contiki-avr-atmega256rfr2.a(rpl-icmp6.o)
                0x00009e90                dao_ack_output
 .text.dao_input
                0x00009ec6      0x35c contiki-avr-atmega256rfr2.a(rpl-icmp6.o)
 .text.rpl_icmp6_register_handlers
                0x0000a222       0x20 contiki-avr-atmega256rfr2.a(rpl-icmp6.o)
                0x0000a222                rpl_icmp6_register_handlers
 .text.reset    0x0000a242        0x2 contiki-avr-atmega256rfr2.a(rpl-mrhof.o)
 .text.update_metric_container
                0x0000a244        0x6 contiki-avr-atmega256rfr2.a(rpl-mrhof.o)
 .text.calculate_rank
                0x0000a24a       0x54 contiki-avr-atmega256rfr2.a(rpl-mrhof.o)
 .text.neighbor_link_callback
                0x0000a29e       0xae contiki-avr-atmega256rfr2.a(rpl-mrhof.o)
 .text.best_dag
                0x0000a34c       0x40 contiki-avr-atmega256rfr2.a(rpl-mrhof.o)
 .text.best_parent
                0x0000a38c       0xa6 contiki-avr-atmega256rfr2.a(rpl-mrhof.o)
 .text.new_dio_interval
                0x0000a432       0x9c contiki-avr-atmega256rfr2.a(rpl-timers.o)
 .text.handle_periodic_timer
                0x0000a4ce       0x46 contiki-avr-atmega256rfr2.a(rpl-timers.o)
 .text.set_dao_lifetime_timer
                0x0000a514       0x5a contiki-avr-atmega256rfr2.a(rpl-timers.o)
 .text.handle_dio_timer
                0x0000a56e       0xb4 contiki-avr-atmega256rfr2.a(rpl-timers.o)
 .text.schedule_dao
                0x0000a622       0x80 contiki-avr-atmega256rfr2.a(rpl-timers.o)
 .text.handle_dao_timer
                0x0000a6a2       0x7e contiki-avr-atmega256rfr2.a(rpl-timers.o)
 .text.rpl_reset_periodic_timer
                0x0000a720       0x3a contiki-avr-atmega256rfr2.a(rpl-timers.o)
                0x0000a720                rpl_reset_periodic_timer
 .text.rpl_reset_dio_timer
                0x0000a75a       0x20 contiki-avr-atmega256rfr2.a(rpl-timers.o)
                0x0000a75a                rpl_reset_dio_timer
 .text.rpl_schedule_dao
                0x0000a77a        0x8 contiki-avr-atmega256rfr2.a(rpl-timers.o)
                0x0000a77a                rpl_schedule_dao
 .text.send_packet
                0x0000a782        0xa contiki-avr-atmega256rfr2.a(nullmac.o)
 .text.packet_input
                0x0000a78c        0xa contiki-avr-atmega256rfr2.a(nullmac.o)
 .text.on       0x0000a796        0xa contiki-avr-atmega256rfr2.a(nullmac.o)
 .text.off      0x0000a7a0        0xa contiki-avr-atmega256rfr2.a(nullmac.o)
 .text.channel_check_interval
                0x0000a7aa        0x6 contiki-avr-atmega256rfr2.a(nullmac.o)
 .text.init     0x0000a7b0        0x2 contiki-avr-atmega256rfr2.a(nullmac.o)
 .text.on       0x0000a7b2        0xa contiki-avr-atmega256rfr2.a(nullrdc.o)
 .text.channel_check_interval
                0x0000a7bc        0x6 contiki-avr-atmega256rfr2.a(nullrdc.o)
 .text.init     0x0000a7c2        0x4 contiki-avr-atmega256rfr2.a(nullrdc.o)
 .text.send_one_packet
                0x0000a7c6       0x98 contiki-avr-atmega256rfr2.a(nullrdc.o)
 .text.send_list
                0x0000a85e       0x40 contiki-avr-atmega256rfr2.a(nullrdc.o)
 .text.send_packet
                0x0000a89e        0x4 contiki-avr-atmega256rfr2.a(nullrdc.o)
 .text.off      0x0000a8a2       0x18 contiki-avr-atmega256rfr2.a(nullrdc.o)
 .text.packet_input
                0x0000a8ba       0x3c contiki-avr-atmega256rfr2.a(nullrdc.o)
 .text.linkaddr_copy
                0x0000a8f6       0x10 contiki-avr-atmega256rfr2.a(linkaddr.o)
                0x0000a8f6                linkaddr_copy
 .text.linkaddr_cmp
                0x0000a906       0x18 contiki-avr-atmega256rfr2.a(linkaddr.o)
                0x0000a906                linkaddr_cmp
 .text.linkaddr_set_node_addr
                0x0000a91e        0xa contiki-avr-atmega256rfr2.a(linkaddr.o)
                0x0000a91e                linkaddr_set_node_addr
 .text.index_from_key
                0x0000a928       0x32 contiki-avr-atmega256rfr2.a(nbr-table.o)
 .text.nbr_set_bit
                0x0000a95a       0x66 contiki-avr-atmega256rfr2.a(nbr-table.o)
 .text.index_from_lladdr
                0x0000a9c0       0x5a contiki-avr-atmega256rfr2.a(nbr-table.o)
 .text.key_from_item
                0x0000aa1a       0x48 contiki-avr-atmega256rfr2.a(nbr-table.o)
 .text.item_from_key
                0x0000aa62       0x3e contiki-avr-atmega256rfr2.a(nbr-table.o)
 .text.nbr_get_bit.constprop.0
                0x0000aaa0       0x4a contiki-avr-atmega256rfr2.a(nbr-table.o)
 .text.nbr_table_register
                0x0000aaea       0x40 contiki-avr-atmega256rfr2.a(nbr-table.o)
                0x0000aaea                nbr_table_register
 .text.nbr_table_next
                0x0000ab2a       0x3e contiki-avr-atmega256rfr2.a(nbr-table.o)
                0x0000ab2a                nbr_table_next
 .text.nbr_table_head
                0x0000ab68       0x44 contiki-avr-atmega256rfr2.a(nbr-table.o)
                0x0000ab68                nbr_table_head
 .text.nbr_table_add_lladdr
                0x0000abac      0x1c0 contiki-avr-atmega256rfr2.a(nbr-table.o)
                0x0000abac                nbr_table_add_lladdr
 .text.nbr_table_get_from_lladdr
                0x0000ad6c       0x5e contiki-avr-atmega256rfr2.a(nbr-table.o)
                0x0000ad6c                nbr_table_get_from_lladdr
 .text.nbr_table_remove
                0x0000adca       0x42 contiki-avr-atmega256rfr2.a(nbr-table.o)
                0x0000adca                nbr_table_remove
 .text.nbr_table_lock
                0x0000ae0c       0x10 contiki-avr-atmega256rfr2.a(nbr-table.o)
                0x0000ae0c                nbr_table_lock
 .text.nbr_table_unlock
                0x0000ae1c       0x10 contiki-avr-atmega256rfr2.a(nbr-table.o)
                0x0000ae1c                nbr_table_unlock
 .text.nbr_table_get_lladdr
                0x0000ae2c       0x12 contiki-avr-atmega256rfr2.a(nbr-table.o)
                0x0000ae2c                nbr_table_get_lladdr
 .text.netstack_init
                0x0000ae3e       0x28 contiki-avr-atmega256rfr2.a(netstack.o)
                0x0000ae3e                netstack_init
 .text.packetbuf_copyto_hdr
                0x0000ae66       0x24 contiki-avr-atmega256rfr2.a(packetbuf.o)
                0x0000ae66                packetbuf_copyto_hdr
 .text.packetbuf_copyto
                0x0000ae8a       0x7a contiki-avr-atmega256rfr2.a(packetbuf.o)
                0x0000ae8a                packetbuf_copyto
 .text.packetbuf_hdrreduce
                0x0000af04       0x3a contiki-avr-atmega256rfr2.a(packetbuf.o)
                0x0000af04                packetbuf_hdrreduce
 .text.packetbuf_set_datalen
                0x0000af3e        0xa contiki-avr-atmega256rfr2.a(packetbuf.o)
                0x0000af3e                packetbuf_set_datalen
 .text.packetbuf_dataptr
                0x0000af48        0xe contiki-avr-atmega256rfr2.a(packetbuf.o)
                0x0000af48                packetbuf_dataptr
 .text.packetbuf_hdrptr
                0x0000af56        0xc contiki-avr-atmega256rfr2.a(packetbuf.o)
                0x0000af56                packetbuf_hdrptr
 .text.packetbuf_is_reference
                0x0000af62       0x18 contiki-avr-atmega256rfr2.a(packetbuf.o)
                0x0000af62                packetbuf_is_reference
 .text.packetbuf_compact
                0x0000af7a       0x5e contiki-avr-atmega256rfr2.a(packetbuf.o)
                0x0000af7a                packetbuf_compact
 .text.packetbuf_reference_ptr
                0x0000afd8        0xa contiki-avr-atmega256rfr2.a(packetbuf.o)
                0x0000afd8                packetbuf_reference_ptr
 .text.packetbuf_datalen
                0x0000afe2        0xa contiki-avr-atmega256rfr2.a(packetbuf.o)
                0x0000afe2                packetbuf_datalen
 .text.packetbuf_hdrlen
                0x0000afec       0x10 contiki-avr-atmega256rfr2.a(packetbuf.o)
                0x0000afec                packetbuf_hdrlen
 .text.packetbuf_totlen
                0x0000affc       0x16 contiki-avr-atmega256rfr2.a(packetbuf.o)
                0x0000affc                packetbuf_totlen
 .text.packetbuf_hdralloc
                0x0000b012       0x3c contiki-avr-atmega256rfr2.a(packetbuf.o)
                0x0000b012                packetbuf_hdralloc
 .text.packetbuf_attr_clear
                0x0000b04e       0x32 contiki-avr-atmega256rfr2.a(packetbuf.o)
                0x0000b04e                packetbuf_attr_clear
 .text.packetbuf_clear
                0x0000b080       0x26 contiki-avr-atmega256rfr2.a(packetbuf.o)
                0x0000b080                packetbuf_clear
 .text.packetbuf_copyfrom
                0x0000b0a6       0x60 contiki-avr-atmega256rfr2.a(packetbuf.o)
                0x0000b0a6                packetbuf_copyfrom
 .text.packetbuf_attr_copyto
                0x0000b106       0x22 contiki-avr-atmega256rfr2.a(packetbuf.o)
                0x0000b106                packetbuf_attr_copyto
 .text.packetbuf_attr_copyfrom
                0x0000b128       0x22 contiki-avr-atmega256rfr2.a(packetbuf.o)
                0x0000b128                packetbuf_attr_copyfrom
 .text.packetbuf_set_attr
                0x0000b14a       0x16 contiki-avr-atmega256rfr2.a(packetbuf.o)
                0x0000b14a                packetbuf_set_attr
 .text.packetbuf_attr
                0x0000b160       0x12 contiki-avr-atmega256rfr2.a(packetbuf.o)
                0x0000b160                packetbuf_attr
 .text.packetbuf_set_addr
                0x0000b172       0x16 contiki-avr-atmega256rfr2.a(packetbuf.o)
                0x0000b172                packetbuf_set_addr
 .text.packetbuf_addr
                0x0000b188        0xe contiki-avr-atmega256rfr2.a(packetbuf.o)
                0x0000b188                packetbuf_addr
 .text.packetbuf_holds_broadcast
                0x0000b196        0xc contiki-avr-atmega256rfr2.a(packetbuf.o)
                0x0000b196                packetbuf_holds_broadcast
 .text.queuebuf_init
                0x0000b1a2       0x18 contiki-avr-atmega256rfr2.a(queuebuf.o)
                0x0000b1a2                queuebuf_init
 .text.queuebuf_numfree
                0x0000b1ba       0x16 contiki-avr-atmega256rfr2.a(queuebuf.o)
                0x0000b1ba                queuebuf_numfree
 .text.queuebuf_new_from_packetbuf
                0x0000b1d0       0x9a contiki-avr-atmega256rfr2.a(queuebuf.o)
                0x0000b1d0                queuebuf_new_from_packetbuf
 .text.queuebuf_free
                0x0000b26a       0x4a contiki-avr-atmega256rfr2.a(queuebuf.o)
                0x0000b26a                queuebuf_free
 .text.queuebuf_to_packetbuf
                0x0000b2b4       0x92 contiki-avr-atmega256rfr2.a(queuebuf.o)
                0x0000b2b4                queuebuf_to_packetbuf
 .text.bootstrap
                0x0000b346        0x4 contiki-avr-atmega256rfr2.a(nullsec.o)
 .text.on_frame_created
                0x0000b34a        0x6 contiki-avr-atmega256rfr2.a(nullsec.o)
 .text.input    0x0000b350        0xa contiki-avr-atmega256rfr2.a(nullsec.o)
 .text.get_overhead
                0x0000b35a        0x4 contiki-avr-atmega256rfr2.a(nullsec.o)
 .text.send     0x0000b35e       0x2c contiki-avr-atmega256rfr2.a(nullsec.o)
 .text.stimer_set
                0x0000b38a       0x20 contiki-avr-atmega256rfr2.a(stimer.o)
                0x0000b38a                stimer_set
 .text.stimer_expired
                0x0000b3aa       0x5c contiki-avr-atmega256rfr2.a(stimer.o)
                0x0000b3aa                stimer_expired
 .text.sicslowpan_init
                0x0000b406       0x1e contiki-avr-atmega256rfr2.a(sicslowpan.o)
                0x0000b406                sicslowpan_init
 .text.set_packet_attrs
                0x0000b424       0x52 contiki-avr-atmega256rfr2.a(sicslowpan.o)
 .text.compress_addr_64
                0x0000b476       0xcc contiki-avr-atmega256rfr2.a(sicslowpan.o)
 .text.addr_context_lookup_by_prefix
                0x0000b542       0x26 contiki-avr-atmega256rfr2.a(sicslowpan.o)
 .text.send_packet
                0x0000b568       0x1e contiki-avr-atmega256rfr2.a(sicslowpan.o)
 .text.output   0x0000b586      0x87c contiki-avr-atmega256rfr2.a(sicslowpan.o)
 .text.packet_sent
                0x0000be02       0x32 contiki-avr-atmega256rfr2.a(sicslowpan.o)
 .text.uncompress_addr
                0x0000be34       0xe2 contiki-avr-atmega256rfr2.a(sicslowpan.o)
 .text.input    0x0000bf16      0x78e contiki-avr-atmega256rfr2.a(sicslowpan.o)
 .text.parse    0x0000c6a4       0xd4 contiki-avr-atmega256rfr2.a(framer-802154.o)
 .text.create_frame.isra.0
                0x0000c778      0x14c contiki-avr-atmega256rfr2.a(framer-802154.o)
 .text.create   0x0000c8c4        0x8 contiki-avr-atmega256rfr2.a(framer-802154.o)
 .text.hdr_length
                0x0000c8cc        0x8 contiki-avr-atmega256rfr2.a(framer-802154.o)
 .text.framer_canonical_create_and_secure
                0x0000c8d4       0x34 contiki-avr-atmega256rfr2.a(framer.o)
                0x0000c8d4                framer_canonical_create_and_secure
 .text.mac_call_sent_callback
                0x0000c908       0x10 contiki-avr-atmega256rfr2.a(mac.o)
                0x0000c908                mac_call_sent_callback
 .text.field_len
                0x0000c918       0x8e contiki-avr-atmega256rfr2.a(frame802154.o)
 .text.frame802154_hdrlen
                0x0000c9a6       0x46 contiki-avr-atmega256rfr2.a(frame802154.o)
                0x0000c9a6                frame802154_hdrlen
 .text.frame802154_create
                0x0000c9ec      0x1ac contiki-avr-atmega256rfr2.a(frame802154.o)
                0x0000c9ec                frame802154_create
 .text.frame802154_parse
                0x0000cb98      0x19c contiki-avr-atmega256rfr2.a(frame802154.o)
                0x0000cb98                frame802154_parse
 .text.libgcc.div
                0x0000cd34       0x28 /usr/local/bin/../lib/gcc/avr/4.8.1/avr6/libgcc.a(_udivmodhi4.o)
                0x0000cd34                __udivmodhi4
 .text.libgcc.div
                0x0000cd5c       0x28 /usr/local/bin/../lib/gcc/avr/4.8.1/avr6/libgcc.a(_divmodhi4.o)
                0x0000cd5c                __divmodhi4
                0x0000cd5c                _div
 .text.libgcc.div
                0x0000cd84       0x44 /usr/local/bin/../lib/gcc/avr/4.8.1/avr6/libgcc.a(_udivmodsi4.o)
                0x0000cd84                __udivmodsi4
 .text.libgcc   0x0000cdc8        0xc /usr/local/bin/../lib/gcc/avr/4.8.1/avr6/libgcc.a(_tablejump.o)
                0x0000cdc8                __tablejump2__
                0x0000cdcc                __tablejump__
 .text.libgcc.builtins
                0x0000cdd4        0xe /usr/local/bin/../lib/gcc/avr/4.8.1/avr6/libgcc.a(_bswapsi2.o)
                0x0000cdd4                __bswapsi2
 .text.libgcc.mul
                0x0000cde2       0x1e /usr/local/bin/../lib/gcc/avr/4.8.1/avr6/libgcc.a(_umulhisi3.o)
                0x0000cde2                __umulhisi3
 .text.avr-libc
                0x0000ce00       0xb8 /usr/local/bin/../lib/gcc/avr/4.8.1/../../../../avr/lib/avr6/libc.a(rand.o)
                0x0000ce96                rand_r
                0x0000ce9a                rand
                0x0000cea2                srand
 .text.avr-libc
                0x0000ceb8       0x1a /usr/local/bin/../lib/gcc/avr/4.8.1/../../../../avr/lib/avr6/libc.a(memcmp.o)
                0x0000ceb8                memcmp
 .text.avr-libc
                0x0000ced2       0x12 /usr/local/bin/../lib/gcc/avr/4.8.1/../../../../avr/lib/avr6/libc.a(memcpy.o)
                0x0000ced2                memcpy
 .text.avr-libc
                0x0000cee4       0x24 /usr/local/bin/../lib/gcc/avr/4.8.1/../../../../avr/lib/avr6/libc.a(memmove.o)
                0x0000cee4                memmove
 .text.avr-libc
                0x0000cf08        0xe /usr/local/bin/../lib/gcc/avr/4.8.1/../../../../avr/lib/avr6/libc.a(memset.o)
                0x0000cf08                memset
 .text.avr-libc
                0x0000cf16        0xe /usr/local/bin/../lib/gcc/avr/4.8.1/../../../../avr/lib/avr6/libc.a(strcpy.o)
                0x0000cf16                strcpy
 .text.avr-libc
                0x0000cf24       0x1c /usr/local/bin/../lib/gcc/avr/4.8.1/../../../../avr/lib/avr6/libc.a(strncmp.o)
                0x0000cf24                strncmp
 .text.avr-libc
                0x0000cf40       0x1e /usr/local/bin/../lib/gcc/avr/4.8.1/../../../../avr/lib/avr6/libc.a(strncpy.o)
                0x0000cf40                strncpy
 .text.avr-libc
                0x0000cf5e       0x24 /usr/local/bin/../lib/gcc/avr/4.8.1/../../../../avr/lib/avr6/libc.a(printf.o)
                0x0000cf5e                printf
 .text.avr-libc
                0x0000cf82       0x48 /usr/local/bin/../lib/gcc/avr/4.8.1/../../../../avr/lib/avr6/libc.a(printf_p.o)
                0x0000cf82                printf_P
 .text.avr-libc
                0x0000cfca       0x7a /usr/local/bin/../lib/gcc/avr/4.8.1/../../../../avr/lib/avr6/libc.a(snprintf.o)
                0x0000cfca                snprintf
 .text.avr-libc
                0x0000d044      0x3f6 /usr/local/bin/../lib/gcc/avr/4.8.1/../../../../avr/lib/avr6/libc.a(vfprintf_std.o)
                0x0000d044                vfprintf
 .text.avr-libc
                0x0000d43a       0x20 /usr/local/bin/../lib/gcc/avr/4.8.1/../../../../avr/lib/avr6/libc.a(eerd_block_atmega256rfr2.o)
                0x0000d43a                __eerd_block_EEPROM_SUFFIX
                0x0000d43e                __eerd_blraw_EEPROM_SUFFIX
 .text.avr-libc
                0x0000d45a       0x10 /usr/local/bin/../lib/gcc/avr/4.8.1/../../../../avr/lib/avr6/libc.a(eerd_byte_atmega256rfr2.o)
                0x0000d45a                __eerd_byte_EEPROM_SUFFIX
 .text.avr-libc
                0x0000d46a        0xc /usr/local/bin/../lib/gcc/avr/4.8.1/../../../../avr/lib/avr6/libc.a(eerd_word_atmega256rfr2.o)
                0x0000d46a                __eerd_word_EEPROM_SUFFIX
 .text.avr-libc
                0x0000d476       0x14 /usr/local/bin/../lib/gcc/avr/4.8.1/../../../../avr/lib/avr6/libc.a(eewr_block_atmega256rfr2.o)
                0x0000d476                __eewr_block_EEPROM_SUFFIX
 .text.avr-libc
                0x0000d48a       0x1c /usr/local/bin/../lib/gcc/avr/4.8.1/../../../../avr/lib/avr6/libc.a(eewr_byte_atmega256rfr2.o)
                0x0000d48a                __eewr_byte_EEPROM_SUFFIX
                0x0000d48c                __eewr_r18_EEPROM_SUFFIX
 .text.avr-libc
                0x0000d4a6        0xa /usr/local/bin/../lib/gcc/avr/4.8.1/../../../../avr/lib/avr6/libc.a(eewr_word_atmega256rfr2.o)
                0x0000d4a6                __eewr_word_EEPROM_SUFFIX
 .text.avr-libc
                0x0000d4b0       0x16 /usr/local/bin/../lib/gcc/avr/4.8.1/../../../../avr/lib/avr6/libc.a(strnlen_P.o)
                0x0000d4b0                strnlen_P
 .text.avr-libc
                0x0000d4c6       0x16 /usr/local/bin/../lib/gcc/avr/4.8.1/../../../../avr/lib/avr6/libc.a(strnlen.o)
                0x0000d4c6                strnlen
 .text.avr-libc
                0x0000d4dc       0x64 /usr/local/bin/../lib/gcc/avr/4.8.1/../../../../avr/lib/avr6/libc.a(fputc.o)
                0x0000d4dc                fputc
 .text.avr-libc
                0x0000d540       0xbc /usr/local/bin/../lib/gcc/avr/4.8.1/../../../../avr/lib/avr6/libc.a(ultoa_invert.o)
                0x0000d540                __ultoa_invert
 .text.libgcc.div
                0x0000d5fc       0x2e /usr/local/bin/../lib/gcc/avr/4.8.1/avr6/libgcc.a(_divmodsi4.o)
                0x0000d5fc                __divmodsi4
 .text.libgcc.div
                0x0000d62a       0x10 /usr/local/bin/../lib/gcc/avr/4.8.1/avr6/libgcc.a(_negsi2.o)
                0x0000d62a                __negsi2
 .text.libgcc.mul
                0x0000d63a       0x16 /usr/local/bin/../lib/gcc/avr/4.8.1/avr6/libgcc.a(_muluhisi3.o)
                0x0000d63a                __muluhisi3
 .text.libgcc.mul
                0x0000d650       0x10 /usr/local/bin/../lib/gcc/avr/4.8.1/avr6/libgcc.a(_mulshisi3.o)
                0x0000d650                __mulshisi3
                0x0000d656                __mulohisi3
                0x0000d660                . = ALIGN (0x2)
 *(.fini9)
 .fini9         0x0000d660        0x0 /usr/local/bin/../lib/gcc/avr/4.8.1/avr6/libgcc.a(_exit.o)
                0x0000d660                exit
                0x0000d660                _exit
 *(.fini9)
 *(.fini8)
 *(.fini8)
 *(.fini7)
 *(.fini7)
 *(.fini6)
 *(.fini6)
 *(.fini5)
 *(.fini5)
 *(.fini4)
 *(.fini4)
 *(.fini3)
 *(.fini3)
 *(.fini2)
 *(.fini2)
 *(.fini1)
 *(.fini1)
 *(.fini0)
 .fini0         0x0000d660        0x4 /usr/local/bin/../lib/gcc/avr/4.8.1/avr6/libgcc.a(_exit.o)
 *(.fini0)
                0x0000d664                _etext = .

.data           0x00800200      0x42e load address 0x0000d664
                0x00800200                PROVIDE (__data_start, .)
 *(.data)
 .data          0x00800200        0x4 /usr/local/bin/../lib/gcc/avr/4.8.1/../../../../avr/lib/avr6/libc.a(rand.o)
 *(.data*)
 .data.webserver_nogui_process
                0x00800204        0xa border-router.co
                0x00800204                webserver_nogui_process
 .data.border_router_process
                0x0080020e        0xa border-router.co
                0x0080020e                border_router_process
 .data.conns    0x00800218        0x8 obj_avr-atmega256rfr2/httpd-simple.o
 .data.rs232_stdout
                0x00800220        0xe contiki-avr-atmega256rfr2.a(rs232.o)
 .data.rf230_process
                0x0080022e        0xa contiki-avr-atmega256rfr2.a(rf230bb.o)
                0x0080022e                rf230_process
 .data.ctimer_process
                0x00800238        0xa contiki-avr-atmega256rfr2.a(ctimer.o)
                0x00800238                ctimer_process
 .data.etimer_process
                0x00800242        0xa contiki-avr-atmega256rfr2.a(etimer.o)
                0x00800242                etimer_process
 .data.slip_process
                0x0080024c        0xa contiki-avr-atmega256rfr2.a(slip.o)
                0x0080024c                slip_process
 .data.ds6_neighbors
                0x00800256        0x2 contiki-avr-atmega256rfr2.a(uip-ds6-nbr.o)
                0x00800256                ds6_neighbors
 .data.ds6_neighbors_struct
                0x00800258        0x8 contiki-avr-atmega256rfr2.a(uip-ds6-nbr.o)
 .data.defaultroutermemb
                0x00800260        0x8 contiki-avr-atmega256rfr2.a(uip-ds6-route.o)
 .data.routememb
                0x00800268        0x8 contiki-avr-atmega256rfr2.a(uip-ds6-route.o)
 .data.neighborroutememb
                0x00800270        0x8 contiki-avr-atmega256rfr2.a(uip-ds6-route.o)
 .data.nbr_routes_struct
                0x00800278        0x8 contiki-avr-atmega256rfr2.a(uip-ds6-route.o)
 .data.echo_reply_handler
                0x00800280        0x6 contiki-avr-atmega256rfr2.a(uip-icmp6.o)
 .data.echo_request_handler
                0x00800286        0x6 contiki-avr-atmega256rfr2.a(uip-icmp6.o)
 .data.na_input_handler
                0x0080028c        0x6 contiki-avr-atmega256rfr2.a(uip-nd6.o)
 .data.ns_input_handler
                0x00800292        0x6 contiki-avr-atmega256rfr2.a(uip-nd6.o)
 .data.tcpip_process
                0x00800298        0xa contiki-avr-atmega256rfr2.a(tcpip.o)
                0x00800298                tcpip_process
 .data.packets_memb
                0x008002a2        0x8 contiki-avr-atmega256rfr2.a(uip-packetqueue)
 .data.rpl_parents_struct
                0x008002aa        0x8 contiki-avr-atmega256rfr2.a(rpl-dag.o)
 .data.dao_ack_handler
                0x008002b2        0x6 contiki-avr-atmega256rfr2.a(rpl-icmp6.o)
 .data.dao_handler
                0x008002b8        0x6 contiki-avr-atmega256rfr2.a(rpl-icmp6.o)
 .data.dio_handler
                0x008002be        0x6 contiki-avr-atmega256rfr2.a(rpl-icmp6.o)
 .data.dis_handler
                0x008002c4        0x6 contiki-avr-atmega256rfr2.a(rpl-icmp6.o)
 .data.dao_sequence
                0x008002ca        0x1 contiki-avr-atmega256rfr2.a(rpl-icmp6.o)
 .data.rpl_mrhof
                0x008002cb        0xe contiki-avr-atmega256rfr2.a(rpl-mrhof.o)
                0x008002cb                rpl_mrhof
 .data.neighbor_addr_mem
                0x008002d9        0x8 contiki-avr-atmega256rfr2.a(nbr-table.o)
 .data.buframmem
                0x008002e1        0x8 contiki-avr-atmega256rfr2.a(queuebuf.o)
 .data.refbufmem
                0x008002e9        0x8 contiki-avr-atmega256rfr2.a(queuebuf.o)
 .data.bufmem   0x008002f1        0x8 contiki-avr-atmega256rfr2.a(queuebuf.o)
 *(.rodata)
 *(.rodata*)
 .rodata.str1.1
                0x008002f9       0xa5 border-router.co
                                 0xa9 (size before relaxing)
 .rodata.autostart_processes
                0x0080039e        0x6 border-router.co
                0x0080039e                autostart_processes
 .rodata.str1.1
                0x008003a4       0x11 obj_avr-atmega256rfr2/slip-bridge.o
 .rodata.rpl_interface
                0x008003b5        0x4 obj_avr-atmega256rfr2/slip-bridge.o
                0x008003b5                rpl_interface
 .rodata.str1.1
                0x008003b9       0x59 obj_avr-atmega256rfr2/httpd-simple.o
 .rodata.http_get
                0x00800412        0x5 obj_avr-atmega256rfr2/httpd-simple.o
                0x00800412                http_get
 .rodata.http_header_404
                0x00800417       0x5d obj_avr-atmega256rfr2/httpd-simple.o
                0x00800417                http_header_404
 .rodata.http_header_200
                0x00800474       0x56 obj_avr-atmega256rfr2/httpd-simple.o
                0x00800474                http_header_200
 .rodata.http_content_type_html
                0x008004ca       0x1c obj_avr-atmega256rfr2/httpd-simple.o
                0x008004ca                http_content_type_html
 .rodata.str1.1
                0x008004e6       0x4f contiki-avr-atmega256rfr2.a(contiki-main.o)
 .rodata.str1.1
                0x00800535        0xd contiki-avr-atmega256rfr2.a(rf230bb.o)
 .rodata.rf230_driver
                0x00800542       0x1c contiki-avr-atmega256rfr2.a(rf230bb.o)
                0x00800542                rf230_driver
 .rodata.str1.1
                0x0080055e        0xf contiki-avr-atmega256rfr2.a(ctimer.o)
 .rodata.str1.1
                0x0080056d        0xc contiki-avr-atmega256rfr2.a(etimer.o)
 .rodata.str1.1
                0x00800579       0x21 contiki-avr-atmega256rfr2.a(slip.o)
 .rodata.str1.1
                0x0080059a        0xd contiki-avr-atmega256rfr2.a(tcpip.o)
 .rodata.str1.1
                0x008005a7        0xf contiki-avr-atmega256rfr2.a(uip-debug.o)
 .rodata.str1.1
                0x008005b6        0x8 contiki-avr-atmega256rfr2.a(nullmac.o)
 .rodata.nullmac_driver
                0x008005be        0xe contiki-avr-atmega256rfr2.a(nullmac.o)
                0x008005be                nullmac_driver
 .rodata.str1.1
                0x008005cc        0x8 contiki-avr-atmega256rfr2.a(nullrdc.o)
 .rodata.nullrdc_driver
                0x008005d4       0x12 contiki-avr-atmega256rfr2.a(nullrdc.o)
                0x008005d4                nullrdc_driver
 .rodata.linkaddr_null
                0x008005e6        0x8 contiki-avr-atmega256rfr2.a(linkaddr.o)
                0x008005e6                linkaddr_null
 .rodata.str1.1
                0x008005ee        0x8 contiki-avr-atmega256rfr2.a(nullsec.o)
 .rodata.nullsec_driver
                0x008005f6        0xc contiki-avr-atmega256rfr2.a(nullsec.o)
                0x008005f6                nullsec_driver
 .rodata.str1.1
                0x00800602        0xb contiki-avr-atmega256rfr2.a(sicslowpan.o)
 .rodata.sicslowpan_driver
                0x0080060d        0x6 contiki-avr-atmega256rfr2.a(sicslowpan.o)
                0x0080060d                sicslowpan_driver
 .rodata.ttl_values
                0x00800613        0x4 contiki-avr-atmega256rfr2.a(sicslowpan.o)
 .rodata.llprefix
                0x00800617        0x2 contiki-avr-atmega256rfr2.a(sicslowpan.o)
                0x00800617                llprefix
 .rodata.unc_mxconf
                0x00800619        0x4 contiki-avr-atmega256rfr2.a(sicslowpan.o)
                0x00800619                unc_mxconf
 .rodata.unc_ctxconf
                0x0080061d        0x4 contiki-avr-atmega256rfr2.a(sicslowpan.o)
                0x0080061d                unc_ctxconf
 .rodata.unc_llconf
                0x00800621        0x4 contiki-avr-atmega256rfr2.a(sicslowpan.o)
                0x00800621                unc_llconf
 .rodata.framer_802154
                0x00800625        0x8 contiki-avr-atmega256rfr2.a(framer-802154.o)
                0x00800625                framer_802154
 *(.gnu.linkonce.d*)
                0x0080062e                . = ALIGN (0x2)
 *fill*         0x0080062d        0x1 
                0x0080062e                _edata = .
                0x0080062e                PROVIDE (__data_end, .)

.bss            0x0080062e     0x1f40
                0x0080062e                PROVIDE (__bss_start, .)
 *(.bss)
 *(.bss*)
 .bss.r.4638    0x0080062e        0x2 border-router.co
 .bss.nbr.4639  0x00800630        0x2 border-router.co
 .bss.et.4684   0x00800632        0x8 border-router.co
 .bss.blen      0x0080063a        0x2 border-router.co
 .bss.buf       0x0080063c      0x100 border-router.co
 .bss.prefix_set
                0x0080073c        0x1 border-router.co
 .bss.prefix    0x0080073d       0x10 border-router.co
 .bss.last_sender
                0x0080074d       0x10 obj_avr-atmega256rfr2/slip-bridge.o
 .bss.conns_memb_mem
                0x0080075d       0x9e obj_avr-atmega256rfr2/httpd-simple.o
 .bss.conns_memb_count
                0x008007fb        0x2 obj_avr-atmega256rfr2/httpd-simple.o
 .bss.rcount    0x008007fd        0x1 contiki-avr-atmega256rfr2.a(clock.o)
 .bss.count     0x008007fe        0x2 contiki-avr-atmega256rfr2.a(clock.o)
 .bss.stdout_rs232_port
                0x00800800        0x1 contiki-avr-atmega256rfr2.a(rs232.o)
 .bss.buffer    0x00800801       0x81 contiki-avr-atmega256rfr2.a(rf230bb.o)
 .bss.channel   0x00800882        0x1 contiki-avr-atmega256rfr2.a(rf230bb.o)
 .bss.initialized
                0x00800883        0x1 contiki-avr-atmega256rfr2.a(ctimer.o)
 .bss.ctimer_list_list
                0x00800884        0x2 contiki-avr-atmega256rfr2.a(ctimer.o)
 .bss.next_expiration
                0x00800886        0x2 contiki-avr-atmega256rfr2.a(etimer.o)
 .bss.timerlist
                0x00800888        0x2 contiki-avr-atmega256rfr2.a(etimer.o)
 .bss.snum.1757
                0x0080088a        0x1 contiki-avr-atmega256rfr2.a(process.o)
 .bss.p.1742    0x0080088b        0x2 contiki-avr-atmega256rfr2.a(process.o)
 .bss.receiver.1741
                0x0080088d        0x2 contiki-avr-atmega256rfr2.a(process.o)
 .bss.data.1740
                0x0080088f        0x2 contiki-avr-atmega256rfr2.a(process.o)
 .bss.ev.1739   0x00800891        0x1 contiki-avr-atmega256rfr2.a(process.o)
 .bss.poll_requested
                0x00800892        0x1 contiki-avr-atmega256rfr2.a(process.o)
 .bss.events    0x00800893       0xa0 contiki-avr-atmega256rfr2.a(process.o)
 .bss.fevent    0x00800933        0x1 contiki-avr-atmega256rfr2.a(process.o)
 .bss.nevents   0x00800934        0x1 contiki-avr-atmega256rfr2.a(process.o)
 .bss.lastevent
                0x00800935        0x1 contiki-avr-atmega256rfr2.a(process.o)
 .bss.process_current
                0x00800936        0x2 contiki-avr-atmega256rfr2.a(process.o)
                0x00800936                process_current
 .bss.process_list
                0x00800938        0x2 contiki-avr-atmega256rfr2.a(process.o)
                0x00800938                process_list
 .bss.next_rtimer
                0x0080093a        0x2 contiki-avr-atmega256rfr2.a(rtimer.o)
 .bss.input_callback
                0x0080093c        0x2 contiki-avr-atmega256rfr2.a(slip.o)
 .bss.pkt_end   0x0080093e        0x2 contiki-avr-atmega256rfr2.a(slip.o)
 .bss.rxbuf     0x00800940      0x100 contiki-avr-atmega256rfr2.a(slip.o)
 .bss.end       0x00800a40        0x2 contiki-avr-atmega256rfr2.a(slip.o)
 .bss.begin     0x00800a42        0x2 contiki-avr-atmega256rfr2.a(slip.o)
 .bss.state     0x00800a44        0x1 contiki-avr-atmega256rfr2.a(slip.o)
 .bss.tmp16     0x00800a45        0x2 contiki-avr-atmega256rfr2.a(uip6.o)
 .bss.opt       0x00800a47        0x1 contiki-avr-atmega256rfr2.a(uip6.o)
 .bss.iss       0x00800a48        0x4 contiki-avr-atmega256rfr2.a(uip6.o)
 .bss.lastport  0x00800a4c        0x2 contiki-avr-atmega256rfr2.a(uip6.o)
 .bss.c         0x00800a4e        0x1 contiki-avr-atmega256rfr2.a(uip6.o)
 .bss.uip_ext_opt_offset
                0x00800a4f        0x1 contiki-avr-atmega256rfr2.a(uip6.o)
                0x00800a4f                uip_ext_opt_offset
 .bss.uip_ext_len
                0x00800a50        0x1 contiki-avr-atmega256rfr2.a(uip6.o)
                0x00800a50                uip_ext_len
 .bss.uip_ext_bitmap
                0x00800a51        0x1 contiki-avr-atmega256rfr2.a(uip6.o)
                0x00800a51                uip_ext_bitmap
 .bss.locprefix
                0x00800a52        0x2 contiki-avr-atmega256rfr2.a(uip-ds6.o)
 .bss.locmaddr  0x00800a54        0x2 contiki-avr-atmega256rfr2.a(uip-ds6.o)
 .bss.locaddr   0x00800a56        0x2 contiki-avr-atmega256rfr2.a(uip-ds6.o)
 .bss.loc_fipaddr
                0x00800a58       0x10 contiki-avr-atmega256rfr2.a(uip-ds6.o)
 .bss._ds6_neighbors_mem
                0x00800a68      0x30c contiki-avr-atmega256rfr2.a(uip-ds6-nbr.o)
 .bss.num_routes
                0x00800d74        0x2 contiki-avr-atmega256rfr2.a(uip-ds6-route.o)
 .bss.notificationlist_list
                0x00800d76        0x2 contiki-avr-atmega256rfr2.a(uip-ds6-route.o)
 .bss.defaultroutermemb_memb_mem
                0x00800d78       0x36 contiki-avr-atmega256rfr2.a(uip-ds6-route.o)
 .bss.defaultroutermemb_memb_count
                0x00800dae        0x2 contiki-avr-atmega256rfr2.a(uip-ds6-route.o)
 .bss.defaultrouterlist_list
                0x00800db0        0x2 contiki-avr-atmega256rfr2.a(uip-ds6-route.o)
 .bss.routememb_memb_mem
                0x00800db2      0x244 contiki-avr-atmega256rfr2.a(uip-ds6-route.o)
 .bss.routememb_memb_count
                0x00800ff6       0x14 contiki-avr-atmega256rfr2.a(uip-ds6-route.o)
 .bss.routelist_list
                0x0080100a        0x2 contiki-avr-atmega256rfr2.a(uip-ds6-route.o)
 .bss.neighborroutememb_memb_mem
                0x0080100c       0x50 contiki-avr-atmega256rfr2.a(uip-ds6-route.o)
 .bss.neighborroutememb_memb_count
                0x0080105c       0x14 contiki-avr-atmega256rfr2.a(uip-ds6-route.o)
 .bss._nbr_routes_mem
                0x00801070       0x50 contiki-avr-atmega256rfr2.a(uip-ds6-route.o)
 .bss.input_handler_list_list
                0x008010c0        0x2 contiki-avr-atmega256rfr2.a(uip-icmp6.o)
 .bss.echo_reply_callback_list_list
                0x008010c2        0x2 contiki-avr-atmega256rfr2.a(uip-icmp6.o)
 .bss.tmp_ipaddr
                0x008010c4       0x10 contiki-avr-atmega256rfr2.a(uip-icmp6.o)
 .bss.addr      0x008010d4        0x2 contiki-avr-atmega256rfr2.a(uip-nd6.o)
 .bss.defrt     0x008010d6        0x2 contiki-avr-atmega256rfr2.a(uip-nd6.o)
 .bss.nbr       0x008010d8        0x2 contiki-avr-atmega256rfr2.a(uip-nd6.o)
 .bss.nd6_opt_llao
                0x008010da        0x2 contiki-avr-atmega256rfr2.a(uip-nd6.o)
 .bss.nd6_opt_offset
                0x008010dc        0x1 contiki-avr-atmega256rfr2.a(uip-nd6.o)
 .bss.i.4504    0x008010dd        0x1 contiki-avr-atmega256rfr2.a(tcpip.o)
 .bss.i.4418    0x008010de        0x1 contiki-avr-atmega256rfr2.a(tcpip.o)
 .bss.i.4456    0x008010df        0x1 contiki-avr-atmega256rfr2.a(tcpip.o)
 .bss.i.4516    0x008010e0        0x1 contiki-avr-atmega256rfr2.a(tcpip.o)
 .bss.outputfunc
                0x008010e1        0x2 contiki-avr-atmega256rfr2.a(tcpip.o)
 .bss.s         0x008010e3       0x12 contiki-avr-atmega256rfr2.a(tcpip.o)
 .bss.periodic  0x008010f5        0x8 contiki-avr-atmega256rfr2.a(tcpip.o)
 .bss.packets_memb_memb_mem
                0x008010fd      0x20c contiki-avr-atmega256rfr2.a(uip-packetqueue)
 .bss.packets_memb_memb_count
                0x00801309        0x2 contiki-avr-atmega256rfr2.a(uip-packetqueue)
 .bss.mode      0x0080130b        0x2 contiki-avr-atmega256rfr2.a(rpl.o)
 .bss._rpl_parents_mem
                0x0080130d       0xa0 contiki-avr-atmega256rfr2.a(rpl-dag.o)
 .bss.dio_send_ok
                0x008013ad        0x1 contiki-avr-atmega256rfr2.a(rpl-timers.o)
 .bss.next_dis  0x008013ae        0x2 contiki-avr-atmega256rfr2.a(rpl-timers.o)
 .bss.periodic_timer
                0x008013b0       0x10 contiki-avr-atmega256rfr2.a(rpl-timers.o)
 .bss.nbr_table_keys_list
                0x008013c0        0x2 contiki-avr-atmega256rfr2.a(nbr-table.o)
 .bss.neighbor_addr_mem_memb_mem
                0x008013c2       0xc8 contiki-avr-atmega256rfr2.a(nbr-table.o)
 .bss.neighbor_addr_mem_memb_count
                0x0080148a       0x14 contiki-avr-atmega256rfr2.a(nbr-table.o)
 .bss.num_tables
                0x0080149e        0x2 contiki-avr-atmega256rfr2.a(nbr-table.o)
 .bss.all_tables
                0x008014a0       0x10 contiki-avr-atmega256rfr2.a(nbr-table.o)
 .bss.locked_map
                0x008014b0       0x14 contiki-avr-atmega256rfr2.a(nbr-table.o)
 .bss.used_map  0x008014c4       0x14 contiki-avr-atmega256rfr2.a(nbr-table.o)
 .bss.packetbufptr
                0x008014d8        0x2 contiki-avr-atmega256rfr2.a(packetbuf.o)
 .bss.packetbuf_aligned
                0x008014da       0xb0 contiki-avr-atmega256rfr2.a(packetbuf.o)
 .bss.hdrptr    0x0080158a        0x1 contiki-avr-atmega256rfr2.a(packetbuf.o)