Archive member included because of file (symbol)

contiki-avr-atmega256rfr2.a(servreg-hack.o)
                              unicast-receiver.co (servreg_hack_init)
contiki-avr-atmega256rfr2.a(contiki-main.o)
                              /usr/local/bin/../lib/gcc/avr/4.8.1/../../../../avr/lib/avr6/crtm256rfr2.o (main)
contiki-avr-atmega256rfr2.a(params.o)
                              contiki-avr-atmega256rfr2.a(contiki-main.o) (params_get_channel)
contiki-avr-atmega256rfr2.a(ssd1306.o)
                              contiki-avr-atmega256rfr2.a(contiki-main.o) (ssd1306_init)
contiki-avr-atmega256rfr2.a(clock.o)
                              contiki-avr-atmega256rfr2.a(contiki-main.o) (clock_init)
contiki-avr-atmega256rfr2.a(rs232.o)
                              contiki-avr-atmega256rfr2.a(contiki-main.o) (rs232_init)
contiki-avr-atmega256rfr2.a(watchdog.o)
                              contiki-avr-atmega256rfr2.a(contiki-main.o) (watchdog_periodic)
contiki-avr-atmega256rfr2.a(rtimer-arch.o)
                              contiki-avr-atmega256rfr2.a(contiki-main.o) (rtimer_arch_sleep)
contiki-avr-atmega256rfr2.a(random.o)
                              contiki-avr-atmega256rfr2.a(contiki-main.o) (random_init)
contiki-avr-atmega256rfr2.a(rf230bb.o)
                              contiki-avr-atmega256rfr2.a(clock.o) (RF230_receive_on)
contiki-avr-atmega256rfr2.a(halbb.o)
                              contiki-avr-atmega256rfr2.a(rf230bb.o) (hal_init)
contiki-avr-atmega256rfr2.a(autostart.o)
                              contiki-avr-atmega256rfr2.a(contiki-main.o) (autostart_start)
contiki-avr-atmega256rfr2.a(ctimer.o)
                              contiki-avr-atmega256rfr2.a(contiki-main.o) (ctimer_init)
contiki-avr-atmega256rfr2.a(energest.o)
                              contiki-avr-atmega256rfr2.a(rtimer-arch.o) (energest_current_time)
contiki-avr-atmega256rfr2.a(etimer.o)
                              contiki-avr-atmega256rfr2.a(clock.o) (etimer_request_poll)
contiki-avr-atmega256rfr2.a(process.o)
                              contiki-avr-atmega256rfr2.a(servreg-hack.o) (process_current)
contiki-avr-atmega256rfr2.a(rtimer.o)
                              contiki-avr-atmega256rfr2.a(contiki-main.o) (rtimer_init)
contiki-avr-atmega256rfr2.a(timer.o)
                              contiki-avr-atmega256rfr2.a(servreg-hack.o) (timer_set)
contiki-avr-atmega256rfr2.a(list.o)
                              contiki-avr-atmega256rfr2.a(servreg-hack.o) (list_init)
contiki-avr-atmega256rfr2.a(memb.o)
                              contiki-avr-atmega256rfr2.a(servreg-hack.o) (memb_init)
contiki-avr-atmega256rfr2.a(print-stats.o)
                              contiki-avr-atmega256rfr2.a(contiki-main.o) (print_stats)
contiki-avr-atmega256rfr2.a(uip6.o)
                              contiki-avr-atmega256rfr2.a(servreg-hack.o) (uip_appdata)
contiki-avr-atmega256rfr2.a(uip-ds6.o)
                              contiki-avr-atmega256rfr2.a(uip6.o) (uip_ds6_is_addr_onlink)
contiki-avr-atmega256rfr2.a(uip-ds6-nbr.o)
                              contiki-avr-atmega256rfr2.a(contiki-main.o) (ds6_neighbors)
contiki-avr-atmega256rfr2.a(uip-ds6-route.o)
                              contiki-avr-atmega256rfr2.a(uip-ds6.o) (uip_ds6_route_init)
contiki-avr-atmega256rfr2.a(uip-icmp6.o)
                              contiki-avr-atmega256rfr2.a(uip6.o) (uip_icmp6_input)
contiki-avr-atmega256rfr2.a(uip-nd6.o)
                              contiki-avr-atmega256rfr2.a(uip-ds6-nbr.o) (uip_nd6_ns_output)
contiki-avr-atmega256rfr2.a(simple-udp.o)
                              unicast-receiver.co (simple_udp_register)
contiki-avr-atmega256rfr2.a(tcpip.o)
                              contiki-avr-atmega256rfr2.a(servreg-hack.o) (udp_new)
contiki-avr-atmega256rfr2.a(uip-debug.o)
                              unicast-receiver.co (uip_debug_ipaddr_print)
contiki-avr-atmega256rfr2.a(uip-packetqueue)
                              contiki-avr-atmega256rfr2.a(uip-ds6-nbr.o) (uip_packetqueue_new)
contiki-avr-atmega256rfr2.a(uip-split.o)
                              contiki-avr-atmega256rfr2.a(tcpip.o) (uip_split_output)
contiki-avr-atmega256rfr2.a(uip-udp-packet.)
                              contiki-avr-atmega256rfr2.a(servreg-hack.o) (uip_udp_packet_send)
contiki-avr-atmega256rfr2.a(rpl.o)
                              contiki-avr-atmega256rfr2.a(uip-ds6-nbr.o) (rpl_link_neighbor_callback)
contiki-avr-atmega256rfr2.a(rpl-dag.o)
                              contiki-avr-atmega256rfr2.a(rpl.o) (rpl_dag_init)
contiki-avr-atmega256rfr2.a(rpl-ext-header.)
                              contiki-avr-atmega256rfr2.a(uip6.o) (rpl_verify_header)
contiki-avr-atmega256rfr2.a(rpl-icmp6.o)
                              contiki-avr-atmega256rfr2.a(rpl.o) (dao_output_target)
contiki-avr-atmega256rfr2.a(rpl-mrhof.o)
                              contiki-avr-atmega256rfr2.a(rpl.o) (rpl_mrhof)
contiki-avr-atmega256rfr2.a(rpl-timers.o)
[...]
Memory Configuration

Name             Origin             Length             Attributes
text             0x00000000         0x00100000         xr
data             0x00800200         0x0000fe00         rw !x
eeprom           0x00810000         0x00010000         rw !x
fuse             0x00820000         0x00000400         rw !x
lock             0x00830000         0x00000400         rw !x
signature        0x00840000         0x00000400         rw !x
user_signatures  0x00850000         0x00000400         rw !x
*default*        0x00000000         0xffffffff

Linker script and memory map

Address of section .data set to 0x800200
LOAD /usr/local/bin/../lib/gcc/avr/4.8.1/../../../../avr/lib/avr6/crtm256rfr2.o
Address of section .bootloader set to 0x1f800
LOAD unicast-receiver.co
LOAD symbols.o
LOAD contiki-avr-atmega256rfr2.a
START GROUP
LOAD /usr/local/bin/../lib/gcc/avr/4.8.1/avr6/libgcc.a
LOAD /usr/local/bin/../lib/gcc/avr/4.8.1/../../../../avr/lib/avr6/libm.a
LOAD /usr/local/bin/../lib/gcc/avr/4.8.1/../../../../avr/lib/avr6/libc.a
END GROUP

.hash
 *(.hash)

.dynsym
 *(.dynsym)

.dynstr
 *(.dynstr)

.gnu.version
 *(.gnu.version)

.gnu.version_d
 *(.gnu.version_d)

.gnu.version_r
 *(.gnu.version_r)

.rel.init
 *(.rel.init)

.rela.init
 *(.rela.init)

.rel.text
 *(.rel.text)
 *(.rel.text.*)
 *(.rel.gnu.linkonce.t*)

.rela.text
 *(.rela.text)
 *(.rela.text.*)
 *(.rela.gnu.linkonce.t*)

.rel.fini
 *(.rel.fini)

.rela.fini
 *(.rela.fini)

.rel.rodata
 *(.rel.rodata)
 *(.rel.rodata.*)
 *(.rel.gnu.linkonce.r*)

.rela.rodata
 *(.rela.rodata)
 *(.rela.rodata.*)
 *(.rela.gnu.linkonce.r*)

.rel.data
 *(.rel.data)
 *(.rel.data.*)
 *(.rel.gnu.linkonce.d*)

.rela.data
 *(.rela.data)
 *(.rela.data.*)
 *(.rela.gnu.linkonce.d*)

.rel.ctors
 *(.rel.ctors)

.rela.ctors
 *(.rela.ctors)

.rel.dtors
 *(.rel.dtors)

.rela.dtors
 *(.rela.dtors)

.rel.got
 *(.rel.got)

.rela.got
 *(.rela.got)

.rel.bss
 *(.rel.bss)

.rela.bss
 *(.rela.bss)

.rel.plt
 *(.rel.plt)

.rela.plt
 *(.rela.plt)

.text           0x00000000     0xcc78
 *(.vectors)
 .vectors       0x00000000      0x134 /usr/local/bin/../lib/gcc/avr/4.8.1/../../../../avr/lib/avr6/crtm256rfr2.o
                0x00000000                __vectors
                0x00000000                __vector_default
 *(.vectors)
 *(.progmem.gcc*)
 .progmem.gcc_sw_table.uip_process
                0x00000134       0x10 contiki-avr-atmega256rfr2.a(uip6.o)
                0x00000144                . = ALIGN (0x2)
                0x00000144                __trampolines_start = .
 *(.trampolines)
 .trampolines   0x00000144      0x138 linker stubs
 *(.trampolines*)
                0x0000027c                __trampolines_end = .
 *(.progmem*)
 .progmem.data.__c.4684
                0x0000027c        0x3 contiki-avr-atmega256rfr2.a(contiki-main.o)
 .progmem.data.__c.4682
                0x0000027f        0x2 contiki-avr-atmega256rfr2.a(contiki-main.o)
 .progmem.data.__c.4680
                0x00000281        0x3 contiki-avr-atmega256rfr2.a(contiki-main.o)
 .progmem.data.__c.4734
                0x00000284       0x1d contiki-avr-atmega256rfr2.a(contiki-main.o)
 .progmem.data.__c.4729
                0x000002a1        0xc contiki-avr-atmega256rfr2.a(contiki-main.o)
 .progmem.data.__c.4727
                0x000002ad        0x9 contiki-avr-atmega256rfr2.a(contiki-main.o)
 .progmem.data.__c.4722
                0x000002b6        0x8 contiki-avr-atmega256rfr2.a(contiki-main.o)
 .progmem.data.__c.4720
                0x000002be        0xa contiki-avr-atmega256rfr2.a(contiki-main.o)
 .progmem.data.__c.4718
                0x000002c8       0x12 contiki-avr-atmega256rfr2.a(contiki-main.o)
 .progmem.data.__c.4715
                0x000002da       0x12 contiki-avr-atmega256rfr2.a(contiki-main.o)
 .progmem.data.__c.4710
                0x000002ec        0x2 contiki-avr-atmega256rfr2.a(contiki-main.o)
 .progmem.data.__c.4708
                0x000002ee       0x15 contiki-avr-atmega256rfr2.a(contiki-main.o)
 .progmem.data.__c.4703
                0x00000303        0x2 contiki-avr-atmega256rfr2.a(contiki-main.o)
 .progmem.data.__c.4701
                0x00000305       0x15 contiki-avr-atmega256rfr2.a(contiki-main.o)
 .progmem.data.__c.4672
                0x0000031a        0x8 contiki-avr-atmega256rfr2.a(contiki-main.o)
 .progmem.data.__c.4665
                0x00000322       0x11 contiki-avr-atmega256rfr2.a(contiki-main.o)
 .progmem.data.__c.4663
                0x00000333        0xd contiki-avr-atmega256rfr2.a(contiki-main.o)
 .progmem.data.__c.4661
                0x00000340       0x32 contiki-avr-atmega256rfr2.a(contiki-main.o)
 .progmem.data.__c.4659
                0x00000372       0x25 contiki-avr-atmega256rfr2.a(contiki-main.o)
 .progmem.data.__c.4657
                0x00000397       0x20 contiki-avr-atmega256rfr2.a(contiki-main.o)
 .progmem.data.__c.4654
                0x000003b7       0x1b contiki-avr-atmega256rfr2.a(contiki-main.o)
 .progmem.data.__c.4647
                0x000003d2        0xd contiki-avr-atmega256rfr2.a(contiki-main.o)
 .progmem.data.__c.4645
                0x000003df       0x11 contiki-avr-atmega256rfr2.a(contiki-main.o)
 .progmem.data.__c.4643
                0x000003f0       0x11 contiki-avr-atmega256rfr2.a(contiki-main.o)
 .progmem.data.__c.4641
                0x00000401       0x11 contiki-avr-atmega256rfr2.a(contiki-main.o)
 .progmem.data.__c.4639
                0x00000412       0x11 contiki-avr-atmega256rfr2.a(contiki-main.o)
 .progmem.data.__c.4634
                0x00000423        0xf contiki-avr-atmega256rfr2.a(contiki-main.o)
 .progmem.data.__c.4413
                0x00000432       0x2d contiki-avr-atmega256rfr2.a(params.o)
 .progmem.data.default_domain_name
                0x0000045f        0xa contiki-avr-atmega256rfr2.a(params.o)
                0x0000045f                default_domain_name
 .progmem.data.default_server_name
                0x00000469        0xe contiki-avr-atmega256rfr2.a(params.o)
                0x00000469                default_server_name
 .progmem.data.default_mac_address
                0x00000477        0x8 contiki-avr-atmega256rfr2.a(params.o)
                0x00000477                default_mac_address
 .progmem.data.__c.3506
                0x0000047f       0x6f contiki-avr-atmega256rfr2.a(print-stats.o)
 .progmem.data.__c.2435
                0x000004ee        0x3 contiki-avr-atmega256rfr2.a(uip-debug.o)
 .progmem.data.__c.2433
                0x000004f1        0x2 contiki-avr-atmega256rfr2.a(uip-debug.o)
 .progmem.data.__c.2431
                0x000004f3        0x3 contiki-avr-atmega256rfr2.a(uip-debug.o)
                0x000004f6                . = ALIGN (0x2)
 *(.jumptables)
 *(.jumptables*)
 *(.lowtext)
 *(.lowtext*)
                0x000004f6                __ctors_start = .
 *(.ctors)
                0x000004f6                __ctors_end = .
                0x000004f6                __dtors_start = .
 *(.dtors)
                0x000004f6                __dtors_end = .
 SORT(*)(.ctors)
 SORT(*)(.dtors)
 *(.init0)
 .init0         0x000004f6        0x0 /usr/local/bin/../lib/gcc/avr/4.8.1/../../../../avr/lib/avr6/crtm256rfr2.o
                0x000004f6                __init
 *(.init0)
 *(.init1)
 *(.init1)
 *(.init2)
 .init2         0x000004f6       0x10 /usr/local/bin/../lib/gcc/avr/4.8.1/../../../../avr/lib/avr6/crtm256rfr2.o
 *(.init2)
 *(.init3)
 *(.init3)
 *(.init4)
 .init4         0x00000506       0x1a /usr/local/bin/../lib/gcc/avr/4.8.1/avr6/libgcc.a(_copy_data.o)
                0x00000506                __do_copy_data
 .init4         0x00000520       0x10 /usr/local/bin/../lib/gcc/avr/4.8.1/avr6/libgcc.a(_clear_bss.o)
                0x00000520                __do_clear_bss
 *(.init4)
 *(.init5)
 *(.init5)
 *(.init6)
 *(.init6)
 *(.init7)
 *(.init7)
 *(.init8)
 *(.init8)
 *(.init9)
 .init9         0x00000530        0x8 /usr/local/bin/../lib/gcc/avr/4.8.1/../../../../avr/lib/avr6/crtm256rfr2.o
 *(.init9)
 *(.text)
 .text          0x00000538        0x4 /usr/local/bin/../lib/gcc/avr/4.8.1/../../../../avr/lib/avr6/crtm256rfr2.o
                0x00000538                __vector_38
                0x00000538                __vector_22
                0x00000538                __vector_28
                0x00000538                __vector_67
                0x00000538                __vector_1
                0x00000538                __vector_75
                0x00000538                __vector_71
                0x00000538                __vector_34
                0x00000538                __vector_24
                0x00000538                __vector_12
                0x00000538                __vector_55
                0x00000538                __vector_69
                0x00000538                __vector_46
                0x00000538                __bad_interrupt
                0x00000538                __vector_72
                0x00000538                __vector_6
                0x00000538                __vector_31
                0x00000538                __vector_35
                0x00000538                __vector_74
                0x00000538                __vector_39
                0x00000538                __vector_3
                0x00000538                __vector_23
                0x00000538                __vector_68
                0x00000538                __vector_30
                0x00000538                __vector_73
                0x00000538                __vector_45
                0x00000538                __vector_11
                0x00000538                __vector_54
                0x00000538                __vector_17
                0x00000538                __vector_19
                0x00000538                __vector_56
                0x00000538                __vector_7
                0x00000538                __vector_49
                0x00000538                __vector_41
                0x00000538                __vector_43
                0x00000538                __vector_27
                0x00000538                __vector_5
                0x00000538                __vector_33
                0x00000538                __vector_76
                0x00000538                __vector_47
                0x00000538                __vector_52
                0x00000538                __vector_37
                0x00000538                __vector_4
                0x00000538                __vector_44
                0x00000538                __vector_51
                0x00000538                __vector_9
                0x00000538                __vector_2
                0x00000538                __vector_15
                0x00000538                __vector_66
                0x00000538                __vector_70
                0x00000538                __vector_29
                0x00000538                __vector_40
                0x00000538                __vector_8
                0x00000538                __vector_26
                0x00000538                __vector_48
                0x00000538                __vector_14
                0x00000538                __vector_53
                0x00000538                __vector_10
                0x00000538                __vector_50
                0x00000538                __vector_16
                0x00000538                __vector_18
                0x00000538                __vector_20
                0x00000538                __vector_42
                0x00000538                __vector_65
                0x0000053c                . = ALIGN (0x2)
 *(.text.*)
 .text.receiver
                0x0000053c       0x78 unicast-receiver.co
 .text.process_thread_unicast_receiver_process
                0x000005b4      0x174 unicast-receiver.co
 .text.purge_registrations
                0x00000728       0x88 contiki-avr-atmega256rfr2.a(servreg-hack.o)
 .text.servreg_hack_init
                0x000007b0       0x34 contiki-avr-atmega256rfr2.a(servreg-hack.o)
                0x000007b0                servreg_hack_init
 .text.servreg_hack_register
                0x000007e4       0xb8 contiki-avr-atmega256rfr2.a(servreg-hack.o)
                0x000007e4                servreg_hack_register
 .text.servreg_hack_list_head
                0x0000089c        0xc contiki-avr-atmega256rfr2.a(servreg-hack.o)
                0x0000089c                servreg_hack_list_head
 .text.process_thread_servreg_hack_process
                0x000008a8      0x2b8 contiki-avr-atmega256rfr2.a(servreg-hack.o)
 .text.ipaddr_add
                0x00000b60       0xc6 contiki-avr-atmega256rfr2.a(contiki-main.o)
 .text.rng_get_uint8
                0x00000c26       0x46 contiki-avr-atmega256rfr2.a(contiki-main.o)
                0x00000c26                rng_get_uint8
 .text.initialize
                0x00000c6c      0x2fc contiki-avr-atmega256rfr2.a(contiki-main.o)
                0x00000c6c                initialize
 .text.startup.main
                0x00000f68      0x29c contiki-avr-atmega256rfr2.a(contiki-main.o)
                0x00000f68                main
 .text.params_get_channel
                0x00001204      0x10c contiki-avr-atmega256rfr2.a(params.o)
                0x00001204                params_get_channel
 .text.params_get_eui64
                0x00001310       0x14 contiki-avr-atmega256rfr2.a(params.o)
                0x00001310                params_get_eui64
 .text.params_get_panid
                0x00001324        0x8 contiki-avr-atmega256rfr2.a(params.o)
                0x00001324                params_get_panid
 .text.params_get_panaddr
                0x0000132c        0x8 contiki-avr-atmega256rfr2.a(params.o)
                0x0000132c                params_get_panaddr
 .text.params_get_txpower
                0x00001334        0x8 contiki-avr-atmega256rfr2.a(params.o)
                0x00001334                params_get_txpower
 .text.ssd1306_reset_clear
                0x0000133c        0x6 contiki-avr-atmega256rfr2.a(ssd1306.o)
                0x0000133c                ssd1306_reset_clear
 .text.ssd1306_reset_set
                0x00001342        0x6 contiki-avr-atmega256rfr2.a(ssd1306.o)
                0x00001342                ssd1306_reset_set
 .text.ssd1306_sel_cmd
                0x00001348        0x6 contiki-avr-atmega256rfr2.a(ssd1306.o)
                0x00001348                ssd1306_sel_cmd
 .text.spi_deselect_device
                0x0000134e        0x6 contiki-avr-atmega256rfr2.a(ssd1306.o)
                0x0000134e                spi_deselect_device
 .text.spi_select_device
                0x00001354        0x6 contiki-avr-atmega256rfr2.a(ssd1306.o)
                0x00001354                spi_select_device
 .text.spi_write_single
                0x0000135a        0xa contiki-avr-atmega256rfr2.a(ssd1306.o)
                0x0000135a                spi_write_single
 .text.ssd1306_write_command
                0x00001364       0x2c contiki-avr-atmega256rfr2.a(ssd1306.o)
                0x00001364                ssd1306_write_command
 .text.ssd1306_hard_reset
                0x00001390       0x18 contiki-avr-atmega256rfr2.a(ssd1306.o)
                0x00001390                ssd1306_hard_reset
 .text.ssd1306_display_on
                0x000013a8        0x6 contiki-avr-atmega256rfr2.a(ssd1306.o)
                0x000013a8                ssd1306_display_on
 .text.ssd1306_set_contrast
                0x000013ae       0x16 contiki-avr-atmega256rfr2.a(ssd1306.o)
                0x000013ae                ssd1306_set_contrast
 .text.ssd1306_display_invert_disable
                0x000013c4        0x6 contiki-avr-atmega256rfr2.a(ssd1306.o)
                0x000013c4                ssd1306_display_invert_disable
 .text.ssd1306_spi_init
                0x000013ca       0x14 contiki-avr-atmega256rfr2.a(ssd1306.o)
                0x000013ca                ssd1306_spi_init
 .text.ssd1306_interface_init
                0x000013de        0x8 contiki-avr-atmega256rfr2.a(ssd1306.o)
                0x000013de                ssd1306_interface_init
 .text.ssd1306_init
                0x000013e6       0x82 contiki-avr-atmega256rfr2.a(ssd1306.o)
                0x000013e6                ssd1306_init
 .text.clock_init
                0x00001468       0x20 contiki-avr-atmega256rfr2.a(clock.o)
                0x00001468                clock_init
 .text.clock_time
                0x00001488       0x18 contiki-avr-atmega256rfr2.a(clock.o)
                0x00001488                clock_time
 .text.clock_seconds
                0x000014a0       0x34 contiki-avr-atmega256rfr2.a(clock.o)
                0x000014a0                clock_seconds
 .text.clock_delay_usec
                0x000014d4       0x1a contiki-avr-atmega256rfr2.a(clock.o)
                0x000014d4                clock_delay_usec
 .text.clock_adjust_ticks
                0x000014ee       0xbe contiki-avr-atmega256rfr2.a(clock.o)
                0x000014ee                clock_adjust_ticks
 .text.__vector_21
                0x000015ac       0xe0 contiki-avr-atmega256rfr2.a(clock.o)
                0x000015ac                __vector_21
 .text.__vector_25
                0x0000168c       0x5e contiki-avr-atmega256rfr2.a(rs232.o)
                0x0000168c                __vector_25
 .text.__vector_36
                0x000016ea       0x5e contiki-avr-atmega256rfr2.a(rs232.o)
                0x000016ea                __vector_36
 .text.rs232_init
                0x00001748       0x40 contiki-avr-atmega256rfr2.a(rs232.o)
                0x00001748                rs232_init
 .text.rs232_send
                0x00001788       0x24 contiki-avr-atmega256rfr2.a(rs232.o)
                0x00001788                rs232_send
 .text.rs232_stdout_putchar
                0x000017ac       0x2a contiki-avr-atmega256rfr2.a(rs232.o)
                0x000017ac                rs232_stdout_putchar
 .text.rs232_redirect_stdout
                0x000017d6       0x12 contiki-avr-atmega256rfr2.a(rs232.o)
                0x000017d6                rs232_redirect_stdout
 .text.watchdog_start
                0x000017e8       0x18 contiki-avr-atmega256rfr2.a(watchdog.o)
                0x000017e8                watchdog_start
 .text.watchdog_periodic
                0x00001800        0x4 contiki-avr-atmega256rfr2.a(watchdog.o)
                0x00001800                watchdog_periodic
 .text.watchdog_stop
                0x00001804       0x12 contiki-avr-atmega256rfr2.a(watchdog.o)
                0x00001804                watchdog_stop
 .text.__vector_32
                0x00001816       0xee contiki-avr-atmega256rfr2.a(rtimer-arch.o)
                0x00001816                __vector_32
 .text.rtimer_arch_init
                0x00001904       0x34 contiki-avr-atmega256rfr2.a(rtimer-arch.o)
                0x00001904                rtimer_arch_init
 .text.rtimer_arch_schedule
                0x00001938       0x20 contiki-avr-atmega256rfr2.a(rtimer-arch.o)
                0x00001938                rtimer_arch_schedule
 .text.rtimer_arch_sleep
                0x00001958      0x17a contiki-avr-atmega256rfr2.a(rtimer-arch.o)
                0x00001958                rtimer_arch_sleep
 .text.__vector_13
                0x00001ad2       0x14 contiki-avr-atmega256rfr2.a(rtimer-arch.o)
                0x00001ad2                __vector_13
 .text.random_init
                0x00001ae6        0x4 contiki-avr-atmega256rfr2.a(random.o)
                0x00001ae6                random_init
 .text.random_rand
                0x00001aea        0x4 contiki-avr-atmega256rfr2.a(random.o)
                0x00001aea                random_rand
 .text.get_value
                0x00001aee        0x6 contiki-avr-atmega256rfr2.a(rf230bb.o)
 .text.set_value
                0x00001af4        0x6 contiki-avr-atmega256rfr2.a(rf230bb.o)
 .text.get_object
                0x00001afa        0x6 contiki-avr-atmega256rfr2.a(rf230bb.o)
 .text.set_object
                0x00001b00        0x6 contiki-avr-atmega256rfr2.a(rf230bb.o)
 .text.rf230_pending_packet
                0x00001b06        0x8 contiki-avr-atmega256rfr2.a(rf230bb.o)
 .text.radio_reset_state_machine
                0x00001b0e       0x32 contiki-avr-atmega256rfr2.a(rf230bb.o)
 .text.set_txpower
                0x00001b40       0x1e contiki-avr-atmega256rfr2.a(rf230bb.o)
 .text.rf230_isidle
                0x00001b5e       0x2c contiki-avr-atmega256rfr2.a(rf230bb.o)
 .text.rf230_waitidle
                0x00001b8a       0x12 contiki-avr-atmega256rfr2.a(rf230bb.o)
 .text.rf230_receiving_packet
                0x00001b9c       0x2a contiki-avr-atmega256rfr2.a(rf230bb.o)
 .text.radio_off
                0x00001bc6      0x124 contiki-avr-atmega256rfr2.a(rf230bb.o)
 .text.rf230_off
                0x00001cea       0x16 contiki-avr-atmega256rfr2.a(rf230bb.o)
 .text.rf230_prepare
                0x00001d00       0x32 contiki-avr-atmega256rfr2.a(rf230bb.o)
 .text.radio_get_trx_state
                0x00001d32        0xc contiki-avr-atmega256rfr2.a(rf230bb.o)
                0x00001d32                radio_get_trx_state
 .text.radio_set_trx_state
                0x00001d3e       0xbc contiki-avr-atmega256rfr2.a(rf230bb.o)
 .text.radio_on
                0x00001dfa       0x6a contiki-avr-atmega256rfr2.a(rf230bb.o)
 .text.rf230_on
                0x00001e64       0x12 contiki-avr-atmega256rfr2.a(rf230bb.o)
 .text.rf230_cca
                0x00001e76      0x128 contiki-avr-atmega256rfr2.a(rf230bb.o)
 .text.rf230_warm_reset
                0x00001f9e       0x3e contiki-avr-atmega256rfr2.a(rf230bb.o)
                0x00001f9e                rf230_warm_reset
 .text.rf230_init
                0x00001fdc       0x76 contiki-avr-atmega256rfr2.a(rf230bb.o)
                0x00001fdc                rf230_init
 .text.rf230_get_channel
                0x00002052        0x6 contiki-avr-atmega256rfr2.a(rf230bb.o)
                0x00002052                rf230_get_channel
 .text.rf230_set_channel
                0x00002058       0x2a contiki-avr-atmega256rfr2.a(rf230bb.o)
                0x00002058                rf230_set_channel
 .text.rf230_set_pan_addr
                0x00002082       0x48 contiki-avr-atmega256rfr2.a(rf230bb.o)
                0x00002082                rf230_set_pan_addr
 .text.rf230_interrupt
                0x000020ca       0x26 contiki-avr-atmega256rfr2.a(rf230bb.o)
                0x000020ca                rf230_interrupt
 .text.rf230_read
                0x000020f0       0xce contiki-avr-atmega256rfr2.a(rf230bb.o)
 .text.process_thread_rf230_process
                0x000021be       0x8a contiki-avr-atmega256rfr2.a(rf230bb.o)
 .text.rf230_set_txpower
                0x00002248        0x4 contiki-avr-atmega256rfr2.a(rf230bb.o)
                0x00002248                rf230_set_txpower
 .text.rf230_get_txpower
                0x0000224c       0x18 contiki-avr-atmega256rfr2.a(rf230bb.o)
                0x0000224c                rf230_get_txpower
 .text.rf230_transmit
                0x00002264      0x260 contiki-avr-atmega256rfr2.a(rf230bb.o)
 .text.rf230_send
                0x000024c4       0x32 contiki-avr-atmega256rfr2.a(rf230bb.o)
 .text.hal_init
                0x000024f6        0x2 contiki-avr-atmega256rfr2.a(halbb.o)
                0x000024f6                hal_init
 .text.hal_subregister_read
                0x000024f8       0x14 contiki-avr-atmega256rfr2.a(halbb.o)
                0x000024f8                hal_subregister_read
 .text.hal_subregister_write
                0x0000250c       0x36 contiki-avr-atmega256rfr2.a(halbb.o)
                0x0000250c                hal_subregister_write
 .text.hal_frame_read
                0x00002542       0x54 contiki-avr-atmega256rfr2.a(halbb.o)
                0x00002542                hal_frame_read
 .text.hal_frame_write
                0x00002596       0x22 contiki-avr-atmega256rfr2.a(halbb.o)
                0x00002596                hal_frame_write
 .text.__vector_60
                0x000025b8       0x80 contiki-avr-atmega256rfr2.a(halbb.o)
                0x000025b8                __vector_60
 .text.__vector_59
                0x00002638       0x14 contiki-avr-atmega256rfr2.a(halbb.o)
                0x00002638                __vector_59
 .text.__vector_57
                0x0000264c       0x14 contiki-avr-atmega256rfr2.a(halbb.o)
                0x0000264c                __vector_57
 .text.__vector_58
                0x00002660       0x14 contiki-avr-atmega256rfr2.a(halbb.o)
                0x00002660                __vector_58
 .text.__vector_64
                0x00002674       0x18 contiki-avr-atmega256rfr2.a(halbb.o)
                0x00002674                __vector_64
 .text.__vector_63
                0x0000268c       0x18 contiki-avr-atmega256rfr2.a(halbb.o)
                0x0000268c                __vector_63
 .text.__vector_62
                0x000026a4       0x14 contiki-avr-atmega256rfr2.a(halbb.o)
                0x000026a4                __vector_62
 .text.__vector_61
                0x000026b8       0x18 contiki-avr-atmega256rfr2.a(halbb.o)
                0x000026b8                __vector_61
 .text.autostart_start
                0x000026d0       0x1e contiki-avr-atmega256rfr2.a(autostart.o)
                0x000026d0                autostart_start
 .text.process_thread_ctimer_process
                0x000026ee       0xc8 contiki-avr-atmega256rfr2.a(ctimer.o)
 .text.ctimer_init
                0x000027b6       0x18 contiki-avr-atmega256rfr2.a(ctimer.o)
                0x000027b6                ctimer_init
 .text.ctimer_set
                0x000027ce       0x5a contiki-avr-atmega256rfr2.a(ctimer.o)
                0x000027ce                ctimer_set
 .text.ctimer_reset
                0x00002828       0x48 contiki-avr-atmega256rfr2.a(ctimer.o)
                0x00002828                ctimer_reset
 .text.ctimer_stop
                0x00002870       0x2e contiki-avr-atmega256rfr2.a(ctimer.o)
                0x00002870                ctimer_stop
 .text.update_time
                0x0000289e       0x64 contiki-avr-atmega256rfr2.a(etimer.o)
 .text.etimer_request_poll
                0x00002902        0x8 contiki-avr-atmega256rfr2.a(etimer.o)
                0x00002902                etimer_request_poll
 .text.process_thread_etimer_process
                0x0000290a      0x106 contiki-avr-atmega256rfr2.a(etimer.o)
 .text.add_timer
                0x00002a10       0x5e contiki-avr-atmega256rfr2.a(etimer.o)
 .text.etimer_set
                0x00002a6e       0x14 contiki-avr-atmega256rfr2.a(etimer.o)
                0x00002a6e                etimer_set
 .text.etimer_reset
                0x00002a82       0x14 contiki-avr-atmega256rfr2.a(etimer.o)
                0x00002a82                etimer_reset
 .text.etimer_restart
                0x00002a96       0x14 contiki-avr-atmega256rfr2.a(etimer.o)
                0x00002a96                etimer_restart
 .text.etimer_expired
                0x00002aaa       0x16 contiki-avr-atmega256rfr2.a(etimer.o)
                0x00002aaa                etimer_expired
 .text.etimer_expiration_time
                0x00002ac0       0x10 contiki-avr-atmega256rfr2.a(etimer.o)
                0x00002ac0                etimer_expiration_time
 .text.etimer_pending
                0x00002ad0       0x16 contiki-avr-atmega256rfr2.a(etimer.o)
                0x00002ad0                etimer_pending
 .text.etimer_stop
                0x00002ae6       0x4e contiki-avr-atmega256rfr2.a(etimer.o)
                0x00002ae6                etimer_stop
 .text.call_process.part.0
                0x00002b34       0x4e contiki-avr-atmega256rfr2.a(process.o)
 .text.call_process
                0x00002b82        0xc contiki-avr-atmega256rfr2.a(process.o)
 .text.exit_process
                0x00002b8e       0xd8 contiki-avr-atmega256rfr2.a(process.o)
 .text.do_poll  0x00002c66       0x3e contiki-avr-atmega256rfr2.a(process.o)
 .text.process_alloc_event
                0x00002ca4        0xe contiki-avr-atmega256rfr2.a(process.o)
                0x00002ca4                process_alloc_event
 .text.process_init
                0x00002cb2       0x20 contiki-avr-atmega256rfr2.a(process.o)
                0x00002cb2                process_init
 .text.process_run
                0x00002cd2       0xc6 contiki-avr-atmega256rfr2.a(process.o)
                0x00002cd2                process_run
 .text.process_post
                0x00002d98       0x3c contiki-avr-atmega256rfr2.a(process.o)
                0x00002d98                process_post
 .text.process_post_synch
                0x00002dd4       0x1e contiki-avr-atmega256rfr2.a(process.o)
                0x00002dd4                process_post_synch
 .text.process_start
                0x00002df2       0x42 contiki-avr-atmega256rfr2.a(process.o)
                0x00002df2                process_start
 .text.process_poll
                0x00002e34       0x18 contiki-avr-atmega256rfr2.a(process.o)
                0x00002e34                process_poll
 .text.rtimer_init
                0x00002e4c        0x4 contiki-avr-atmega256rfr2.a(rtimer.o)
                0x00002e4c                rtimer_init
 .text.rtimer_run_next
                0x00002e50       0x3e contiki-avr-atmega256rfr2.a(rtimer.o)
                0x00002e50                rtimer_run_next
 .text.timer_set
                0x00002e8e       0x18 contiki-avr-atmega256rfr2.a(timer.o)
                0x00002e8e                timer_set
 .text.timer_reset
                0x00002ea6       0x14 contiki-avr-atmega256rfr2.a(timer.o)
                0x00002ea6                timer_reset
 .text.timer_restart
                0x00002eba       0x14 contiki-avr-atmega256rfr2.a(timer.o)
                0x00002eba                timer_restart
 .text.timer_expired
                0x00002ece       0x30 contiki-avr-atmega256rfr2.a(timer.o)
                0x00002ece                timer_expired
 .text.list_init
                0x00002efe        0x8 contiki-avr-atmega256rfr2.a(list.o)
                0x00002efe                list_init
 .text.list_head
                0x00002f06        0x8 contiki-avr-atmega256rfr2.a(list.o)
                0x00002f06                list_head
 .text.list_tail
                0x00002f0e       0x20 contiki-avr-atmega256rfr2.a(list.o)
                0x00002f0e                list_tail
 .text.list_remove
                0x00002f2e       0x36 contiki-avr-atmega256rfr2.a(list.o)
                0x00002f2e                list_remove
 .text.list_add
                0x00002f64       0x32 contiki-avr-atmega256rfr2.a(list.o)
                0x00002f64                list_add
 .text.list_push
                0x00002f96       0x28 contiki-avr-atmega256rfr2.a(list.o)
                0x00002f96                list_push
 .text.list_length
                0x00002fbe       0x1a contiki-avr-atmega256rfr2.a(list.o)
                0x00002fbe                list_length
 .text.list_item_next
                0x00002fd8       0x12 contiki-avr-atmega256rfr2.a(list.o)
                0x00002fd8                list_item_next
 .text.memb_init
                0x00002fea       0x3c contiki-avr-atmega256rfr2.a(memb.o)
                0x00002fea                memb_init
 .text.memb_alloc
                0x00003026       0x4a contiki-avr-atmega256rfr2.a(memb.o)
                0x00003026                memb_alloc
 .text.memb_free
                0x00003070       0x4a contiki-avr-atmega256rfr2.a(memb.o)
                0x00003070                memb_free
 .text.memb_inmemb
                0x000030ba       0x3a contiki-avr-atmega256rfr2.a(memb.o)
                0x000030ba                memb_inmemb
 .text.memb_numfree
                0x000030f4       0x34 contiki-avr-atmega256rfr2.a(memb.o)
                0x000030f4                memb_numfree
 .text.print_stats
                0x00003128      0x1c0 contiki-avr-atmega256rfr2.a(print-stats.o)
                0x00003128                print_stats
 .text.chksum   0x000032e8       0x4a contiki-avr-atmega256rfr2.a(uip6.o)
 .text.upper_layer_chksum
                0x00003332       0x74 contiki-avr-atmega256rfr2.a(uip6.o)
 .text.ext_hdr_options_process
                0x000033a6       0xd4 contiki-avr-atmega256rfr2.a(uip6.o)
 .text.uip_add32
                0x0000347a       0x6e contiki-avr-atmega256rfr2.a(uip6.o)
                0x0000347a                uip_add32
 .text.unlikely.uip_add_rcv_nxt
                0x000034e8       0x34 contiki-avr-atmega256rfr2.a(uip6.o)
 .text.uip_icmp6chksum
                0x0000351c        0x6 contiki-avr-atmega256rfr2.a(uip6.o)
                0x0000351c                uip_icmp6chksum
 .text.uip_tcpchksum
                0x00003522        0x6 contiki-avr-atmega256rfr2.a(uip6.o)
                0x00003522                uip_tcpchksum
 .text.uip_udpchksum
                0x00003528        0x6 contiki-avr-atmega256rfr2.a(uip6.o)
                0x00003528                uip_udpchksum
 .text.uip_init
                0x0000352e       0x64 contiki-avr-atmega256rfr2.a(uip6.o)
                0x0000352e                uip_init
 .text.remove_ext_hdr
                0x00003592       0x6c contiki-avr-atmega256rfr2.a(uip6.o)
                0x00003592                remove_ext_hdr
 .text.uip_udp_new
                0x000035fe       0xbc contiki-avr-atmega256rfr2.a(uip6.o)
                0x000035fe                uip_udp_new
 .text.uip_unlisten
                0x000036ba       0x34 contiki-avr-atmega256rfr2.a(uip6.o)
                0x000036ba                uip_unlisten
 .text.uip_process
                0x000036ee     0x110c contiki-avr-atmega256rfr2.a(uip6.o)
                0x000036ee                uip_process
 .text.uip_htonl
                0x000047fa        0x6 contiki-avr-atmega256rfr2.a(uip6.o)
                0x000047fa                uip_htonl
 .text.uip_ds6_list_loop
                0x00004800       0x96 contiki-avr-atmega256rfr2.a(uip-ds6.o)
                0x00004800                uip_ds6_list_loop
 .text.uip_ds6_prefix_add
                0x00004896       0xb6 contiki-avr-atmega256rfr2.a(uip-ds6.o)
                0x00004896                uip_ds6_prefix_add
 .text.uip_ds6_is_addr_onlink
                0x0000494c       0x60 contiki-avr-atmega256rfr2.a(uip-ds6.o)
                0x0000494c                uip_ds6_is_addr_onlink
 .text.uip_ds6_addr_lookup
                0x000049ac       0x3a contiki-avr-atmega256rfr2.a(uip-ds6.o)
                0x000049ac                uip_ds6_addr_lookup
 .text.uip_ds6_get_link_local
                0x000049e6       0x5a contiki-avr-atmega256rfr2.a(uip-ds6.o)
                0x000049e6                uip_ds6_get_link_local
 .text.uip_ds6_maddr_add
                0x00004a40       0x64 contiki-avr-atmega256rfr2.a(uip-ds6.o)
                0x00004a40                uip_ds6_maddr_add
 .text.uip_ds6_addr_add
                0x00004aa4      0x104 contiki-avr-atmega256rfr2.a(uip-ds6.o)
                0x00004aa4                uip_ds6_addr_add
 .text.uip_ds6_maddr_rm
                0x00004ba8        0xa contiki-avr-atmega256rfr2.a(uip-ds6.o)
                0x00004ba8                uip_ds6_maddr_rm
 .text.uip_ds6_maddr_lookup
                0x00004bb2       0x3a contiki-avr-atmega256rfr2.a(uip-ds6.o)
                0x00004bb2                uip_ds6_maddr_lookup
 .text.uip_ds6_addr_rm
                0x00004bec       0x76 contiki-avr-atmega256rfr2.a(uip-ds6.o)
                0x00004bec                uip_ds6_addr_rm
 .text.uip_ds6_periodic
                0x00004c62       0x5c contiki-avr-atmega256rfr2.a(uip-ds6.o)
                0x00004c62                uip_ds6_periodic
 .text.uip_ds6_set_addr_iid
                0x00004cbe       0x1c contiki-avr-atmega256rfr2.a(uip-ds6.o)
                0x00004cbe                uip_ds6_set_addr_iid
 .text.get_match_length
                0x00004cda       0x2a contiki-avr-atmega256rfr2.a(uip-ds6.o)
                0x00004cda                get_match_length
 .text.uip_ds6_select_src
                0x00004d04       0xdc contiki-avr-atmega256rfr2.a(uip-ds6.o)
                0x00004d04                uip_ds6_select_src
 .text.uip_ds6_compute_reachable_time
                0x00004de0       0x58 contiki-avr-atmega256rfr2.a(uip-ds6.o)
                0x00004de0                uip_ds6_compute_reachable_time
 .text.uip_ds6_init
                0x00004e38      0x1e2 contiki-avr-atmega256rfr2.a(uip-ds6.o)
                0x00004e38                uip_ds6_init
 .text.uip_ds6_nbr_rm
                0x0000501a       0x2e contiki-avr-atmega256rfr2.a(uip-ds6-nbr.o)
                0x0000501a                uip_ds6_nbr_rm
 .text.uip_ds6_neighbors_init
                0x00005048       0x10 contiki-avr-atmega256rfr2.a(uip-ds6-nbr.o)
                0x00005048                uip_ds6_neighbors_init
 .text.uip_ds6_nbr_add
                0x00005058       0x86 contiki-avr-atmega256rfr2.a(uip-ds6-nbr.o)
                0x00005058                uip_ds6_nbr_add
 .text.uip_ds6_nbr_get_ll
                0x000050de        0xe contiki-avr-atmega256rfr2.a(uip-ds6-nbr.o)
                0x000050de                uip_ds6_nbr_get_ll
 .text.uip_ds6_nbr_lookup
                0x000050ec       0x56 contiki-avr-atmega256rfr2.a(uip-ds6-nbr.o)
                0x000050ec                uip_ds6_nbr_lookup
 .text.uip_ds6_nbr_ll_lookup
                0x00005142        0xe contiki-avr-atmega256rfr2.a(uip-ds6-nbr.o)
                0x00005142                uip_ds6_nbr_ll_lookup
 .text.uip_ds6_nbr_ipaddr_from_lladdr
                0x00005150        0x4 contiki-avr-atmega256rfr2.a(uip-ds6-nbr.o)
                0x00005150                uip_ds6_nbr_ipaddr_from_lladdr
 .text.uip_ds6_nbr_lladdr_from_ipaddr
                0x00005154       0x12 contiki-avr-atmega256rfr2.a(uip-ds6-nbr.o)
                0x00005154                uip_ds6_nbr_lladdr_from_ipaddr
 .text.uip_ds6_link_neighbor_callback
                0x00005166       0x48 contiki-avr-atmega256rfr2.a(uip-ds6-nbr.o)
                0x00005166                uip_ds6_link_neighbor_callback
 .text.uip_ds6_neighbor_periodic
                0x000051ae      0x17a contiki-avr-atmega256rfr2.a(uip-ds6-nbr.o)
                0x000051ae                uip_ds6_neighbor_periodic
 .text.call_route_callback
                0x00005328       0x64 contiki-avr-atmega256rfr2.a(uip-ds6-route.o)
 .text.uip_ds6_route_init
                0x0000538c       0x34 contiki-avr-atmega256rfr2.a(uip-ds6-route.o)
                0x0000538c                uip_ds6_route_init
 .text.uip_ds6_route_nexthop
                0x000053c0       0x1c contiki-avr-atmega256rfr2.a(uip-ds6-route.o)
                0x000053c0                uip_ds6_route_nexthop
 .text.uip_ds6_route_head
                0x000053dc        0x8 contiki-avr-atmega256rfr2.a(uip-ds6-route.o)
                0x000053dc                uip_ds6_route_head
 .text.uip_ds6_route_next
                0x000053e4        0xe contiki-avr-atmega256rfr2.a(uip-ds6-route.o)
                0x000053e4                uip_ds6_route_next
 .text.uip_ds6_route_lookup
                0x000053f2       0x96 contiki-avr-atmega256rfr2.a(uip-ds6-route.o)
                0x000053f2                uip_ds6_route_lookup
 .text.uip_ds6_route_rm
                0x00005488       0xce contiki-avr-atmega256rfr2.a(uip-ds6-route.o)
                0x00005488                uip_ds6_route_rm
 .text.rm_routelist
                0x00005556       0x3e contiki-avr-atmega256rfr2.a(uip-ds6-route.o)
 .text.rm_routelist_callback
                0x00005594        0x4 contiki-avr-atmega256rfr2.a(uip-ds6-route.o)
 .text.uip_ds6_route_add
                0x00005598      0x142 contiki-avr-atmega256rfr2.a(uip-ds6-route.o)
                0x00005598                uip_ds6_route_add
 .text.uip_ds6_defrt_rm
                0x000056da       0x5c contiki-avr-atmega256rfr2.a(uip-ds6-route.o)
                0x000056da                uip_ds6_defrt_rm
 .text.uip_ds6_defrt_lookup
                0x00005736       0x44 contiki-avr-atmega256rfr2.a(uip-ds6-route.o)
                0x00005736                uip_ds6_defrt_lookup
 .text.uip_ds6_defrt_add
                0x0000577a       0x8c contiki-avr-atmega256rfr2.a(uip-ds6-route.o)
                0x0000577a                uip_ds6_defrt_add
 .text.uip_ds6_defrt_choose
                0x00005806       0x48 contiki-avr-atmega256rfr2.a(uip-ds6-route.o)
                0x00005806                uip_ds6_defrt_choose
 .text.uip_ds6_defrt_periodic
                0x0000584e       0x3a contiki-avr-atmega256rfr2.a(uip-ds6-route.o)
                0x0000584e                uip_ds6_defrt_periodic
 .text.echo_reply_input
                0x00005888      0x15a contiki-avr-atmega256rfr2.a(uip-icmp6.o)
 .text.echo_request_input
                0x000059e2      0x14a contiki-avr-atmega256rfr2.a(uip-icmp6.o)
 .text.uip_icmp6_input
                0x00005b2c       0x4e contiki-avr-atmega256rfr2.a(uip-icmp6.o)
                0x00005b2c                uip_icmp6_input
 .text.uip_icmp6_register_input_handler
                0x00005b7a        0xa contiki-avr-atmega256rfr2.a(uip-icmp6.o)
                0x00005b7a                uip_icmp6_register_input_handler
 .text.uip_icmp6_error_output
                0x00005b84      0x1cc contiki-avr-atmega256rfr2.a(uip-icmp6.o)
                0x00005b84                uip_icmp6_error_output
 .text.uip_icmp6_send
                0x00005d50       0xb0 contiki-avr-atmega256rfr2.a(uip-icmp6.o)
                0x00005d50                uip_icmp6_send
 .text.uip_icmp6_init
                0x00005e00       0x10 contiki-avr-atmega256rfr2.a(uip-icmp6.o)
                0x00005e00                uip_icmp6_init
 .text.na_input
                0x00005e10      0x28e contiki-avr-atmega256rfr2.a(uip-nd6.o)
 .text.ns_input
                0x0000609e      0x360 contiki-avr-atmega256rfr2.a(uip-nd6.o)
 .text.uip_nd6_ns_output
                0x000063fe      0x200 contiki-avr-atmega256rfr2.a(uip-nd6.o)
                0x000063fe                uip_nd6_ns_output
 .text.uip_nd6_init
                0x000065fe       0x10 contiki-avr-atmega256rfr2.a(uip-nd6.o)
                0x000065fe                uip_nd6_init
 .text.process_thread_simple_udp_process
                0x0000660e       0xe2 contiki-avr-atmega256rfr2.a(simple-udp.o)
 .text.simple_udp_register
                0x000066f0       0xba contiki-avr-atmega256rfr2.a(simple-udp.o)
                0x000066f0                simple_udp_register
 .text.start_periodic_tcp_timer
                0x000067aa       0x16 contiki-avr-atmega256rfr2.a(tcpip.o)
 .text.tcpip_output
                0x000067c0       0x12 contiki-avr-atmega256rfr2.a(tcpip.o)
                0x000067c0                tcpip_output
 .text.tcpip_set_outputfunc
                0x000067d2        0xa contiki-avr-atmega256rfr2.a(tcpip.o)
                0x000067d2                tcpip_set_outputfunc
 .text.udp_new  0x000067dc       0x26 contiki-avr-atmega256rfr2.a(tcpip.o)
                0x000067dc                udp_new
 .text.udp_broadcast_new
                0x00006802       0x6e contiki-avr-atmega256rfr2.a(tcpip.o)
                0x00006802                udp_broadcast_new
 .text.tcpip_icmp6_call
                0x00006870       0x2e contiki-avr-atmega256rfr2.a(tcpip.o)
                0x00006870                tcpip_icmp6_call
 .text.tcpip_input
                0x0000689e       0x1c contiki-avr-atmega256rfr2.a(tcpip.o)
                0x0000689e                tcpip_input
 .text.tcpip_ipv6_output
                0x000068ba      0x274 contiki-avr-atmega256rfr2.a(tcpip.o)
                0x000068ba                tcpip_ipv6_output
 .text.process_thread_tcpip_process
                0x00006b2e      0x218 contiki-avr-atmega256rfr2.a(tcpip.o)
 .text.tcpip_uipcall
                0x00006d46       0x8a contiki-avr-atmega256rfr2.a(tcpip.o)
                0x00006d46                tcpip_uipcall
 .text.uip_debug_ipaddr_print
                0x00006dd0       0xe6 contiki-avr-atmega256rfr2.a(uip-debug.o)
                0x00006dd0                uip_debug_ipaddr_print
 .text.packet_timedout
                0x00006eb6       0x1c contiki-avr-atmega256rfr2.a(uip-packetqueue)
 .text.uip_packetqueue_new
                0x00006ed2        0x8 contiki-avr-atmega256rfr2.a(uip-packetqueue)
                0x00006ed2                uip_packetqueue_new
 .text.uip_packetqueue_alloc
                0x00006eda       0x5e contiki-avr-atmega256rfr2.a(uip-packetqueue)
                0x00006eda                uip_packetqueue_alloc
 .text.uip_packetqueue_free
                0x00006f38       0x2c contiki-avr-atmega256rfr2.a(uip-packetqueue)
                0x00006f38                uip_packetqueue_free
 .text.uip_packetqueue_buf
                0x00006f64       0x14 contiki-avr-atmega256rfr2.a(uip-packetqueue)
                0x00006f64                uip_packetqueue_buf
 .text.uip_packetqueue_buflen
                0x00006f78       0x1c contiki-avr-atmega256rfr2.a(uip-packetqueue)
                0x00006f78                uip_packetqueue_buflen
 .text.uip_packetqueue_set_buflen
                0x00006f94       0x16 contiki-avr-atmega256rfr2.a(uip-packetqueue)
                0x00006f94                uip_packetqueue_set_buflen
 .text.uip_split_output
                0x00006faa       0xf2 contiki-avr-atmega256rfr2.a(uip-split.o)
                0x00006faa                uip_split_output
 .text.uip_udp_packet_send
                0x0000709c       0x40 contiki-avr-atmega256rfr2.a(uip-udp-packet.)
                0x0000709c                uip_udp_packet_send
 .text.rpl_get_mode
                0x000070dc        0xa contiki-avr-atmega256rfr2.a(rpl.o)
                0x000070dc                rpl_get_mode
 .text.rpl_purge_routes
                0x000070e6       0xca contiki-avr-atmega256rfr2.a(rpl.o)
                0x000070e6                rpl_purge_routes
 .text.rpl_remove_routes
                0x000071b0       0x2c contiki-avr-atmega256rfr2.a(rpl.o)
                0x000071b0                rpl_remove_routes
 .text.rpl_remove_routes_by_nexthop
                0x000071dc       0x56 contiki-avr-atmega256rfr2.a(rpl.o)
                0x000071dc                rpl_remove_routes_by_nexthop
 .text.rpl_add_route
                0x00007232       0x46 contiki-avr-atmega256rfr2.a(rpl.o)
                0x00007232                rpl_add_route
 .text.rpl_link_neighbor_callback
                0x00007278       0xa2 contiki-avr-atmega256rfr2.a(rpl.o)
                0x00007278                rpl_link_neighbor_callback
 .text.rpl_ipv6_neighbor_callback
                0x0000731a       0x28 contiki-avr-atmega256rfr2.a(rpl.o)
                0x0000731a                rpl_ipv6_neighbor_callback
 .text.rpl_init
                0x00007342       0x78 contiki-avr-atmega256rfr2.a(rpl.o)
                0x00007342                rpl_init
 .text.lollipop_greater_than
                0x000073ba       0x48 contiki-avr-atmega256rfr2.a(rpl-dag.o)
 .text.rpl_set_preferred_parent
                0x00007402       0x3e contiki-avr-atmega256rfr2.a(rpl-dag.o)
 .text.set_ip_from_prefix
                0x00007440       0x38 contiki-avr-atmega256rfr2.a(rpl-dag.o)
 .text.check_prefix
                0x00007478       0xb4 contiki-avr-atmega256rfr2.a(rpl-dag.o)
 .text.find_parent_any_dag_any_instance
                0x0000752c       0x12 contiki-avr-atmega256rfr2.a(rpl-dag.o)
 .text.rpl_get_nbr
                0x0000753e       0x22 contiki-avr-atmega256rfr2.a(rpl-dag.o)
                0x0000753e                rpl_get_nbr
 .text.rpl_dag_init
                0x00007560        0xc contiki-avr-atmega256rfr2.a(rpl-dag.o)
                0x00007560                rpl_dag_init
 .text.rpl_get_parent
                0x0000756c        0xa contiki-avr-atmega256rfr2.a(rpl-dag.o)
                0x0000756c                rpl_get_parent
 .text.rpl_get_parent_ipaddr
                0x00007576        0xe contiki-avr-atmega256rfr2.a(rpl-dag.o)
                0x00007576                rpl_get_parent_ipaddr
 .text.rpl_set_prefix
                0x00007584       0xb4 contiki-avr-atmega256rfr2.a(rpl-dag.o)
                0x00007584                rpl_set_prefix
 .text.rpl_set_default_route
                0x00007638       0x7c contiki-avr-atmega256rfr2.a(rpl-dag.o)
                0x00007638                rpl_set_default_route
 .text.rpl_alloc_instance
                0x000076b4       0x2a contiki-avr-atmega256rfr2.a(rpl-dag.o)
                0x000076b4                rpl_alloc_instance
 .text.rpl_add_parent
                0x000076de       0x72 contiki-avr-atmega256rfr2.a(rpl-dag.o)
                0x000076de                rpl_add_parent
 .text.rpl_find_parent
                0x00007750       0x2a contiki-avr-atmega256rfr2.a(rpl-dag.o)
                0x00007750                rpl_find_parent
 .text.rpl_find_parent_any_dag
                0x0000777a       0x36 contiki-avr-atmega256rfr2.a(rpl-dag.o)
                0x0000777a                rpl_find_parent_any_dag
 .text.rpl_select_parent
                0x000077b0       0x8e contiki-avr-atmega256rfr2.a(rpl-dag.o)
                0x000077b0                rpl_select_parent
 .text.rpl_select_dag
                0x0000783e      0x248 contiki-avr-atmega256rfr2.a(rpl-dag.o)
                0x0000783e                rpl_select_dag
 .text.rpl_nullify_parent
                0x00007a86       0x70 contiki-avr-atmega256rfr2.a(rpl-dag.o)
                0x00007a86                rpl_nullify_parent
 .text.rpl_remove_parent
                0x00007af6       0x18 contiki-avr-atmega256rfr2.a(rpl-dag.o)
                0x00007af6                rpl_remove_parent
 .text.nbr_callback
                0x00007b0e        0x4 contiki-avr-atmega256rfr2.a(rpl-dag.o)
 .text.remove_parents.constprop.4
                0x00007b12       0x3e contiki-avr-atmega256rfr2.a(rpl-dag.o)
 .text.rpl_free_dag
                0x00007b50       0x34 contiki-avr-atmega256rfr2.a(rpl-dag.o)
                0x00007b50                rpl_free_dag
 .text.rpl_free_instance
                0x00007b84       0x88 contiki-avr-atmega256rfr2.a(rpl-dag.o)
                0x00007b84                rpl_free_instance
 .text.rpl_move_parent
                0x00007c0c       0x7c contiki-avr-atmega256rfr2.a(rpl-dag.o)
                0x00007c0c                rpl_move_parent
 .text.rpl_get_any_dag
                0x00007c88       0x1e contiki-avr-atmega256rfr2.a(rpl-dag.o)
                0x00007c88                rpl_get_any_dag
 .text.rpl_get_instance
                0x00007ca6       0x1c contiki-avr-atmega256rfr2.a(rpl-dag.o)
                0x00007ca6                rpl_get_instance
 .text.get_dag  0x00007cc2       0x6a contiki-avr-atmega256rfr2.a(rpl-dag.o)
 .text.rpl_repair_root
                0x00007d2c       0x52 contiki-avr-atmega256rfr2.a(rpl-dag.o)
                0x00007d2c                rpl_repair_root
 .text.rpl_alloc_dag
                0x00007d7e       0x5e contiki-avr-atmega256rfr2.a(rpl-dag.o)
                0x00007d7e                rpl_alloc_dag
 .text.rpl_set_root
                0x00007ddc      0x138 contiki-avr-atmega256rfr2.a(rpl-dag.o)
                0x00007ddc                rpl_set_root
 .text.rpl_find_of
                0x00007f14       0x1a contiki-avr-atmega256rfr2.a(rpl-dag.o)
                0x00007f14                rpl_find_of
 .text.rpl_join_instance
                0x00007f2e      0x1e4 contiki-avr-atmega256rfr2.a(rpl-dag.o)
                0x00007f2e                rpl_join_instance
 .text.rpl_local_repair
                0x00008112       0x9e contiki-avr-atmega256rfr2.a(rpl-dag.o)
                0x00008112                rpl_local_repair
 .text.rpl_process_parent_event
                0x000081b0       0xd8 contiki-avr-atmega256rfr2.a(rpl-dag.o)
                0x000081b0                rpl_process_parent_event
 .text.rpl_add_dag
                0x00008288      0x178 contiki-avr-atmega256rfr2.a(rpl-dag.o)
                0x00008288                rpl_add_dag
 .text.rpl_recalculate_ranks
                0x00008400       0x48 contiki-avr-atmega256rfr2.a(rpl-dag.o)
                0x00008400                rpl_recalculate_ranks
 .text.rpl_process_dio
                0x00008448      0x40e contiki-avr-atmega256rfr2.a(rpl-dag.o)
                0x00008448                rpl_process_dio
 .text.rpl_lock_parent
                0x00008856        0xa contiki-avr-atmega256rfr2.a(rpl-dag.o)
                0x00008856                rpl_lock_parent
 .text.rpl_verify_header
                0x00008860       0xc6 contiki-avr-atmega256rfr2.a(rpl-ext-header.)
                0x00008860                rpl_verify_header
 .text.rpl_update_header_empty
                0x00008926      0x166 contiki-avr-atmega256rfr2.a(rpl-ext-header.)
                0x00008926                rpl_update_header_empty
 .text.rpl_update_header_final
                0x00008a8c       0xd4 contiki-avr-atmega256rfr2.a(rpl-ext-header.)
                0x00008a8c                rpl_update_header_final
 .text.rpl_invert_header
                0x00008b60       0x86 contiki-avr-atmega256rfr2.a(rpl-ext-header.)
                0x00008b60                rpl_invert_header
 .text.rpl_insert_header
                0x00008be6       0x1a contiki-avr-atmega256rfr2.a(rpl-ext-header.)
                0x00008be6                rpl_insert_header
 .text.get32    0x00008c00       0x1c contiki-avr-atmega256rfr2.a(rpl-icmp6.o)
 .text.set32    0x00008c1c       0x10 contiki-avr-atmega256rfr2.a(rpl-icmp6.o)
 .text.get16    0x00008c2c       0x10 contiki-avr-atmega256rfr2.a(rpl-icmp6.o)
 .text.set16    0x00008c3c        0xc contiki-avr-atmega256rfr2.a(rpl-icmp6.o)
 .text.dao_ack_input
                0x00008c48        0xa contiki-avr-atmega256rfr2.a(rpl-icmp6.o)
 .text.dio_input
                0x00008c52      0x354 contiki-avr-atmega256rfr2.a(rpl-icmp6.o)
 .text.dis_output
                0x00008fa6       0x74 contiki-avr-atmega256rfr2.a(rpl-icmp6.o)
                0x00008fa6                dis_output
 .text.dio_output
                0x0000901a      0x310 contiki-avr-atmega256rfr2.a(rpl-icmp6.o)
                0x0000901a                dio_output
 .text.dis_input
                0x0000932a       0x30 contiki-avr-atmega256rfr2.a(rpl-icmp6.o)
 .text.dao_output_target
                0x0000935a      0x11e contiki-avr-atmega256rfr2.a(rpl-icmp6.o)
                0x0000935a                dao_output_target
 .text.dao_output
                0x00009478       0x88 contiki-avr-atmega256rfr2.a(rpl-icmp6.o)
                0x00009478                dao_output
 .text.dao_ack_output
                0x00009500       0x36 contiki-avr-atmega256rfr2.a(rpl-icmp6.o)
                0x00009500                dao_ack_output
 .text.dao_input
                0x00009536      0x35c contiki-avr-atmega256rfr2.a(rpl-icmp6.o)
 .text.rpl_icmp6_register_handlers
                0x00009892       0x20 contiki-avr-atmega256rfr2.a(rpl-icmp6.o)
                0x00009892                rpl_icmp6_register_handlers
 .text.reset    0x000098b2        0x2 contiki-avr-atmega256rfr2.a(rpl-mrhof.o)
 .text.update_metric_container
                0x000098b4        0x6 contiki-avr-atmega256rfr2.a(rpl-mrhof.o)
 .text.calculate_rank
                0x000098ba       0x54 contiki-avr-atmega256rfr2.a(rpl-mrhof.o)
 .text.neighbor_link_callback
                0x0000990e       0xae contiki-avr-atmega256rfr2.a(rpl-mrhof.o)
 .text.best_dag
                0x000099bc       0x40 contiki-avr-atmega256rfr2.a(rpl-mrhof.o)
 .text.best_parent
                0x000099fc       0xa6 contiki-avr-atmega256rfr2.a(rpl-mrhof.o)
 .text.new_dio_interval
                0x00009aa2       0x9c contiki-avr-atmega256rfr2.a(rpl-timers.o)
 .text.handle_periodic_timer
                0x00009b3e       0x46 contiki-avr-atmega256rfr2.a(rpl-timers.o)
 .text.set_dao_lifetime_timer
                0x00009b84       0x5a contiki-avr-atmega256rfr2.a(rpl-timers.o)
 .text.handle_dio_timer
                0x00009bde       0xb4 contiki-avr-atmega256rfr2.a(rpl-timers.o)
 .text.schedule_dao
                0x00009c92       0x80 contiki-avr-atmega256rfr2.a(rpl-timers.o)
 .text.handle_dao_timer
                0x00009d12       0x7e contiki-avr-atmega256rfr2.a(rpl-timers.o)
 .text.rpl_reset_periodic_timer
                0x00009d90       0x3a contiki-avr-atmega256rfr2.a(rpl-timers.o)
                0x00009d90                rpl_reset_periodic_timer
 .text.rpl_reset_dio_timer
                0x00009dca       0x20 contiki-avr-atmega256rfr2.a(rpl-timers.o)
                0x00009dca                rpl_reset_dio_timer
 .text.rpl_schedule_dao
                0x00009dea        0x8 contiki-avr-atmega256rfr2.a(rpl-timers.o)
                0x00009dea                rpl_schedule_dao
 .text.send_packet
                0x00009df2        0xa contiki-avr-atmega256rfr2.a(nullmac.o)
 .text.packet_input
                0x00009dfc        0xa contiki-avr-atmega256rfr2.a(nullmac.o)
 .text.on       0x00009e06        0xa contiki-avr-atmega256rfr2.a(nullmac.o)
 .text.off      0x00009e10        0xa contiki-avr-atmega256rfr2.a(nullmac.o)
 .text.channel_check_interval
                0x00009e1a        0x6 contiki-avr-atmega256rfr2.a(nullmac.o)
 .text.init     0x00009e20        0x2 contiki-avr-atmega256rfr2.a(nullmac.o)
 .text.on       0x00009e22        0xa contiki-avr-atmega256rfr2.a(nullrdc.o)
 .text.channel_check_interval
                0x00009e2c        0x6 contiki-avr-atmega256rfr2.a(nullrdc.o)
 .text.init     0x00009e32        0x4 contiki-avr-atmega256rfr2.a(nullrdc.o)
 .text.send_one_packet
                0x00009e36       0x98 contiki-avr-atmega256rfr2.a(nullrdc.o)
 .text.send_list
                0x00009ece       0x40 contiki-avr-atmega256rfr2.a(nullrdc.o)
 .text.send_packet
                0x00009f0e        0x4 contiki-avr-atmega256rfr2.a(nullrdc.o)
 .text.off      0x00009f12       0x18 contiki-avr-atmega256rfr2.a(nullrdc.o)
 .text.packet_input
                0x00009f2a       0x3c contiki-avr-atmega256rfr2.a(nullrdc.o)
 .text.linkaddr_copy
                0x00009f66       0x10 contiki-avr-atmega256rfr2.a(linkaddr.o)
                0x00009f66                linkaddr_copy
 .text.linkaddr_cmp
                0x00009f76       0x18 contiki-avr-atmega256rfr2.a(linkaddr.o)
                0x00009f76                linkaddr_cmp
 .text.linkaddr_set_node_addr
                0x00009f8e        0xa contiki-avr-atmega256rfr2.a(linkaddr.o)
                0x00009f8e                linkaddr_set_node_addr
 .text.index_from_key
                0x00009f98       0x32 contiki-avr-atmega256rfr2.a(nbr-table.o)
 .text.nbr_set_bit
                0x00009fca       0x66 contiki-avr-atmega256rfr2.a(nbr-table.o)
 .text.index_from_lladdr
                0x0000a030       0x5a contiki-avr-atmega256rfr2.a(nbr-table.o)
 .text.key_from_item
                0x0000a08a       0x48 contiki-avr-atmega256rfr2.a(nbr-table.o)
 .text.item_from_key
                0x0000a0d2       0x3e contiki-avr-atmega256rfr2.a(nbr-table.o)
 .text.nbr_get_bit.constprop.0
                0x0000a110       0x4a contiki-avr-atmega256rfr2.a(nbr-table.o)
 .text.nbr_table_register
                0x0000a15a       0x40 contiki-avr-atmega256rfr2.a(nbr-table.o)
                0x0000a15a                nbr_table_register
 .text.nbr_table_next
                0x0000a19a       0x3e contiki-avr-atmega256rfr2.a(nbr-table.o)
                0x0000a19a                nbr_table_next
 .text.nbr_table_head
                0x0000a1d8       0x44 contiki-avr-atmega256rfr2.a(nbr-table.o)
                0x0000a1d8                nbr_table_head
 .text.nbr_table_add_lladdr
                0x0000a21c      0x1c0 contiki-avr-atmega256rfr2.a(nbr-table.o)
                0x0000a21c                nbr_table_add_lladdr
 .text.nbr_table_get_from_lladdr
                0x0000a3dc       0x5e contiki-avr-atmega256rfr2.a(nbr-table.o)
                0x0000a3dc                nbr_table_get_from_lladdr
 .text.nbr_table_remove
                0x0000a43a       0x42 contiki-avr-atmega256rfr2.a(nbr-table.o)
                0x0000a43a                nbr_table_remove
 .text.nbr_table_lock
                0x0000a47c       0x10 contiki-avr-atmega256rfr2.a(nbr-table.o)
                0x0000a47c                nbr_table_lock
 .text.nbr_table_unlock
                0x0000a48c       0x10 contiki-avr-atmega256rfr2.a(nbr-table.o)
                0x0000a48c                nbr_table_unlock
 .text.nbr_table_get_lladdr
                0x0000a49c       0x12 contiki-avr-atmega256rfr2.a(nbr-table.o)
                0x0000a49c                nbr_table_get_lladdr
 .text.netstack_init
                0x0000a4ae       0x28 contiki-avr-atmega256rfr2.a(netstack.o)
                0x0000a4ae                netstack_init
 .text.packetbuf_copyto_hdr
                0x0000a4d6       0x24 contiki-avr-atmega256rfr2.a(packetbuf.o)
                0x0000a4d6                packetbuf_copyto_hdr
 .text.packetbuf_copyto
                0x0000a4fa       0x7a contiki-avr-atmega256rfr2.a(packetbuf.o)
                0x0000a4fa                packetbuf_copyto
 .text.packetbuf_hdrreduce
                0x0000a574       0x3a contiki-avr-atmega256rfr2.a(packetbuf.o)
                0x0000a574                packetbuf_hdrreduce
 .text.packetbuf_set_datalen
                0x0000a5ae        0xa contiki-avr-atmega256rfr2.a(packetbuf.o)
                0x0000a5ae                packetbuf_set_datalen
 .text.packetbuf_dataptr
                0x0000a5b8        0xe contiki-avr-atmega256rfr2.a(packetbuf.o)
                0x0000a5b8                packetbuf_dataptr
 .text.packetbuf_hdrptr
                0x0000a5c6        0xc contiki-avr-atmega256rfr2.a(packetbuf.o)
                0x0000a5c6                packetbuf_hdrptr
 .text.packetbuf_is_reference
                0x0000a5d2       0x18 contiki-avr-atmega256rfr2.a(packetbuf.o)
                0x0000a5d2                packetbuf_is_reference
 .text.packetbuf_compact
                0x0000a5ea       0x5e contiki-avr-atmega256rfr2.a(packetbuf.o)
                0x0000a5ea                packetbuf_compact
 .text.packetbuf_reference_ptr
                0x0000a648        0xa contiki-avr-atmega256rfr2.a(packetbuf.o)
                0x0000a648                packetbuf_reference_ptr
 .text.packetbuf_datalen
                0x0000a652        0xa contiki-avr-atmega256rfr2.a(packetbuf.o)
                0x0000a652                packetbuf_datalen
 .text.packetbuf_hdrlen
                0x0000a65c       0x10 contiki-avr-atmega256rfr2.a(packetbuf.o)
                0x0000a65c                packetbuf_hdrlen
 .text.packetbuf_totlen
                0x0000a66c       0x16 contiki-avr-atmega256rfr2.a(packetbuf.o)
                0x0000a66c                packetbuf_totlen
 .text.packetbuf_hdralloc
                0x0000a682       0x3c contiki-avr-atmega256rfr2.a(packetbuf.o)
                0x0000a682                packetbuf_hdralloc
 .text.packetbuf_attr_clear
                0x0000a6be       0x32 contiki-avr-atmega256rfr2.a(packetbuf.o)
                0x0000a6be                packetbuf_attr_clear
 .text.packetbuf_clear
                0x0000a6f0       0x26 contiki-avr-atmega256rfr2.a(packetbuf.o)
                0x0000a6f0                packetbuf_clear
 .text.packetbuf_copyfrom
                0x0000a716       0x60 contiki-avr-atmega256rfr2.a(packetbuf.o)
                0x0000a716                packetbuf_copyfrom
 .text.packetbuf_attr_copyto
                0x0000a776       0x22 contiki-avr-atmega256rfr2.a(packetbuf.o)
                0x0000a776                packetbuf_attr_copyto
 .text.packetbuf_attr_copyfrom
                0x0000a798       0x22 contiki-avr-atmega256rfr2.a(packetbuf.o)
                0x0000a798                packetbuf_attr_copyfrom
 .text.packetbuf_set_attr
                0x0000a7ba       0x16 contiki-avr-atmega256rfr2.a(packetbuf.o)
                0x0000a7ba                packetbuf_set_attr
 .text.packetbuf_attr
                0x0000a7d0       0x12 contiki-avr-atmega256rfr2.a(packetbuf.o)
                0x0000a7d0                packetbuf_attr
 .text.packetbuf_set_addr
                0x0000a7e2       0x16 contiki-avr-atmega256rfr2.a(packetbuf.o)
                0x0000a7e2                packetbuf_set_addr
 .text.packetbuf_addr
                0x0000a7f8        0xe contiki-avr-atmega256rfr2.a(packetbuf.o)
                0x0000a7f8                packetbuf_addr
 .text.packetbuf_holds_broadcast
                0x0000a806        0xc contiki-avr-atmega256rfr2.a(packetbuf.o)
                0x0000a806                packetbuf_holds_broadcast
 .text.queuebuf_init
                0x0000a812       0x18 contiki-avr-atmega256rfr2.a(queuebuf.o)
                0x0000a812                queuebuf_init
 .text.queuebuf_numfree
                0x0000a82a       0x16 contiki-avr-atmega256rfr2.a(queuebuf.o)
                0x0000a82a                queuebuf_numfree
 .text.queuebuf_new_from_packetbuf
                0x0000a840       0x9a contiki-avr-atmega256rfr2.a(queuebuf.o)
                0x0000a840                queuebuf_new_from_packetbuf
 .text.queuebuf_free
                0x0000a8da       0x4a contiki-avr-atmega256rfr2.a(queuebuf.o)
                0x0000a8da                queuebuf_free
 .text.queuebuf_to_packetbuf
                0x0000a924       0x92 contiki-avr-atmega256rfr2.a(queuebuf.o)
                0x0000a924                queuebuf_to_packetbuf
 .text.bootstrap
                0x0000a9b6        0x4 contiki-avr-atmega256rfr2.a(nullsec.o)
 .text.on_frame_created
                0x0000a9ba        0x6 contiki-avr-atmega256rfr2.a(nullsec.o)
 .text.input    0x0000a9c0        0xa contiki-avr-atmega256rfr2.a(nullsec.o)
 .text.get_overhead
                0x0000a9ca        0x4 contiki-avr-atmega256rfr2.a(nullsec.o)
 .text.send     0x0000a9ce       0x2c contiki-avr-atmega256rfr2.a(nullsec.o)
 .text.stimer_set
                0x0000a9fa       0x20 contiki-avr-atmega256rfr2.a(stimer.o)
                0x0000a9fa                stimer_set
 .text.stimer_expired
                0x0000aa1a       0x5c contiki-avr-atmega256rfr2.a(stimer.o)
                0x0000aa1a                stimer_expired
 .text.sicslowpan_init
                0x0000aa76       0x1e contiki-avr-atmega256rfr2.a(sicslowpan.o)
                0x0000aa76                sicslowpan_init
 .text.set_packet_attrs
                0x0000aa94       0x52 contiki-avr-atmega256rfr2.a(sicslowpan.o)
 .text.compress_addr_64
                0x0000aae6       0xcc contiki-avr-atmega256rfr2.a(sicslowpan.o)
 .text.addr_context_lookup_by_prefix
                0x0000abb2       0x26 contiki-avr-atmega256rfr2.a(sicslowpan.o)
 .text.send_packet
                0x0000abd8       0x1e contiki-avr-atmega256rfr2.a(sicslowpan.o)
 .text.output   0x0000abf6      0x87c contiki-avr-atmega256rfr2.a(sicslowpan.o)
 .text.packet_sent
                0x0000b472       0x32 contiki-avr-atmega256rfr2.a(sicslowpan.o)
 .text.uncompress_addr
                0x0000b4a4       0xe2 contiki-avr-atmega256rfr2.a(sicslowpan.o)
 .text.input    0x0000b586      0x78e contiki-avr-atmega256rfr2.a(sicslowpan.o)
 .text.parse    0x0000bd14       0xd4 contiki-avr-atmega256rfr2.a(framer-802154.o)
 .text.create_frame.isra.0
                0x0000bde8      0x14c contiki-avr-atmega256rfr2.a(framer-802154.o)
 .text.create   0x0000bf34        0x8 contiki-avr-atmega256rfr2.a(framer-802154.o)
 .text.hdr_length
                0x0000bf3c        0x8 contiki-avr-atmega256rfr2.a(framer-802154.o)
 .text.framer_canonical_create_and_secure
                0x0000bf44       0x34 contiki-avr-atmega256rfr2.a(framer.o)
                0x0000bf44                framer_canonical_create_and_secure
 .text.mac_call_sent_callback
                0x0000bf78       0x10 contiki-avr-atmega256rfr2.a(mac.o)
                0x0000bf78                mac_call_sent_callback
 .text.field_len
                0x0000bf88       0x8e contiki-avr-atmega256rfr2.a(frame802154.o)
 .text.frame802154_hdrlen
                0x0000c016       0x46 contiki-avr-atmega256rfr2.a(frame802154.o)
                0x0000c016                frame802154_hdrlen
 .text.frame802154_create
                0x0000c05c      0x1ac contiki-avr-atmega256rfr2.a(frame802154.o)
                0x0000c05c                frame802154_create
 .text.frame802154_parse
                0x0000c208      0x19c contiki-avr-atmega256rfr2.a(frame802154.o)
                0x0000c208                frame802154_parse
 .text.libgcc.div
                0x0000c3a4       0x28 /usr/local/bin/../lib/gcc/avr/4.8.1/avr6/libgcc.a(_udivmodhi4.o)
                0x0000c3a4                __udivmodhi4
 .text.libgcc.div
                0x0000c3cc       0x28 /usr/local/bin/../lib/gcc/avr/4.8.1/avr6/libgcc.a(_divmodhi4.o)
                0x0000c3cc                __divmodhi4
                0x0000c3cc                _div
 .text.libgcc.div
                0x0000c3f4       0x44 /usr/local/bin/../lib/gcc/avr/4.8.1/avr6/libgcc.a(_udivmodsi4.o)
                0x0000c3f4                __udivmodsi4
 .text.libgcc   0x0000c438        0xc /usr/local/bin/../lib/gcc/avr/4.8.1/avr6/libgcc.a(_tablejump.o)
                0x0000c438                __tablejump2__
                0x0000c43c                __tablejump__
 .text.libgcc.builtins
                0x0000c444        0xe /usr/local/bin/../lib/gcc/avr/4.8.1/avr6/libgcc.a(_bswapsi2.o)
                0x0000c444                __bswapsi2
 .text.libgcc.mul
                0x0000c452       0x1e /usr/local/bin/../lib/gcc/avr/4.8.1/avr6/libgcc.a(_umulhisi3.o)
                0x0000c452                __umulhisi3
 .text.avr-libc
                0x0000c470       0xb8 /usr/local/bin/../lib/gcc/avr/4.8.1/../../../../avr/lib/avr6/libc.a(rand.o)
                0x0000c506                rand_r
                0x0000c50a                rand
                0x0000c512                srand
 .text.avr-libc
                0x0000c528       0x1a /usr/local/bin/../lib/gcc/avr/4.8.1/../../../../avr/lib/avr6/libc.a(memcmp.o)
                0x0000c528                memcmp
 .text.avr-libc
                0x0000c542       0x12 /usr/local/bin/../lib/gcc/avr/4.8.1/../../../../avr/lib/avr6/libc.a(memcpy.o)
                0x0000c542                memcpy
 .text.avr-libc
                0x0000c554       0x24 /usr/local/bin/../lib/gcc/avr/4.8.1/../../../../avr/lib/avr6/libc.a(memmove.o)
                0x0000c554                memmove
 .text.avr-libc
                0x0000c578        0xe /usr/local/bin/../lib/gcc/avr/4.8.1/../../../../avr/lib/avr6/libc.a(memset.o)
                0x0000c578                memset
 .text.avr-libc
                0x0000c586       0x24 /usr/local/bin/../lib/gcc/avr/4.8.1/../../../../avr/lib/avr6/libc.a(printf.o)
                0x0000c586                printf
 .text.avr-libc
                0x0000c5aa       0x48 /usr/local/bin/../lib/gcc/avr/4.8.1/../../../../avr/lib/avr6/libc.a(printf_p.o)
                0x0000c5aa                printf_P
 .text.avr-libc
                0x0000c5f2        0xc /usr/local/bin/../lib/gcc/avr/4.8.1/../../../../avr/lib/avr6/libc.a(putchar.o)
                0x0000c5f2                putchar
 .text.avr-libc
                0x0000c5fe       0x5a /usr/local/bin/../lib/gcc/avr/4.8.1/../../../../avr/lib/avr6/libc.a(puts.o)
                0x0000c5fe                puts
 .text.avr-libc
                0x0000c658      0x3f6 /usr/local/bin/../lib/gcc/avr/4.8.1/../../../../avr/lib/avr6/libc.a(vfprintf_std.o)
                0x0000c658                vfprintf
 .text.avr-libc
                0x0000ca4e       0x20 /usr/local/bin/../lib/gcc/avr/4.8.1/../../../../avr/lib/avr6/libc.a(eerd_block_atmega256rfr2.o)
                0x0000ca4e                __eerd_block_EEPROM_SUFFIX
                0x0000ca52                __eerd_blraw_EEPROM_SUFFIX
 .text.avr-libc
                0x0000ca6e       0x10 /usr/local/bin/../lib/gcc/avr/4.8.1/../../../../avr/lib/avr6/libc.a(eerd_byte_atmega256rfr2.o)
                0x0000ca6e                __eerd_byte_EEPROM_SUFFIX
 .text.avr-libc
                0x0000ca7e        0xc /usr/local/bin/../lib/gcc/avr/4.8.1/../../../../avr/lib/avr6/libc.a(eerd_word_atmega256rfr2.o)
                0x0000ca7e                __eerd_word_EEPROM_SUFFIX
 .text.avr-libc
                0x0000ca8a       0x14 /usr/local/bin/../lib/gcc/avr/4.8.1/../../../../avr/lib/avr6/libc.a(eewr_block_atmega256rfr2.o)
                0x0000ca8a                __eewr_block_EEPROM_SUFFIX
 .text.avr-libc
                0x0000ca9e       0x1c /usr/local/bin/../lib/gcc/avr/4.8.1/../../../../avr/lib/avr6/libc.a(eewr_byte_atmega256rfr2.o)
                0x0000ca9e                __eewr_byte_EEPROM_SUFFIX
                0x0000caa0                __eewr_r18_EEPROM_SUFFIX
 .text.avr-libc
                0x0000caba        0xa /usr/local/bin/../lib/gcc/avr/4.8.1/../../../../avr/lib/avr6/libc.a(eewr_word_atmega256rfr2.o)
                0x0000caba                __eewr_word_EEPROM_SUFFIX
 .text.avr-libc
                0x0000cac4       0x16 /usr/local/bin/../lib/gcc/avr/4.8.1/../../../../avr/lib/avr6/libc.a(strnlen_P.o)
                0x0000cac4                strnlen_P
 .text.avr-libc
                0x0000cada       0x16 /usr/local/bin/../lib/gcc/avr/4.8.1/../../../../avr/lib/avr6/libc.a(strnlen.o)
                0x0000cada                strnlen
 .text.avr-libc
                0x0000caf0       0x64 /usr/local/bin/../lib/gcc/avr/4.8.1/../../../../avr/lib/avr6/libc.a(fputc.o)
                0x0000caf0                fputc
 .text.avr-libc
                0x0000cb54       0xbc /usr/local/bin/../lib/gcc/avr/4.8.1/../../../../avr/lib/avr6/libc.a(ultoa_invert.o)
                0x0000cb54                __ultoa_invert
 .text.libgcc.div
                0x0000cc10       0x2e /usr/local/bin/../lib/gcc/avr/4.8.1/avr6/libgcc.a(_divmodsi4.o)
                0x0000cc10                __divmodsi4
 .text.libgcc.div
                0x0000cc3e       0x10 /usr/local/bin/../lib/gcc/avr/4.8.1/avr6/libgcc.a(_negsi2.o)
                0x0000cc3e                __negsi2
 .text.libgcc.mul
                0x0000cc4e       0x16 /usr/local/bin/../lib/gcc/avr/4.8.1/avr6/libgcc.a(_muluhisi3.o)
                0x0000cc4e                __muluhisi3
 .text.libgcc.mul
                0x0000cc64       0x10 /usr/local/bin/../lib/gcc/avr/4.8.1/avr6/libgcc.a(_mulshisi3.o)
                0x0000cc64                __mulshisi3
                0x0000cc6a                __mulohisi3
                0x0000cc74                . = ALIGN (0x2)
 *(.fini9)
 .fini9         0x0000cc74        0x0 /usr/local/bin/../lib/gcc/avr/4.8.1/avr6/libgcc.a(_exit.o)
                0x0000cc74                exit
                0x0000cc74                _exit
 *(.fini9)
 *(.fini8)
 *(.fini8)
 *(.fini7)
 *(.fini7)
 *(.fini6)
 *(.fini6)
 *(.fini5)
 *(.fini5)
 *(.fini4)
 *(.fini4)
 *(.fini3)
 *(.fini3)
 *(.fini2)
 *(.fini2)
 *(.fini1)
 *(.fini1)
 *(.fini0)
 .fini0         0x0000cc74        0x4 /usr/local/bin/../lib/gcc/avr/4.8.1/avr6/libgcc.a(_exit.o)
 *(.fini0)
                0x0000cc78                _etext = .

.data           0x00800200      0x344 load address 0x0000cc78
                0x00800200                PROVIDE (__data_start, .)
 *(.data)
 .data          0x00800200        0x4 /usr/local/bin/../lib/gcc/avr/4.8.1/../../../../avr/lib/avr6/libc.a(rand.o)
 *(.data*)
 .data.unicast_receiver_process
                0x00800204        0xa unicast-receiver.co
                0x00800204                unicast_receiver_process
 .data.servreg_hack_process
                0x0080020e        0xa contiki-avr-atmega256rfr2.a(servreg-hack.o)
                0x0080020e                servreg_hack_process
 .data.registrations
                0x00800218        0x8 contiki-avr-atmega256rfr2.a(servreg-hack.o)
 .data.rs232_stdout
                0x00800220        0xe contiki-avr-atmega256rfr2.a(rs232.o)
 .data.rf230_process
                0x0080022e        0xa contiki-avr-atmega256rfr2.a(rf230bb.o)
                0x0080022e                rf230_process
 .data.ctimer_process
                0x00800238        0xa contiki-avr-atmega256rfr2.a(ctimer.o)
                0x00800238                ctimer_process
 .data.etimer_process
                0x00800242        0xa contiki-avr-atmega256rfr2.a(etimer.o)
                0x00800242                etimer_process
 .data.ds6_neighbors
                0x0080024c        0x2 contiki-avr-atmega256rfr2.a(uip-ds6-nbr.o)
                0x0080024c                ds6_neighbors
 .data.ds6_neighbors_struct
                0x0080024e        0x8 contiki-avr-atmega256rfr2.a(uip-ds6-nbr.o)
 .data.defaultroutermemb
                0x00800256        0x8 contiki-avr-atmega256rfr2.a(uip-ds6-route.o)
 .data.routememb
                0x0080025e        0x8 contiki-avr-atmega256rfr2.a(uip-ds6-route.o)
 .data.neighborroutememb
                0x00800266        0x8 contiki-avr-atmega256rfr2.a(uip-ds6-route.o)
 .data.nbr_routes_struct
                0x0080026e        0x8 contiki-avr-atmega256rfr2.a(uip-ds6-route.o)
 .data.echo_reply_handler
                0x00800276        0x6 contiki-avr-atmega256rfr2.a(uip-icmp6.o)
 .data.echo_request_handler
                0x0080027c        0x6 contiki-avr-atmega256rfr2.a(uip-icmp6.o)
 .data.na_input_handler
                0x00800282        0x6 contiki-avr-atmega256rfr2.a(uip-nd6.o)
 .data.ns_input_handler
                0x00800288        0x6 contiki-avr-atmega256rfr2.a(uip-nd6.o)
 .data.simple_udp_process
                0x0080028e        0xa contiki-avr-atmega256rfr2.a(simple-udp.o)
                0x0080028e                simple_udp_process
 .data.tcpip_process
                0x00800298        0xa contiki-avr-atmega256rfr2.a(tcpip.o)
                0x00800298                tcpip_process
 .data.packets_memb
                0x008002a2        0x8 contiki-avr-atmega256rfr2.a(uip-packetqueue)
 .data.rpl_parents_struct
                0x008002aa        0x8 contiki-avr-atmega256rfr2.a(rpl-dag.o)
 .data.dao_ack_handler
                0x008002b2        0x6 contiki-avr-atmega256rfr2.a(rpl-icmp6.o)
 .data.dao_handler
                0x008002b8        0x6 contiki-avr-atmega256rfr2.a(rpl-icmp6.o)
 .data.dio_handler
                0x008002be        0x6 contiki-avr-atmega256rfr2.a(rpl-icmp6.o)
 .data.dis_handler
                0x008002c4        0x6 contiki-avr-atmega256rfr2.a(rpl-icmp6.o)
 .data.dao_sequence
                0x008002ca        0x1 contiki-avr-atmega256rfr2.a(rpl-icmp6.o)
 .data.rpl_mrhof
                0x008002cb        0xe contiki-avr-atmega256rfr2.a(rpl-mrhof.o)
                0x008002cb                rpl_mrhof
 .data.neighbor_addr_mem
                0x008002d9        0x8 contiki-avr-atmega256rfr2.a(nbr-table.o)
 .data.buframmem
                0x008002e1        0x8 contiki-avr-atmega256rfr2.a(queuebuf.o)
 .data.refbufmem
                0x008002e9        0x8 contiki-avr-atmega256rfr2.a(queuebuf.o)
 .data.bufmem   0x008002f1        0x8 contiki-avr-atmega256rfr2.a(queuebuf.o)
 *(.rodata)
 *(.rodata*)
 .rodata.str1.1
                0x008002f9       0x75 unicast-receiver.co
 .rodata.autostart_processes
                0x0080036e        0x4 unicast-receiver.co
                0x0080036e                autostart_processes
 .rodata.str1.1
                0x00800372       0x99 contiki-avr-atmega256rfr2.a(servreg-hack.o)
 .rodata.str1.1
                0x0080040b       0x4f contiki-avr-atmega256rfr2.a(contiki-main.o)
 .rodata.str1.1
                0x0080045a        0xd contiki-avr-atmega256rfr2.a(rf230bb.o)
 .rodata.rf230_driver
                0x00800467       0x1c contiki-avr-atmega256rfr2.a(rf230bb.o)
                0x00800467                rf230_driver
 .rodata.str1.1
                0x00800483        0xf contiki-avr-atmega256rfr2.a(ctimer.o)
 .rodata.str1.1
                0x00800492        0xc contiki-avr-atmega256rfr2.a(etimer.o)
 .rodata.str1.1
                0x0080049e       0x13 contiki-avr-atmega256rfr2.a(simple-udp.o)
 .rodata.str1.1
                0x008004b1        0xd contiki-avr-atmega256rfr2.a(tcpip.o)
 .rodata.str1.1
                0x008004be        0xf contiki-avr-atmega256rfr2.a(uip-debug.o)
 .rodata.str1.1
                0x008004cd        0x8 contiki-avr-atmega256rfr2.a(nullmac.o)
 .rodata.nullmac_driver
                0x008004d5        0xe contiki-avr-atmega256rfr2.a(nullmac.o)
                0x008004d5                nullmac_driver
 .rodata.str1.1
                0x008004e3        0x8 contiki-avr-atmega256rfr2.a(nullrdc.o)
 .rodata.nullrdc_driver
                0x008004eb       0x12 contiki-avr-atmega256rfr2.a(nullrdc.o)
                0x008004eb                nullrdc_driver
 .rodata.linkaddr_null
                0x008004fd        0x8 contiki-avr-atmega256rfr2.a(linkaddr.o)
                0x008004fd                linkaddr_null
 .rodata.str1.1
                0x00800505        0x8 contiki-avr-atmega256rfr2.a(nullsec.o)
 .rodata.nullsec_driver
                0x0080050d        0xc contiki-avr-atmega256rfr2.a(nullsec.o)
                0x0080050d                nullsec_driver
 .rodata.str1.1
                0x00800519        0xb contiki-avr-atmega256rfr2.a(sicslowpan.o)
 .rodata.sicslowpan_driver
                0x00800524        0x6 contiki-avr-atmega256rfr2.a(sicslowpan.o)
                0x00800524                sicslowpan_driver
 .rodata.ttl_values
                0x0080052a        0x4 contiki-avr-atmega256rfr2.a(sicslowpan.o)
 .rodata.llprefix
                0x0080052e        0x2 contiki-avr-atmega256rfr2.a(sicslowpan.o)
                0x0080052e                llprefix
 .rodata.unc_mxconf
                0x00800530        0x4 contiki-avr-atmega256rfr2.a(sicslowpan.o)
                0x00800530                unc_mxconf
 .rodata.unc_ctxconf
                0x00800534        0x4 contiki-avr-atmega256rfr2.a(sicslowpan.o)
                0x00800534                unc_ctxconf
 .rodata.unc_llconf
                0x00800538        0x4 contiki-avr-atmega256rfr2.a(sicslowpan.o)
                0x00800538                unc_llconf
 .rodata.framer_802154
                0x0080053c        0x8 contiki-avr-atmega256rfr2.a(framer-802154.o)
                0x0080053c                framer_802154
 *(.gnu.linkonce.d*)
                0x00800544                . = ALIGN (0x2)
                0x00800544                _edata = .
                0x00800544                PROVIDE (__data_end, .)

.bss            0x00800544     0x1f2b
                0x00800544                PROVIDE (__bss_start, .)
 *(.bss)
 *(.bss*)
 .bss.ipaddr.3206
                0x00800544       0x10 unicast-receiver.co
 .bss.unicast_connection
                0x00800554       0x1c unicast-receiver.co
 .bss.periodic.4171
                0x00800570        0x8 contiki-avr-atmega256rfr2.a(servreg-hack.o)
 .bss.inconn.4173
                0x00800578        0x2 contiki-avr-atmega256rfr2.a(servreg-hack.o)
 .bss.outconn.4172
                0x0080057a        0x2 contiki-avr-atmega256rfr2.a(servreg-hack.o)
 .bss.started   0x0080057c        0x1 contiki-avr-atmega256rfr2.a(servreg-hack.o)
 .bss.sendtimer
                0x0080057d        0x8 contiki-avr-atmega256rfr2.a(servreg-hack.o)
 .bss.registrations_memb_mem
                0x00800585      0x180 contiki-avr-atmega256rfr2.a(servreg-hack.o)
 .bss.registrations_memb_count
                0x00800705       0x10 contiki-avr-atmega256rfr2.a(servreg-hack.o)
 .bss.own_services_list
                0x00800715        0x2 contiki-avr-atmega256rfr2.a(servreg-hack.o)
 .bss.others_services_list
                0x00800717        0x2 contiki-avr-atmega256rfr2.a(servreg-hack.o)
 .bss.rcount    0x00800719        0x1 contiki-avr-atmega256rfr2.a(clock.o)
 .bss.count     0x0080071a        0x2 contiki-avr-atmega256rfr2.a(clock.o)
 .bss.stdout_rs232_port
                0x0080071c        0x1 contiki-avr-atmega256rfr2.a(rs232.o)
 .bss.buffer    0x0080071d       0x81 contiki-avr-atmega256rfr2.a(rf230bb.o)
 .bss.channel   0x0080079e        0x1 contiki-avr-atmega256rfr2.a(rf230bb.o)
 .bss.initialized
                0x0080079f        0x1 contiki-avr-atmega256rfr2.a(ctimer.o)
 .bss.ctimer_list_list
                0x008007a0        0x2 contiki-avr-atmega256rfr2.a(ctimer.o)
 .bss.next_expiration
                0x008007a2        0x2 contiki-avr-atmega256rfr2.a(etimer.o)
 .bss.timerlist
                0x008007a4        0x2 contiki-avr-atmega256rfr2.a(etimer.o)
 .bss.snum.1757
                0x008007a6        0x1 contiki-avr-atmega256rfr2.a(process.o)
 .bss.p.1742    0x008007a7        0x2 contiki-avr-atmega256rfr2.a(process.o)
 .bss.receiver.1741
                0x008007a9        0x2 contiki-avr-atmega256rfr2.a(process.o)
 .bss.data.1740
                0x008007ab        0x2 contiki-avr-atmega256rfr2.a(process.o)
 .bss.ev.1739   0x008007ad        0x1 contiki-avr-atmega256rfr2.a(process.o)
 .bss.poll_requested
                0x008007ae        0x1 contiki-avr-atmega256rfr2.a(process.o)
 .bss.events    0x008007af       0xa0 contiki-avr-atmega256rfr2.a(process.o)
 .bss.fevent    0x0080084f        0x1 contiki-avr-atmega256rfr2.a(process.o)
 .bss.nevents   0x00800850        0x1 contiki-avr-atmega256rfr2.a(process.o)
 .bss.lastevent
                0x00800851        0x1 contiki-avr-atmega256rfr2.a(process.o)
 .bss.process_current
                0x00800852        0x2 contiki-avr-atmega256rfr2.a(process.o)
                0x00800852                process_current
 .bss.process_list
                0x00800854        0x2 contiki-avr-atmega256rfr2.a(process.o)
                0x00800854                process_list
 .bss.next_rtimer
                0x00800856        0x2 contiki-avr-atmega256rfr2.a(rtimer.o)
 .bss.tmp16     0x00800858        0x2 contiki-avr-atmega256rfr2.a(uip6.o)
 .bss.opt       0x0080085a        0x1 contiki-avr-atmega256rfr2.a(uip6.o)
 .bss.iss       0x0080085b        0x4 contiki-avr-atmega256rfr2.a(uip6.o)
 .bss.lastport  0x0080085f        0x2 contiki-avr-atmega256rfr2.a(uip6.o)
 .bss.c         0x00800861        0x1 contiki-avr-atmega256rfr2.a(uip6.o)
 .bss.uip_ext_opt_offset
                0x00800862        0x1 contiki-avr-atmega256rfr2.a(uip6.o)
                0x00800862                uip_ext_opt_offset
 .bss.uip_ext_len
                0x00800863        0x1 contiki-avr-atmega256rfr2.a(uip6.o)
                0x00800863                uip_ext_len
 .bss.uip_ext_bitmap
                0x00800864        0x1 contiki-avr-atmega256rfr2.a(uip6.o)
                0x00800864                uip_ext_bitmap
 .bss.locprefix
                0x00800865        0x2 contiki-avr-atmega256rfr2.a(uip-ds6.o)
 .bss.locmaddr  0x00800867        0x2 contiki-avr-atmega256rfr2.a(uip-ds6.o)
 .bss.locaddr   0x00800869        0x2 contiki-avr-atmega256rfr2.a(uip-ds6.o)
 .bss.loc_fipaddr
                0x0080086b       0x10 contiki-avr-atmega256rfr2.a(uip-ds6.o)
 .bss._ds6_neighbors_mem
                0x0080087b      0x30c contiki-avr-atmega256rfr2.a(uip-ds6-nbr.o)
 .bss.num_routes
                0x00800b87        0x2 contiki-avr-atmega256rfr2.a(uip-ds6-route.o)
 .bss.notificationlist_list
                0x00800b89        0x2 contiki-avr-atmega256rfr2.a(uip-ds6-route.o)
 .bss.defaultroutermemb_memb_mem
                0x00800b8b       0x36 contiki-avr-atmega256rfr2.a(uip-ds6-route.o)
 .bss.defaultroutermemb_memb_count
                0x00800bc1        0x2 contiki-avr-atmega256rfr2.a(uip-ds6-route.o)
 .bss.defaultrouterlist_list
                0x00800bc3        0x2 contiki-avr-atmega256rfr2.a(uip-ds6-route.o)
 .bss.routememb_memb_mem
                0x00800bc5      0x244 contiki-avr-atmega256rfr2.a(uip-ds6-route.o)
 .bss.routememb_memb_count
                0x00800e09       0x14 contiki-avr-atmega256rfr2.a(uip-ds6-route.o)
 .bss.routelist_list
                0x00800e1d        0x2 contiki-avr-atmega256rfr2.a(uip-ds6-route.o)
 .bss.neighborroutememb_memb_mem
                0x00800e1f       0x50 contiki-avr-atmega256rfr2.a(uip-ds6-route.o)
 .bss.neighborroutememb_memb_count
                0x00800e6f       0x14 contiki-avr-atmega256rfr2.a(uip-ds6-route.o)
 .bss._nbr_routes_mem
                0x00800e83       0x50 contiki-avr-atmega256rfr2.a(uip-ds6-route.o)
 .bss.input_handler_list_list
                0x00800ed3        0x2 contiki-avr-atmega256rfr2.a(uip-icmp6.o)
 .bss.echo_reply_callback_list_list
                0x00800ed5        0x2 contiki-avr-atmega256rfr2.a(uip-icmp6.o)
 .bss.tmp_ipaddr
                0x00800ed7       0x10 contiki-avr-atmega256rfr2.a(uip-icmp6.o)
 .bss.addr      0x00800ee7        0x2 contiki-avr-atmega256rfr2.a(uip-nd6.o)
 .bss.defrt     0x00800ee9        0x2 contiki-avr-atmega256rfr2.a(uip-nd6.o)
 .bss.nbr       0x00800eeb        0x2 contiki-avr-atmega256rfr2.a(uip-nd6.o)
 .bss.nd6_opt_llao
                0x00800eed        0x2 contiki-avr-atmega256rfr2.a(uip-nd6.o)
 .bss.nd6_opt_offset
                0x00800eef        0x1 contiki-avr-atmega256rfr2.a(uip-nd6.o)
 .bss.databuffer
                0x00800ef0       0xf0 contiki-avr-atmega256rfr2.a(simple-udp.o)
 .bss.started   0x00800fe0        0x1 contiki-avr-atmega256rfr2.a(simple-udp.o)
 .bss.i.4499    0x00800fe1        0x1 contiki-avr-atmega256rfr2.a(tcpip.o)
 .bss.i.4455    0x00800fe2        0x1 contiki-avr-atmega256rfr2.a(tcpip.o)
 .bss.i.4511    0x00800fe3        0x1 contiki-avr-atmega256rfr2.a(tcpip.o)
 .bss.outputfunc
                0x00800fe4        0x2 contiki-avr-atmega256rfr2.a(tcpip.o)
 .bss.s         0x00800fe6       0x12 contiki-avr-atmega256rfr2.a(tcpip.o)
 .bss.periodic  0x00800ff8        0x8 contiki-avr-atmega256rfr2.a(tcpip.o)
 .bss.packets_memb_memb_mem
                0x00801000      0x20c contiki-avr-atmega256rfr2.a(uip-packetqueue)
 .bss.packets_memb_memb_count
                0x0080120c        0x2 contiki-avr-atmega256rfr2.a(uip-packetqueue)
 .bss.mode      0x0080120e        0x2 contiki-avr-atmega256rfr2.a(rpl.o)
 .bss._rpl_parents_mem
                0x00801210       0xa0 contiki-avr-atmega256rfr2.a(rpl-dag.o)
 .bss.dio_send_ok
                0x008012b0        0x1 contiki-avr-atmega256rfr2.a(rpl-timers.o)
 .bss.next_dis  0x008012b1        0x2 contiki-avr-atmega256rfr2.a(rpl-timers.o)
 .bss.periodic_timer
                0x008012b3       0x10 contiki-avr-atmega256rfr2.a(rpl-timers.o)
 .bss.nbr_table_keys_list
                0x008012c3        0x2 contiki-avr-atmega256rfr2.a(nbr-table.o)
 .bss.neighbor_addr_mem_memb_mem
                0x008012c5       0xc8 contiki-avr-atmega256rfr2.a(nbr-table.o)
 .bss.neighbor_addr_mem_memb_count
                0x0080138d       0x14 contiki-avr-atmega256rfr2.a(nbr-table.o)
 .bss.num_tables
                0x008013a1        0x2 contiki-avr-atmega256rfr2.a(nbr-table.o)
 .bss.all_tables
                0x008013a3       0x10 contiki-avr-atmega256rfr2.a(nbr-table.o)
 .bss.locked_map
                0x008013b3       0x14 contiki-avr-atmega256rfr2.a(nbr-table.o)
 .bss.used_map  0x008013c7       0x14 contiki-avr-atmega256rfr2.a(nbr-table.o)
 .bss.packetbufptr
                0x008013db        0x2 contiki-avr-atmega256rfr2.a(packetbuf.o)
 .bss.packetbuf_aligned
                0x008013dd       0xb0 contiki-avr-atmega256rfr2.a(packetbuf.o)
 .bss.hdrptr    0x0080148d        0x1 contiki-avr-atmega256rfr2.a(packetbuf.o)
 .bss.bufptr    0x0080148e        0x2 contiki-avr-atmega256rfr2.a(packetbuf.o)
 .bss.buflen    0x00801490        0x2 contiki-avr-atmega256rfr2.a(packetbuf.o)
 .bss.buframmem_memb_mem
                0x00801492      0x6b0 contiki-avr-atmega256rfr2.a(queuebuf.o)
 .bss.buframmem_memb_count
                0x00801b42        0x8 contiki-avr-atmega256rfr2.a(queuebuf.o)
 .bss.refbufmem_memb_mem
                0x00801b4a       0x6a contiki-avr-atmega256rfr2.a(queuebuf.o)
 .bss.refbufmem_memb_count
                0x00801bb4        0x2 contiki-avr-atmega256rfr2.a(queuebuf.o)
 .bss.bufmem_memb_mem
                0x00801bb6       0x10 contiki-avr-atmega256rfr2.a(queuebuf.o)
 .bss.bufmem_memb_count
                0x00801bc6        0x8 contiki-avr-atmega256rfr2.a(queuebuf.o)
 .bss.contikiMAC_ready
                0x00801bce        0x1 contiki-avr-atmega256rfr2.a(contikimac.o)
                0x00801bce                contikiMAC_ready
 .bss.hc06_ptr  0x00801bcf        0x2 contiki-avr-atmega256rfr2.a(sicslowpan.o)
 .bss.context   0x00801bd1        0x2 contiki-avr-atmega256rfr2.a(sicslowpan.o)
 .bss.addr_contexts
                0x00801bd3        0xa contiki-avr-atmega256rfr2.a(sicslowpan.o)
 .bss.callback  0x00801bdd        0x2 contiki-avr-atmega256rfr2.a(sicslowpan.o)
 .bss.last_rssi
                0x00801bdf        0x2 contiki-avr-atmega256rfr2.a(sicslowpan.o)
 .bss.reass_timer
                0x00801be1        0x4 contiki-avr-atmega256rfr2.a(sicslowpan.o)
 .bss.reass_tag
                0x00801be5        0x2 contiki-avr-atmega256rfr2.a(sicslowpan.o)
 .bss.my_tag    0x00801be7        0x2 contiki-avr-atmega256rfr2.a(sicslowpan.o)
 .bss.processed_ip_in_len
                0x00801be9        0x2 contiki-avr-atmega256rfr2.a(sicslowpan.o)
 .bss.sicslowpan_aligned_buf
                0x00801beb       0xf0 contiki-avr-atmega256rfr2.a(sicslowpan.o)
 .bss.sicslowpan_len
                0x00801cdb        0x2 contiki-avr-atmega256rfr2.a(sicslowpan.o)
 .bss.last_tx_status
                0x00801cdd        0x2 contiki-avr-atmega256rfr2.a(sicslowpan.o)
 .bss.uncomp_hdr_len
                0x00801cdf        0x1 contiki-avr-atmega256rfr2.a(sicslowpan.o)
 .bss.packetbuf_payload_len
                0x00801ce0        0x2 contiki-avr-atmega256rfr2.a(sicslowpan.o)
 .bss.packetbuf_hdr_len
                0x00801ce2        0x1 contiki-avr-atmega256rfr2.a(sicslowpan.o)
 .bss.packetbuf_ptr
                0x00801ce3        0x2 contiki-avr-atmega256rfr2.a(sicslowpan.o)
 .bss.initialized
                0x00801ce5        0x1 contiki-avr-atmega256rfr2.a(framer-802154.o)
 .bss.mac_dsn   0x00801ce6        0x1 contiki-avr-atmega256rfr2.a(framer-802154.o)
 *(COMMON)
 COMMON         0x00801ce7        0x6 contiki-avr-atmega256rfr2.a(contiki-main.o)
                0x00801ce7                ledtimer
                0x00801ce9                clocktime
 COMMON         0x00801ced        0xc contiki-avr-atmega256rfr2.a(clock.o)
                0x00801ced                radioontime
                0x00801cf1                sleepseconds
                0x00801cf5                seconds
 COMMON         0x00801cf9        0x4 contiki-avr-atmega256rfr2.a(rs232.o)
                0x00801cf9                input_handler_1
                0x00801cfb                input_handler_0
 COMMON         0x00801cfd      0x198 contiki-avr-atmega256rfr2.a(rf230bb.o)
                0x00801cfd                rf230_last_correlation
                0x00801cfe                rf230_last_rssi
                0x00801cff                RF230_receivefail
                0x00801d01                rf230_smallest_rssi
                0x00801d02                rf230_pending
                0x00801d03                rf230_ccawait
                0x00801d04                RF230_receivepackets
                0x00801d06                rf230_txendwait
                0x00801d07                rxframe_tail
                0x00801d08                rxframe_head