Archive member included because of file (symbol)

contiki-avr-atmega256rfr2.a(servreg-hack.o)
                              example-servreg-client.co (servreg_hack_init)
contiki-avr-atmega256rfr2.a(contiki-main.o)
                              /usr/local/bin/../lib/gcc/avr/4.8.1/../../../../avr/lib/avr6/crtm256rfr2.o (main)
contiki-avr-atmega256rfr2.a(params.o)
                              contiki-avr-atmega256rfr2.a(contiki-main.o) (params_get_channel)
contiki-avr-atmega256rfr2.a(ssd1306.o)
                              contiki-avr-atmega256rfr2.a(contiki-main.o) (ssd1306_init)
contiki-avr-atmega256rfr2.a(clock.o)
                              contiki-avr-atmega256rfr2.a(contiki-main.o) (clock_init)
contiki-avr-atmega256rfr2.a(rs232.o)
                              contiki-avr-atmega256rfr2.a(contiki-main.o) (rs232_init)
contiki-avr-atmega256rfr2.a(watchdog.o)
                              contiki-avr-atmega256rfr2.a(contiki-main.o) (watchdog_periodic)
contiki-avr-atmega256rfr2.a(random.o)
                              contiki-avr-atmega256rfr2.a(contiki-main.o) (random_init)
contiki-avr-atmega256rfr2.a(rf230bb.o)
                              contiki-avr-atmega256rfr2.a(clock.o) (RF230_receive_on)
contiki-avr-atmega256rfr2.a(halbb.o)
                              contiki-avr-atmega256rfr2.a(rf230bb.o) (hal_init)
contiki-avr-atmega256rfr2.a(autostart.o)
                              contiki-avr-atmega256rfr2.a(contiki-main.o) (autostart_start)
contiki-avr-atmega256rfr2.a(ctimer.o)
                              contiki-avr-atmega256rfr2.a(contiki-main.o) (ctimer_init)
contiki-avr-atmega256rfr2.a(energest.o)
                              contiki-avr-atmega256rfr2.a(rf230bb.o) (energest_current_time)
contiki-avr-atmega256rfr2.a(etimer.o)
                              contiki-avr-atmega256rfr2.a(clock.o) (etimer_request_poll)
contiki-avr-atmega256rfr2.a(process.o)
                              contiki-avr-atmega256rfr2.a(servreg-hack.o) (process_current)
contiki-avr-atmega256rfr2.a(rtimer.o)
                              contiki-avr-atmega256rfr2.a(contiki-main.o) (rtimer_init)
contiki-avr-atmega256rfr2.a(timer.o)
                              contiki-avr-atmega256rfr2.a(servreg-hack.o) (timer_set)
contiki-avr-atmega256rfr2.a(list.o)
                              contiki-avr-atmega256rfr2.a(servreg-hack.o) (list_init)
contiki-avr-atmega256rfr2.a(memb.o)
                              contiki-avr-atmega256rfr2.a(servreg-hack.o) (memb_init)
contiki-avr-atmega256rfr2.a(print-stats.o)
                              contiki-avr-atmega256rfr2.a(contiki-main.o) (print_stats)
contiki-avr-atmega256rfr2.a(uip6.o)
                              contiki-avr-atmega256rfr2.a(servreg-hack.o) (uip_appdata)
contiki-avr-atmega256rfr2.a(uip-ds6.o)
                              contiki-avr-atmega256rfr2.a(uip6.o) (uip_ds6_is_addr_onlink)
contiki-avr-atmega256rfr2.a(uip-ds6-nbr.o)
                              contiki-avr-atmega256rfr2.a(contiki-main.o) (ds6_neighbors)
contiki-avr-atmega256rfr2.a(uip-ds6-route.o)
                              contiki-avr-atmega256rfr2.a(uip-ds6.o) (uip_ds6_route_init)
contiki-avr-atmega256rfr2.a(uip-icmp6.o)
                              contiki-avr-atmega256rfr2.a(uip6.o) (uip_icmp6_input)
contiki-avr-atmega256rfr2.a(uip-nd6.o)
                              contiki-avr-atmega256rfr2.a(uip-ds6-nbr.o) (uip_nd6_ns_output)
contiki-avr-atmega256rfr2.a(tcpip.o)
                              contiki-avr-atmega256rfr2.a(servreg-hack.o) (udp_new)
contiki-avr-atmega256rfr2.a(uip-debug.o)
                              example-servreg-client.co (uip_debug_ipaddr_print)
contiki-avr-atmega256rfr2.a(uip-packetqueue)
                              contiki-avr-atmega256rfr2.a(uip-ds6-nbr.o) (uip_packetqueue_new)
contiki-avr-atmega256rfr2.a(uip-split.o)
                              contiki-avr-atmega256rfr2.a(tcpip.o) (uip_split_output)
contiki-avr-atmega256rfr2.a(uip-udp-packet.)
                              contiki-avr-atmega256rfr2.a(servreg-hack.o) (uip_udp_packet_send)
contiki-avr-atmega256rfr2.a(rpl.o)
                              contiki-avr-atmega256rfr2.a(uip-ds6-nbr.o) (rpl_link_neighbor_callback)
contiki-avr-atmega256rfr2.a(rpl-dag.o)
                              contiki-avr-atmega256rfr2.a(rpl.o) (rpl_dag_init)
contiki-avr-atmega256rfr2.a(rpl-ext-header.)
                              contiki-avr-atmega256rfr2.a(uip6.o) (rpl_verify_header)
contiki-avr-atmega256rfr2.a(rpl-icmp6.o)
                              contiki-avr-atmega256rfr2.a(rpl.o) (dao_output_target)
contiki-avr-atmega256rfr2.a(rpl-mrhof.o)
                              contiki-avr-atmega256rfr2.a(rpl.o) (rpl_mrhof)
contiki-avr-atmega256rfr2.a(rpl-timers.o)
                              contiki-avr-atmega256rfr2.a(rpl.o) (rpl_reset_periodic_timer)
contiki-avr-atmega256rfr2.a(nullmac.o)
                              contiki-avr-atmega256rfr2.a(contiki-main.o) (nullmac_driver)
contiki-avr-atmega256rfr2.a(nullrdc.o)
[...]
Memory Configuration

Name             Origin             Length             Attributes
text             0x00000000         0x00100000         xr
data             0x00800200         0x0000fe00         rw !x
eeprom           0x00810000         0x00010000         rw !x
fuse             0x00820000         0x00000400         rw !x
lock             0x00830000         0x00000400         rw !x
signature        0x00840000         0x00000400         rw !x
user_signatures  0x00850000         0x00000400         rw !x
*default*        0x00000000         0xffffffff

Linker script and memory map

Address of section .data set to 0x800200
LOAD /usr/local/bin/../lib/gcc/avr/4.8.1/../../../../avr/lib/avr6/crtm256rfr2.o
Address of section .bootloader set to 0x1f800
LOAD example-servreg-client.co
LOAD contiki-avr-atmega256rfr2.a
START GROUP
LOAD /usr/local/bin/../lib/gcc/avr/4.8.1/avr6/libgcc.a
LOAD /usr/local/bin/../lib/gcc/avr/4.8.1/../../../../avr/lib/avr6/libm.a
LOAD /usr/local/bin/../lib/gcc/avr/4.8.1/../../../../avr/lib/avr6/libc.a
END GROUP

.hash
 *(.hash)

.dynsym
 *(.dynsym)

.dynstr
 *(.dynstr)

.gnu.version
 *(.gnu.version)

.gnu.version_d
 *(.gnu.version_d)

.gnu.version_r
 *(.gnu.version_r)

.rel.init
 *(.rel.init)

.rela.init
 *(.rela.init)

.rel.text
 *(.rel.text)
 *(.rel.text.*)
 *(.rel.gnu.linkonce.t*)

.rela.text
 *(.rela.text)
 *(.rela.text.*)
 *(.rela.gnu.linkonce.t*)

.rel.fini
 *(.rel.fini)

.rela.fini
 *(.rela.fini)

.rel.rodata
 *(.rel.rodata)
 *(.rel.rodata.*)
 *(.rel.gnu.linkonce.r*)

.rela.rodata
 *(.rela.rodata)
 *(.rela.rodata.*)
 *(.rela.gnu.linkonce.r*)

.rel.data
 *(.rel.data)
 *(.rel.data.*)
 *(.rel.gnu.linkonce.d*)

.rela.data
 *(.rela.data)
 *(.rela.data.*)
 *(.rela.gnu.linkonce.d*)

.rel.ctors
 *(.rel.ctors)

.rela.ctors
 *(.rela.ctors)

.rel.dtors
 *(.rel.dtors)

.rela.dtors
 *(.rela.dtors)

.rel.got
 *(.rel.got)

.rela.got
 *(.rela.got)

.rel.bss
 *(.rel.bss)

.rela.bss
 *(.rela.bss)

.rel.plt
 *(.rel.plt)

.rela.plt
 *(.rela.plt)

.text           0x00000000     0xc52e
 *(.vectors)
 .vectors       0x00000000      0x134 /usr/local/bin/../lib/gcc/avr/4.8.1/../../../../avr/lib/avr6/crtm256rfr2.o
                0x00000000                __vectors
                0x00000000                __vector_default
 *(.vectors)
 *(.progmem.gcc*)
 .progmem.gcc_sw_table.uip_process
                0x00000134       0x10 contiki-avr-atmega256rfr2.a(uip6.o)
                0x00000144                . = ALIGN (0x2)
                0x00000144                __trampolines_start = .
 *(.trampolines)
 .trampolines   0x00000144      0x130 linker stubs
 *(.trampolines*)
                0x00000274                __trampolines_end = .
 *(.progmem*)
 .progmem.data.__c.4684
                0x00000274        0x3 contiki-avr-atmega256rfr2.a(contiki-main.o)
 .progmem.data.__c.4682
                0x00000277        0x2 contiki-avr-atmega256rfr2.a(contiki-main.o)
 .progmem.data.__c.4680
                0x00000279        0x3 contiki-avr-atmega256rfr2.a(contiki-main.o)
 .progmem.data.__c.4734
                0x0000027c       0x1d contiki-avr-atmega256rfr2.a(contiki-main.o)
 .progmem.data.__c.4729
                0x00000299        0xc contiki-avr-atmega256rfr2.a(contiki-main.o)
 .progmem.data.__c.4727
                0x000002a5        0x9 contiki-avr-atmega256rfr2.a(contiki-main.o)
 .progmem.data.__c.4722
                0x000002ae        0x8 contiki-avr-atmega256rfr2.a(contiki-main.o)
 .progmem.data.__c.4720
                0x000002b6        0xa contiki-avr-atmega256rfr2.a(contiki-main.o)
 .progmem.data.__c.4718
                0x000002c0       0x12 contiki-avr-atmega256rfr2.a(contiki-main.o)
 .progmem.data.__c.4715
                0x000002d2       0x12 contiki-avr-atmega256rfr2.a(contiki-main.o)
 .progmem.data.__c.4710
                0x000002e4        0x2 contiki-avr-atmega256rfr2.a(contiki-main.o)
 .progmem.data.__c.4708
                0x000002e6       0x15 contiki-avr-atmega256rfr2.a(contiki-main.o)
 .progmem.data.__c.4703
                0x000002fb        0x2 contiki-avr-atmega256rfr2.a(contiki-main.o)
 .progmem.data.__c.4701
                0x000002fd       0x15 contiki-avr-atmega256rfr2.a(contiki-main.o)
 .progmem.data.__c.4672
                0x00000312        0x8 contiki-avr-atmega256rfr2.a(contiki-main.o)
 .progmem.data.__c.4665
                0x0000031a       0x11 contiki-avr-atmega256rfr2.a(contiki-main.o)
 .progmem.data.__c.4663
                0x0000032b        0xd contiki-avr-atmega256rfr2.a(contiki-main.o)
 .progmem.data.__c.4661
                0x00000338       0x32 contiki-avr-atmega256rfr2.a(contiki-main.o)
 .progmem.data.__c.4659
                0x0000036a       0x25 contiki-avr-atmega256rfr2.a(contiki-main.o)
 .progmem.data.__c.4657
                0x0000038f       0x20 contiki-avr-atmega256rfr2.a(contiki-main.o)
 .progmem.data.__c.4654
                0x000003af       0x1b contiki-avr-atmega256rfr2.a(contiki-main.o)
 .progmem.data.__c.4647
                0x000003ca        0xd contiki-avr-atmega256rfr2.a(contiki-main.o)
 .progmem.data.__c.4645
                0x000003d7       0x11 contiki-avr-atmega256rfr2.a(contiki-main.o)
 .progmem.data.__c.4643
                0x000003e8       0x11 contiki-avr-atmega256rfr2.a(contiki-main.o)
 .progmem.data.__c.4641
                0x000003f9       0x11 contiki-avr-atmega256rfr2.a(contiki-main.o)
 .progmem.data.__c.4639
                0x0000040a       0x11 contiki-avr-atmega256rfr2.a(contiki-main.o)
 .progmem.data.__c.4634
                0x0000041b        0xf contiki-avr-atmega256rfr2.a(contiki-main.o)
 .progmem.data.__c.4413
                0x0000042a       0x2d contiki-avr-atmega256rfr2.a(params.o)
 .progmem.data.default_domain_name
                0x00000457        0xa contiki-avr-atmega256rfr2.a(params.o)
                0x00000457                default_domain_name
 .progmem.data.default_server_name
                0x00000461        0xe contiki-avr-atmega256rfr2.a(params.o)
                0x00000461                default_server_name
 .progmem.data.default_mac_address
                0x0000046f        0x8 contiki-avr-atmega256rfr2.a(params.o)
                0x0000046f                default_mac_address
 .progmem.data.__c.3506
                0x00000477       0x6f contiki-avr-atmega256rfr2.a(print-stats.o)
 .progmem.data.__c.2435
                0x000004e6        0x3 contiki-avr-atmega256rfr2.a(uip-debug.o)
 .progmem.data.__c.2433
                0x000004e9        0x2 contiki-avr-atmega256rfr2.a(uip-debug.o)
 .progmem.data.__c.2431
                0x000004eb        0x3 contiki-avr-atmega256rfr2.a(uip-debug.o)
                0x000004ee                . = ALIGN (0x2)
 *(.jumptables)
 *(.jumptables*)
 *(.lowtext)
 *(.lowtext*)
                0x000004ee                __ctors_start = .
 *(.ctors)
                0x000004ee                __ctors_end = .
                0x000004ee                __dtors_start = .
 *(.dtors)
                0x000004ee                __dtors_end = .
 SORT(*)(.ctors)
 SORT(*)(.dtors)
 *(.init0)
 .init0         0x000004ee        0x0 /usr/local/bin/../lib/gcc/avr/4.8.1/../../../../avr/lib/avr6/crtm256rfr2.o
                0x000004ee                __init
 *(.init0)
 *(.init1)
 *(.init1)
 *(.init2)
 .init2         0x000004ee       0x10 /usr/local/bin/../lib/gcc/avr/4.8.1/../../../../avr/lib/avr6/crtm256rfr2.o
 *(.init2)
 *(.init3)
 *(.init3)
 *(.init4)
 .init4         0x000004fe       0x1a /usr/local/bin/../lib/gcc/avr/4.8.1/avr6/libgcc.a(_copy_data.o)
                0x000004fe                __do_copy_data
 .init4         0x00000518       0x10 /usr/local/bin/../lib/gcc/avr/4.8.1/avr6/libgcc.a(_clear_bss.o)
                0x00000518                __do_clear_bss
 *(.init4)
 *(.init5)
 *(.init5)
 *(.init6)
 *(.init6)
 *(.init7)
 *(.init7)
 *(.init8)
 *(.init8)
 *(.init9)
 .init9         0x00000528        0x8 /usr/local/bin/../lib/gcc/avr/4.8.1/../../../../avr/lib/avr6/crtm256rfr2.o
 *(.init9)
 *(.text)
 .text          0x00000530        0x4 /usr/local/bin/../lib/gcc/avr/4.8.1/../../../../avr/lib/avr6/crtm256rfr2.o
                0x00000530                __vector_38
                0x00000530                __vector_22
                0x00000530                __vector_28
                0x00000530                __vector_67
                0x00000530                __vector_1
                0x00000530                __vector_75
                0x00000530                __vector_71
                0x00000530                __vector_34
                0x00000530                __vector_24
                0x00000530                __vector_12
                0x00000530                __vector_55
                0x00000530                __vector_69
                0x00000530                __vector_46
                0x00000530                __bad_interrupt
                0x00000530                __vector_72
                0x00000530                __vector_6
                0x00000530                __vector_31
                0x00000530                __vector_35
                0x00000530                __vector_74
                0x00000530                __vector_39
                0x00000530                __vector_3
                0x00000530                __vector_23
                0x00000530                __vector_68
                0x00000530                __vector_30
                0x00000530                __vector_73
                0x00000530                __vector_45
                0x00000530                __vector_11
                0x00000530                __vector_54
                0x00000530                __vector_13
                0x00000530                __vector_17
                0x00000530                __vector_19
                0x00000530                __vector_56
                0x00000530                __vector_7
                0x00000530                __vector_49
                0x00000530                __vector_41
                0x00000530                __vector_43
                0x00000530                __vector_27
                0x00000530                __vector_5
                0x00000530                __vector_33
                0x00000530                __vector_76
                0x00000530                __vector_47
                0x00000530                __vector_52
                0x00000530                __vector_37
                0x00000530                __vector_4
                0x00000530                __vector_44
                0x00000530                __vector_51
                0x00000530                __vector_9
                0x00000530                __vector_2
                0x00000530                __vector_15
                0x00000530                __vector_66
                0x00000530                __vector_70
                0x00000530                __vector_29
                0x00000530                __vector_40
                0x00000530                __vector_8
                0x00000530                __vector_26
                0x00000530                __vector_48
                0x00000530                __vector_14
                0x00000530                __vector_53
                0x00000530                __vector_10
                0x00000530                __vector_50
                0x00000530                __vector_16
                0x00000530                __vector_18
                0x00000530                __vector_20
                0x00000530                __vector_42
                0x00000530                __vector_65
                0x00000534                . = ALIGN (0x2)
 *(.text.*)
 .text.process_thread_example_servreg_client_process
                0x00000534       0xfe example-servreg-client.co
 .text.purge_registrations
                0x00000632       0x88 contiki-avr-atmega256rfr2.a(servreg-hack.o)
 .text.servreg_hack_init
                0x000006ba       0x34 contiki-avr-atmega256rfr2.a(servreg-hack.o)
                0x000006ba                servreg_hack_init
 .text.servreg_hack_list_head
                0x000006ee        0xc contiki-avr-atmega256rfr2.a(servreg-hack.o)
                0x000006ee                servreg_hack_list_head
 .text.process_thread_servreg_hack_process
                0x000006fa      0x2b8 contiki-avr-atmega256rfr2.a(servreg-hack.o)
 .text.servreg_hack_item_id
                0x000009b2        0x6 contiki-avr-atmega256rfr2.a(servreg-hack.o)
                0x000009b2                servreg_hack_item_id
 .text.servreg_hack_item_address
                0x000009b8        0x4 contiki-avr-atmega256rfr2.a(servreg-hack.o)
                0x000009b8                servreg_hack_item_address
 .text.ipaddr_add
                0x000009bc       0xc6 contiki-avr-atmega256rfr2.a(contiki-main.o)
 .text.rng_get_uint8
                0x00000a82       0x46 contiki-avr-atmega256rfr2.a(contiki-main.o)
                0x00000a82                rng_get_uint8
 .text.initialize
                0x00000ac8      0x2fc contiki-avr-atmega256rfr2.a(contiki-main.o)
                0x00000ac8                initialize
 .text.startup.main
                0x00000dc4      0x240 contiki-avr-atmega256rfr2.a(contiki-main.o)
                0x00000dc4                main
 .text.params_get_channel
                0x00001004      0x10c contiki-avr-atmega256rfr2.a(params.o)
                0x00001004                params_get_channel
 .text.params_get_eui64
                0x00001110       0x14 contiki-avr-atmega256rfr2.a(params.o)
                0x00001110                params_get_eui64
 .text.params_get_panid
                0x00001124        0x8 contiki-avr-atmega256rfr2.a(params.o)
                0x00001124                params_get_panid
 .text.params_get_panaddr
                0x0000112c        0x8 contiki-avr-atmega256rfr2.a(params.o)
                0x0000112c                params_get_panaddr
 .text.params_get_txpower
                0x00001134        0x8 contiki-avr-atmega256rfr2.a(params.o)
                0x00001134                params_get_txpower
 .text.ssd1306_reset_clear
                0x0000113c        0x6 contiki-avr-atmega256rfr2.a(ssd1306.o)
                0x0000113c                ssd1306_reset_clear
 .text.ssd1306_reset_set
                0x00001142        0x6 contiki-avr-atmega256rfr2.a(ssd1306.o)
                0x00001142                ssd1306_reset_set
 .text.ssd1306_sel_cmd
                0x00001148        0x6 contiki-avr-atmega256rfr2.a(ssd1306.o)
                0x00001148                ssd1306_sel_cmd
 .text.spi_deselect_device
                0x0000114e        0x6 contiki-avr-atmega256rfr2.a(ssd1306.o)
                0x0000114e                spi_deselect_device
 .text.spi_select_device
                0x00001154        0x6 contiki-avr-atmega256rfr2.a(ssd1306.o)
                0x00001154                spi_select_device
 .text.spi_write_single
                0x0000115a        0xa contiki-avr-atmega256rfr2.a(ssd1306.o)
                0x0000115a                spi_write_single
 .text.ssd1306_write_command
                0x00001164       0x2c contiki-avr-atmega256rfr2.a(ssd1306.o)
                0x00001164                ssd1306_write_command
 .text.ssd1306_hard_reset
                0x00001190       0x18 contiki-avr-atmega256rfr2.a(ssd1306.o)
                0x00001190                ssd1306_hard_reset
 .text.ssd1306_display_on
                0x000011a8        0x6 contiki-avr-atmega256rfr2.a(ssd1306.o)
                0x000011a8                ssd1306_display_on
 .text.ssd1306_set_contrast
                0x000011ae       0x16 contiki-avr-atmega256rfr2.a(ssd1306.o)
                0x000011ae                ssd1306_set_contrast
 .text.ssd1306_display_invert_disable
                0x000011c4        0x6 contiki-avr-atmega256rfr2.a(ssd1306.o)
                0x000011c4                ssd1306_display_invert_disable
 .text.ssd1306_spi_init
                0x000011ca       0x14 contiki-avr-atmega256rfr2.a(ssd1306.o)
                0x000011ca                ssd1306_spi_init
 .text.ssd1306_interface_init
                0x000011de        0x8 contiki-avr-atmega256rfr2.a(ssd1306.o)
                0x000011de                ssd1306_interface_init
 .text.ssd1306_init
                0x000011e6       0x82 contiki-avr-atmega256rfr2.a(ssd1306.o)
                0x000011e6                ssd1306_init
 .text.clock_init
                0x00001268       0x20 contiki-avr-atmega256rfr2.a(clock.o)
                0x00001268                clock_init
 .text.clock_time
                0x00001288       0x18 contiki-avr-atmega256rfr2.a(clock.o)
                0x00001288                clock_time
 .text.clock_seconds
                0x000012a0       0x34 contiki-avr-atmega256rfr2.a(clock.o)
                0x000012a0                clock_seconds
 .text.clock_delay_usec
                0x000012d4       0x1a contiki-avr-atmega256rfr2.a(clock.o)
                0x000012d4                clock_delay_usec
 .text.__vector_21
                0x000012ee       0xe0 contiki-avr-atmega256rfr2.a(clock.o)
                0x000012ee                __vector_21
 .text.__vector_25
                0x000013ce       0x5e contiki-avr-atmega256rfr2.a(rs232.o)
                0x000013ce                __vector_25
 .text.__vector_36
                0x0000142c       0x5e contiki-avr-atmega256rfr2.a(rs232.o)
                0x0000142c                __vector_36
 .text.rs232_init
                0x0000148a       0x40 contiki-avr-atmega256rfr2.a(rs232.o)
                0x0000148a                rs232_init
 .text.rs232_send
                0x000014ca       0x24 contiki-avr-atmega256rfr2.a(rs232.o)
                0x000014ca                rs232_send
 .text.rs232_stdout_putchar
                0x000014ee       0x2a contiki-avr-atmega256rfr2.a(rs232.o)
                0x000014ee                rs232_stdout_putchar
 .text.rs232_redirect_stdout
                0x00001518       0x12 contiki-avr-atmega256rfr2.a(rs232.o)
                0x00001518                rs232_redirect_stdout
 .text.watchdog_periodic
                0x0000152a        0x4 contiki-avr-atmega256rfr2.a(watchdog.o)
                0x0000152a                watchdog_periodic
 .text.random_init
                0x0000152e        0x4 contiki-avr-atmega256rfr2.a(random.o)
                0x0000152e                random_init
 .text.random_rand
                0x00001532        0x4 contiki-avr-atmega256rfr2.a(random.o)
                0x00001532                random_rand
 .text.get_value
                0x00001536        0x6 contiki-avr-atmega256rfr2.a(rf230bb.o)
 .text.set_value
                0x0000153c        0x6 contiki-avr-atmega256rfr2.a(rf230bb.o)
 .text.get_object
                0x00001542        0x6 contiki-avr-atmega256rfr2.a(rf230bb.o)
 .text.set_object
                0x00001548        0x6 contiki-avr-atmega256rfr2.a(rf230bb.o)
 .text.rf230_pending_packet
                0x0000154e        0x8 contiki-avr-atmega256rfr2.a(rf230bb.o)
 .text.radio_reset_state_machine
                0x00001556       0x32 contiki-avr-atmega256rfr2.a(rf230bb.o)
 .text.set_txpower
                0x00001588       0x1e contiki-avr-atmega256rfr2.a(rf230bb.o)
 .text.rf230_isidle
                0x000015a6       0x2c contiki-avr-atmega256rfr2.a(rf230bb.o)
 .text.rf230_waitidle
                0x000015d2       0x12 contiki-avr-atmega256rfr2.a(rf230bb.o)
 .text.rf230_receiving_packet
                0x000015e4       0x2a contiki-avr-atmega256rfr2.a(rf230bb.o)
 .text.radio_off
                0x0000160e      0x124 contiki-avr-atmega256rfr2.a(rf230bb.o)
 .text.rf230_off
                0x00001732       0x16 contiki-avr-atmega256rfr2.a(rf230bb.o)
 .text.rf230_prepare
                0x00001748       0x32 contiki-avr-atmega256rfr2.a(rf230bb.o)
 .text.radio_get_trx_state
                0x0000177a        0xc contiki-avr-atmega256rfr2.a(rf230bb.o)
                0x0000177a                radio_get_trx_state
 .text.radio_set_trx_state
                0x00001786       0xbc contiki-avr-atmega256rfr2.a(rf230bb.o)
 .text.radio_on
                0x00001842       0x6a contiki-avr-atmega256rfr2.a(rf230bb.o)
 .text.rf230_on
                0x000018ac       0x12 contiki-avr-atmega256rfr2.a(rf230bb.o)
 .text.rf230_cca
                0x000018be      0x128 contiki-avr-atmega256rfr2.a(rf230bb.o)
 .text.rf230_warm_reset
                0x000019e6       0x3e contiki-avr-atmega256rfr2.a(rf230bb.o)
                0x000019e6                rf230_warm_reset
 .text.rf230_init
                0x00001a24       0x76 contiki-avr-atmega256rfr2.a(rf230bb.o)
                0x00001a24                rf230_init
 .text.rf230_get_channel
                0x00001a9a        0x6 contiki-avr-atmega256rfr2.a(rf230bb.o)
                0x00001a9a                rf230_get_channel
 .text.rf230_set_channel
                0x00001aa0       0x2a contiki-avr-atmega256rfr2.a(rf230bb.o)
                0x00001aa0                rf230_set_channel
 .text.rf230_set_pan_addr
                0x00001aca       0x48 contiki-avr-atmega256rfr2.a(rf230bb.o)
                0x00001aca                rf230_set_pan_addr
 .text.rf230_interrupt
                0x00001b12       0x26 contiki-avr-atmega256rfr2.a(rf230bb.o)
                0x00001b12                rf230_interrupt
 .text.rf230_read
                0x00001b38       0xce contiki-avr-atmega256rfr2.a(rf230bb.o)
 .text.process_thread_rf230_process
                0x00001c06       0x8a contiki-avr-atmega256rfr2.a(rf230bb.o)
 .text.rf230_set_txpower
                0x00001c90        0x4 contiki-avr-atmega256rfr2.a(rf230bb.o)
                0x00001c90                rf230_set_txpower
 .text.rf230_get_txpower
                0x00001c94       0x18 contiki-avr-atmega256rfr2.a(rf230bb.o)
                0x00001c94                rf230_get_txpower
 .text.rf230_transmit
                0x00001cac      0x260 contiki-avr-atmega256rfr2.a(rf230bb.o)
 .text.rf230_send
                0x00001f0c       0x32 contiki-avr-atmega256rfr2.a(rf230bb.o)
 .text.hal_init
                0x00001f3e        0x2 contiki-avr-atmega256rfr2.a(halbb.o)
                0x00001f3e                hal_init
 .text.hal_subregister_read
                0x00001f40       0x14 contiki-avr-atmega256rfr2.a(halbb.o)
                0x00001f40                hal_subregister_read
 .text.hal_subregister_write
                0x00001f54       0x36 contiki-avr-atmega256rfr2.a(halbb.o)
                0x00001f54                hal_subregister_write
 .text.hal_frame_read
                0x00001f8a       0x54 contiki-avr-atmega256rfr2.a(halbb.o)
                0x00001f8a                hal_frame_read
 .text.hal_frame_write
                0x00001fde       0x22 contiki-avr-atmega256rfr2.a(halbb.o)
                0x00001fde                hal_frame_write
 .text.__vector_60
                0x00002000       0x80 contiki-avr-atmega256rfr2.a(halbb.o)
                0x00002000                __vector_60
 .text.__vector_59
                0x00002080       0x14 contiki-avr-atmega256rfr2.a(halbb.o)
                0x00002080                __vector_59
 .text.__vector_57
                0x00002094       0x14 contiki-avr-atmega256rfr2.a(halbb.o)
                0x00002094                __vector_57
 .text.__vector_58
                0x000020a8       0x14 contiki-avr-atmega256rfr2.a(halbb.o)
                0x000020a8                __vector_58
 .text.__vector_64
                0x000020bc       0x18 contiki-avr-atmega256rfr2.a(halbb.o)
                0x000020bc                __vector_64
 .text.__vector_63
                0x000020d4       0x18 contiki-avr-atmega256rfr2.a(halbb.o)
                0x000020d4                __vector_63
 .text.__vector_62
                0x000020ec       0x14 contiki-avr-atmega256rfr2.a(halbb.o)
                0x000020ec                __vector_62
 .text.__vector_61
                0x00002100       0x18 contiki-avr-atmega256rfr2.a(halbb.o)
                0x00002100                __vector_61
 .text.autostart_start
                0x00002118       0x1e contiki-avr-atmega256rfr2.a(autostart.o)
                0x00002118                autostart_start
 .text.process_thread_ctimer_process
                0x00002136       0xc8 contiki-avr-atmega256rfr2.a(ctimer.o)
 .text.ctimer_init
                0x000021fe       0x18 contiki-avr-atmega256rfr2.a(ctimer.o)
                0x000021fe                ctimer_init
 .text.ctimer_set
                0x00002216       0x5a contiki-avr-atmega256rfr2.a(ctimer.o)
                0x00002216                ctimer_set
 .text.ctimer_reset
                0x00002270       0x48 contiki-avr-atmega256rfr2.a(ctimer.o)
                0x00002270                ctimer_reset
 .text.ctimer_stop
                0x000022b8       0x2e contiki-avr-atmega256rfr2.a(ctimer.o)
                0x000022b8                ctimer_stop
 .text.update_time
                0x000022e6       0x64 contiki-avr-atmega256rfr2.a(etimer.o)
 .text.etimer_request_poll
                0x0000234a        0x8 contiki-avr-atmega256rfr2.a(etimer.o)
                0x0000234a                etimer_request_poll
 .text.process_thread_etimer_process
                0x00002352      0x106 contiki-avr-atmega256rfr2.a(etimer.o)
 .text.add_timer
                0x00002458       0x5e contiki-avr-atmega256rfr2.a(etimer.o)
 .text.etimer_set
                0x000024b6       0x14 contiki-avr-atmega256rfr2.a(etimer.o)
                0x000024b6                etimer_set
 .text.etimer_reset
                0x000024ca       0x14 contiki-avr-atmega256rfr2.a(etimer.o)
                0x000024ca                etimer_reset
 .text.etimer_restart
                0x000024de       0x14 contiki-avr-atmega256rfr2.a(etimer.o)
                0x000024de                etimer_restart
 .text.etimer_expired
                0x000024f2       0x16 contiki-avr-atmega256rfr2.a(etimer.o)
                0x000024f2                etimer_expired
 .text.etimer_expiration_time
                0x00002508       0x10 contiki-avr-atmega256rfr2.a(etimer.o)
                0x00002508                etimer_expiration_time
 .text.etimer_pending
                0x00002518       0x16 contiki-avr-atmega256rfr2.a(etimer.o)
                0x00002518                etimer_pending
 .text.etimer_stop
                0x0000252e       0x4e contiki-avr-atmega256rfr2.a(etimer.o)
                0x0000252e                etimer_stop
 .text.call_process.part.0
                0x0000257c       0x4e contiki-avr-atmega256rfr2.a(process.o)
 .text.call_process
                0x000025ca        0xc contiki-avr-atmega256rfr2.a(process.o)
 .text.exit_process
                0x000025d6       0xd8 contiki-avr-atmega256rfr2.a(process.o)
 .text.do_poll  0x000026ae       0x3e contiki-avr-atmega256rfr2.a(process.o)
 .text.process_alloc_event
                0x000026ec        0xe contiki-avr-atmega256rfr2.a(process.o)
                0x000026ec                process_alloc_event
 .text.process_init
                0x000026fa       0x20 contiki-avr-atmega256rfr2.a(process.o)
                0x000026fa                process_init
 .text.process_run
                0x0000271a       0xc6 contiki-avr-atmega256rfr2.a(process.o)
                0x0000271a                process_run
 .text.process_post
                0x000027e0       0x3c contiki-avr-atmega256rfr2.a(process.o)
                0x000027e0                process_post
 .text.process_post_synch
                0x0000281c       0x1e contiki-avr-atmega256rfr2.a(process.o)
                0x0000281c                process_post_synch
 .text.process_start
                0x0000283a       0x42 contiki-avr-atmega256rfr2.a(process.o)
                0x0000283a                process_start
 .text.process_poll
                0x0000287c       0x18 contiki-avr-atmega256rfr2.a(process.o)
                0x0000287c                process_poll
 .text.rtimer_init
                0x00002894        0x4 contiki-avr-atmega256rfr2.a(rtimer.o)
                0x00002894                rtimer_init
 .text.rtimer_run_next
                0x00002898       0x3e contiki-avr-atmega256rfr2.a(rtimer.o)
                0x00002898                rtimer_run_next
 .text.timer_set
                0x000028d6       0x18 contiki-avr-atmega256rfr2.a(timer.o)
                0x000028d6                timer_set
 .text.timer_reset
                0x000028ee       0x14 contiki-avr-atmega256rfr2.a(timer.o)
                0x000028ee                timer_reset
 .text.timer_restart
                0x00002902       0x14 contiki-avr-atmega256rfr2.a(timer.o)
                0x00002902                timer_restart
 .text.timer_expired
                0x00002916       0x30 contiki-avr-atmega256rfr2.a(timer.o)
                0x00002916                timer_expired
 .text.list_init
                0x00002946        0x8 contiki-avr-atmega256rfr2.a(list.o)
                0x00002946                list_init
 .text.list_head
                0x0000294e        0x8 contiki-avr-atmega256rfr2.a(list.o)
                0x0000294e                list_head
 .text.list_tail
                0x00002956       0x20 contiki-avr-atmega256rfr2.a(list.o)
                0x00002956                list_tail
 .text.list_remove
                0x00002976       0x36 contiki-avr-atmega256rfr2.a(list.o)
                0x00002976                list_remove
 .text.list_add
                0x000029ac       0x32 contiki-avr-atmega256rfr2.a(list.o)
                0x000029ac                list_add
 .text.list_push
                0x000029de       0x28 contiki-avr-atmega256rfr2.a(list.o)
                0x000029de                list_push
 .text.list_length
                0x00002a06       0x1a contiki-avr-atmega256rfr2.a(list.o)
                0x00002a06                list_length
 .text.list_item_next
                0x00002a20       0x12 contiki-avr-atmega256rfr2.a(list.o)
                0x00002a20                list_item_next
 .text.memb_init
                0x00002a32       0x3c contiki-avr-atmega256rfr2.a(memb.o)
                0x00002a32                memb_init
 .text.memb_alloc
                0x00002a6e       0x4a contiki-avr-atmega256rfr2.a(memb.o)
                0x00002a6e                memb_alloc
 .text.memb_free
                0x00002ab8       0x4a contiki-avr-atmega256rfr2.a(memb.o)
                0x00002ab8                memb_free
 .text.memb_inmemb
                0x00002b02       0x3a contiki-avr-atmega256rfr2.a(memb.o)
                0x00002b02                memb_inmemb
 .text.memb_numfree
                0x00002b3c       0x34 contiki-avr-atmega256rfr2.a(memb.o)
                0x00002b3c                memb_numfree
 .text.print_stats
                0x00002b70      0x1c0 contiki-avr-atmega256rfr2.a(print-stats.o)
                0x00002b70                print_stats
 .text.chksum   0x00002d30       0x4a contiki-avr-atmega256rfr2.a(uip6.o)
 .text.upper_layer_chksum
                0x00002d7a       0x74 contiki-avr-atmega256rfr2.a(uip6.o)
 .text.ext_hdr_options_process
                0x00002dee       0xd4 contiki-avr-atmega256rfr2.a(uip6.o)
 .text.uip_add32
                0x00002ec2       0x6e contiki-avr-atmega256rfr2.a(uip6.o)
                0x00002ec2                uip_add32
 .text.unlikely.uip_add_rcv_nxt
                0x00002f30       0x34 contiki-avr-atmega256rfr2.a(uip6.o)
 .text.uip_icmp6chksum
                0x00002f64        0x6 contiki-avr-atmega256rfr2.a(uip6.o)
                0x00002f64                uip_icmp6chksum
 .text.uip_tcpchksum
                0x00002f6a        0x6 contiki-avr-atmega256rfr2.a(uip6.o)
                0x00002f6a                uip_tcpchksum
 .text.uip_udpchksum
                0x00002f70        0x6 contiki-avr-atmega256rfr2.a(uip6.o)
                0x00002f70                uip_udpchksum
 .text.uip_init
                0x00002f76       0x64 contiki-avr-atmega256rfr2.a(uip6.o)
                0x00002f76                uip_init
 .text.remove_ext_hdr
                0x00002fda       0x6c contiki-avr-atmega256rfr2.a(uip6.o)
                0x00002fda                remove_ext_hdr
 .text.uip_udp_new
                0x00003046       0xbc contiki-avr-atmega256rfr2.a(uip6.o)
                0x00003046                uip_udp_new
 .text.uip_unlisten
                0x00003102       0x34 contiki-avr-atmega256rfr2.a(uip6.o)
                0x00003102                uip_unlisten
 .text.uip_process
                0x00003136     0x110c contiki-avr-atmega256rfr2.a(uip6.o)
                0x00003136                uip_process
 .text.uip_htonl
                0x00004242        0x6 contiki-avr-atmega256rfr2.a(uip6.o)
                0x00004242                uip_htonl
 .text.uip_ds6_list_loop
                0x00004248       0x96 contiki-avr-atmega256rfr2.a(uip-ds6.o)
                0x00004248                uip_ds6_list_loop
 .text.uip_ds6_prefix_add
                0x000042de       0xb6 contiki-avr-atmega256rfr2.a(uip-ds6.o)
                0x000042de                uip_ds6_prefix_add
 .text.uip_ds6_is_addr_onlink
                0x00004394       0x60 contiki-avr-atmega256rfr2.a(uip-ds6.o)
                0x00004394                uip_ds6_is_addr_onlink
 .text.uip_ds6_addr_lookup
                0x000043f4       0x3a contiki-avr-atmega256rfr2.a(uip-ds6.o)
                0x000043f4                uip_ds6_addr_lookup
 .text.uip_ds6_get_link_local
                0x0000442e       0x5a contiki-avr-atmega256rfr2.a(uip-ds6.o)
                0x0000442e                uip_ds6_get_link_local
 .text.uip_ds6_maddr_add
                0x00004488       0x64 contiki-avr-atmega256rfr2.a(uip-ds6.o)
                0x00004488                uip_ds6_maddr_add
 .text.uip_ds6_addr_add
                0x000044ec      0x104 contiki-avr-atmega256rfr2.a(uip-ds6.o)
                0x000044ec                uip_ds6_addr_add
 .text.uip_ds6_maddr_rm
                0x000045f0        0xa contiki-avr-atmega256rfr2.a(uip-ds6.o)
                0x000045f0                uip_ds6_maddr_rm
 .text.uip_ds6_maddr_lookup
                0x000045fa       0x3a contiki-avr-atmega256rfr2.a(uip-ds6.o)
                0x000045fa                uip_ds6_maddr_lookup
 .text.uip_ds6_addr_rm
                0x00004634       0x76 contiki-avr-atmega256rfr2.a(uip-ds6.o)
                0x00004634                uip_ds6_addr_rm
 .text.uip_ds6_periodic
                0x000046aa       0x5c contiki-avr-atmega256rfr2.a(uip-ds6.o)
                0x000046aa                uip_ds6_periodic
 .text.uip_ds6_set_addr_iid
                0x00004706       0x1c contiki-avr-atmega256rfr2.a(uip-ds6.o)
                0x00004706                uip_ds6_set_addr_iid
 .text.get_match_length
                0x00004722       0x2a contiki-avr-atmega256rfr2.a(uip-ds6.o)
                0x00004722                get_match_length
 .text.uip_ds6_select_src
                0x0000474c       0xdc contiki-avr-atmega256rfr2.a(uip-ds6.o)
                0x0000474c                uip_ds6_select_src
 .text.uip_ds6_compute_reachable_time
                0x00004828       0x58 contiki-avr-atmega256rfr2.a(uip-ds6.o)
                0x00004828                uip_ds6_compute_reachable_time
 .text.uip_ds6_init
                0x00004880      0x1e2 contiki-avr-atmega256rfr2.a(uip-ds6.o)
                0x00004880                uip_ds6_init
 .text.uip_ds6_nbr_rm
                0x00004a62       0x2e contiki-avr-atmega256rfr2.a(uip-ds6-nbr.o)
                0x00004a62                uip_ds6_nbr_rm
 .text.uip_ds6_neighbors_init
                0x00004a90       0x10 contiki-avr-atmega256rfr2.a(uip-ds6-nbr.o)
                0x00004a90                uip_ds6_neighbors_init
 .text.uip_ds6_nbr_add
                0x00004aa0       0x86 contiki-avr-atmega256rfr2.a(uip-ds6-nbr.o)
                0x00004aa0                uip_ds6_nbr_add
 .text.uip_ds6_nbr_get_ll
                0x00004b26        0xe contiki-avr-atmega256rfr2.a(uip-ds6-nbr.o)
                0x00004b26                uip_ds6_nbr_get_ll
 .text.uip_ds6_nbr_lookup
                0x00004b34       0x56 contiki-avr-atmega256rfr2.a(uip-ds6-nbr.o)
                0x00004b34                uip_ds6_nbr_lookup
 .text.uip_ds6_nbr_ll_lookup
                0x00004b8a        0xe contiki-avr-atmega256rfr2.a(uip-ds6-nbr.o)
                0x00004b8a                uip_ds6_nbr_ll_lookup
 .text.uip_ds6_nbr_ipaddr_from_lladdr
                0x00004b98        0x4 contiki-avr-atmega256rfr2.a(uip-ds6-nbr.o)
                0x00004b98                uip_ds6_nbr_ipaddr_from_lladdr
 .text.uip_ds6_nbr_lladdr_from_ipaddr
                0x00004b9c       0x12 contiki-avr-atmega256rfr2.a(uip-ds6-nbr.o)
                0x00004b9c                uip_ds6_nbr_lladdr_from_ipaddr
 .text.uip_ds6_link_neighbor_callback
                0x00004bae       0x48 contiki-avr-atmega256rfr2.a(uip-ds6-nbr.o)
                0x00004bae                uip_ds6_link_neighbor_callback
 .text.uip_ds6_neighbor_periodic
                0x00004bf6      0x17a contiki-avr-atmega256rfr2.a(uip-ds6-nbr.o)
                0x00004bf6                uip_ds6_neighbor_periodic
 .text.call_route_callback
                0x00004d70       0x64 contiki-avr-atmega256rfr2.a(uip-ds6-route.o)
 .text.uip_ds6_route_init
                0x00004dd4       0x34 contiki-avr-atmega256rfr2.a(uip-ds6-route.o)
                0x00004dd4                uip_ds6_route_init
 .text.uip_ds6_route_nexthop
                0x00004e08       0x1c contiki-avr-atmega256rfr2.a(uip-ds6-route.o)
                0x00004e08                uip_ds6_route_nexthop
 .text.uip_ds6_route_head
                0x00004e24        0x8 contiki-avr-atmega256rfr2.a(uip-ds6-route.o)
                0x00004e24                uip_ds6_route_head
 .text.uip_ds6_route_next
                0x00004e2c        0xe contiki-avr-atmega256rfr2.a(uip-ds6-route.o)
                0x00004e2c                uip_ds6_route_next
 .text.uip_ds6_route_lookup
                0x00004e3a       0x96 contiki-avr-atmega256rfr2.a(uip-ds6-route.o)
                0x00004e3a                uip_ds6_route_lookup
 .text.uip_ds6_route_rm
                0x00004ed0       0xce contiki-avr-atmega256rfr2.a(uip-ds6-route.o)
                0x00004ed0                uip_ds6_route_rm
 .text.rm_routelist
                0x00004f9e       0x3e contiki-avr-atmega256rfr2.a(uip-ds6-route.o)
 .text.rm_routelist_callback
                0x00004fdc        0x4 contiki-avr-atmega256rfr2.a(uip-ds6-route.o)
 .text.uip_ds6_route_add
                0x00004fe0      0x142 contiki-avr-atmega256rfr2.a(uip-ds6-route.o)
                0x00004fe0                uip_ds6_route_add
 .text.uip_ds6_defrt_rm
                0x00005122       0x5c contiki-avr-atmega256rfr2.a(uip-ds6-route.o)
                0x00005122                uip_ds6_defrt_rm
 .text.uip_ds6_defrt_lookup
                0x0000517e       0x44 contiki-avr-atmega256rfr2.a(uip-ds6-route.o)
                0x0000517e                uip_ds6_defrt_lookup
 .text.uip_ds6_defrt_add
                0x000051c2       0x8c contiki-avr-atmega256rfr2.a(uip-ds6-route.o)
                0x000051c2                uip_ds6_defrt_add
 .text.uip_ds6_defrt_choose
                0x0000524e       0x48 contiki-avr-atmega256rfr2.a(uip-ds6-route.o)
                0x0000524e                uip_ds6_defrt_choose
 .text.uip_ds6_defrt_periodic
                0x00005296       0x3a contiki-avr-atmega256rfr2.a(uip-ds6-route.o)
                0x00005296                uip_ds6_defrt_periodic
 .text.echo_reply_input
                0x000052d0      0x15a contiki-avr-atmega256rfr2.a(uip-icmp6.o)
 .text.echo_request_input
                0x0000542a      0x14a contiki-avr-atmega256rfr2.a(uip-icmp6.o)
 .text.uip_icmp6_input
                0x00005574       0x4e contiki-avr-atmega256rfr2.a(uip-icmp6.o)
                0x00005574                uip_icmp6_input
 .text.uip_icmp6_register_input_handler
                0x000055c2        0xa contiki-avr-atmega256rfr2.a(uip-icmp6.o)
                0x000055c2                uip_icmp6_register_input_handler
 .text.uip_icmp6_error_output
                0x000055cc      0x1cc contiki-avr-atmega256rfr2.a(uip-icmp6.o)
                0x000055cc                uip_icmp6_error_output
 .text.uip_icmp6_send
                0x00005798       0xb0 contiki-avr-atmega256rfr2.a(uip-icmp6.o)
                0x00005798                uip_icmp6_send
 .text.uip_icmp6_init
                0x00005848       0x10 contiki-avr-atmega256rfr2.a(uip-icmp6.o)
                0x00005848                uip_icmp6_init
 .text.na_input
                0x00005858      0x28e contiki-avr-atmega256rfr2.a(uip-nd6.o)
 .text.ns_input
                0x00005ae6      0x360 contiki-avr-atmega256rfr2.a(uip-nd6.o)
 .text.uip_nd6_ns_output
                0x00005e46      0x200 contiki-avr-atmega256rfr2.a(uip-nd6.o)
                0x00005e46                uip_nd6_ns_output
 .text.uip_nd6_init
                0x00006046       0x10 contiki-avr-atmega256rfr2.a(uip-nd6.o)
                0x00006046                uip_nd6_init
 .text.start_periodic_tcp_timer
                0x00006056       0x16 contiki-avr-atmega256rfr2.a(tcpip.o)
 .text.tcpip_output
                0x0000606c       0x12 contiki-avr-atmega256rfr2.a(tcpip.o)
                0x0000606c                tcpip_output
 .text.tcpip_set_outputfunc
                0x0000607e        0xa contiki-avr-atmega256rfr2.a(tcpip.o)
                0x0000607e                tcpip_set_outputfunc
 .text.udp_new  0x00006088       0x26 contiki-avr-atmega256rfr2.a(tcpip.o)
                0x00006088                udp_new
 .text.udp_broadcast_new
                0x000060ae       0x6e contiki-avr-atmega256rfr2.a(tcpip.o)
                0x000060ae                udp_broadcast_new
 .text.tcpip_icmp6_call
                0x0000611c       0x2e contiki-avr-atmega256rfr2.a(tcpip.o)
                0x0000611c                tcpip_icmp6_call
 .text.tcpip_input
                0x0000614a       0x1c contiki-avr-atmega256rfr2.a(tcpip.o)
                0x0000614a                tcpip_input
 .text.tcpip_ipv6_output
                0x00006166      0x274 contiki-avr-atmega256rfr2.a(tcpip.o)
                0x00006166                tcpip_ipv6_output
 .text.process_thread_tcpip_process
                0x000063da      0x218 contiki-avr-atmega256rfr2.a(tcpip.o)
 .text.tcpip_uipcall
                0x000065f2       0x8a contiki-avr-atmega256rfr2.a(tcpip.o)
                0x000065f2                tcpip_uipcall
 .text.uip_debug_ipaddr_print
                0x0000667c       0xe6 contiki-avr-atmega256rfr2.a(uip-debug.o)
                0x0000667c                uip_debug_ipaddr_print
 .text.packet_timedout
                0x00006762       0x1c contiki-avr-atmega256rfr2.a(uip-packetqueue)
 .text.uip_packetqueue_new
                0x0000677e        0x8 contiki-avr-atmega256rfr2.a(uip-packetqueue)
                0x0000677e                uip_packetqueue_new
 .text.uip_packetqueue_alloc
                0x00006786       0x5e contiki-avr-atmega256rfr2.a(uip-packetqueue)
                0x00006786                uip_packetqueue_alloc
 .text.uip_packetqueue_free
                0x000067e4       0x2c contiki-avr-atmega256rfr2.a(uip-packetqueue)
                0x000067e4                uip_packetqueue_free
 .text.uip_packetqueue_buf
                0x00006810       0x14 contiki-avr-atmega256rfr2.a(uip-packetqueue)
                0x00006810                uip_packetqueue_buf
 .text.uip_packetqueue_buflen
                0x00006824       0x1c contiki-avr-atmega256rfr2.a(uip-packetqueue)
                0x00006824                uip_packetqueue_buflen
 .text.uip_packetqueue_set_buflen
                0x00006840       0x16 contiki-avr-atmega256rfr2.a(uip-packetqueue)
                0x00006840                uip_packetqueue_set_buflen
 .text.uip_split_output
                0x00006856       0xf2 contiki-avr-atmega256rfr2.a(uip-split.o)
                0x00006856                uip_split_output
 .text.uip_udp_packet_send
                0x00006948       0x40 contiki-avr-atmega256rfr2.a(uip-udp-packet.)
                0x00006948                uip_udp_packet_send
 .text.rpl_get_mode
                0x00006988        0xa contiki-avr-atmega256rfr2.a(rpl.o)
                0x00006988                rpl_get_mode
 .text.rpl_purge_routes
                0x00006992       0xca contiki-avr-atmega256rfr2.a(rpl.o)
                0x00006992                rpl_purge_routes
 .text.rpl_remove_routes
                0x00006a5c       0x2c contiki-avr-atmega256rfr2.a(rpl.o)
                0x00006a5c                rpl_remove_routes
 .text.rpl_remove_routes_by_nexthop
                0x00006a88       0x56 contiki-avr-atmega256rfr2.a(rpl.o)
                0x00006a88                rpl_remove_routes_by_nexthop
 .text.rpl_add_route
                0x00006ade       0x46 contiki-avr-atmega256rfr2.a(rpl.o)
                0x00006ade                rpl_add_route
 .text.rpl_link_neighbor_callback
                0x00006b24       0xa2 contiki-avr-atmega256rfr2.a(rpl.o)
                0x00006b24                rpl_link_neighbor_callback
 .text.rpl_ipv6_neighbor_callback
                0x00006bc6       0x28 contiki-avr-atmega256rfr2.a(rpl.o)
                0x00006bc6                rpl_ipv6_neighbor_callback
 .text.rpl_init
                0x00006bee       0x78 contiki-avr-atmega256rfr2.a(rpl.o)
                0x00006bee                rpl_init
 .text.lollipop_greater_than
                0x00006c66       0x48 contiki-avr-atmega256rfr2.a(rpl-dag.o)
 .text.rpl_set_preferred_parent
                0x00006cae       0x3e contiki-avr-atmega256rfr2.a(rpl-dag.o)
 .text.set_ip_from_prefix
                0x00006cec       0x38 contiki-avr-atmega256rfr2.a(rpl-dag.o)
 .text.check_prefix
                0x00006d24       0xb4 contiki-avr-atmega256rfr2.a(rpl-dag.o)
 .text.find_parent_any_dag_any_instance
                0x00006dd8       0x12 contiki-avr-atmega256rfr2.a(rpl-dag.o)
 .text.rpl_get_nbr
                0x00006dea       0x22 contiki-avr-atmega256rfr2.a(rpl-dag.o)
                0x00006dea                rpl_get_nbr
 .text.rpl_dag_init
                0x00006e0c        0xc contiki-avr-atmega256rfr2.a(rpl-dag.o)
                0x00006e0c                rpl_dag_init
 .text.rpl_get_parent
                0x00006e18        0xa contiki-avr-atmega256rfr2.a(rpl-dag.o)
                0x00006e18                rpl_get_parent
 .text.rpl_get_parent_ipaddr
                0x00006e22        0xe contiki-avr-atmega256rfr2.a(rpl-dag.o)
                0x00006e22                rpl_get_parent_ipaddr
 .text.rpl_set_prefix
                0x00006e30       0xb4 contiki-avr-atmega256rfr2.a(rpl-dag.o)
                0x00006e30                rpl_set_prefix
 .text.rpl_set_default_route
                0x00006ee4       0x7c contiki-avr-atmega256rfr2.a(rpl-dag.o)
                0x00006ee4                rpl_set_default_route
 .text.rpl_alloc_instance
                0x00006f60       0x2a contiki-avr-atmega256rfr2.a(rpl-dag.o)
                0x00006f60                rpl_alloc_instance
 .text.rpl_add_parent
                0x00006f8a       0x72 contiki-avr-atmega256rfr2.a(rpl-dag.o)
                0x00006f8a                rpl_add_parent
 .text.rpl_find_parent
                0x00006ffc       0x2a contiki-avr-atmega256rfr2.a(rpl-dag.o)
                0x00006ffc                rpl_find_parent
 .text.rpl_find_parent_any_dag
                0x00007026       0x36 contiki-avr-atmega256rfr2.a(rpl-dag.o)
                0x00007026                rpl_find_parent_any_dag
 .text.rpl_select_parent
                0x0000705c       0x8e contiki-avr-atmega256rfr2.a(rpl-dag.o)
                0x0000705c                rpl_select_parent
 .text.rpl_select_dag
                0x000070ea      0x248 contiki-avr-atmega256rfr2.a(rpl-dag.o)
                0x000070ea                rpl_select_dag
 .text.rpl_nullify_parent
                0x00007332       0x70 contiki-avr-atmega256rfr2.a(rpl-dag.o)
                0x00007332                rpl_nullify_parent
 .text.rpl_remove_parent
                0x000073a2       0x18 contiki-avr-atmega256rfr2.a(rpl-dag.o)
                0x000073a2                rpl_remove_parent
 .text.nbr_callback
                0x000073ba        0x4 contiki-avr-atmega256rfr2.a(rpl-dag.o)
 .text.remove_parents.constprop.4
                0x000073be       0x3e contiki-avr-atmega256rfr2.a(rpl-dag.o)
 .text.rpl_free_dag
                0x000073fc       0x34 contiki-avr-atmega256rfr2.a(rpl-dag.o)
                0x000073fc                rpl_free_dag
 .text.rpl_free_instance
                0x00007430       0x88 contiki-avr-atmega256rfr2.a(rpl-dag.o)
                0x00007430                rpl_free_instance
 .text.rpl_move_parent
                0x000074b8       0x7c contiki-avr-atmega256rfr2.a(rpl-dag.o)
                0x000074b8                rpl_move_parent
 .text.rpl_get_any_dag
                0x00007534       0x1e contiki-avr-atmega256rfr2.a(rpl-dag.o)
                0x00007534                rpl_get_any_dag
 .text.rpl_get_instance
                0x00007552       0x1c contiki-avr-atmega256rfr2.a(rpl-dag.o)
                0x00007552                rpl_get_instance
 .text.get_dag  0x0000756e       0x6a contiki-avr-atmega256rfr2.a(rpl-dag.o)
 .text.rpl_repair_root
                0x000075d8       0x52 contiki-avr-atmega256rfr2.a(rpl-dag.o)
                0x000075d8                rpl_repair_root
 .text.rpl_alloc_dag
                0x0000762a       0x5e contiki-avr-atmega256rfr2.a(rpl-dag.o)
                0x0000762a                rpl_alloc_dag
 .text.rpl_find_of
                0x00007688       0x1a contiki-avr-atmega256rfr2.a(rpl-dag.o)
                0x00007688                rpl_find_of
 .text.rpl_join_instance
                0x000076a2      0x1e4 contiki-avr-atmega256rfr2.a(rpl-dag.o)
                0x000076a2                rpl_join_instance
 .text.rpl_local_repair
                0x00007886       0x9e contiki-avr-atmega256rfr2.a(rpl-dag.o)
                0x00007886                rpl_local_repair
 .text.rpl_process_parent_event
                0x00007924       0xd8 contiki-avr-atmega256rfr2.a(rpl-dag.o)
                0x00007924                rpl_process_parent_event
 .text.rpl_add_dag
                0x000079fc      0x178 contiki-avr-atmega256rfr2.a(rpl-dag.o)
                0x000079fc                rpl_add_dag
 .text.rpl_recalculate_ranks
                0x00007b74       0x48 contiki-avr-atmega256rfr2.a(rpl-dag.o)
                0x00007b74                rpl_recalculate_ranks
 .text.rpl_process_dio
                0x00007bbc      0x40e contiki-avr-atmega256rfr2.a(rpl-dag.o)
                0x00007bbc                rpl_process_dio
 .text.rpl_lock_parent
                0x00007fca        0xa contiki-avr-atmega256rfr2.a(rpl-dag.o)
                0x00007fca                rpl_lock_parent
 .text.rpl_verify_header
                0x00007fd4       0xc6 contiki-avr-atmega256rfr2.a(rpl-ext-header.)
                0x00007fd4                rpl_verify_header
 .text.rpl_update_header_empty
                0x0000809a      0x166 contiki-avr-atmega256rfr2.a(rpl-ext-header.)
                0x0000809a                rpl_update_header_empty
 .text.rpl_update_header_final
                0x00008200       0xd4 contiki-avr-atmega256rfr2.a(rpl-ext-header.)
                0x00008200                rpl_update_header_final
 .text.rpl_invert_header
                0x000082d4       0x86 contiki-avr-atmega256rfr2.a(rpl-ext-header.)
                0x000082d4                rpl_invert_header
 .text.rpl_insert_header
                0x0000835a       0x1a contiki-avr-atmega256rfr2.a(rpl-ext-header.)
                0x0000835a                rpl_insert_header
 .text.get32    0x00008374       0x1c contiki-avr-atmega256rfr2.a(rpl-icmp6.o)
 .text.set32    0x00008390       0x10 contiki-avr-atmega256rfr2.a(rpl-icmp6.o)
 .text.get16    0x000083a0       0x10 contiki-avr-atmega256rfr2.a(rpl-icmp6.o)
 .text.set16    0x000083b0        0xc contiki-avr-atmega256rfr2.a(rpl-icmp6.o)
 .text.dao_ack_input
                0x000083bc        0xa contiki-avr-atmega256rfr2.a(rpl-icmp6.o)
 .text.dio_input
                0x000083c6      0x354 contiki-avr-atmega256rfr2.a(rpl-icmp6.o)
 .text.dis_output
                0x0000871a       0x74 contiki-avr-atmega256rfr2.a(rpl-icmp6.o)
                0x0000871a                dis_output
 .text.dio_output
                0x0000878e      0x310 contiki-avr-atmega256rfr2.a(rpl-icmp6.o)
                0x0000878e                dio_output
 .text.dis_input
                0x00008a9e       0x30 contiki-avr-atmega256rfr2.a(rpl-icmp6.o)
 .text.dao_output_target
                0x00008ace      0x11e contiki-avr-atmega256rfr2.a(rpl-icmp6.o)
                0x00008ace                dao_output_target
 .text.dao_output
                0x00008bec       0x88 contiki-avr-atmega256rfr2.a(rpl-icmp6.o)
                0x00008bec                dao_output
 .text.dao_ack_output
                0x00008c74       0x36 contiki-avr-atmega256rfr2.a(rpl-icmp6.o)
                0x00008c74                dao_ack_output
 .text.dao_input
                0x00008caa      0x35c contiki-avr-atmega256rfr2.a(rpl-icmp6.o)
 .text.rpl_icmp6_register_handlers
                0x00009006       0x20 contiki-avr-atmega256rfr2.a(rpl-icmp6.o)
                0x00009006                rpl_icmp6_register_handlers
 .text.reset    0x00009026        0x2 contiki-avr-atmega256rfr2.a(rpl-mrhof.o)
 .text.update_metric_container
                0x00009028        0x6 contiki-avr-atmega256rfr2.a(rpl-mrhof.o)
 .text.calculate_rank
                0x0000902e       0x54 contiki-avr-atmega256rfr2.a(rpl-mrhof.o)
 .text.neighbor_link_callback
                0x00009082       0xae contiki-avr-atmega256rfr2.a(rpl-mrhof.o)
 .text.best_dag
                0x00009130       0x40 contiki-avr-atmega256rfr2.a(rpl-mrhof.o)
 .text.best_parent
                0x00009170       0xa6 contiki-avr-atmega256rfr2.a(rpl-mrhof.o)
 .text.new_dio_interval
                0x00009216       0x9c contiki-avr-atmega256rfr2.a(rpl-timers.o)
 .text.handle_periodic_timer
                0x000092b2       0x46 contiki-avr-atmega256rfr2.a(rpl-timers.o)
 .text.set_dao_lifetime_timer
                0x000092f8       0x5a contiki-avr-atmega256rfr2.a(rpl-timers.o)
 .text.handle_dio_timer
                0x00009352       0xb4 contiki-avr-atmega256rfr2.a(rpl-timers.o)
 .text.schedule_dao
                0x00009406       0x80 contiki-avr-atmega256rfr2.a(rpl-timers.o)
 .text.handle_dao_timer
                0x00009486       0x7e contiki-avr-atmega256rfr2.a(rpl-timers.o)
 .text.rpl_reset_periodic_timer
                0x00009504       0x3a contiki-avr-atmega256rfr2.a(rpl-timers.o)
                0x00009504                rpl_reset_periodic_timer
 .text.rpl_reset_dio_timer
                0x0000953e       0x20 contiki-avr-atmega256rfr2.a(rpl-timers.o)
                0x0000953e                rpl_reset_dio_timer
 .text.rpl_schedule_dao
                0x0000955e        0x8 contiki-avr-atmega256rfr2.a(rpl-timers.o)
                0x0000955e                rpl_schedule_dao
 .text.send_packet
                0x00009566        0xa contiki-avr-atmega256rfr2.a(nullmac.o)
 .text.packet_input
                0x00009570        0xa contiki-avr-atmega256rfr2.a(nullmac.o)
 .text.on       0x0000957a        0xa contiki-avr-atmega256rfr2.a(nullmac.o)
 .text.off      0x00009584        0xa contiki-avr-atmega256rfr2.a(nullmac.o)
 .text.channel_check_interval
                0x0000958e        0x6 contiki-avr-atmega256rfr2.a(nullmac.o)
 .text.init     0x00009594        0x2 contiki-avr-atmega256rfr2.a(nullmac.o)
 .text.on       0x00009596        0xa contiki-avr-atmega256rfr2.a(nullrdc.o)
 .text.channel_check_interval
                0x000095a0        0x6 contiki-avr-atmega256rfr2.a(nullrdc.o)
 .text.init     0x000095a6        0x4 contiki-avr-atmega256rfr2.a(nullrdc.o)
 .text.send_one_packet
                0x000095aa       0x98 contiki-avr-atmega256rfr2.a(nullrdc.o)
 .text.send_list
                0x00009642       0x40 contiki-avr-atmega256rfr2.a(nullrdc.o)
 .text.send_packet
                0x00009682        0x4 contiki-avr-atmega256rfr2.a(nullrdc.o)
 .text.off      0x00009686       0x18 contiki-avr-atmega256rfr2.a(nullrdc.o)
 .text.packet_input
                0x0000969e       0x3c contiki-avr-atmega256rfr2.a(nullrdc.o)
 .text.linkaddr_copy
                0x000096da       0x10 contiki-avr-atmega256rfr2.a(linkaddr.o)
                0x000096da                linkaddr_copy
 .text.linkaddr_cmp
                0x000096ea       0x18 contiki-avr-atmega256rfr2.a(linkaddr.o)
                0x000096ea                linkaddr_cmp
 .text.linkaddr_set_node_addr
                0x00009702        0xa contiki-avr-atmega256rfr2.a(linkaddr.o)
                0x00009702                linkaddr_set_node_addr
 .text.index_from_key
                0x0000970c       0x32 contiki-avr-atmega256rfr2.a(nbr-table.o)
 .text.nbr_set_bit
                0x0000973e       0x66 contiki-avr-atmega256rfr2.a(nbr-table.o)
 .text.index_from_lladdr
                0x000097a4       0x5a contiki-avr-atmega256rfr2.a(nbr-table.o)
 .text.key_from_item
                0x000097fe       0x48 contiki-avr-atmega256rfr2.a(nbr-table.o)
 .text.item_from_key
                0x00009846       0x3e contiki-avr-atmega256rfr2.a(nbr-table.o)
 .text.nbr_get_bit.constprop.0
                0x00009884       0x4a contiki-avr-atmega256rfr2.a(nbr-table.o)
 .text.nbr_table_register
                0x000098ce       0x40 contiki-avr-atmega256rfr2.a(nbr-table.o)
                0x000098ce                nbr_table_register
 .text.nbr_table_next
                0x0000990e       0x3e contiki-avr-atmega256rfr2.a(nbr-table.o)
                0x0000990e                nbr_table_next
 .text.nbr_table_head
                0x0000994c       0x44 contiki-avr-atmega256rfr2.a(nbr-table.o)
                0x0000994c                nbr_table_head
 .text.nbr_table_add_lladdr
                0x00009990      0x1c0 contiki-avr-atmega256rfr2.a(nbr-table.o)
                0x00009990                nbr_table_add_lladdr
 .text.nbr_table_get_from_lladdr
                0x00009b50       0x5e contiki-avr-atmega256rfr2.a(nbr-table.o)
                0x00009b50                nbr_table_get_from_lladdr
 .text.nbr_table_remove
                0x00009bae       0x42 contiki-avr-atmega256rfr2.a(nbr-table.o)
                0x00009bae                nbr_table_remove
 .text.nbr_table_lock
                0x00009bf0       0x10 contiki-avr-atmega256rfr2.a(nbr-table.o)
                0x00009bf0                nbr_table_lock
 .text.nbr_table_unlock
                0x00009c00       0x10 contiki-avr-atmega256rfr2.a(nbr-table.o)
                0x00009c00                nbr_table_unlock
 .text.nbr_table_get_lladdr
                0x00009c10       0x12 contiki-avr-atmega256rfr2.a(nbr-table.o)
                0x00009c10                nbr_table_get_lladdr
 .text.netstack_init
                0x00009c22       0x28 contiki-avr-atmega256rfr2.a(netstack.o)
                0x00009c22                netstack_init
 .text.packetbuf_copyto_hdr
                0x00009c4a       0x24 contiki-avr-atmega256rfr2.a(packetbuf.o)
                0x00009c4a                packetbuf_copyto_hdr
 .text.packetbuf_copyto
                0x00009c6e       0x7a contiki-avr-atmega256rfr2.a(packetbuf.o)
                0x00009c6e                packetbuf_copyto
 .text.packetbuf_hdrreduce
                0x00009ce8       0x3a contiki-avr-atmega256rfr2.a(packetbuf.o)
                0x00009ce8                packetbuf_hdrreduce
 .text.packetbuf_set_datalen
                0x00009d22        0xa contiki-avr-atmega256rfr2.a(packetbuf.o)
                0x00009d22                packetbuf_set_datalen
 .text.packetbuf_dataptr
                0x00009d2c        0xe contiki-avr-atmega256rfr2.a(packetbuf.o)
                0x00009d2c                packetbuf_dataptr
 .text.packetbuf_hdrptr
                0x00009d3a        0xc contiki-avr-atmega256rfr2.a(packetbuf.o)
                0x00009d3a                packetbuf_hdrptr
 .text.packetbuf_is_reference
                0x00009d46       0x18 contiki-avr-atmega256rfr2.a(packetbuf.o)
                0x00009d46                packetbuf_is_reference
 .text.packetbuf_compact
                0x00009d5e       0x5e contiki-avr-atmega256rfr2.a(packetbuf.o)
                0x00009d5e                packetbuf_compact
 .text.packetbuf_reference_ptr
                0x00009dbc        0xa contiki-avr-atmega256rfr2.a(packetbuf.o)
                0x00009dbc                packetbuf_reference_ptr
 .text.packetbuf_datalen
                0x00009dc6        0xa contiki-avr-atmega256rfr2.a(packetbuf.o)
                0x00009dc6                packetbuf_datalen
 .text.packetbuf_hdrlen
                0x00009dd0       0x10 contiki-avr-atmega256rfr2.a(packetbuf.o)
                0x00009dd0                packetbuf_hdrlen
 .text.packetbuf_totlen
                0x00009de0       0x16 contiki-avr-atmega256rfr2.a(packetbuf.o)
                0x00009de0                packetbuf_totlen
 .text.packetbuf_hdralloc
                0x00009df6       0x3c contiki-avr-atmega256rfr2.a(packetbuf.o)
                0x00009df6                packetbuf_hdralloc
 .text.packetbuf_attr_clear
                0x00009e32       0x32 contiki-avr-atmega256rfr2.a(packetbuf.o)
                0x00009e32                packetbuf_attr_clear
 .text.packetbuf_clear
                0x00009e64       0x26 contiki-avr-atmega256rfr2.a(packetbuf.o)
                0x00009e64                packetbuf_clear
 .text.packetbuf_copyfrom
                0x00009e8a       0x60 contiki-avr-atmega256rfr2.a(packetbuf.o)
                0x00009e8a                packetbuf_copyfrom
 .text.packetbuf_attr_copyto
                0x00009eea       0x22 contiki-avr-atmega256rfr2.a(packetbuf.o)
                0x00009eea                packetbuf_attr_copyto
 .text.packetbuf_attr_copyfrom
                0x00009f0c       0x22 contiki-avr-atmega256rfr2.a(packetbuf.o)
                0x00009f0c                packetbuf_attr_copyfrom
 .text.packetbuf_set_attr
                0x00009f2e       0x16 contiki-avr-atmega256rfr2.a(packetbuf.o)
                0x00009f2e                packetbuf_set_attr
 .text.packetbuf_attr
                0x00009f44       0x12 contiki-avr-atmega256rfr2.a(packetbuf.o)
                0x00009f44                packetbuf_attr
 .text.packetbuf_set_addr
                0x00009f56       0x16 contiki-avr-atmega256rfr2.a(packetbuf.o)
                0x00009f56                packetbuf_set_addr
 .text.packetbuf_addr
                0x00009f6c        0xe contiki-avr-atmega256rfr2.a(packetbuf.o)
                0x00009f6c                packetbuf_addr
 .text.packetbuf_holds_broadcast
                0x00009f7a        0xc contiki-avr-atmega256rfr2.a(packetbuf.o)
                0x00009f7a                packetbuf_holds_broadcast
 .text.queuebuf_init
                0x00009f86       0x18 contiki-avr-atmega256rfr2.a(queuebuf.o)
                0x00009f86                queuebuf_init
 .text.queuebuf_numfree
                0x00009f9e       0x16 contiki-avr-atmega256rfr2.a(queuebuf.o)
                0x00009f9e                queuebuf_numfree
 .text.queuebuf_new_from_packetbuf
                0x00009fb4       0x9a contiki-avr-atmega256rfr2.a(queuebuf.o)
                0x00009fb4                queuebuf_new_from_packetbuf
 .text.queuebuf_free
                0x0000a04e       0x4a contiki-avr-atmega256rfr2.a(queuebuf.o)
                0x0000a04e                queuebuf_free
 .text.queuebuf_to_packetbuf
                0x0000a098       0x92 contiki-avr-atmega256rfr2.a(queuebuf.o)
                0x0000a098                queuebuf_to_packetbuf
 .text.bootstrap
                0x0000a12a        0x4 contiki-avr-atmega256rfr2.a(nullsec.o)
 .text.on_frame_created
                0x0000a12e        0x6 contiki-avr-atmega256rfr2.a(nullsec.o)
 .text.input    0x0000a134        0xa contiki-avr-atmega256rfr2.a(nullsec.o)
 .text.get_overhead
                0x0000a13e        0x4 contiki-avr-atmega256rfr2.a(nullsec.o)
 .text.send     0x0000a142       0x2c contiki-avr-atmega256rfr2.a(nullsec.o)
 .text.__vector_32
                0x0000a16e       0xee contiki-avr-atmega256rfr2.a(rtimer-arch.o)
                0x0000a16e                __vector_32
 .text.rtimer_arch_init
                0x0000a25c       0x34 contiki-avr-atmega256rfr2.a(rtimer-arch.o)
                0x0000a25c                rtimer_arch_init
 .text.rtimer_arch_schedule
                0x0000a290       0x20 contiki-avr-atmega256rfr2.a(rtimer-arch.o)
                0x0000a290                rtimer_arch_schedule
 .text.stimer_set
                0x0000a2b0       0x20 contiki-avr-atmega256rfr2.a(stimer.o)
                0x0000a2b0                stimer_set
 .text.stimer_expired
                0x0000a2d0       0x5c contiki-avr-atmega256rfr2.a(stimer.o)
                0x0000a2d0                stimer_expired
 .text.sicslowpan_init
                0x0000a32c       0x1e contiki-avr-atmega256rfr2.a(sicslowpan.o)
                0x0000a32c                sicslowpan_init
 .text.set_packet_attrs
                0x0000a34a       0x52 contiki-avr-atmega256rfr2.a(sicslowpan.o)
 .text.compress_addr_64
                0x0000a39c       0xcc contiki-avr-atmega256rfr2.a(sicslowpan.o)
 .text.addr_context_lookup_by_prefix
                0x0000a468       0x26 contiki-avr-atmega256rfr2.a(sicslowpan.o)
 .text.send_packet
                0x0000a48e       0x1e contiki-avr-atmega256rfr2.a(sicslowpan.o)
 .text.output   0x0000a4ac      0x87c contiki-avr-atmega256rfr2.a(sicslowpan.o)
 .text.packet_sent
                0x0000ad28       0x32 contiki-avr-atmega256rfr2.a(sicslowpan.o)
 .text.uncompress_addr
                0x0000ad5a       0xe2 contiki-avr-atmega256rfr2.a(sicslowpan.o)
 .text.input    0x0000ae3c      0x78e contiki-avr-atmega256rfr2.a(sicslowpan.o)
 .text.parse    0x0000b5ca       0xd4 contiki-avr-atmega256rfr2.a(framer-802154.o)
 .text.create_frame.isra.0
                0x0000b69e      0x14c contiki-avr-atmega256rfr2.a(framer-802154.o)
 .text.create   0x0000b7ea        0x8 contiki-avr-atmega256rfr2.a(framer-802154.o)
 .text.hdr_length
                0x0000b7f2        0x8 contiki-avr-atmega256rfr2.a(framer-802154.o)
 .text.framer_canonical_create_and_secure
                0x0000b7fa       0x34 contiki-avr-atmega256rfr2.a(framer.o)
                0x0000b7fa                framer_canonical_create_and_secure
 .text.mac_call_sent_callback
                0x0000b82e       0x10 contiki-avr-atmega256rfr2.a(mac.o)
                0x0000b82e                mac_call_sent_callback
 .text.field_len
                0x0000b83e       0x8e contiki-avr-atmega256rfr2.a(frame802154.o)
 .text.frame802154_hdrlen
                0x0000b8cc       0x46 contiki-avr-atmega256rfr2.a(frame802154.o)
                0x0000b8cc                frame802154_hdrlen
 .text.frame802154_create
                0x0000b912      0x1ac contiki-avr-atmega256rfr2.a(frame802154.o)
                0x0000b912                frame802154_create
 .text.frame802154_parse
                0x0000babe      0x19c contiki-avr-atmega256rfr2.a(frame802154.o)
                0x0000babe                frame802154_parse
 .text.libgcc.div
                0x0000bc5a       0x28 /usr/local/bin/../lib/gcc/avr/4.8.1/avr6/libgcc.a(_udivmodhi4.o)
                0x0000bc5a                __udivmodhi4
 .text.libgcc.div
                0x0000bc82       0x28 /usr/local/bin/../lib/gcc/avr/4.8.1/avr6/libgcc.a(_divmodhi4.o)
                0x0000bc82                __divmodhi4
                0x0000bc82                _div
 .text.libgcc.div
                0x0000bcaa       0x44 /usr/local/bin/../lib/gcc/avr/4.8.1/avr6/libgcc.a(_udivmodsi4.o)
                0x0000bcaa                __udivmodsi4
 .text.libgcc   0x0000bcee        0xc /usr/local/bin/../lib/gcc/avr/4.8.1/avr6/libgcc.a(_tablejump.o)
                0x0000bcee                __tablejump2__
                0x0000bcf2                __tablejump__
 .text.libgcc.builtins
                0x0000bcfa        0xe /usr/local/bin/../lib/gcc/avr/4.8.1/avr6/libgcc.a(_bswapsi2.o)
                0x0000bcfa                __bswapsi2
 .text.libgcc.mul
                0x0000bd08       0x1e /usr/local/bin/../lib/gcc/avr/4.8.1/avr6/libgcc.a(_umulhisi3.o)
                0x0000bd08                __umulhisi3
 .text.avr-libc
                0x0000bd26       0xb8 /usr/local/bin/../lib/gcc/avr/4.8.1/../../../../avr/lib/avr6/libc.a(rand.o)
                0x0000bdbc                rand_r
                0x0000bdc0                rand
                0x0000bdc8                srand
 .text.avr-libc
                0x0000bdde       0x1a /usr/local/bin/../lib/gcc/avr/4.8.1/../../../../avr/lib/avr6/libc.a(memcmp.o)
                0x0000bdde                memcmp
 .text.avr-libc
                0x0000bdf8       0x12 /usr/local/bin/../lib/gcc/avr/4.8.1/../../../../avr/lib/avr6/libc.a(memcpy.o)
                0x0000bdf8                memcpy
 .text.avr-libc
                0x0000be0a       0x24 /usr/local/bin/../lib/gcc/avr/4.8.1/../../../../avr/lib/avr6/libc.a(memmove.o)
                0x0000be0a                memmove
 .text.avr-libc
                0x0000be2e        0xe /usr/local/bin/../lib/gcc/avr/4.8.1/../../../../avr/lib/avr6/libc.a(memset.o)
                0x0000be2e                memset
 .text.avr-libc
                0x0000be3c       0x24 /usr/local/bin/../lib/gcc/avr/4.8.1/../../../../avr/lib/avr6/libc.a(printf.o)
                0x0000be3c                printf
 .text.avr-libc
                0x0000be60       0x48 /usr/local/bin/../lib/gcc/avr/4.8.1/../../../../avr/lib/avr6/libc.a(printf_p.o)
                0x0000be60                printf_P
 .text.avr-libc
                0x0000bea8        0xc /usr/local/bin/../lib/gcc/avr/4.8.1/../../../../avr/lib/avr6/libc.a(putchar.o)
                0x0000bea8                putchar
 .text.avr-libc
                0x0000beb4       0x5a /usr/local/bin/../lib/gcc/avr/4.8.1/../../../../avr/lib/avr6/libc.a(puts.o)
                0x0000beb4                puts
 .text.avr-libc
                0x0000bf0e      0x3f6 /usr/local/bin/../lib/gcc/avr/4.8.1/../../../../avr/lib/avr6/libc.a(vfprintf_std.o)
                0x0000bf0e                vfprintf
 .text.avr-libc
                0x0000c304       0x20 /usr/local/bin/../lib/gcc/avr/4.8.1/../../../../avr/lib/avr6/libc.a(eerd_block_atmega256rfr2.o)
                0x0000c304                __eerd_block_EEPROM_SUFFIX
                0x0000c308                __eerd_blraw_EEPROM_SUFFIX
 .text.avr-libc
                0x0000c324       0x10 /usr/local/bin/../lib/gcc/avr/4.8.1/../../../../avr/lib/avr6/libc.a(eerd_byte_atmega256rfr2.o)
                0x0000c324                __eerd_byte_EEPROM_SUFFIX
 .text.avr-libc
                0x0000c334        0xc /usr/local/bin/../lib/gcc/avr/4.8.1/../../../../avr/lib/avr6/libc.a(eerd_word_atmega256rfr2.o)
                0x0000c334                __eerd_word_EEPROM_SUFFIX
 .text.avr-libc
                0x0000c340       0x14 /usr/local/bin/../lib/gcc/avr/4.8.1/../../../../avr/lib/avr6/libc.a(eewr_block_atmega256rfr2.o)
                0x0000c340                __eewr_block_EEPROM_SUFFIX
 .text.avr-libc
                0x0000c354       0x1c /usr/local/bin/../lib/gcc/avr/4.8.1/../../../../avr/lib/avr6/libc.a(eewr_byte_atmega256rfr2.o)
                0x0000c354                __eewr_byte_EEPROM_SUFFIX
                0x0000c356                __eewr_r18_EEPROM_SUFFIX
 .text.avr-libc
                0x0000c370        0xa /usr/local/bin/../lib/gcc/avr/4.8.1/../../../../avr/lib/avr6/libc.a(eewr_word_atmega256rfr2.o)
                0x0000c370                __eewr_word_EEPROM_SUFFIX
 .text.avr-libc
                0x0000c37a       0x16 /usr/local/bin/../lib/gcc/avr/4.8.1/../../../../avr/lib/avr6/libc.a(strnlen_P.o)
                0x0000c37a                strnlen_P
 .text.avr-libc
                0x0000c390       0x16 /usr/local/bin/../lib/gcc/avr/4.8.1/../../../../avr/lib/avr6/libc.a(strnlen.o)
                0x0000c390                strnlen
 .text.avr-libc
                0x0000c3a6       0x64 /usr/local/bin/../lib/gcc/avr/4.8.1/../../../../avr/lib/avr6/libc.a(fputc.o)
                0x0000c3a6                fputc
 .text.avr-libc
                0x0000c40a       0xbc /usr/local/bin/../lib/gcc/avr/4.8.1/../../../../avr/lib/avr6/libc.a(ultoa_invert.o)
                0x0000c40a                __ultoa_invert
 .text.libgcc.div
                0x0000c4c6       0x2e /usr/local/bin/../lib/gcc/avr/4.8.1/avr6/libgcc.a(_divmodsi4.o)
                0x0000c4c6                __divmodsi4
 .text.libgcc.div
                0x0000c4f4       0x10 /usr/local/bin/../lib/gcc/avr/4.8.1/avr6/libgcc.a(_negsi2.o)
                0x0000c4f4                __negsi2
 .text.libgcc.mul
                0x0000c504       0x16 /usr/local/bin/../lib/gcc/avr/4.8.1/avr6/libgcc.a(_muluhisi3.o)
                0x0000c504                __muluhisi3
 .text.libgcc.mul
                0x0000c51a       0x10 /usr/local/bin/../lib/gcc/avr/4.8.1/avr6/libgcc.a(_mulshisi3.o)
                0x0000c51a                __mulshisi3
                0x0000c520                __mulohisi3
                0x0000c52a                . = ALIGN (0x2)
 *(.fini9)
 .fini9         0x0000c52a        0x0 /usr/local/bin/../lib/gcc/avr/4.8.1/avr6/libgcc.a(_exit.o)
                0x0000c52a                exit
                0x0000c52a                _exit
 *(.fini9)
 *(.fini8)
 *(.fini8)
 *(.fini7)
 *(.fini7)
 *(.fini6)
 *(.fini6)
 *(.fini5)
 *(.fini5)
 *(.fini4)
 *(.fini4)
 *(.fini3)
 *(.fini3)
 *(.fini2)
 *(.fini2)
 *(.fini1)
 *(.fini1)
 *(.fini0)
 .fini0         0x0000c52a        0x4 /usr/local/bin/../lib/gcc/avr/4.8.1/avr6/libgcc.a(_exit.o)
 *(.fini0)
                0x0000c52e                _etext = .

.data           0x00800200      0x2d8 load address 0x0000c52e
                0x00800200                PROVIDE (__data_start, .)
 *(.data)
 .data          0x00800200        0x4 /usr/local/bin/../lib/gcc/avr/4.8.1/../../../../avr/lib/avr6/libc.a(rand.o)
 *(.data*)
 .data.example_servreg_client_process
                0x00800204        0xa example-servreg-client.co
                0x00800204                example_servreg_client_process
 .data.servreg_hack_process
                0x0080020e        0xa contiki-avr-atmega256rfr2.a(servreg-hack.o)
                0x0080020e                servreg_hack_process
 .data.registrations
                0x00800218        0x8 contiki-avr-atmega256rfr2.a(servreg-hack.o)
 .data.rs232_stdout
                0x00800220        0xe contiki-avr-atmega256rfr2.a(rs232.o)
 .data.rf230_process
                0x0080022e        0xa contiki-avr-atmega256rfr2.a(rf230bb.o)
                0x0080022e                rf230_process
 .data.ctimer_process
                0x00800238        0xa contiki-avr-atmega256rfr2.a(ctimer.o)
                0x00800238                ctimer_process
 .data.etimer_process
                0x00800242        0xa contiki-avr-atmega256rfr2.a(etimer.o)
                0x00800242                etimer_process
 .data.ds6_neighbors
                0x0080024c        0x2 contiki-avr-atmega256rfr2.a(uip-ds6-nbr.o)
                0x0080024c                ds6_neighbors
 .data.ds6_neighbors_struct
                0x0080024e        0x8 contiki-avr-atmega256rfr2.a(uip-ds6-nbr.o)
 .data.defaultroutermemb
                0x00800256        0x8 contiki-avr-atmega256rfr2.a(uip-ds6-route.o)
 .data.routememb
                0x0080025e        0x8 contiki-avr-atmega256rfr2.a(uip-ds6-route.o)
 .data.neighborroutememb
                0x00800266        0x8 contiki-avr-atmega256rfr2.a(uip-ds6-route.o)
 .data.nbr_routes_struct
                0x0080026e        0x8 contiki-avr-atmega256rfr2.a(uip-ds6-route.o)
 .data.echo_reply_handler
                0x00800276        0x6 contiki-avr-atmega256rfr2.a(uip-icmp6.o)
 .data.echo_request_handler
                0x0080027c        0x6 contiki-avr-atmega256rfr2.a(uip-icmp6.o)
 .data.na_input_handler
                0x00800282        0x6 contiki-avr-atmega256rfr2.a(uip-nd6.o)
 .data.ns_input_handler
                0x00800288        0x6 contiki-avr-atmega256rfr2.a(uip-nd6.o)
 .data.tcpip_process
                0x0080028e        0xa contiki-avr-atmega256rfr2.a(tcpip.o)
                0x0080028e                tcpip_process
 .data.packets_memb
                0x00800298        0x8 contiki-avr-atmega256rfr2.a(uip-packetqueue)
 .data.rpl_parents_struct
                0x008002a0        0x8 contiki-avr-atmega256rfr2.a(rpl-dag.o)
 .data.dao_ack_handler
                0x008002a8        0x6 contiki-avr-atmega256rfr2.a(rpl-icmp6.o)
 .data.dao_handler
                0x008002ae        0x6 contiki-avr-atmega256rfr2.a(rpl-icmp6.o)
 .data.dio_handler
                0x008002b4        0x6 contiki-avr-atmega256rfr2.a(rpl-icmp6.o)
 .data.dis_handler
                0x008002ba        0x6 contiki-avr-atmega256rfr2.a(rpl-icmp6.o)
 .data.dao_sequence
                0x008002c0        0x1 contiki-avr-atmega256rfr2.a(rpl-icmp6.o)
 .data.rpl_mrhof
                0x008002c1        0xe contiki-avr-atmega256rfr2.a(rpl-mrhof.o)
                0x008002c1                rpl_mrhof
 .data.neighbor_addr_mem
                0x008002cf        0x8 contiki-avr-atmega256rfr2.a(nbr-table.o)
 .data.buframmem
                0x008002d7        0x8 contiki-avr-atmega256rfr2.a(queuebuf.o)
 .data.refbufmem
                0x008002df        0x8 contiki-avr-atmega256rfr2.a(queuebuf.o)
 .data.bufmem   0x008002e7        0x8 contiki-avr-atmega256rfr2.a(queuebuf.o)
 *(.rodata)
 *(.rodata*)
 .rodata.str1.1
                0x008002ef       0x26 example-servreg-client.co
 .rodata.autostart_processes
                0x00800315        0x4 example-servreg-client.co
                0x00800315                autostart_processes
 .rodata.str1.1
                0x00800319       0x99 contiki-avr-atmega256rfr2.a(servreg-hack.o)
 .rodata.str1.1
                0x008003b2       0x4f contiki-avr-atmega256rfr2.a(contiki-main.o)
 .rodata.str1.1
                0x00800401        0xd contiki-avr-atmega256rfr2.a(rf230bb.o)
 .rodata.rf230_driver
                0x0080040e       0x1c contiki-avr-atmega256rfr2.a(rf230bb.o)
                0x0080040e                rf230_driver
 .rodata.str1.1
                0x0080042a        0xf contiki-avr-atmega256rfr2.a(ctimer.o)
 .rodata.str1.1
                0x00800439        0xc contiki-avr-atmega256rfr2.a(etimer.o)
 .rodata.str1.1
                0x00800445        0xd contiki-avr-atmega256rfr2.a(tcpip.o)
 .rodata.str1.1
                0x00800452        0xf contiki-avr-atmega256rfr2.a(uip-debug.o)
 .rodata.str1.1
                0x00800461        0x8 contiki-avr-atmega256rfr2.a(nullmac.o)
 .rodata.nullmac_driver
                0x00800469        0xe contiki-avr-atmega256rfr2.a(nullmac.o)
                0x00800469                nullmac_driver
 .rodata.str1.1
                0x00800477        0x8 contiki-avr-atmega256rfr2.a(nullrdc.o)
 .rodata.nullrdc_driver
                0x0080047f       0x12 contiki-avr-atmega256rfr2.a(nullrdc.o)
                0x0080047f                nullrdc_driver
 .rodata.linkaddr_null
                0x00800491        0x8 contiki-avr-atmega256rfr2.a(linkaddr.o)
                0x00800491                linkaddr_null
 .rodata.str1.1
                0x00800499        0x8 contiki-avr-atmega256rfr2.a(nullsec.o)
 .rodata.nullsec_driver
                0x008004a1        0xc contiki-avr-atmega256rfr2.a(nullsec.o)
                0x008004a1                nullsec_driver
 .rodata.str1.1
                0x008004ad        0xb contiki-avr-atmega256rfr2.a(sicslowpan.o)
 .rodata.sicslowpan_driver
                0x008004b8        0x6 contiki-avr-atmega256rfr2.a(sicslowpan.o)
                0x008004b8                sicslowpan_driver
 .rodata.ttl_values
                0x008004be        0x4 contiki-avr-atmega256rfr2.a(sicslowpan.o)
 .rodata.llprefix
                0x008004c2        0x2 contiki-avr-atmega256rfr2.a(sicslowpan.o)
                0x008004c2                llprefix
 .rodata.unc_mxconf
                0x008004c4        0x4 contiki-avr-atmega256rfr2.a(sicslowpan.o)
                0x008004c4                unc_mxconf
 .rodata.unc_ctxconf
                0x008004c8        0x4 contiki-avr-atmega256rfr2.a(sicslowpan.o)
                0x008004c8                unc_ctxconf
 .rodata.unc_llconf
                0x008004cc        0x4 contiki-avr-atmega256rfr2.a(sicslowpan.o)
                0x008004cc                unc_llconf
 .rodata.framer_802154
                0x008004d0        0x8 contiki-avr-atmega256rfr2.a(framer-802154.o)
                0x008004d0                framer_802154
 *(.gnu.linkonce.d*)
                0x008004d8                . = ALIGN (0x2)
                0x008004d8                _edata = .
                0x008004d8                PROVIDE (__data_end, .)

.bss            0x008004d8     0x1e13
                0x008004d8                PROVIDE (__bss_start, .)
 *(.bss)
 *(.bss*)
 .bss.et.3053   0x008004d8        0x8 example-servreg-client.co
 .bss.periodic.4171
                0x008004e0        0x8 contiki-avr-atmega256rfr2.a(servreg-hack.o)
 .bss.inconn.4173
                0x008004e8        0x2 contiki-avr-atmega256rfr2.a(servreg-hack.o)
 .bss.outconn.4172
                0x008004ea        0x2 contiki-avr-atmega256rfr2.a(servreg-hack.o)
 .bss.started   0x008004ec        0x1 contiki-avr-atmega256rfr2.a(servreg-hack.o)
 .bss.sendtimer
                0x008004ed        0x8 contiki-avr-atmega256rfr2.a(servreg-hack.o)
 .bss.registrations_memb_mem
                0x008004f5      0x180 contiki-avr-atmega256rfr2.a(servreg-hack.o)
 .bss.registrations_memb_count
                0x00800675       0x10 contiki-avr-atmega256rfr2.a(servreg-hack.o)
 .bss.own_services_list
                0x00800685        0x2 contiki-avr-atmega256rfr2.a(servreg-hack.o)
 .bss.others_services_list
                0x00800687        0x2 contiki-avr-atmega256rfr2.a(servreg-hack.o)
 .bss.rcount    0x00800689        0x1 contiki-avr-atmega256rfr2.a(clock.o)
 .bss.count     0x0080068a        0x2 contiki-avr-atmega256rfr2.a(clock.o)
 .bss.stdout_rs232_port
                0x0080068c        0x1 contiki-avr-atmega256rfr2.a(rs232.o)
 .bss.buffer    0x0080068d       0x81 contiki-avr-atmega256rfr2.a(rf230bb.o)
 .bss.channel   0x0080070e        0x1 contiki-avr-atmega256rfr2.a(rf230bb.o)
 .bss.initialized
                0x0080070f        0x1 contiki-avr-atmega256rfr2.a(ctimer.o)
 .bss.ctimer_list_list
                0x00800710        0x2 contiki-avr-atmega256rfr2.a(ctimer.o)
 .bss.next_expiration
                0x00800712        0x2 contiki-avr-atmega256rfr2.a(etimer.o)
 .bss.timerlist
                0x00800714        0x2 contiki-avr-atmega256rfr2.a(etimer.o)
 .bss.snum.1757
                0x00800716        0x1 contiki-avr-atmega256rfr2.a(process.o)
 .bss.p.1742    0x00800717        0x2 contiki-avr-atmega256rfr2.a(process.o)
 .bss.receiver.1741
                0x00800719        0x2 contiki-avr-atmega256rfr2.a(process.o)
 .bss.data.1740
                0x0080071b        0x2 contiki-avr-atmega256rfr2.a(process.o)
 .bss.ev.1739   0x0080071d        0x1 contiki-avr-atmega256rfr2.a(process.o)
 .bss.poll_requested
                0x0080071e        0x1 contiki-avr-atmega256rfr2.a(process.o)
 .bss.events    0x0080071f       0xa0 contiki-avr-atmega256rfr2.a(process.o)
 .bss.fevent    0x008007bf        0x1 contiki-avr-atmega256rfr2.a(process.o)
 .bss.nevents   0x008007c0        0x1 contiki-avr-atmega256rfr2.a(process.o)
 .bss.lastevent
                0x008007c1        0x1 contiki-avr-atmega256rfr2.a(process.o)
 .bss.process_current
                0x008007c2        0x2 contiki-avr-atmega256rfr2.a(process.o)
                0x008007c2                process_current
 .bss.process_list
                0x008007c4        0x2 contiki-avr-atmega256rfr2.a(process.o)
                0x008007c4                process_list
 .bss.next_rtimer
                0x008007c6        0x2 contiki-avr-atmega256rfr2.a(rtimer.o)
 .bss.tmp16     0x008007c8        0x2 contiki-avr-atmega256rfr2.a(uip6.o)
 .bss.opt       0x008007ca        0x1 contiki-avr-atmega256rfr2.a(uip6.o)
 .bss.iss       0x008007cb        0x4 contiki-avr-atmega256rfr2.a(uip6.o)
 .bss.lastport  0x008007cf        0x2 contiki-avr-atmega256rfr2.a(uip6.o)
 .bss.c         0x008007d1        0x1 contiki-avr-atmega256rfr2.a(uip6.o)
 .bss.uip_ext_opt_offset
                0x008007d2        0x1 contiki-avr-atmega256rfr2.a(uip6.o)
                0x008007d2                uip_ext_opt_offset
 .bss.uip_ext_len
                0x008007d3        0x1 contiki-avr-atmega256rfr2.a(uip6.o)
                0x008007d3                uip_ext_len
 .bss.uip_ext_bitmap
                0x008007d4        0x1 contiki-avr-atmega256rfr2.a(uip6.o)
                0x008007d4                uip_ext_bitmap
 .bss.locprefix
                0x008007d5        0x2 contiki-avr-atmega256rfr2.a(uip-ds6.o)
 .bss.locmaddr  0x008007d7        0x2 contiki-avr-atmega256rfr2.a(uip-ds6.o)
 .bss.locaddr   0x008007d9        0x2 contiki-avr-atmega256rfr2.a(uip-ds6.o)
 .bss.loc_fipaddr
                0x008007db       0x10 contiki-avr-atmega256rfr2.a(uip-ds6.o)
 .bss._ds6_neighbors_mem
                0x008007eb      0x30c contiki-avr-atmega256rfr2.a(uip-ds6-nbr.o)
 .bss.num_routes
                0x00800af7        0x2 contiki-avr-atmega256rfr2.a(uip-ds6-route.o)
 .bss.notificationlist_list
                0x00800af9        0x2 contiki-avr-atmega256rfr2.a(uip-ds6-route.o)
 .bss.defaultroutermemb_memb_mem
                0x00800afb       0x36 contiki-avr-atmega256rfr2.a(uip-ds6-route.o)
 .bss.defaultroutermemb_memb_count
                0x00800b31        0x2 contiki-avr-atmega256rfr2.a(uip-ds6-route.o)
 .bss.defaultrouterlist_list
                0x00800b33        0x2 contiki-avr-atmega256rfr2.a(uip-ds6-route.o)
 .bss.routememb_memb_mem
                0x00800b35      0x244 contiki-avr-atmega256rfr2.a(uip-ds6-route.o)
 .bss.routememb_memb_count
                0x00800d79       0x14 contiki-avr-atmega256rfr2.a(uip-ds6-route.o)
 .bss.routelist_list
                0x00800d8d        0x2 contiki-avr-atmega256rfr2.a(uip-ds6-route.o)
 .bss.neighborroutememb_memb_mem
                0x00800d8f       0x50 contiki-avr-atmega256rfr2.a(uip-ds6-route.o)
 .bss.neighborroutememb_memb_count
                0x00800ddf       0x14 contiki-avr-atmega256rfr2.a(uip-ds6-route.o)
 .bss._nbr_routes_mem
                0x00800df3       0x50 contiki-avr-atmega256rfr2.a(uip-ds6-route.o)
 .bss.input_handler_list_list
                0x00800e43        0x2 contiki-avr-atmega256rfr2.a(uip-icmp6.o)
 .bss.echo_reply_callback_list_list
                0x00800e45        0x2 contiki-avr-atmega256rfr2.a(uip-icmp6.o)
 .bss.tmp_ipaddr
                0x00800e47       0x10 contiki-avr-atmega256rfr2.a(uip-icmp6.o)
 .bss.addr      0x00800e57        0x2 contiki-avr-atmega256rfr2.a(uip-nd6.o)
 .bss.defrt     0x00800e59        0x2 contiki-avr-atmega256rfr2.a(uip-nd6.o)
 .bss.nbr       0x00800e5b        0x2 contiki-avr-atmega256rfr2.a(uip-nd6.o)
 .bss.nd6_opt_llao
                0x00800e5d        0x2 contiki-avr-atmega256rfr2.a(uip-nd6.o)
 .bss.nd6_opt_offset
                0x00800e5f        0x1 contiki-avr-atmega256rfr2.a(uip-nd6.o)
 .bss.i.4499    0x00800e60        0x1 contiki-avr-atmega256rfr2.a(tcpip.o)
 .bss.i.4455    0x00800e61        0x1 contiki-avr-atmega256rfr2.a(tcpip.o)
 .bss.i.4511    0x00800e62        0x1 contiki-avr-atmega256rfr2.a(tcpip.o)
 .bss.outputfunc
                0x00800e63        0x2 contiki-avr-atmega256rfr2.a(tcpip.o)
 .bss.s         0x00800e65       0x12 contiki-avr-atmega256rfr2.a(tcpip.o)
 .bss.periodic  0x00800e77        0x8 contiki-avr-atmega256rfr2.a(tcpip.o)
 .bss.packets_memb_memb_mem
                0x00800e7f      0x20c contiki-avr-atmega256rfr2.a(uip-packetqueue)
 .bss.packets_memb_memb_count
                0x0080108b        0x2 contiki-avr-atmega256rfr2.a(uip-packetqueue)
 .bss.mode      0x0080108d        0x2 contiki-avr-atmega256rfr2.a(rpl.o)
 .bss._rpl_parents_mem
                0x0080108f       0xa0 contiki-avr-atmega256rfr2.a(rpl-dag.o)
 .bss.dio_send_ok
                0x0080112f        0x1 contiki-avr-atmega256rfr2.a(rpl-timers.o)
 .bss.next_dis  0x00801130        0x2 contiki-avr-atmega256rfr2.a(rpl-timers.o)
 .bss.periodic_timer
                0x00801132       0x10 contiki-avr-atmega256rfr2.a(rpl-timers.o)
 .bss.nbr_table_keys_list
                0x00801142        0x2 contiki-avr-atmega256rfr2.a(nbr-table.o)
 .bss.neighbor_addr_mem_memb_mem
                0x00801144       0xc8 contiki-avr-atmega256rfr2.a(nbr-table.o)
 .bss.neighbor_addr_mem_memb_count
                0x0080120c       0x14 contiki-avr-atmega256rfr2.a(nbr-table.o)
 .bss.num_tables
                0x00801220        0x2 contiki-avr-atmega256rfr2.a(nbr-table.o)
 .bss.all_tables
                0x00801222       0x10 contiki-avr-atmega256rfr2.a(nbr-table.o)
 .bss.locked_map
                0x00801232       0x14 contiki-avr-atmega256rfr2.a(nbr-table.o)
 .bss.used_map  0x00801246       0x14 contiki-avr-atmega256rfr2.a(nbr-table.o)
 .bss.packetbufptr
                0x0080125a        0x2 contiki-avr-atmega256rfr2.a(packetbuf.o)
 .bss.packetbuf_aligned
                0x0080125c       0xb0 contiki-avr-atmega256rfr2.a(packetbuf.o)
 .bss.hdrptr    0x0080130c        0x1 contiki-avr-atmega256rfr2.a(packetbuf.o)
 .bss.bufptr    0x0080130d        0x2 contiki-avr-atmega256rfr2.a(packetbuf.o)
 .bss.buflen    0x0080130f        0x2 contiki-avr-atmega256rfr2.a(packetbuf.o)
 .bss.buframmem_memb_mem
                0x00801311      0x6b0 contiki-avr-atmega256rfr2.a(queuebuf.o)
 .bss.buframmem_memb_count
                0x008019c1        0x8 contiki-avr-atmega256rfr2.a(queuebuf.o)
 .bss.refbufmem_memb_mem
                0x008019c9       0x6a contiki-avr-atmega256rfr2.a(queuebuf.o)
 .bss.refbufmem_memb_count
                0x00801a33        0x2 contiki-avr-atmega256rfr2.a(queuebuf.o)
 .bss.bufmem_memb_mem
                0x00801a35       0x10 contiki-avr-atmega256rfr2.a(queuebuf.o)
 .bss.bufmem_memb_count
                0x00801a45        0x8 contiki-avr-atmega256rfr2.a(queuebuf.o)
 .bss.hc06_ptr  0x00801a4d        0x2 contiki-avr-atmega256rfr2.a(sicslowpan.o)
 .bss.context   0x00801a4f        0x2 contiki-avr-atmega256rfr2.a(sicslowpan.o)
 .bss.addr_contexts
                0x00801a51        0xa contiki-avr-atmega256rfr2.a(sicslowpan.o)
 .bss.callback  0x00801a5b        0x2 contiki-avr-atmega256rfr2.a(sicslowpan.o)
 .bss.last_rssi
                0x00801a5d        0x2 contiki-avr-atmega256rfr2.a(sicslowpan.o)
 .bss.reass_timer
                0x00801a5f        0x4 contiki-avr-atmega256rfr2.a(sicslowpan.o)
 .bss.reass_tag
                0x00801a63        0x2 contiki-avr-atmega256rfr2.a(sicslowpan.o)
 .bss.my_tag    0x00801a65        0x2 contiki-avr-atmega256rfr2.a(sicslowpan.o)
 .bss.processed_ip_in_len
                0x00801a67        0x2 contiki-avr-atmega256rfr2.a(sicslowpan.o)
 .bss.sicslowpan_aligned_buf
                0x00801a69       0xf0 contiki-avr-atmega256rfr2.a(sicslowpan.o)
 .bss.sicslowpan_len
                0x00801b59        0x2 contiki-avr-atmega256rfr2.a(sicslowpan.o)
 .bss.last_tx_status
                0x00801b5b        0x2 contiki-avr-atmega256rfr2.a(sicslowpan.o)
 .bss.uncomp_hdr_len
                0x00801b5d        0x1 contiki-avr-atmega256rfr2.a(sicslowpan.o)
 .bss.packetbuf_payload_len
                0x00801b5e        0x2 contiki-avr-atmega256rfr2.a(sicslowpan.o)
 .bss.packetbuf_hdr_len
                0x00801b60        0x1 contiki-avr-atmega256rfr2.a(sicslowpan.o)
 .bss.packetbuf_ptr
                0x00801b61        0x2 contiki-avr-atmega256rfr2.a(sicslowpan.o)
 .bss.initialized
                0x00801b63        0x1 contiki-avr-atmega256rfr2.a(framer-802154.o)
 .bss.mac_dsn   0x00801b64        0x1 contiki-avr-atmega256rfr2.a(framer-802154.o)
 *(COMMON)
 COMMON         0x00801b65        0x6 contiki-avr-atmega256rfr2.a(contiki-main.o)
                0x00801b65                ledtimer
                0x00801b67                clocktime
 COMMON         0x00801b6b        0xc contiki-avr-atmega256rfr2.a(clock.o)
                0x00801b6b                radioontime
                0x00801b6f                sleepseconds
                0x00801b73                seconds
 COMMON         0x00801b77        0x4 contiki-avr-atmega256rfr2.a(rs232.o)
                0x00801b77                input_handler_1
                0x00801b79                input_handler_0
 COMMON         0x00801b7b      0x198 contiki-avr-atmega256rfr2.a(rf230bb.o)
                0x00801b7b                rf230_last_correlation
                0x00801b7c                rf230_last_rssi
                0x00801b7d                RF230_receivefail
                0x00801b7f                rf230_smallest_rssi
                0x00801b80                rf230_pending
                0x00801b81                rf230_ccawait
                0x00801b82                RF230_receivepackets
                0x00801b84                rf230_txendwait
                0x00801b85                rxframe_tail
                0x00801b86                rxframe_head
                0x00801b87                rxframe
                0x00801d0d                rf230_wakewait
                0x00801d0e                RF230_sendpackets
                0x00801d10                RF230_sendfail
                0x00801d12                RF230_receive_on
 COMMON         0x00801d13       0x56 contiki-avr-atmega256rfr2.a(energest.o)
                0x00801d13                energest_total_time
                0x00801d43                energest_total_count
                0x00801d45                energest_current_mode
                0x00801d51                energest_current_time
 COMMON         0x00801d69      0x2c1 contiki-avr-atmega256rfr2.a(uip6.o)
                0x00801d69                uip_len
                0x00801d6b                uip_sappdata
                0x00801d6d                uip_acc32
                0x00801d71                uip_lladdr
                0x00801d79                uip_aligned_buf
                0x00801e69                uip_flags
                0x00801e6a                uip_next_hdr
                0x00801e6c                uip_udp_conn
                0x00801e6e                uip_appdata
                0x00801e70                uip_conn
                0x00801e72                uip_conns
                0x00801f22                uip_icmp6_conns
                0x00801f26                uip_listenports
                0x00801f2e                uip_slen
                0x00801f30                uip_udp_conns
 COMMON         0x0080202a      0x19d contiki-avr-atmega256rfr2.a(uip-ds6.o)
                0x0080202a                uip_ds6_timer_ra
                0x00802032                uip_ds6_if