Archive member included because of file (symbol)

contiki-avr-atmega256rfr2.a(servreg-hack.o)
                              udp-stream.co (servreg_hack_init)
contiki-avr-atmega256rfr2.a(contiki-main.o)
                              /usr/local/bin/../lib/gcc/avr/4.8.1/../../../../avr/lib/avr6/crtm256rfr2.o (main)
contiki-avr-atmega256rfr2.a(params.o)
                              contiki-avr-atmega256rfr2.a(contiki-main.o) (params_get_channel)
contiki-avr-atmega256rfr2.a(ssd1306.o)
                              contiki-avr-atmega256rfr2.a(contiki-main.o) (ssd1306_init)
contiki-avr-atmega256rfr2.a(clock.o)
                              contiki-avr-atmega256rfr2.a(contiki-main.o) (clock_init)
contiki-avr-atmega256rfr2.a(rs232.o)
                              contiki-avr-atmega256rfr2.a(contiki-main.o) (rs232_init)
contiki-avr-atmega256rfr2.a(watchdog.o)
                              contiki-avr-atmega256rfr2.a(contiki-main.o) (watchdog_periodic)
contiki-avr-atmega256rfr2.a(random.o)
                              contiki-avr-atmega256rfr2.a(contiki-main.o) (random_init)
contiki-avr-atmega256rfr2.a(rf230bb.o)
                              contiki-avr-atmega256rfr2.a(clock.o) (RF230_receive_on)
contiki-avr-atmega256rfr2.a(halbb.o)
                              contiki-avr-atmega256rfr2.a(rf230bb.o) (hal_init)
contiki-avr-atmega256rfr2.a(autostart.o)
                              contiki-avr-atmega256rfr2.a(contiki-main.o) (autostart_start)
contiki-avr-atmega256rfr2.a(ctimer.o)
                              contiki-avr-atmega256rfr2.a(contiki-main.o) (ctimer_init)
contiki-avr-atmega256rfr2.a(energest.o)
                              contiki-avr-atmega256rfr2.a(rf230bb.o) (energest_current_time)
contiki-avr-atmega256rfr2.a(etimer.o)
                              contiki-avr-atmega256rfr2.a(clock.o) (etimer_request_poll)
contiki-avr-atmega256rfr2.a(process.o)
                              udp-stream.co (process_current)
contiki-avr-atmega256rfr2.a(rtimer.o)
                              contiki-avr-atmega256rfr2.a(contiki-main.o) (rtimer_init)
contiki-avr-atmega256rfr2.a(timer.o)
                              contiki-avr-atmega256rfr2.a(servreg-hack.o) (timer_set)
contiki-avr-atmega256rfr2.a(list.o)
                              contiki-avr-atmega256rfr2.a(servreg-hack.o) (list_init)
contiki-avr-atmega256rfr2.a(memb.o)
                              contiki-avr-atmega256rfr2.a(servreg-hack.o) (memb_init)
contiki-avr-atmega256rfr2.a(print-stats.o)
                              contiki-avr-atmega256rfr2.a(contiki-main.o) (print_stats)
contiki-avr-atmega256rfr2.a(uip6.o)
                              contiki-avr-atmega256rfr2.a(servreg-hack.o) (uip_appdata)
contiki-avr-atmega256rfr2.a(uip-ds6.o)
                              contiki-avr-atmega256rfr2.a(uip6.o) (uip_ds6_is_addr_onlink)
contiki-avr-atmega256rfr2.a(uip-ds6-nbr.o)
                              contiki-avr-atmega256rfr2.a(contiki-main.o) (ds6_neighbors)
contiki-avr-atmega256rfr2.a(uip-ds6-route.o)
                              contiki-avr-atmega256rfr2.a(uip-ds6.o) (uip_ds6_route_init)
contiki-avr-atmega256rfr2.a(uip-icmp6.o)
                              contiki-avr-atmega256rfr2.a(uip6.o) (uip_icmp6_input)
contiki-avr-atmega256rfr2.a(uip-nd6.o)
                              contiki-avr-atmega256rfr2.a(uip-ds6-nbr.o) (uip_nd6_ns_output)
contiki-avr-atmega256rfr2.a(simple-udp.o)
                              udp-stream.co (simple_udp_sendto)
contiki-avr-atmega256rfr2.a(tcpip.o)
                              contiki-avr-atmega256rfr2.a(servreg-hack.o) (udp_new)
contiki-avr-atmega256rfr2.a(uip-debug.o)
                              udp-stream.co (uip_debug_ipaddr_print)
contiki-avr-atmega256rfr2.a(uip-packetqueue)
                              contiki-avr-atmega256rfr2.a(uip-ds6-nbr.o) (uip_packetqueue_new)
contiki-avr-atmega256rfr2.a(uip-split.o)
                              contiki-avr-atmega256rfr2.a(tcpip.o) (uip_split_output)
contiki-avr-atmega256rfr2.a(uip-udp-packet.)
                              contiki-avr-atmega256rfr2.a(servreg-hack.o) (uip_udp_packet_send)
contiki-avr-atmega256rfr2.a(rpl.o)
                              contiki-avr-atmega256rfr2.a(uip-ds6-nbr.o) (rpl_link_neighbor_callback)
contiki-avr-atmega256rfr2.a(rpl-dag.o)
                              contiki-avr-atmega256rfr2.a(rpl.o) (rpl_dag_init)
contiki-avr-atmega256rfr2.a(rpl-ext-header.)
                              contiki-avr-atmega256rfr2.a(uip6.o) (rpl_verify_header)
contiki-avr-atmega256rfr2.a(rpl-icmp6.o)
                              contiki-avr-atmega256rfr2.a(rpl.o) (dao_output_target)
contiki-avr-atmega256rfr2.a(rpl-mrhof.o)
                              contiki-avr-atmega256rfr2.a(rpl.o) (rpl_mrhof)
contiki-avr-atmega256rfr2.a(rpl-timers.o)
                              contiki-avr-atmega256rfr2.a(rpl.o) (rpl_reset_periodic_timer)
contiki-avr-atmega256rfr2.a(nullmac.o)
                              contiki-avr-atmega256rfr2.a(contiki-main.o) (nullmac_driver)
[...]
Memory Configuration

Name             Origin             Length             Attributes
text             0x00000000         0x00100000         xr
data             0x00800200         0x0000fe00         rw !x
eeprom           0x00810000         0x00010000         rw !x
fuse             0x00820000         0x00000400         rw !x
lock             0x00830000         0x00000400         rw !x
signature        0x00840000         0x00000400         rw !x
user_signatures  0x00850000         0x00000400         rw !x
*default*        0x00000000         0xffffffff

Linker script and memory map

Address of section .data set to 0x800200
LOAD /usr/local/bin/../lib/gcc/avr/4.8.1/../../../../avr/lib/avr6/crtm256rfr2.o
Address of section .bootloader set to 0x1f800
LOAD udp-stream.co
LOAD contiki-avr-atmega256rfr2.a
START GROUP
LOAD /usr/local/bin/../lib/gcc/avr/4.8.1/avr6/libgcc.a
LOAD /usr/local/bin/../lib/gcc/avr/4.8.1/../../../../avr/lib/avr6/libm.a
LOAD /usr/local/bin/../lib/gcc/avr/4.8.1/../../../../avr/lib/avr6/libc.a
END GROUP

.hash
 *(.hash)

.dynsym
 *(.dynsym)

.dynstr
 *(.dynstr)

.gnu.version
 *(.gnu.version)

.gnu.version_d
 *(.gnu.version_d)

.gnu.version_r
 *(.gnu.version_r)

.rel.init
 *(.rel.init)

.rela.init
 *(.rela.init)

.rel.text
 *(.rel.text)
 *(.rel.text.*)
 *(.rel.gnu.linkonce.t*)

.rela.text
 *(.rela.text)
 *(.rela.text.*)
 *(.rela.gnu.linkonce.t*)

.rel.fini
 *(.rel.fini)

.rela.fini
 *(.rela.fini)

.rel.rodata
 *(.rel.rodata)
 *(.rel.rodata.*)
 *(.rel.gnu.linkonce.r*)

.rela.rodata
 *(.rela.rodata)
 *(.rela.rodata.*)
 *(.rela.gnu.linkonce.r*)

.rel.data
 *(.rel.data)
 *(.rel.data.*)
 *(.rel.gnu.linkonce.d*)

.rela.data
 *(.rela.data)
 *(.rela.data.*)
 *(.rela.gnu.linkonce.d*)

.rel.ctors
 *(.rel.ctors)

.rela.ctors
 *(.rela.ctors)

.rel.dtors
 *(.rel.dtors)

.rela.dtors
 *(.rela.dtors)

.rel.got
 *(.rel.got)

.rela.got
 *(.rela.got)

.rel.bss
 *(.rel.bss)

.rela.bss
 *(.rela.bss)

.rel.plt
 *(.rel.plt)

.rela.plt
 *(.rela.plt)

.text           0x00000000     0xcbce
 *(.vectors)
 .vectors       0x00000000      0x134 /usr/local/bin/../lib/gcc/avr/4.8.1/../../../../avr/lib/avr6/crtm256rfr2.o
                0x00000000                __vectors
                0x00000000                __vector_default
 *(.vectors)
 *(.progmem.gcc*)
 .progmem.gcc_sw_table.uip_process
                0x00000134       0x10 contiki-avr-atmega256rfr2.a(uip6.o)
                0x00000144                . = ALIGN (0x2)
                0x00000144                __trampolines_start = .
 *(.trampolines)
 .trampolines   0x00000144      0x138 linker stubs
 *(.trampolines*)
                0x0000027c                __trampolines_end = .
 *(.progmem*)
 .progmem.data.__c.4684
                0x0000027c        0x3 contiki-avr-atmega256rfr2.a(contiki-main.o)
 .progmem.data.__c.4682
                0x0000027f        0x2 contiki-avr-atmega256rfr2.a(contiki-main.o)
 .progmem.data.__c.4680
                0x00000281        0x3 contiki-avr-atmega256rfr2.a(contiki-main.o)
 .progmem.data.__c.4734
                0x00000284       0x1d contiki-avr-atmega256rfr2.a(contiki-main.o)
 .progmem.data.__c.4729
                0x000002a1        0xc contiki-avr-atmega256rfr2.a(contiki-main.o)
 .progmem.data.__c.4727
                0x000002ad        0x9 contiki-avr-atmega256rfr2.a(contiki-main.o)
 .progmem.data.__c.4722
                0x000002b6        0x8 contiki-avr-atmega256rfr2.a(contiki-main.o)
 .progmem.data.__c.4720
                0x000002be        0xa contiki-avr-atmega256rfr2.a(contiki-main.o)
 .progmem.data.__c.4718
                0x000002c8       0x12 contiki-avr-atmega256rfr2.a(contiki-main.o)
 .progmem.data.__c.4715
                0x000002da       0x12 contiki-avr-atmega256rfr2.a(contiki-main.o)
 .progmem.data.__c.4710
                0x000002ec        0x2 contiki-avr-atmega256rfr2.a(contiki-main.o)
 .progmem.data.__c.4708
                0x000002ee       0x15 contiki-avr-atmega256rfr2.a(contiki-main.o)
 .progmem.data.__c.4703
                0x00000303        0x2 contiki-avr-atmega256rfr2.a(contiki-main.o)
 .progmem.data.__c.4701
                0x00000305       0x15 contiki-avr-atmega256rfr2.a(contiki-main.o)
 .progmem.data.__c.4672
                0x0000031a        0x8 contiki-avr-atmega256rfr2.a(contiki-main.o)
 .progmem.data.__c.4665
                0x00000322       0x11 contiki-avr-atmega256rfr2.a(contiki-main.o)
 .progmem.data.__c.4663
                0x00000333        0xd contiki-avr-atmega256rfr2.a(contiki-main.o)
 .progmem.data.__c.4661
                0x00000340       0x32 contiki-avr-atmega256rfr2.a(contiki-main.o)
 .progmem.data.__c.4659
                0x00000372       0x25 contiki-avr-atmega256rfr2.a(contiki-main.o)
 .progmem.data.__c.4657
                0x00000397       0x20 contiki-avr-atmega256rfr2.a(contiki-main.o)
 .progmem.data.__c.4654
                0x000003b7       0x1b contiki-avr-atmega256rfr2.a(contiki-main.o)
 .progmem.data.__c.4647
                0x000003d2        0xd contiki-avr-atmega256rfr2.a(contiki-main.o)
 .progmem.data.__c.4645
                0x000003df       0x11 contiki-avr-atmega256rfr2.a(contiki-main.o)
 .progmem.data.__c.4643
                0x000003f0       0x11 contiki-avr-atmega256rfr2.a(contiki-main.o)
 .progmem.data.__c.4641
                0x00000401       0x11 contiki-avr-atmega256rfr2.a(contiki-main.o)
 .progmem.data.__c.4639
                0x00000412       0x11 contiki-avr-atmega256rfr2.a(contiki-main.o)
 .progmem.data.__c.4634
                0x00000423        0xf contiki-avr-atmega256rfr2.a(contiki-main.o)
 .progmem.data.__c.4413
                0x00000432       0x2d contiki-avr-atmega256rfr2.a(params.o)
 .progmem.data.default_domain_name
                0x0000045f        0xa contiki-avr-atmega256rfr2.a(params.o)
                0x0000045f                default_domain_name
 .progmem.data.default_server_name
                0x00000469        0xe contiki-avr-atmega256rfr2.a(params.o)
                0x00000469                default_server_name
 .progmem.data.default_mac_address
                0x00000477        0x8 contiki-avr-atmega256rfr2.a(params.o)
                0x00000477                default_mac_address
 .progmem.data.__c.3506
                0x0000047f       0x6f contiki-avr-atmega256rfr2.a(print-stats.o)
 .progmem.data.__c.2435
                0x000004ee        0x3 contiki-avr-atmega256rfr2.a(uip-debug.o)
 .progmem.data.__c.2433
                0x000004f1        0x2 contiki-avr-atmega256rfr2.a(uip-debug.o)
 .progmem.data.__c.2431
                0x000004f3        0x3 contiki-avr-atmega256rfr2.a(uip-debug.o)
                0x000004f6                . = ALIGN (0x2)
 *(.jumptables)
 *(.jumptables*)
 *(.lowtext)
 *(.lowtext*)
                0x000004f6                __ctors_start = .
 *(.ctors)
                0x000004f6                __ctors_end = .
                0x000004f6                __dtors_start = .
 *(.dtors)
                0x000004f6                __dtors_end = .
 SORT(*)(.ctors)
 SORT(*)(.dtors)
 *(.init0)
 .init0         0x000004f6        0x0 /usr/local/bin/../lib/gcc/avr/4.8.1/../../../../avr/lib/avr6/crtm256rfr2.o
                0x000004f6                __init
 *(.init0)
 *(.init1)
 *(.init1)
 *(.init2)
 .init2         0x000004f6       0x10 /usr/local/bin/../lib/gcc/avr/4.8.1/../../../../avr/lib/avr6/crtm256rfr2.o
 *(.init2)
 *(.init3)
 *(.init3)
 *(.init4)
 .init4         0x00000506       0x1a /usr/local/bin/../lib/gcc/avr/4.8.1/avr6/libgcc.a(_copy_data.o)
                0x00000506                __do_copy_data
 .init4         0x00000520       0x10 /usr/local/bin/../lib/gcc/avr/4.8.1/avr6/libgcc.a(_clear_bss.o)
                0x00000520                __do_clear_bss
 *(.init4)
 *(.init5)
 *(.init5)
 *(.init6)
 *(.init6)
 *(.init7)
 *(.init7)
 *(.init8)
 *(.init8)
 *(.init9)
 .init9         0x00000530        0x8 /usr/local/bin/../lib/gcc/avr/4.8.1/../../../../avr/lib/avr6/crtm256rfr2.o
 *(.init9)
 *(.text)
 .text          0x00000538        0x4 /usr/local/bin/../lib/gcc/avr/4.8.1/../../../../avr/lib/avr6/crtm256rfr2.o
                0x00000538                __vector_38
                0x00000538                __vector_22
                0x00000538                __vector_28
                0x00000538                __vector_67
                0x00000538                __vector_1
                0x00000538                __vector_75
                0x00000538                __vector_71
                0x00000538                __vector_34
                0x00000538                __vector_24
                0x00000538                __vector_12
                0x00000538                __vector_55
                0x00000538                __vector_69
                0x00000538                __vector_46
                0x00000538                __bad_interrupt
                0x00000538                __vector_72
                0x00000538                __vector_6
                0x00000538                __vector_31
                0x00000538                __vector_35
                0x00000538                __vector_74
                0x00000538                __vector_39
                0x00000538                __vector_3
                0x00000538                __vector_23
                0x00000538                __vector_68
                0x00000538                __vector_30
                0x00000538                __vector_73
                0x00000538                __vector_45
                0x00000538                __vector_11
                0x00000538                __vector_54
                0x00000538                __vector_13
                0x00000538                __vector_17
                0x00000538                __vector_19
                0x00000538                __vector_56
                0x00000538                __vector_7
                0x00000538                __vector_49
                0x00000538                __vector_41
                0x00000538                __vector_43
                0x00000538                __vector_27
                0x00000538                __vector_5
                0x00000538                __vector_33
                0x00000538                __vector_76
                0x00000538                __vector_47
                0x00000538                __vector_52
                0x00000538                __vector_37
                0x00000538                __vector_4
                0x00000538                __vector_44
                0x00000538                __vector_51
                0x00000538                __vector_9
                0x00000538                __vector_2
                0x00000538                __vector_15
                0x00000538                __vector_66
                0x00000538                __vector_70
                0x00000538                __vector_29
                0x00000538                __vector_40
                0x00000538                __vector_8
                0x00000538                __vector_26
                0x00000538                __vector_48
                0x00000538                __vector_14
                0x00000538                __vector_53
                0x00000538                __vector_10
                0x00000538                __vector_50
                0x00000538                __vector_16
                0x00000538                __vector_18
                0x00000538                __vector_20
                0x00000538                __vector_42
                0x00000538                __vector_65
                0x0000053c                . = ALIGN (0x2)
 *(.text.*)
 .text.receiver
                0x0000053c       0x36 udp-stream.co
 .text.process_thread_udpstream_process
                0x00000572      0x2fe udp-stream.co
 .text.purge_registrations
                0x00000870       0x88 contiki-avr-atmega256rfr2.a(servreg-hack.o)
 .text.servreg_hack_init
                0x000008f8       0x34 contiki-avr-atmega256rfr2.a(servreg-hack.o)
                0x000008f8                servreg_hack_init
 .text.servreg_hack_register
                0x0000092c       0xb8 contiki-avr-atmega256rfr2.a(servreg-hack.o)
                0x0000092c                servreg_hack_register
 .text.servreg_hack_list_head
                0x000009e4        0xc contiki-avr-atmega256rfr2.a(servreg-hack.o)
                0x000009e4                servreg_hack_list_head
 .text.process_thread_servreg_hack_process
                0x000009f0      0x2b8 contiki-avr-atmega256rfr2.a(servreg-hack.o)
 .text.servreg_hack_lookup
                0x00000ca8       0x2e contiki-avr-atmega256rfr2.a(servreg-hack.o)
                0x00000ca8                servreg_hack_lookup
 .text.ipaddr_add
                0x00000cd6       0xc6 contiki-avr-atmega256rfr2.a(contiki-main.o)
 .text.rng_get_uint8
                0x00000d9c       0x46 contiki-avr-atmega256rfr2.a(contiki-main.o)
                0x00000d9c                rng_get_uint8
 .text.initialize
                0x00000de2      0x2fc contiki-avr-atmega256rfr2.a(contiki-main.o)
                0x00000de2                initialize
 .text.startup.main
                0x000010de      0x240 contiki-avr-atmega256rfr2.a(contiki-main.o)
                0x000010de                main
 .text.params_get_channel
                0x0000131e      0x10c contiki-avr-atmega256rfr2.a(params.o)
                0x0000131e                params_get_channel
 .text.params_get_eui64
                0x0000142a       0x14 contiki-avr-atmega256rfr2.a(params.o)
                0x0000142a                params_get_eui64
 .text.params_get_panid
                0x0000143e        0x8 contiki-avr-atmega256rfr2.a(params.o)
                0x0000143e                params_get_panid
 .text.params_get_panaddr
                0x00001446        0x8 contiki-avr-atmega256rfr2.a(params.o)
                0x00001446                params_get_panaddr
 .text.params_get_txpower
                0x0000144e        0x8 contiki-avr-atmega256rfr2.a(params.o)
                0x0000144e                params_get_txpower
 .text.ssd1306_reset_clear
                0x00001456        0x6 contiki-avr-atmega256rfr2.a(ssd1306.o)
                0x00001456                ssd1306_reset_clear
 .text.ssd1306_reset_set
                0x0000145c        0x6 contiki-avr-atmega256rfr2.a(ssd1306.o)
                0x0000145c                ssd1306_reset_set
 .text.ssd1306_sel_cmd
                0x00001462        0x6 contiki-avr-atmega256rfr2.a(ssd1306.o)
                0x00001462                ssd1306_sel_cmd
 .text.spi_deselect_device
                0x00001468        0x6 contiki-avr-atmega256rfr2.a(ssd1306.o)
                0x00001468                spi_deselect_device
 .text.spi_select_device
                0x0000146e        0x6 contiki-avr-atmega256rfr2.a(ssd1306.o)
                0x0000146e                spi_select_device
 .text.spi_write_single
                0x00001474        0xa contiki-avr-atmega256rfr2.a(ssd1306.o)
                0x00001474                spi_write_single
 .text.ssd1306_write_command
                0x0000147e       0x2c contiki-avr-atmega256rfr2.a(ssd1306.o)
                0x0000147e                ssd1306_write_command
 .text.ssd1306_hard_reset
                0x000014aa       0x18 contiki-avr-atmega256rfr2.a(ssd1306.o)
                0x000014aa                ssd1306_hard_reset
 .text.ssd1306_display_on
                0x000014c2        0x6 contiki-avr-atmega256rfr2.a(ssd1306.o)
                0x000014c2                ssd1306_display_on
 .text.ssd1306_set_contrast
                0x000014c8       0x16 contiki-avr-atmega256rfr2.a(ssd1306.o)
                0x000014c8                ssd1306_set_contrast
 .text.ssd1306_display_invert_disable
                0x000014de        0x6 contiki-avr-atmega256rfr2.a(ssd1306.o)
                0x000014de                ssd1306_display_invert_disable
 .text.ssd1306_spi_init
                0x000014e4       0x14 contiki-avr-atmega256rfr2.a(ssd1306.o)
                0x000014e4                ssd1306_spi_init
 .text.ssd1306_interface_init
                0x000014f8        0x8 contiki-avr-atmega256rfr2.a(ssd1306.o)
                0x000014f8                ssd1306_interface_init
 .text.ssd1306_init
                0x00001500       0x82 contiki-avr-atmega256rfr2.a(ssd1306.o)
                0x00001500                ssd1306_init
 .text.clock_init
                0x00001582       0x20 contiki-avr-atmega256rfr2.a(clock.o)
                0x00001582                clock_init
 .text.clock_time
                0x000015a2       0x18 contiki-avr-atmega256rfr2.a(clock.o)
                0x000015a2                clock_time
 .text.clock_seconds
                0x000015ba       0x34 contiki-avr-atmega256rfr2.a(clock.o)
                0x000015ba                clock_seconds
 .text.clock_delay_usec
                0x000015ee       0x1a contiki-avr-atmega256rfr2.a(clock.o)
                0x000015ee                clock_delay_usec
 .text.__vector_21
                0x00001608       0xe0 contiki-avr-atmega256rfr2.a(clock.o)
                0x00001608                __vector_21
 .text.__vector_25
                0x000016e8       0x5e contiki-avr-atmega256rfr2.a(rs232.o)
                0x000016e8                __vector_25
 .text.__vector_36
                0x00001746       0x5e contiki-avr-atmega256rfr2.a(rs232.o)
                0x00001746                __vector_36
 .text.rs232_init
                0x000017a4       0x40 contiki-avr-atmega256rfr2.a(rs232.o)
                0x000017a4                rs232_init
 .text.rs232_send
                0x000017e4       0x24 contiki-avr-atmega256rfr2.a(rs232.o)
                0x000017e4                rs232_send
 .text.rs232_stdout_putchar
                0x00001808       0x2a contiki-avr-atmega256rfr2.a(rs232.o)
                0x00001808                rs232_stdout_putchar
 .text.rs232_redirect_stdout
                0x00001832       0x12 contiki-avr-atmega256rfr2.a(rs232.o)
                0x00001832                rs232_redirect_stdout
 .text.watchdog_periodic
                0x00001844        0x4 contiki-avr-atmega256rfr2.a(watchdog.o)
                0x00001844                watchdog_periodic
 .text.random_init
                0x00001848        0x4 contiki-avr-atmega256rfr2.a(random.o)
                0x00001848                random_init
 .text.random_rand
                0x0000184c        0x4 contiki-avr-atmega256rfr2.a(random.o)
                0x0000184c                random_rand
 .text.get_value
                0x00001850        0x6 contiki-avr-atmega256rfr2.a(rf230bb.o)
 .text.set_value
                0x00001856        0x6 contiki-avr-atmega256rfr2.a(rf230bb.o)
 .text.get_object
                0x0000185c        0x6 contiki-avr-atmega256rfr2.a(rf230bb.o)
 .text.set_object
                0x00001862        0x6 contiki-avr-atmega256rfr2.a(rf230bb.o)
 .text.rf230_pending_packet
                0x00001868        0x8 contiki-avr-atmega256rfr2.a(rf230bb.o)
 .text.radio_reset_state_machine
                0x00001870       0x32 contiki-avr-atmega256rfr2.a(rf230bb.o)
 .text.set_txpower
                0x000018a2       0x1e contiki-avr-atmega256rfr2.a(rf230bb.o)
 .text.rf230_isidle
                0x000018c0       0x2c contiki-avr-atmega256rfr2.a(rf230bb.o)
 .text.rf230_waitidle
                0x000018ec       0x12 contiki-avr-atmega256rfr2.a(rf230bb.o)
 .text.rf230_receiving_packet
                0x000018fe       0x2a contiki-avr-atmega256rfr2.a(rf230bb.o)
 .text.radio_off
                0x00001928      0x124 contiki-avr-atmega256rfr2.a(rf230bb.o)
 .text.rf230_off
                0x00001a4c       0x16 contiki-avr-atmega256rfr2.a(rf230bb.o)
 .text.rf230_prepare
                0x00001a62       0x32 contiki-avr-atmega256rfr2.a(rf230bb.o)
 .text.radio_get_trx_state
                0x00001a94        0xc contiki-avr-atmega256rfr2.a(rf230bb.o)
                0x00001a94                radio_get_trx_state
 .text.radio_set_trx_state
                0x00001aa0       0xbc contiki-avr-atmega256rfr2.a(rf230bb.o)
 .text.radio_on
                0x00001b5c       0x6a contiki-avr-atmega256rfr2.a(rf230bb.o)
 .text.rf230_on
                0x00001bc6       0x12 contiki-avr-atmega256rfr2.a(rf230bb.o)
 .text.rf230_cca
                0x00001bd8      0x128 contiki-avr-atmega256rfr2.a(rf230bb.o)
 .text.rf230_warm_reset
                0x00001d00       0x3e contiki-avr-atmega256rfr2.a(rf230bb.o)
                0x00001d00                rf230_warm_reset
 .text.rf230_init
                0x00001d3e       0x76 contiki-avr-atmega256rfr2.a(rf230bb.o)
                0x00001d3e                rf230_init
 .text.rf230_get_channel
                0x00001db4        0x6 contiki-avr-atmega256rfr2.a(rf230bb.o)
                0x00001db4                rf230_get_channel
 .text.rf230_set_channel
                0x00001dba       0x2a contiki-avr-atmega256rfr2.a(rf230bb.o)
                0x00001dba                rf230_set_channel
 .text.rf230_set_pan_addr
                0x00001de4       0x48 contiki-avr-atmega256rfr2.a(rf230bb.o)
                0x00001de4                rf230_set_pan_addr
 .text.rf230_interrupt
                0x00001e2c       0x26 contiki-avr-atmega256rfr2.a(rf230bb.o)
                0x00001e2c                rf230_interrupt
 .text.rf230_read
                0x00001e52       0xce contiki-avr-atmega256rfr2.a(rf230bb.o)
 .text.process_thread_rf230_process
                0x00001f20       0x8a contiki-avr-atmega256rfr2.a(rf230bb.o)
 .text.rf230_set_txpower
                0x00001faa        0x4 contiki-avr-atmega256rfr2.a(rf230bb.o)
                0x00001faa                rf230_set_txpower
 .text.rf230_get_txpower
                0x00001fae       0x18 contiki-avr-atmega256rfr2.a(rf230bb.o)
                0x00001fae                rf230_get_txpower
 .text.rf230_transmit
                0x00001fc6      0x260 contiki-avr-atmega256rfr2.a(rf230bb.o)
 .text.rf230_send
                0x00002226       0x32 contiki-avr-atmega256rfr2.a(rf230bb.o)
 .text.hal_init
                0x00002258        0x2 contiki-avr-atmega256rfr2.a(halbb.o)
                0x00002258                hal_init
 .text.hal_subregister_read
                0x0000225a       0x14 contiki-avr-atmega256rfr2.a(halbb.o)
                0x0000225a                hal_subregister_read
 .text.hal_subregister_write
                0x0000226e       0x36 contiki-avr-atmega256rfr2.a(halbb.o)
                0x0000226e                hal_subregister_write
 .text.hal_frame_read
                0x000022a4       0x54 contiki-avr-atmega256rfr2.a(halbb.o)
                0x000022a4                hal_frame_read
 .text.hal_frame_write
                0x000022f8       0x22 contiki-avr-atmega256rfr2.a(halbb.o)
                0x000022f8                hal_frame_write
 .text.__vector_60
                0x0000231a       0x80 contiki-avr-atmega256rfr2.a(halbb.o)
                0x0000231a                __vector_60
 .text.__vector_59
                0x0000239a       0x14 contiki-avr-atmega256rfr2.a(halbb.o)
                0x0000239a                __vector_59
 .text.__vector_57
                0x000023ae       0x14 contiki-avr-atmega256rfr2.a(halbb.o)
                0x000023ae                __vector_57
 .text.__vector_58
                0x000023c2       0x14 contiki-avr-atmega256rfr2.a(halbb.o)
                0x000023c2                __vector_58
 .text.__vector_64
                0x000023d6       0x18 contiki-avr-atmega256rfr2.a(halbb.o)
                0x000023d6                __vector_64
 .text.__vector_63
                0x000023ee       0x18 contiki-avr-atmega256rfr2.a(halbb.o)
                0x000023ee                __vector_63
 .text.__vector_62
                0x00002406       0x14 contiki-avr-atmega256rfr2.a(halbb.o)
                0x00002406                __vector_62
 .text.__vector_61
                0x0000241a       0x18 contiki-avr-atmega256rfr2.a(halbb.o)
                0x0000241a                __vector_61
 .text.autostart_start
                0x00002432       0x1e contiki-avr-atmega256rfr2.a(autostart.o)
                0x00002432                autostart_start
 .text.process_thread_ctimer_process
                0x00002450       0xc8 contiki-avr-atmega256rfr2.a(ctimer.o)
 .text.ctimer_init
                0x00002518       0x18 contiki-avr-atmega256rfr2.a(ctimer.o)
                0x00002518                ctimer_init
 .text.ctimer_set
                0x00002530       0x5a contiki-avr-atmega256rfr2.a(ctimer.o)
                0x00002530                ctimer_set
 .text.ctimer_reset
                0x0000258a       0x48 contiki-avr-atmega256rfr2.a(ctimer.o)
                0x0000258a                ctimer_reset
 .text.ctimer_stop
                0x000025d2       0x2e contiki-avr-atmega256rfr2.a(ctimer.o)
                0x000025d2                ctimer_stop
 .text.update_time
                0x00002600       0x64 contiki-avr-atmega256rfr2.a(etimer.o)
 .text.etimer_request_poll
                0x00002664        0x8 contiki-avr-atmega256rfr2.a(etimer.o)
                0x00002664                etimer_request_poll
 .text.process_thread_etimer_process
                0x0000266c      0x106 contiki-avr-atmega256rfr2.a(etimer.o)
 .text.add_timer
                0x00002772       0x5e contiki-avr-atmega256rfr2.a(etimer.o)
 .text.etimer_set
                0x000027d0       0x14 contiki-avr-atmega256rfr2.a(etimer.o)
                0x000027d0                etimer_set
 .text.etimer_reset
                0x000027e4       0x14 contiki-avr-atmega256rfr2.a(etimer.o)
                0x000027e4                etimer_reset
 .text.etimer_restart
                0x000027f8       0x14 contiki-avr-atmega256rfr2.a(etimer.o)
                0x000027f8                etimer_restart
 .text.etimer_expired
                0x0000280c       0x16 contiki-avr-atmega256rfr2.a(etimer.o)
                0x0000280c                etimer_expired
 .text.etimer_expiration_time
                0x00002822       0x10 contiki-avr-atmega256rfr2.a(etimer.o)
                0x00002822                etimer_expiration_time
 .text.etimer_pending
                0x00002832       0x16 contiki-avr-atmega256rfr2.a(etimer.o)
                0x00002832                etimer_pending
 .text.etimer_stop
                0x00002848       0x4e contiki-avr-atmega256rfr2.a(etimer.o)
                0x00002848                etimer_stop
 .text.call_process.part.0
                0x00002896       0x4e contiki-avr-atmega256rfr2.a(process.o)
 .text.call_process
                0x000028e4        0xc contiki-avr-atmega256rfr2.a(process.o)
 .text.exit_process
                0x000028f0       0xd8 contiki-avr-atmega256rfr2.a(process.o)
 .text.do_poll  0x000029c8       0x3e contiki-avr-atmega256rfr2.a(process.o)
 .text.process_alloc_event
                0x00002a06        0xe contiki-avr-atmega256rfr2.a(process.o)
                0x00002a06                process_alloc_event
 .text.process_init
                0x00002a14       0x20 contiki-avr-atmega256rfr2.a(process.o)
                0x00002a14                process_init
 .text.process_run
                0x00002a34       0xc6 contiki-avr-atmega256rfr2.a(process.o)
                0x00002a34                process_run
 .text.process_post
                0x00002afa       0x3c contiki-avr-atmega256rfr2.a(process.o)
                0x00002afa                process_post
 .text.process_post_synch
                0x00002b36       0x1e contiki-avr-atmega256rfr2.a(process.o)
                0x00002b36                process_post_synch
 .text.process_start
                0x00002b54       0x42 contiki-avr-atmega256rfr2.a(process.o)
                0x00002b54                process_start
 .text.process_poll
                0x00002b96       0x18 contiki-avr-atmega256rfr2.a(process.o)
                0x00002b96                process_poll
 .text.rtimer_init
                0x00002bae        0x4 contiki-avr-atmega256rfr2.a(rtimer.o)
                0x00002bae                rtimer_init
 .text.rtimer_run_next
                0x00002bb2       0x3e contiki-avr-atmega256rfr2.a(rtimer.o)
                0x00002bb2                rtimer_run_next
 .text.timer_set
                0x00002bf0       0x18 contiki-avr-atmega256rfr2.a(timer.o)
                0x00002bf0                timer_set
 .text.timer_reset
                0x00002c08       0x14 contiki-avr-atmega256rfr2.a(timer.o)
                0x00002c08                timer_reset
 .text.timer_restart
                0x00002c1c       0x14 contiki-avr-atmega256rfr2.a(timer.o)
                0x00002c1c                timer_restart
 .text.timer_expired
                0x00002c30       0x30 contiki-avr-atmega256rfr2.a(timer.o)
                0x00002c30                timer_expired
 .text.list_init
                0x00002c60        0x8 contiki-avr-atmega256rfr2.a(list.o)
                0x00002c60                list_init
 .text.list_head
                0x00002c68        0x8 contiki-avr-atmega256rfr2.a(list.o)
                0x00002c68                list_head
 .text.list_tail
                0x00002c70       0x20 contiki-avr-atmega256rfr2.a(list.o)
                0x00002c70                list_tail
 .text.list_remove
                0x00002c90       0x36 contiki-avr-atmega256rfr2.a(list.o)
                0x00002c90                list_remove
 .text.list_add
                0x00002cc6       0x32 contiki-avr-atmega256rfr2.a(list.o)
                0x00002cc6                list_add
 .text.list_push
                0x00002cf8       0x28 contiki-avr-atmega256rfr2.a(list.o)
                0x00002cf8                list_push
 .text.list_length
                0x00002d20       0x1a contiki-avr-atmega256rfr2.a(list.o)
                0x00002d20                list_length
 .text.list_item_next
                0x00002d3a       0x12 contiki-avr-atmega256rfr2.a(list.o)
                0x00002d3a                list_item_next
 .text.memb_init
                0x00002d4c       0x3c contiki-avr-atmega256rfr2.a(memb.o)
                0x00002d4c                memb_init
 .text.memb_alloc
                0x00002d88       0x4a contiki-avr-atmega256rfr2.a(memb.o)
                0x00002d88                memb_alloc
 .text.memb_free
                0x00002dd2       0x4a contiki-avr-atmega256rfr2.a(memb.o)
                0x00002dd2                memb_free
 .text.memb_inmemb
                0x00002e1c       0x3a contiki-avr-atmega256rfr2.a(memb.o)
                0x00002e1c                memb_inmemb
 .text.memb_numfree
                0x00002e56       0x34 contiki-avr-atmega256rfr2.a(memb.o)
                0x00002e56                memb_numfree
 .text.print_stats
                0x00002e8a      0x1c0 contiki-avr-atmega256rfr2.a(print-stats.o)
                0x00002e8a                print_stats
 .text.chksum   0x0000304a       0x4a contiki-avr-atmega256rfr2.a(uip6.o)
 .text.upper_layer_chksum
                0x00003094       0x74 contiki-avr-atmega256rfr2.a(uip6.o)
 .text.ext_hdr_options_process
                0x00003108       0xd4 contiki-avr-atmega256rfr2.a(uip6.o)
 .text.uip_add32
                0x000031dc       0x6e contiki-avr-atmega256rfr2.a(uip6.o)
                0x000031dc                uip_add32
 .text.unlikely.uip_add_rcv_nxt
                0x0000324a       0x34 contiki-avr-atmega256rfr2.a(uip6.o)
 .text.uip_icmp6chksum
                0x0000327e        0x6 contiki-avr-atmega256rfr2.a(uip6.o)
                0x0000327e                uip_icmp6chksum
 .text.uip_tcpchksum
                0x00003284        0x6 contiki-avr-atmega256rfr2.a(uip6.o)
                0x00003284                uip_tcpchksum
 .text.uip_udpchksum
                0x0000328a        0x6 contiki-avr-atmega256rfr2.a(uip6.o)
                0x0000328a                uip_udpchksum
 .text.uip_init
                0x00003290       0x64 contiki-avr-atmega256rfr2.a(uip6.o)
                0x00003290                uip_init
 .text.remove_ext_hdr
                0x000032f4       0x6c contiki-avr-atmega256rfr2.a(uip6.o)
                0x000032f4                remove_ext_hdr
 .text.uip_udp_new
                0x00003360       0xbc contiki-avr-atmega256rfr2.a(uip6.o)
                0x00003360                uip_udp_new
 .text.uip_unlisten
                0x0000341c       0x34 contiki-avr-atmega256rfr2.a(uip6.o)
                0x0000341c                uip_unlisten
 .text.uip_process
                0x00003450     0x110c contiki-avr-atmega256rfr2.a(uip6.o)
                0x00003450                uip_process
 .text.uip_htonl
                0x0000455c        0x6 contiki-avr-atmega256rfr2.a(uip6.o)
                0x0000455c                uip_htonl
 .text.uip_ds6_list_loop
                0x00004562       0x96 contiki-avr-atmega256rfr2.a(uip-ds6.o)
                0x00004562                uip_ds6_list_loop
 .text.uip_ds6_prefix_add
                0x000045f8       0xb6 contiki-avr-atmega256rfr2.a(uip-ds6.o)
                0x000045f8                uip_ds6_prefix_add
 .text.uip_ds6_is_addr_onlink
                0x000046ae       0x60 contiki-avr-atmega256rfr2.a(uip-ds6.o)
                0x000046ae                uip_ds6_is_addr_onlink
 .text.uip_ds6_addr_lookup
                0x0000470e       0x3a contiki-avr-atmega256rfr2.a(uip-ds6.o)
                0x0000470e                uip_ds6_addr_lookup
 .text.uip_ds6_get_link_local
                0x00004748       0x5a contiki-avr-atmega256rfr2.a(uip-ds6.o)
                0x00004748                uip_ds6_get_link_local
 .text.uip_ds6_maddr_add
                0x000047a2       0x64 contiki-avr-atmega256rfr2.a(uip-ds6.o)
                0x000047a2                uip_ds6_maddr_add
 .text.uip_ds6_addr_add
                0x00004806      0x104 contiki-avr-atmega256rfr2.a(uip-ds6.o)
                0x00004806                uip_ds6_addr_add
 .text.uip_ds6_maddr_rm
                0x0000490a        0xa contiki-avr-atmega256rfr2.a(uip-ds6.o)
                0x0000490a                uip_ds6_maddr_rm
 .text.uip_ds6_maddr_lookup
                0x00004914       0x3a contiki-avr-atmega256rfr2.a(uip-ds6.o)
                0x00004914                uip_ds6_maddr_lookup
 .text.uip_ds6_addr_rm
                0x0000494e       0x76 contiki-avr-atmega256rfr2.a(uip-ds6.o)
                0x0000494e                uip_ds6_addr_rm
 .text.uip_ds6_periodic
                0x000049c4       0x5c contiki-avr-atmega256rfr2.a(uip-ds6.o)
                0x000049c4                uip_ds6_periodic
 .text.uip_ds6_set_addr_iid
                0x00004a20       0x1c contiki-avr-atmega256rfr2.a(uip-ds6.o)
                0x00004a20                uip_ds6_set_addr_iid
 .text.get_match_length
                0x00004a3c       0x2a contiki-avr-atmega256rfr2.a(uip-ds6.o)
                0x00004a3c                get_match_length
 .text.uip_ds6_select_src
                0x00004a66       0xdc contiki-avr-atmega256rfr2.a(uip-ds6.o)
                0x00004a66                uip_ds6_select_src
 .text.uip_ds6_compute_reachable_time
                0x00004b42       0x58 contiki-avr-atmega256rfr2.a(uip-ds6.o)
                0x00004b42                uip_ds6_compute_reachable_time
 .text.uip_ds6_init
                0x00004b9a      0x1e2 contiki-avr-atmega256rfr2.a(uip-ds6.o)
                0x00004b9a                uip_ds6_init
 .text.uip_ds6_nbr_rm
                0x00004d7c       0x2e contiki-avr-atmega256rfr2.a(uip-ds6-nbr.o)
                0x00004d7c                uip_ds6_nbr_rm
 .text.uip_ds6_neighbors_init
                0x00004daa       0x10 contiki-avr-atmega256rfr2.a(uip-ds6-nbr.o)
                0x00004daa                uip_ds6_neighbors_init
 .text.uip_ds6_nbr_add
                0x00004dba       0x86 contiki-avr-atmega256rfr2.a(uip-ds6-nbr.o)
                0x00004dba                uip_ds6_nbr_add
 .text.uip_ds6_nbr_get_ll
                0x00004e40        0xe contiki-avr-atmega256rfr2.a(uip-ds6-nbr.o)
                0x00004e40                uip_ds6_nbr_get_ll
 .text.uip_ds6_nbr_lookup
                0x00004e4e       0x56 contiki-avr-atmega256rfr2.a(uip-ds6-nbr.o)
                0x00004e4e                uip_ds6_nbr_lookup
 .text.uip_ds6_nbr_ll_lookup
                0x00004ea4        0xe contiki-avr-atmega256rfr2.a(uip-ds6-nbr.o)
                0x00004ea4                uip_ds6_nbr_ll_lookup
 .text.uip_ds6_nbr_ipaddr_from_lladdr
                0x00004eb2        0x4 contiki-avr-atmega256rfr2.a(uip-ds6-nbr.o)
                0x00004eb2                uip_ds6_nbr_ipaddr_from_lladdr
 .text.uip_ds6_nbr_lladdr_from_ipaddr
                0x00004eb6       0x12 contiki-avr-atmega256rfr2.a(uip-ds6-nbr.o)
                0x00004eb6                uip_ds6_nbr_lladdr_from_ipaddr
 .text.uip_ds6_link_neighbor_callback
                0x00004ec8       0x48 contiki-avr-atmega256rfr2.a(uip-ds6-nbr.o)
                0x00004ec8                uip_ds6_link_neighbor_callback
 .text.uip_ds6_neighbor_periodic
                0x00004f10      0x17a contiki-avr-atmega256rfr2.a(uip-ds6-nbr.o)
                0x00004f10                uip_ds6_neighbor_periodic
 .text.call_route_callback
                0x0000508a       0x64 contiki-avr-atmega256rfr2.a(uip-ds6-route.o)
 .text.uip_ds6_route_init
                0x000050ee       0x34 contiki-avr-atmega256rfr2.a(uip-ds6-route.o)
                0x000050ee                uip_ds6_route_init
 .text.uip_ds6_route_nexthop
                0x00005122       0x1c contiki-avr-atmega256rfr2.a(uip-ds6-route.o)
                0x00005122                uip_ds6_route_nexthop
 .text.uip_ds6_route_head
                0x0000513e        0x8 contiki-avr-atmega256rfr2.a(uip-ds6-route.o)
                0x0000513e                uip_ds6_route_head
 .text.uip_ds6_route_next
                0x00005146        0xe contiki-avr-atmega256rfr2.a(uip-ds6-route.o)
                0x00005146                uip_ds6_route_next
 .text.uip_ds6_route_lookup
                0x00005154       0x96 contiki-avr-atmega256rfr2.a(uip-ds6-route.o)
                0x00005154                uip_ds6_route_lookup
 .text.uip_ds6_route_rm
                0x000051ea       0xce contiki-avr-atmega256rfr2.a(uip-ds6-route.o)
                0x000051ea                uip_ds6_route_rm
 .text.rm_routelist
                0x000052b8       0x3e contiki-avr-atmega256rfr2.a(uip-ds6-route.o)
 .text.rm_routelist_callback
                0x000052f6        0x4 contiki-avr-atmega256rfr2.a(uip-ds6-route.o)
 .text.uip_ds6_route_add
                0x000052fa      0x142 contiki-avr-atmega256rfr2.a(uip-ds6-route.o)
                0x000052fa                uip_ds6_route_add
 .text.uip_ds6_defrt_rm
                0x0000543c       0x5c contiki-avr-atmega256rfr2.a(uip-ds6-route.o)
                0x0000543c                uip_ds6_defrt_rm
 .text.uip_ds6_defrt_lookup
                0x00005498       0x44 contiki-avr-atmega256rfr2.a(uip-ds6-route.o)
                0x00005498                uip_ds6_defrt_lookup
 .text.uip_ds6_defrt_add
                0x000054dc       0x8c contiki-avr-atmega256rfr2.a(uip-ds6-route.o)
                0x000054dc                uip_ds6_defrt_add
 .text.uip_ds6_defrt_choose
                0x00005568       0x48 contiki-avr-atmega256rfr2.a(uip-ds6-route.o)
                0x00005568                uip_ds6_defrt_choose
 .text.uip_ds6_defrt_periodic
                0x000055b0       0x3a contiki-avr-atmega256rfr2.a(uip-ds6-route.o)
                0x000055b0                uip_ds6_defrt_periodic
 .text.echo_reply_input
                0x000055ea      0x15a contiki-avr-atmega256rfr2.a(uip-icmp6.o)
 .text.echo_request_input
                0x00005744      0x14a contiki-avr-atmega256rfr2.a(uip-icmp6.o)
 .text.uip_icmp6_input
                0x0000588e       0x4e contiki-avr-atmega256rfr2.a(uip-icmp6.o)
                0x0000588e                uip_icmp6_input
 .text.uip_icmp6_register_input_handler
                0x000058dc        0xa contiki-avr-atmega256rfr2.a(uip-icmp6.o)
                0x000058dc                uip_icmp6_register_input_handler
 .text.uip_icmp6_error_output
                0x000058e6      0x1cc contiki-avr-atmega256rfr2.a(uip-icmp6.o)
                0x000058e6                uip_icmp6_error_output
 .text.uip_icmp6_send
                0x00005ab2       0xb0 contiki-avr-atmega256rfr2.a(uip-icmp6.o)
                0x00005ab2                uip_icmp6_send
 .text.uip_icmp6_init
                0x00005b62       0x10 contiki-avr-atmega256rfr2.a(uip-icmp6.o)
                0x00005b62                uip_icmp6_init
 .text.na_input
                0x00005b72      0x28e contiki-avr-atmega256rfr2.a(uip-nd6.o)
 .text.ns_input
                0x00005e00      0x360 contiki-avr-atmega256rfr2.a(uip-nd6.o)
 .text.uip_nd6_ns_output
                0x00006160      0x200 contiki-avr-atmega256rfr2.a(uip-nd6.o)
                0x00006160                uip_nd6_ns_output
 .text.uip_nd6_init
                0x00006360       0x10 contiki-avr-atmega256rfr2.a(uip-nd6.o)
                0x00006360                uip_nd6_init
 .text.process_thread_simple_udp_process
                0x00006370       0xe2 contiki-avr-atmega256rfr2.a(simple-udp.o)
 .text.simple_udp_sendto
                0x00006452       0x26 contiki-avr-atmega256rfr2.a(simple-udp.o)
                0x00006452                simple_udp_sendto
 .text.simple_udp_register
                0x00006478       0xba contiki-avr-atmega256rfr2.a(simple-udp.o)
                0x00006478                simple_udp_register
 .text.start_periodic_tcp_timer
                0x00006532       0x16 contiki-avr-atmega256rfr2.a(tcpip.o)
 .text.tcpip_output
                0x00006548       0x12 contiki-avr-atmega256rfr2.a(tcpip.o)
                0x00006548                tcpip_output
 .text.tcpip_set_outputfunc
                0x0000655a        0xa contiki-avr-atmega256rfr2.a(tcpip.o)
                0x0000655a                tcpip_set_outputfunc
 .text.udp_new  0x00006564       0x26 contiki-avr-atmega256rfr2.a(tcpip.o)
                0x00006564                udp_new
 .text.udp_broadcast_new
                0x0000658a       0x6e contiki-avr-atmega256rfr2.a(tcpip.o)
                0x0000658a                udp_broadcast_new
 .text.tcpip_icmp6_call
                0x000065f8       0x2e contiki-avr-atmega256rfr2.a(tcpip.o)
                0x000065f8                tcpip_icmp6_call
 .text.tcpip_input
                0x00006626       0x1c contiki-avr-atmega256rfr2.a(tcpip.o)
                0x00006626                tcpip_input
 .text.tcpip_ipv6_output
                0x00006642      0x274 contiki-avr-atmega256rfr2.a(tcpip.o)
                0x00006642                tcpip_ipv6_output
 .text.process_thread_tcpip_process
                0x000068b6      0x218 contiki-avr-atmega256rfr2.a(tcpip.o)
 .text.tcpip_uipcall
                0x00006ace       0x8a contiki-avr-atmega256rfr2.a(tcpip.o)
                0x00006ace                tcpip_uipcall
 .text.uip_debug_ipaddr_print
                0x00006b58       0xe6 contiki-avr-atmega256rfr2.a(uip-debug.o)
                0x00006b58                uip_debug_ipaddr_print
 .text.packet_timedout
                0x00006c3e       0x1c contiki-avr-atmega256rfr2.a(uip-packetqueue)
 .text.uip_packetqueue_new
                0x00006c5a        0x8 contiki-avr-atmega256rfr2.a(uip-packetqueue)
                0x00006c5a                uip_packetqueue_new
 .text.uip_packetqueue_alloc
                0x00006c62       0x5e contiki-avr-atmega256rfr2.a(uip-packetqueue)
                0x00006c62                uip_packetqueue_alloc
 .text.uip_packetqueue_free
                0x00006cc0       0x2c contiki-avr-atmega256rfr2.a(uip-packetqueue)
                0x00006cc0                uip_packetqueue_free
 .text.uip_packetqueue_buf
                0x00006cec       0x14 contiki-avr-atmega256rfr2.a(uip-packetqueue)
                0x00006cec                uip_packetqueue_buf
 .text.uip_packetqueue_buflen
                0x00006d00       0x1c contiki-avr-atmega256rfr2.a(uip-packetqueue)
                0x00006d00                uip_packetqueue_buflen
 .text.uip_packetqueue_set_buflen
                0x00006d1c       0x16 contiki-avr-atmega256rfr2.a(uip-packetqueue)
                0x00006d1c                uip_packetqueue_set_buflen
 .text.uip_split_output
                0x00006d32       0xf2 contiki-avr-atmega256rfr2.a(uip-split.o)
                0x00006d32                uip_split_output
 .text.uip_udp_packet_send
                0x00006e24       0x40 contiki-avr-atmega256rfr2.a(uip-udp-packet.)
                0x00006e24                uip_udp_packet_send
 .text.uip_udp_packet_sendto
                0x00006e64       0x8c contiki-avr-atmega256rfr2.a(uip-udp-packet.)
                0x00006e64                uip_udp_packet_sendto
 .text.rpl_get_mode
                0x00006ef0        0xa contiki-avr-atmega256rfr2.a(rpl.o)
                0x00006ef0                rpl_get_mode
 .text.rpl_purge_routes
                0x00006efa       0xca contiki-avr-atmega256rfr2.a(rpl.o)
                0x00006efa                rpl_purge_routes
 .text.rpl_remove_routes
                0x00006fc4       0x2c contiki-avr-atmega256rfr2.a(rpl.o)
                0x00006fc4                rpl_remove_routes
 .text.rpl_remove_routes_by_nexthop
                0x00006ff0       0x56 contiki-avr-atmega256rfr2.a(rpl.o)
                0x00006ff0                rpl_remove_routes_by_nexthop
 .text.rpl_add_route
                0x00007046       0x46 contiki-avr-atmega256rfr2.a(rpl.o)
                0x00007046                rpl_add_route
 .text.rpl_link_neighbor_callback
                0x0000708c       0xa2 contiki-avr-atmega256rfr2.a(rpl.o)
                0x0000708c                rpl_link_neighbor_callback
 .text.rpl_ipv6_neighbor_callback
                0x0000712e       0x28 contiki-avr-atmega256rfr2.a(rpl.o)
                0x0000712e                rpl_ipv6_neighbor_callback
 .text.rpl_init
                0x00007156       0x78 contiki-avr-atmega256rfr2.a(rpl.o)
                0x00007156                rpl_init
 .text.lollipop_greater_than
                0x000071ce       0x48 contiki-avr-atmega256rfr2.a(rpl-dag.o)
 .text.rpl_set_preferred_parent
                0x00007216       0x3e contiki-avr-atmega256rfr2.a(rpl-dag.o)
 .text.set_ip_from_prefix
                0x00007254       0x38 contiki-avr-atmega256rfr2.a(rpl-dag.o)
 .text.check_prefix
                0x0000728c       0xb4 contiki-avr-atmega256rfr2.a(rpl-dag.o)
 .text.find_parent_any_dag_any_instance
                0x00007340       0x12 contiki-avr-atmega256rfr2.a(rpl-dag.o)
 .text.rpl_get_nbr
                0x00007352       0x22 contiki-avr-atmega256rfr2.a(rpl-dag.o)
                0x00007352                rpl_get_nbr
 .text.rpl_dag_init
                0x00007374        0xc contiki-avr-atmega256rfr2.a(rpl-dag.o)
                0x00007374                rpl_dag_init
 .text.rpl_get_parent
                0x00007380        0xa contiki-avr-atmega256rfr2.a(rpl-dag.o)
                0x00007380                rpl_get_parent
 .text.rpl_get_parent_ipaddr
                0x0000738a        0xe contiki-avr-atmega256rfr2.a(rpl-dag.o)
                0x0000738a                rpl_get_parent_ipaddr
 .text.rpl_set_prefix
                0x00007398       0xb4 contiki-avr-atmega256rfr2.a(rpl-dag.o)
                0x00007398                rpl_set_prefix
 .text.rpl_set_default_route
                0x0000744c       0x7c contiki-avr-atmega256rfr2.a(rpl-dag.o)
                0x0000744c                rpl_set_default_route
 .text.rpl_alloc_instance
                0x000074c8       0x2a contiki-avr-atmega256rfr2.a(rpl-dag.o)
                0x000074c8                rpl_alloc_instance
 .text.rpl_add_parent
                0x000074f2       0x72 contiki-avr-atmega256rfr2.a(rpl-dag.o)
                0x000074f2                rpl_add_parent
 .text.rpl_find_parent
                0x00007564       0x2a contiki-avr-atmega256rfr2.a(rpl-dag.o)
                0x00007564                rpl_find_parent
 .text.rpl_find_parent_any_dag
                0x0000758e       0x36 contiki-avr-atmega256rfr2.a(rpl-dag.o)
                0x0000758e                rpl_find_parent_any_dag
 .text.rpl_select_parent
                0x000075c4       0x8e contiki-avr-atmega256rfr2.a(rpl-dag.o)
                0x000075c4                rpl_select_parent
 .text.rpl_select_dag
                0x00007652      0x248 contiki-avr-atmega256rfr2.a(rpl-dag.o)
                0x00007652                rpl_select_dag
 .text.rpl_nullify_parent
                0x0000789a       0x70 contiki-avr-atmega256rfr2.a(rpl-dag.o)
                0x0000789a                rpl_nullify_parent
 .text.rpl_remove_parent
                0x0000790a       0x18 contiki-avr-atmega256rfr2.a(rpl-dag.o)
                0x0000790a                rpl_remove_parent
 .text.nbr_callback
                0x00007922        0x4 contiki-avr-atmega256rfr2.a(rpl-dag.o)
 .text.remove_parents.constprop.4
                0x00007926       0x3e contiki-avr-atmega256rfr2.a(rpl-dag.o)
 .text.rpl_free_dag
                0x00007964       0x34 contiki-avr-atmega256rfr2.a(rpl-dag.o)
                0x00007964                rpl_free_dag
 .text.rpl_free_instance
                0x00007998       0x88 contiki-avr-atmega256rfr2.a(rpl-dag.o)
                0x00007998                rpl_free_instance
 .text.rpl_move_parent
                0x00007a20       0x7c contiki-avr-atmega256rfr2.a(rpl-dag.o)
                0x00007a20                rpl_move_parent
 .text.rpl_get_any_dag
                0x00007a9c       0x1e contiki-avr-atmega256rfr2.a(rpl-dag.o)
                0x00007a9c                rpl_get_any_dag
 .text.rpl_get_instance
                0x00007aba       0x1c contiki-avr-atmega256rfr2.a(rpl-dag.o)
                0x00007aba                rpl_get_instance
 .text.get_dag  0x00007ad6       0x6a contiki-avr-atmega256rfr2.a(rpl-dag.o)
 .text.rpl_repair_root
                0x00007b40       0x52 contiki-avr-atmega256rfr2.a(rpl-dag.o)
                0x00007b40                rpl_repair_root
 .text.rpl_alloc_dag
                0x00007b92       0x5e contiki-avr-atmega256rfr2.a(rpl-dag.o)
                0x00007b92                rpl_alloc_dag
 .text.rpl_set_root
                0x00007bf0      0x138 contiki-avr-atmega256rfr2.a(rpl-dag.o)
                0x00007bf0                rpl_set_root
 .text.rpl_find_of
                0x00007d28       0x1a contiki-avr-atmega256rfr2.a(rpl-dag.o)
                0x00007d28                rpl_find_of
 .text.rpl_join_instance
                0x00007d42      0x1e4 contiki-avr-atmega256rfr2.a(rpl-dag.o)
                0x00007d42                rpl_join_instance
 .text.rpl_local_repair
                0x00007f26       0x9e contiki-avr-atmega256rfr2.a(rpl-dag.o)
                0x00007f26                rpl_local_repair
 .text.rpl_process_parent_event
                0x00007fc4       0xd8 contiki-avr-atmega256rfr2.a(rpl-dag.o)
                0x00007fc4                rpl_process_parent_event
 .text.rpl_add_dag
                0x0000809c      0x178 contiki-avr-atmega256rfr2.a(rpl-dag.o)
                0x0000809c                rpl_add_dag
 .text.rpl_recalculate_ranks
                0x00008214       0x48 contiki-avr-atmega256rfr2.a(rpl-dag.o)
                0x00008214                rpl_recalculate_ranks
 .text.rpl_process_dio
                0x0000825c      0x40e contiki-avr-atmega256rfr2.a(rpl-dag.o)
                0x0000825c                rpl_process_dio
 .text.rpl_lock_parent
                0x0000866a        0xa contiki-avr-atmega256rfr2.a(rpl-dag.o)
                0x0000866a                rpl_lock_parent
 .text.rpl_verify_header
                0x00008674       0xc6 contiki-avr-atmega256rfr2.a(rpl-ext-header.)
                0x00008674                rpl_verify_header
 .text.rpl_update_header_empty
                0x0000873a      0x166 contiki-avr-atmega256rfr2.a(rpl-ext-header.)
                0x0000873a                rpl_update_header_empty
 .text.rpl_update_header_final
                0x000088a0       0xd4 contiki-avr-atmega256rfr2.a(rpl-ext-header.)
                0x000088a0                rpl_update_header_final
 .text.rpl_invert_header
                0x00008974       0x86 contiki-avr-atmega256rfr2.a(rpl-ext-header.)
                0x00008974                rpl_invert_header
 .text.rpl_insert_header
                0x000089fa       0x1a contiki-avr-atmega256rfr2.a(rpl-ext-header.)
                0x000089fa                rpl_insert_header
 .text.get32    0x00008a14       0x1c contiki-avr-atmega256rfr2.a(rpl-icmp6.o)
 .text.set32    0x00008a30       0x10 contiki-avr-atmega256rfr2.a(rpl-icmp6.o)
 .text.get16    0x00008a40       0x10 contiki-avr-atmega256rfr2.a(rpl-icmp6.o)
 .text.set16    0x00008a50        0xc contiki-avr-atmega256rfr2.a(rpl-icmp6.o)
 .text.dao_ack_input
                0x00008a5c        0xa contiki-avr-atmega256rfr2.a(rpl-icmp6.o)
 .text.dio_input
                0x00008a66      0x354 contiki-avr-atmega256rfr2.a(rpl-icmp6.o)
 .text.dis_output
                0x00008dba       0x74 contiki-avr-atmega256rfr2.a(rpl-icmp6.o)
                0x00008dba                dis_output
 .text.dio_output
                0x00008e2e      0x310 contiki-avr-atmega256rfr2.a(rpl-icmp6.o)
                0x00008e2e                dio_output
 .text.dis_input
                0x0000913e       0x30 contiki-avr-atmega256rfr2.a(rpl-icmp6.o)
 .text.dao_output_target
                0x0000916e      0x11e contiki-avr-atmega256rfr2.a(rpl-icmp6.o)
                0x0000916e                dao_output_target
 .text.dao_output
                0x0000928c       0x88 contiki-avr-atmega256rfr2.a(rpl-icmp6.o)
                0x0000928c                dao_output
 .text.dao_ack_output
                0x00009314       0x36 contiki-avr-atmega256rfr2.a(rpl-icmp6.o)
                0x00009314                dao_ack_output
 .text.dao_input
                0x0000934a      0x35c contiki-avr-atmega256rfr2.a(rpl-icmp6.o)
 .text.rpl_icmp6_register_handlers
                0x000096a6       0x20 contiki-avr-atmega256rfr2.a(rpl-icmp6.o)
                0x000096a6                rpl_icmp6_register_handlers
 .text.reset    0x000096c6        0x2 contiki-avr-atmega256rfr2.a(rpl-mrhof.o)
 .text.update_metric_container
                0x000096c8        0x6 contiki-avr-atmega256rfr2.a(rpl-mrhof.o)
 .text.calculate_rank
                0x000096ce       0x54 contiki-avr-atmega256rfr2.a(rpl-mrhof.o)
 .text.neighbor_link_callback
                0x00009722       0xae contiki-avr-atmega256rfr2.a(rpl-mrhof.o)
 .text.best_dag
                0x000097d0       0x40 contiki-avr-atmega256rfr2.a(rpl-mrhof.o)
 .text.best_parent
                0x00009810       0xa6 contiki-avr-atmega256rfr2.a(rpl-mrhof.o)
 .text.new_dio_interval
                0x000098b6       0x9c contiki-avr-atmega256rfr2.a(rpl-timers.o)
 .text.handle_periodic_timer
                0x00009952       0x46 contiki-avr-atmega256rfr2.a(rpl-timers.o)
 .text.set_dao_lifetime_timer
                0x00009998       0x5a contiki-avr-atmega256rfr2.a(rpl-timers.o)
 .text.handle_dio_timer
                0x000099f2       0xb4 contiki-avr-atmega256rfr2.a(rpl-timers.o)
 .text.schedule_dao
                0x00009aa6       0x80 contiki-avr-atmega256rfr2.a(rpl-timers.o)
 .text.handle_dao_timer
                0x00009b26       0x7e contiki-avr-atmega256rfr2.a(rpl-timers.o)
 .text.rpl_reset_periodic_timer
                0x00009ba4       0x3a contiki-avr-atmega256rfr2.a(rpl-timers.o)
                0x00009ba4                rpl_reset_periodic_timer
 .text.rpl_reset_dio_timer
                0x00009bde       0x20 contiki-avr-atmega256rfr2.a(rpl-timers.o)
                0x00009bde                rpl_reset_dio_timer
 .text.rpl_schedule_dao
                0x00009bfe        0x8 contiki-avr-atmega256rfr2.a(rpl-timers.o)
                0x00009bfe                rpl_schedule_dao
 .text.send_packet
                0x00009c06        0xa contiki-avr-atmega256rfr2.a(nullmac.o)
 .text.packet_input
                0x00009c10        0xa contiki-avr-atmega256rfr2.a(nullmac.o)
 .text.on       0x00009c1a        0xa contiki-avr-atmega256rfr2.a(nullmac.o)
 .text.off      0x00009c24        0xa contiki-avr-atmega256rfr2.a(nullmac.o)
 .text.channel_check_interval
                0x00009c2e        0x6 contiki-avr-atmega256rfr2.a(nullmac.o)
 .text.init     0x00009c34        0x2 contiki-avr-atmega256rfr2.a(nullmac.o)
 .text.on       0x00009c36        0xa contiki-avr-atmega256rfr2.a(nullrdc.o)
 .text.channel_check_interval
                0x00009c40        0x6 contiki-avr-atmega256rfr2.a(nullrdc.o)
 .text.init     0x00009c46        0x4 contiki-avr-atmega256rfr2.a(nullrdc.o)
 .text.send_one_packet
                0x00009c4a       0x98 contiki-avr-atmega256rfr2.a(nullrdc.o)
 .text.send_list
                0x00009ce2       0x40 contiki-avr-atmega256rfr2.a(nullrdc.o)
 .text.send_packet
                0x00009d22        0x4 contiki-avr-atmega256rfr2.a(nullrdc.o)
 .text.off      0x00009d26       0x18 contiki-avr-atmega256rfr2.a(nullrdc.o)
 .text.packet_input
                0x00009d3e       0x3c contiki-avr-atmega256rfr2.a(nullrdc.o)
 .text.linkaddr_copy
                0x00009d7a       0x10 contiki-avr-atmega256rfr2.a(linkaddr.o)
                0x00009d7a                linkaddr_copy
 .text.linkaddr_cmp
                0x00009d8a       0x18 contiki-avr-atmega256rfr2.a(linkaddr.o)
                0x00009d8a                linkaddr_cmp
 .text.linkaddr_set_node_addr
                0x00009da2        0xa contiki-avr-atmega256rfr2.a(linkaddr.o)
                0x00009da2                linkaddr_set_node_addr
 .text.index_from_key
                0x00009dac       0x32 contiki-avr-atmega256rfr2.a(nbr-table.o)
 .text.nbr_set_bit
                0x00009dde       0x66 contiki-avr-atmega256rfr2.a(nbr-table.o)
 .text.index_from_lladdr
                0x00009e44       0x5a contiki-avr-atmega256rfr2.a(nbr-table.o)
 .text.key_from_item
                0x00009e9e       0x48 contiki-avr-atmega256rfr2.a(nbr-table.o)
 .text.item_from_key
                0x00009ee6       0x3e contiki-avr-atmega256rfr2.a(nbr-table.o)
 .text.nbr_get_bit.constprop.0
                0x00009f24       0x4a contiki-avr-atmega256rfr2.a(nbr-table.o)
 .text.nbr_table_register
                0x00009f6e       0x40 contiki-avr-atmega256rfr2.a(nbr-table.o)
                0x00009f6e                nbr_table_register
 .text.nbr_table_next
                0x00009fae       0x3e contiki-avr-atmega256rfr2.a(nbr-table.o)
                0x00009fae                nbr_table_next
 .text.nbr_table_head
                0x00009fec       0x44 contiki-avr-atmega256rfr2.a(nbr-table.o)
                0x00009fec                nbr_table_head
 .text.nbr_table_add_lladdr
                0x0000a030      0x1c0 contiki-avr-atmega256rfr2.a(nbr-table.o)
                0x0000a030                nbr_table_add_lladdr
 .text.nbr_table_get_from_lladdr
                0x0000a1f0       0x5e contiki-avr-atmega256rfr2.a(nbr-table.o)
                0x0000a1f0                nbr_table_get_from_lladdr
 .text.nbr_table_remove
                0x0000a24e       0x42 contiki-avr-atmega256rfr2.a(nbr-table.o)
                0x0000a24e                nbr_table_remove
 .text.nbr_table_lock
                0x0000a290       0x10 contiki-avr-atmega256rfr2.a(nbr-table.o)
                0x0000a290                nbr_table_lock
 .text.nbr_table_unlock
                0x0000a2a0       0x10 contiki-avr-atmega256rfr2.a(nbr-table.o)
                0x0000a2a0                nbr_table_unlock
 .text.nbr_table_get_lladdr
                0x0000a2b0       0x12 contiki-avr-atmega256rfr2.a(nbr-table.o)
                0x0000a2b0                nbr_table_get_lladdr
 .text.netstack_init
                0x0000a2c2       0x28 contiki-avr-atmega256rfr2.a(netstack.o)
                0x0000a2c2                netstack_init
 .text.packetbuf_copyto_hdr
                0x0000a2ea       0x24 contiki-avr-atmega256rfr2.a(packetbuf.o)
                0x0000a2ea                packetbuf_copyto_hdr
 .text.packetbuf_copyto
                0x0000a30e       0x7a contiki-avr-atmega256rfr2.a(packetbuf.o)
                0x0000a30e                packetbuf_copyto
 .text.packetbuf_hdrreduce
                0x0000a388       0x3a contiki-avr-atmega256rfr2.a(packetbuf.o)
                0x0000a388                packetbuf_hdrreduce
 .text.packetbuf_set_datalen
                0x0000a3c2        0xa contiki-avr-atmega256rfr2.a(packetbuf.o)
                0x0000a3c2                packetbuf_set_datalen
 .text.packetbuf_dataptr
                0x0000a3cc        0xe contiki-avr-atmega256rfr2.a(packetbuf.o)
                0x0000a3cc                packetbuf_dataptr
 .text.packetbuf_hdrptr
                0x0000a3da        0xc contiki-avr-atmega256rfr2.a(packetbuf.o)
                0x0000a3da                packetbuf_hdrptr
 .text.packetbuf_is_reference
                0x0000a3e6       0x18 contiki-avr-atmega256rfr2.a(packetbuf.o)
                0x0000a3e6                packetbuf_is_reference
 .text.packetbuf_compact
                0x0000a3fe       0x5e contiki-avr-atmega256rfr2.a(packetbuf.o)
                0x0000a3fe                packetbuf_compact
 .text.packetbuf_reference_ptr
                0x0000a45c        0xa contiki-avr-atmega256rfr2.a(packetbuf.o)
                0x0000a45c                packetbuf_reference_ptr
 .text.packetbuf_datalen
                0x0000a466        0xa contiki-avr-atmega256rfr2.a(packetbuf.o)
                0x0000a466                packetbuf_datalen
 .text.packetbuf_hdrlen
                0x0000a470       0x10 contiki-avr-atmega256rfr2.a(packetbuf.o)
                0x0000a470                packetbuf_hdrlen
 .text.packetbuf_totlen
                0x0000a480       0x16 contiki-avr-atmega256rfr2.a(packetbuf.o)
                0x0000a480                packetbuf_totlen
 .text.packetbuf_hdralloc
                0x0000a496       0x3c contiki-avr-atmega256rfr2.a(packetbuf.o)
                0x0000a496                packetbuf_hdralloc
 .text.packetbuf_attr_clear
                0x0000a4d2       0x32 contiki-avr-atmega256rfr2.a(packetbuf.o)
                0x0000a4d2                packetbuf_attr_clear
 .text.packetbuf_clear
                0x0000a504       0x26 contiki-avr-atmega256rfr2.a(packetbuf.o)
                0x0000a504                packetbuf_clear
 .text.packetbuf_copyfrom
                0x0000a52a       0x60 contiki-avr-atmega256rfr2.a(packetbuf.o)
                0x0000a52a                packetbuf_copyfrom
 .text.packetbuf_attr_copyto
                0x0000a58a       0x22 contiki-avr-atmega256rfr2.a(packetbuf.o)
                0x0000a58a                packetbuf_attr_copyto
 .text.packetbuf_attr_copyfrom
                0x0000a5ac       0x22 contiki-avr-atmega256rfr2.a(packetbuf.o)
                0x0000a5ac                packetbuf_attr_copyfrom
 .text.packetbuf_set_attr
                0x0000a5ce       0x16 contiki-avr-atmega256rfr2.a(packetbuf.o)
                0x0000a5ce                packetbuf_set_attr
 .text.packetbuf_attr
                0x0000a5e4       0x12 contiki-avr-atmega256rfr2.a(packetbuf.o)
                0x0000a5e4                packetbuf_attr
 .text.packetbuf_set_addr
                0x0000a5f6       0x16 contiki-avr-atmega256rfr2.a(packetbuf.o)
                0x0000a5f6                packetbuf_set_addr
 .text.packetbuf_addr
                0x0000a60c        0xe contiki-avr-atmega256rfr2.a(packetbuf.o)
                0x0000a60c                packetbuf_addr
 .text.packetbuf_holds_broadcast
                0x0000a61a        0xc contiki-avr-atmega256rfr2.a(packetbuf.o)
                0x0000a61a                packetbuf_holds_broadcast
 .text.queuebuf_init
                0x0000a626       0x18 contiki-avr-atmega256rfr2.a(queuebuf.o)
                0x0000a626                queuebuf_init
 .text.queuebuf_numfree
                0x0000a63e       0x16 contiki-avr-atmega256rfr2.a(queuebuf.o)
                0x0000a63e                queuebuf_numfree
 .text.queuebuf_new_from_packetbuf
                0x0000a654       0x9a contiki-avr-atmega256rfr2.a(queuebuf.o)
                0x0000a654                queuebuf_new_from_packetbuf
 .text.queuebuf_free
                0x0000a6ee       0x4a contiki-avr-atmega256rfr2.a(queuebuf.o)
                0x0000a6ee                queuebuf_free
 .text.queuebuf_to_packetbuf
                0x0000a738       0x92 contiki-avr-atmega256rfr2.a(queuebuf.o)
                0x0000a738                queuebuf_to_packetbuf
 .text.bootstrap
                0x0000a7ca        0x4 contiki-avr-atmega256rfr2.a(nullsec.o)
 .text.on_frame_created
                0x0000a7ce        0x6 contiki-avr-atmega256rfr2.a(nullsec.o)
 .text.input    0x0000a7d4        0xa contiki-avr-atmega256rfr2.a(nullsec.o)
 .text.get_overhead
                0x0000a7de        0x4 contiki-avr-atmega256rfr2.a(nullsec.o)
 .text.send     0x0000a7e2       0x2c contiki-avr-atmega256rfr2.a(nullsec.o)
 .text.__vector_32
                0x0000a80e       0xee contiki-avr-atmega256rfr2.a(rtimer-arch.o)
                0x0000a80e                __vector_32
 .text.rtimer_arch_init
                0x0000a8fc       0x34 contiki-avr-atmega256rfr2.a(rtimer-arch.o)
                0x0000a8fc                rtimer_arch_init
 .text.rtimer_arch_schedule
                0x0000a930       0x20 contiki-avr-atmega256rfr2.a(rtimer-arch.o)
                0x0000a930                rtimer_arch_schedule
 .text.stimer_set
                0x0000a950       0x20 contiki-avr-atmega256rfr2.a(stimer.o)
                0x0000a950                stimer_set
 .text.stimer_expired
                0x0000a970       0x5c contiki-avr-atmega256rfr2.a(stimer.o)
                0x0000a970                stimer_expired
 .text.sicslowpan_init
                0x0000a9cc       0x1e contiki-avr-atmega256rfr2.a(sicslowpan.o)
                0x0000a9cc                sicslowpan_init
 .text.set_packet_attrs
                0x0000a9ea       0x52 contiki-avr-atmega256rfr2.a(sicslowpan.o)
 .text.compress_addr_64
                0x0000aa3c       0xcc contiki-avr-atmega256rfr2.a(sicslowpan.o)
 .text.addr_context_lookup_by_prefix
                0x0000ab08       0x26 contiki-avr-atmega256rfr2.a(sicslowpan.o)
 .text.send_packet
                0x0000ab2e       0x1e contiki-avr-atmega256rfr2.a(sicslowpan.o)
 .text.output   0x0000ab4c      0x87c contiki-avr-atmega256rfr2.a(sicslowpan.o)
 .text.packet_sent
                0x0000b3c8       0x32 contiki-avr-atmega256rfr2.a(sicslowpan.o)
 .text.uncompress_addr
                0x0000b3fa       0xe2 contiki-avr-atmega256rfr2.a(sicslowpan.o)
 .text.input    0x0000b4dc      0x78e contiki-avr-atmega256rfr2.a(sicslowpan.o)
 .text.parse    0x0000bc6a       0xd4 contiki-avr-atmega256rfr2.a(framer-802154.o)
 .text.create_frame.isra.0
                0x0000bd3e      0x14c contiki-avr-atmega256rfr2.a(framer-802154.o)
 .text.create   0x0000be8a        0x8 contiki-avr-atmega256rfr2.a(framer-802154.o)
 .text.hdr_length
                0x0000be92        0x8 contiki-avr-atmega256rfr2.a(framer-802154.o)
 .text.framer_canonical_create_and_secure
                0x0000be9a       0x34 contiki-avr-atmega256rfr2.a(framer.o)
                0x0000be9a                framer_canonical_create_and_secure
 .text.mac_call_sent_callback
                0x0000bece       0x10 contiki-avr-atmega256rfr2.a(mac.o)
                0x0000bece                mac_call_sent_callback
 .text.field_len
                0x0000bede       0x8e contiki-avr-atmega256rfr2.a(frame802154.o)
 .text.frame802154_hdrlen
                0x0000bf6c       0x46 contiki-avr-atmega256rfr2.a(frame802154.o)
                0x0000bf6c                frame802154_hdrlen
 .text.frame802154_create
                0x0000bfb2      0x1ac contiki-avr-atmega256rfr2.a(frame802154.o)
                0x0000bfb2                frame802154_create
 .text.frame802154_parse
                0x0000c15e      0x19c contiki-avr-atmega256rfr2.a(frame802154.o)
                0x0000c15e                frame802154_parse
 .text.libgcc.div
                0x0000c2fa       0x28 /usr/local/bin/../lib/gcc/avr/4.8.1/avr6/libgcc.a(_udivmodhi4.o)
                0x0000c2fa                __udivmodhi4
 .text.libgcc.div
                0x0000c322       0x28 /usr/local/bin/../lib/gcc/avr/4.8.1/avr6/libgcc.a(_divmodhi4.o)
                0x0000c322                __divmodhi4
                0x0000c322                _div
 .text.libgcc.div
                0x0000c34a       0x44 /usr/local/bin/../lib/gcc/avr/4.8.1/avr6/libgcc.a(_udivmodsi4.o)
                0x0000c34a                __udivmodsi4
 .text.libgcc   0x0000c38e        0xc /usr/local/bin/../lib/gcc/avr/4.8.1/avr6/libgcc.a(_tablejump.o)
                0x0000c38e                __tablejump2__
                0x0000c392                __tablejump__
 .text.libgcc.builtins
                0x0000c39a        0xe /usr/local/bin/../lib/gcc/avr/4.8.1/avr6/libgcc.a(_bswapsi2.o)
                0x0000c39a                __bswapsi2
 .text.libgcc.mul
                0x0000c3a8       0x1e /usr/local/bin/../lib/gcc/avr/4.8.1/avr6/libgcc.a(_umulhisi3.o)
                0x0000c3a8                __umulhisi3
 .text.avr-libc
                0x0000c3c6       0xb8 /usr/local/bin/../lib/gcc/avr/4.8.1/../../../../avr/lib/avr6/libc.a(rand.o)
                0x0000c45c                rand_r
                0x0000c460                rand
                0x0000c468                srand
 .text.avr-libc
                0x0000c47e       0x1a /usr/local/bin/../lib/gcc/avr/4.8.1/../../../../avr/lib/avr6/libc.a(memcmp.o)
                0x0000c47e                memcmp
 .text.avr-libc
                0x0000c498       0x12 /usr/local/bin/../lib/gcc/avr/4.8.1/../../../../avr/lib/avr6/libc.a(memcpy.o)
                0x0000c498                memcpy
 .text.avr-libc
                0x0000c4aa       0x24 /usr/local/bin/../lib/gcc/avr/4.8.1/../../../../avr/lib/avr6/libc.a(memmove.o)
                0x0000c4aa                memmove
 .text.avr-libc
                0x0000c4ce        0xe /usr/local/bin/../lib/gcc/avr/4.8.1/../../../../avr/lib/avr6/libc.a(memset.o)
                0x0000c4ce                memset
 .text.avr-libc
                0x0000c4dc       0x24 /usr/local/bin/../lib/gcc/avr/4.8.1/../../../../avr/lib/avr6/libc.a(printf.o)
                0x0000c4dc                printf
 .text.avr-libc
                0x0000c500       0x48 /usr/local/bin/../lib/gcc/avr/4.8.1/../../../../avr/lib/avr6/libc.a(printf_p.o)
                0x0000c500                printf_P
 .text.avr-libc
                0x0000c548        0xc /usr/local/bin/../lib/gcc/avr/4.8.1/../../../../avr/lib/avr6/libc.a(putchar.o)
                0x0000c548                putchar
 .text.avr-libc
                0x0000c554       0x5a /usr/local/bin/../lib/gcc/avr/4.8.1/../../../../avr/lib/avr6/libc.a(puts.o)
                0x0000c554                puts
 .text.avr-libc
                0x0000c5ae      0x3f6 /usr/local/bin/../lib/gcc/avr/4.8.1/../../../../avr/lib/avr6/libc.a(vfprintf_std.o)
                0x0000c5ae                vfprintf
 .text.avr-libc
                0x0000c9a4       0x20 /usr/local/bin/../lib/gcc/avr/4.8.1/../../../../avr/lib/avr6/libc.a(eerd_block_atmega256rfr2.o)
                0x0000c9a4                __eerd_block_EEPROM_SUFFIX
                0x0000c9a8                __eerd_blraw_EEPROM_SUFFIX
 .text.avr-libc
                0x0000c9c4       0x10 /usr/local/bin/../lib/gcc/avr/4.8.1/../../../../avr/lib/avr6/libc.a(eerd_byte_atmega256rfr2.o)
                0x0000c9c4                __eerd_byte_EEPROM_SUFFIX
 .text.avr-libc
                0x0000c9d4        0xc /usr/local/bin/../lib/gcc/avr/4.8.1/../../../../avr/lib/avr6/libc.a(eerd_word_atmega256rfr2.o)
                0x0000c9d4                __eerd_word_EEPROM_SUFFIX
 .text.avr-libc
                0x0000c9e0       0x14 /usr/local/bin/../lib/gcc/avr/4.8.1/../../../../avr/lib/avr6/libc.a(eewr_block_atmega256rfr2.o)
                0x0000c9e0                __eewr_block_EEPROM_SUFFIX
 .text.avr-libc
                0x0000c9f4       0x1c /usr/local/bin/../lib/gcc/avr/4.8.1/../../../../avr/lib/avr6/libc.a(eewr_byte_atmega256rfr2.o)
                0x0000c9f4                __eewr_byte_EEPROM_SUFFIX
                0x0000c9f6                __eewr_r18_EEPROM_SUFFIX
 .text.avr-libc
                0x0000ca10        0xa /usr/local/bin/../lib/gcc/avr/4.8.1/../../../../avr/lib/avr6/libc.a(eewr_word_atmega256rfr2.o)
                0x0000ca10                __eewr_word_EEPROM_SUFFIX
 .text.avr-libc
                0x0000ca1a       0x16 /usr/local/bin/../lib/gcc/avr/4.8.1/../../../../avr/lib/avr6/libc.a(strnlen_P.o)
                0x0000ca1a                strnlen_P
 .text.avr-libc
                0x0000ca30       0x16 /usr/local/bin/../lib/gcc/avr/4.8.1/../../../../avr/lib/avr6/libc.a(strnlen.o)
                0x0000ca30                strnlen
 .text.avr-libc
                0x0000ca46       0x64 /usr/local/bin/../lib/gcc/avr/4.8.1/../../../../avr/lib/avr6/libc.a(fputc.o)
                0x0000ca46                fputc
 .text.avr-libc
                0x0000caaa       0xbc /usr/local/bin/../lib/gcc/avr/4.8.1/../../../../avr/lib/avr6/libc.a(ultoa_invert.o)
                0x0000caaa                __ultoa_invert
 .text.libgcc.div
                0x0000cb66       0x2e /usr/local/bin/../lib/gcc/avr/4.8.1/avr6/libgcc.a(_divmodsi4.o)
                0x0000cb66                __divmodsi4
 .text.libgcc.div
                0x0000cb94       0x10 /usr/local/bin/../lib/gcc/avr/4.8.1/avr6/libgcc.a(_negsi2.o)
                0x0000cb94                __negsi2
 .text.libgcc.mul
                0x0000cba4       0x16 /usr/local/bin/../lib/gcc/avr/4.8.1/avr6/libgcc.a(_muluhisi3.o)
                0x0000cba4                __muluhisi3
 .text.libgcc.mul
                0x0000cbba       0x10 /usr/local/bin/../lib/gcc/avr/4.8.1/avr6/libgcc.a(_mulshisi3.o)
                0x0000cbba                __mulshisi3
                0x0000cbc0                __mulohisi3
                0x0000cbca                . = ALIGN (0x2)
 *(.fini9)
 .fini9         0x0000cbca        0x0 /usr/local/bin/../lib/gcc/avr/4.8.1/avr6/libgcc.a(_exit.o)
                0x0000cbca                exit
                0x0000cbca                _exit
 *(.fini9)
 *(.fini8)
 *(.fini8)
 *(.fini7)
 *(.fini7)
 *(.fini6)
 *(.fini6)
 *(.fini5)
 *(.fini5)
 *(.fini4)
 *(.fini4)
 *(.fini3)
 *(.fini3)
 *(.fini2)
 *(.fini2)
 *(.fini1)
 *(.fini1)
 *(.fini0)
 .fini0         0x0000cbca        0x4 /usr/local/bin/../lib/gcc/avr/4.8.1/avr6/libgcc.a(_exit.o)
 *(.fini0)
                0x0000cbce                _etext = .

.data           0x00800200      0x382 load address 0x0000cbce
                0x00800200                PROVIDE (__data_start, .)
 *(.data)
 .data          0x00800200        0x4 /usr/local/bin/../lib/gcc/avr/4.8.1/../../../../avr/lib/avr6/libc.a(rand.o)
 *(.data*)
 .data.udpstream_process
                0x00800204        0xa udp-stream.co
                0x00800204                udpstream_process
 .data.servreg_hack_process
                0x0080020e        0xa contiki-avr-atmega256rfr2.a(servreg-hack.o)
                0x0080020e                servreg_hack_process
 .data.registrations
                0x00800218        0x8 contiki-avr-atmega256rfr2.a(servreg-hack.o)
 .data.rs232_stdout
                0x00800220        0xe contiki-avr-atmega256rfr2.a(rs232.o)
 .data.rf230_process
                0x0080022e        0xa contiki-avr-atmega256rfr2.a(rf230bb.o)
                0x0080022e                rf230_process
 .data.ctimer_process
                0x00800238        0xa contiki-avr-atmega256rfr2.a(ctimer.o)
                0x00800238                ctimer_process
 .data.etimer_process
                0x00800242        0xa contiki-avr-atmega256rfr2.a(etimer.o)
                0x00800242                etimer_process
 .data.ds6_neighbors
                0x0080024c        0x2 contiki-avr-atmega256rfr2.a(uip-ds6-nbr.o)
                0x0080024c                ds6_neighbors
 .data.ds6_neighbors_struct
                0x0080024e        0x8 contiki-avr-atmega256rfr2.a(uip-ds6-nbr.o)
 .data.defaultroutermemb
                0x00800256        0x8 contiki-avr-atmega256rfr2.a(uip-ds6-route.o)
 .data.routememb
                0x0080025e        0x8 contiki-avr-atmega256rfr2.a(uip-ds6-route.o)
 .data.neighborroutememb
                0x00800266        0x8 contiki-avr-atmega256rfr2.a(uip-ds6-route.o)
 .data.nbr_routes_struct
                0x0080026e        0x8 contiki-avr-atmega256rfr2.a(uip-ds6-route.o)
 .data.echo_reply_handler
                0x00800276        0x6 contiki-avr-atmega256rfr2.a(uip-icmp6.o)
 .data.echo_request_handler
                0x0080027c        0x6 contiki-avr-atmega256rfr2.a(uip-icmp6.o)
 .data.na_input_handler
                0x00800282        0x6 contiki-avr-atmega256rfr2.a(uip-nd6.o)
 .data.ns_input_handler
                0x00800288        0x6 contiki-avr-atmega256rfr2.a(uip-nd6.o)
 .data.simple_udp_process
                0x0080028e        0xa contiki-avr-atmega256rfr2.a(simple-udp.o)
                0x0080028e                simple_udp_process
 .data.tcpip_process
                0x00800298        0xa contiki-avr-atmega256rfr2.a(tcpip.o)
                0x00800298                tcpip_process
 .data.packets_memb
                0x008002a2        0x8 contiki-avr-atmega256rfr2.a(uip-packetqueue)
 .data.rpl_parents_struct
                0x008002aa        0x8 contiki-avr-atmega256rfr2.a(rpl-dag.o)
 .data.dao_ack_handler
                0x008002b2        0x6 contiki-avr-atmega256rfr2.a(rpl-icmp6.o)
 .data.dao_handler
                0x008002b8        0x6 contiki-avr-atmega256rfr2.a(rpl-icmp6.o)
 .data.dio_handler
                0x008002be        0x6 contiki-avr-atmega256rfr2.a(rpl-icmp6.o)
 .data.dis_handler
                0x008002c4        0x6 contiki-avr-atmega256rfr2.a(rpl-icmp6.o)
 .data.dao_sequence
                0x008002ca        0x1 contiki-avr-atmega256rfr2.a(rpl-icmp6.o)
 .data.rpl_mrhof
                0x008002cb        0xe contiki-avr-atmega256rfr2.a(rpl-mrhof.o)
                0x008002cb                rpl_mrhof
 .data.neighbor_addr_mem
                0x008002d9        0x8 contiki-avr-atmega256rfr2.a(nbr-table.o)
 .data.buframmem
                0x008002e1        0x8 contiki-avr-atmega256rfr2.a(queuebuf.o)
 .data.refbufmem
                0x008002e9        0x8 contiki-avr-atmega256rfr2.a(queuebuf.o)
 .data.bufmem   0x008002f1        0x8 contiki-avr-atmega256rfr2.a(queuebuf.o)
 *(.rodata)
 *(.rodata*)
 .rodata.str1.1
                0x008002f9       0xb2 udp-stream.co
 .rodata.autostart_processes
                0x008003ab        0x4 udp-stream.co
                0x008003ab                autostart_processes
 .rodata.str1.1
                0x008003af       0x99 contiki-avr-atmega256rfr2.a(servreg-hack.o)
 .rodata.str1.1
                0x00800448       0x4f contiki-avr-atmega256rfr2.a(contiki-main.o)
 .rodata.str1.1
                0x00800497        0xd contiki-avr-atmega256rfr2.a(rf230bb.o)
 .rodata.rf230_driver
                0x008004a4       0x1c contiki-avr-atmega256rfr2.a(rf230bb.o)
                0x008004a4                rf230_driver
 .rodata.str1.1
                0x008004c0        0xf contiki-avr-atmega256rfr2.a(ctimer.o)
 .rodata.str1.1
                0x008004cf        0xc contiki-avr-atmega256rfr2.a(etimer.o)
 .rodata.str1.1
                0x008004db       0x13 contiki-avr-atmega256rfr2.a(simple-udp.o)
 .rodata.str1.1
                0x008004ee        0xd contiki-avr-atmega256rfr2.a(tcpip.o)
 .rodata.str1.1
                0x008004fb        0xf contiki-avr-atmega256rfr2.a(uip-debug.o)
 .rodata.str1.1
                0x0080050a        0x8 contiki-avr-atmega256rfr2.a(nullmac.o)
 .rodata.nullmac_driver
                0x00800512        0xe contiki-avr-atmega256rfr2.a(nullmac.o)
                0x00800512                nullmac_driver
 .rodata.str1.1
                0x00800520        0x8 contiki-avr-atmega256rfr2.a(nullrdc.o)
 .rodata.nullrdc_driver
                0x00800528       0x12 contiki-avr-atmega256rfr2.a(nullrdc.o)
                0x00800528                nullrdc_driver
 .rodata.linkaddr_null
                0x0080053a        0x8 contiki-avr-atmega256rfr2.a(linkaddr.o)
                0x0080053a                linkaddr_null
 .rodata.str1.1
                0x00800542        0x8 contiki-avr-atmega256rfr2.a(nullsec.o)
 .rodata.nullsec_driver
                0x0080054a        0xc contiki-avr-atmega256rfr2.a(nullsec.o)
                0x0080054a                nullsec_driver
 .rodata.str1.1
                0x00800556        0xb contiki-avr-atmega256rfr2.a(sicslowpan.o)
 .rodata.sicslowpan_driver
                0x00800561        0x6 contiki-avr-atmega256rfr2.a(sicslowpan.o)
                0x00800561                sicslowpan_driver
 .rodata.ttl_values
                0x00800567        0x4 contiki-avr-atmega256rfr2.a(sicslowpan.o)
 .rodata.llprefix
                0x0080056b        0x2 contiki-avr-atmega256rfr2.a(sicslowpan.o)
                0x0080056b                llprefix
 .rodata.unc_mxconf
                0x0080056d        0x4 contiki-avr-atmega256rfr2.a(sicslowpan.o)
                0x0080056d                unc_mxconf
 .rodata.unc_ctxconf
                0x00800571        0x4 contiki-avr-atmega256rfr2.a(sicslowpan.o)
                0x00800571                unc_ctxconf
 .rodata.unc_llconf
                0x00800575        0x4 contiki-avr-atmega256rfr2.a(sicslowpan.o)
                0x00800575                unc_llconf
 .rodata.framer_802154
                0x00800579        0x8 contiki-avr-atmega256rfr2.a(framer-802154.o)
                0x00800579                framer_802154
 *(.gnu.linkonce.d*)
                0x00800582                . = ALIGN (0x2)
 *fill*         0x00800581        0x1 
                0x00800582                _edata = .
                0x00800582                PROVIDE (__data_end, .)

.bss            0x00800582     0x1f36
                0x00800582                PROVIDE (__bss_start, .)
 *(.bss)
 *(.bss*)
 .bss.ipaddr.4124
                0x00800582       0x10 udp-stream.co
 .bss.cpt.4150  0x00800592        0x2 udp-stream.co
 .bss.streamno.4167
                0x00800594        0x2 udp-stream.co
 .bss.et.4168   0x00800596        0x8 udp-stream.co
 .bss.ipaddr.4169
                0x0080059e        0x2 udp-stream.co
 .bss.unicast_connection
                0x008005a0       0x1c udp-stream.co
 .bss.periodic.4171
                0x008005bc        0x8 contiki-avr-atmega256rfr2.a(servreg-hack.o)
 .bss.inconn.4173
                0x008005c4        0x2 contiki-avr-atmega256rfr2.a(servreg-hack.o)
 .bss.outconn.4172
                0x008005c6        0x2 contiki-avr-atmega256rfr2.a(servreg-hack.o)
 .bss.started   0x008005c8        0x1 contiki-avr-atmega256rfr2.a(servreg-hack.o)
 .bss.sendtimer
                0x008005c9        0x8 contiki-avr-atmega256rfr2.a(servreg-hack.o)
 .bss.registrations_memb_mem
                0x008005d1      0x180 contiki-avr-atmega256rfr2.a(servreg-hack.o)
 .bss.registrations_memb_count
                0x00800751       0x10 contiki-avr-atmega256rfr2.a(servreg-hack.o)
 .bss.own_services_list
                0x00800761        0x2 contiki-avr-atmega256rfr2.a(servreg-hack.o)
 .bss.others_services_list
                0x00800763        0x2 contiki-avr-atmega256rfr2.a(servreg-hack.o)
 .bss.rcount    0x00800765        0x1 contiki-avr-atmega256rfr2.a(clock.o)
 .bss.count     0x00800766        0x2 contiki-avr-atmega256rfr2.a(clock.o)
 .bss.stdout_rs232_port
                0x00800768        0x1 contiki-avr-atmega256rfr2.a(rs232.o)
 .bss.buffer    0x00800769       0x81 contiki-avr-atmega256rfr2.a(rf230bb.o)
 .bss.channel   0x008007ea        0x1 contiki-avr-atmega256rfr2.a(rf230bb.o)
 .bss.initialized
                0x008007eb        0x1 contiki-avr-atmega256rfr2.a(ctimer.o)
 .bss.ctimer_list_list
                0x008007ec        0x2 contiki-avr-atmega256rfr2.a(ctimer.o)
 .bss.next_expiration
                0x008007ee        0x2 contiki-avr-atmega256rfr2.a(etimer.o)
 .bss.timerlist
                0x008007f0        0x2 contiki-avr-atmega256rfr2.a(etimer.o)
 .bss.snum.1757
                0x008007f2        0x1 contiki-avr-atmega256rfr2.a(process.o)
 .bss.p.1742    0x008007f3        0x2 contiki-avr-atmega256rfr2.a(process.o)
 .bss.receiver.1741
                0x008007f5        0x2 contiki-avr-atmega256rfr2.a(process.o)
 .bss.data.1740
                0x008007f7        0x2 contiki-avr-atmega256rfr2.a(process.o)
 .bss.ev.1739   0x008007f9        0x1 contiki-avr-atmega256rfr2.a(process.o)
 .bss.poll_requested
                0x008007fa        0x1 contiki-avr-atmega256rfr2.a(process.o)
 .bss.events    0x008007fb       0xa0 contiki-avr-atmega256rfr2.a(process.o)
 .bss.fevent    0x0080089b        0x1 contiki-avr-atmega256rfr2.a(process.o)
 .bss.nevents   0x0080089c        0x1 contiki-avr-atmega256rfr2.a(process.o)
 .bss.lastevent
                0x0080089d        0x1 contiki-avr-atmega256rfr2.a(process.o)
 .bss.process_current
                0x0080089e        0x2 contiki-avr-atmega256rfr2.a(process.o)
                0x0080089e                process_current
 .bss.process_list
                0x008008a0        0x2 contiki-avr-atmega256rfr2.a(process.o)
                0x008008a0                process_list
 .bss.next_rtimer
                0x008008a2        0x2 contiki-avr-atmega256rfr2.a(rtimer.o)
 .bss.tmp16     0x008008a4        0x2 contiki-avr-atmega256rfr2.a(uip6.o)
 .bss.opt       0x008008a6        0x1 contiki-avr-atmega256rfr2.a(uip6.o)
 .bss.iss       0x008008a7        0x4 contiki-avr-atmega256rfr2.a(uip6.o)
 .bss.lastport  0x008008ab        0x2 contiki-avr-atmega256rfr2.a(uip6.o)
 .bss.c         0x008008ad        0x1 contiki-avr-atmega256rfr2.a(uip6.o)
 .bss.uip_ext_opt_offset
                0x008008ae        0x1 contiki-avr-atmega256rfr2.a(uip6.o)
                0x008008ae                uip_ext_opt_offset
 .bss.uip_ext_len
                0x008008af        0x1 contiki-avr-atmega256rfr2.a(uip6.o)
                0x008008af                uip_ext_len
 .bss.uip_ext_bitmap
                0x008008b0        0x1 contiki-avr-atmega256rfr2.a(uip6.o)
                0x008008b0                uip_ext_bitmap
 .bss.locprefix
                0x008008b1        0x2 contiki-avr-atmega256rfr2.a(uip-ds6.o)
 .bss.locmaddr  0x008008b3        0x2 contiki-avr-atmega256rfr2.a(uip-ds6.o)
 .bss.locaddr   0x008008b5        0x2 contiki-avr-atmega256rfr2.a(uip-ds6.o)
 .bss.loc_fipaddr
                0x008008b7       0x10 contiki-avr-atmega256rfr2.a(uip-ds6.o)
 .bss._ds6_neighbors_mem
                0x008008c7      0x30c contiki-avr-atmega256rfr2.a(uip-ds6-nbr.o)
 .bss.num_routes
                0x00800bd3        0x2 contiki-avr-atmega256rfr2.a(uip-ds6-route.o)
 .bss.notificationlist_list
                0x00800bd5        0x2 contiki-avr-atmega256rfr2.a(uip-ds6-route.o)
 .bss.defaultroutermemb_memb_mem
                0x00800bd7       0x36 contiki-avr-atmega256rfr2.a(uip-ds6-route.o)
 .bss.defaultroutermemb_memb_count
                0x00800c0d        0x2 contiki-avr-atmega256rfr2.a(uip-ds6-route.o)
 .bss.defaultrouterlist_list
                0x00800c0f        0x2 contiki-avr-atmega256rfr2.a(uip-ds6-route.o)
 .bss.routememb_memb_mem
                0x00800c11      0x244 contiki-avr-atmega256rfr2.a(uip-ds6-route.o)
 .bss.routememb_memb_count
                0x00800e55       0x14 contiki-avr-atmega256rfr2.a(uip-ds6-route.o)
 .bss.routelist_list
                0x00800e69        0x2 contiki-avr-atmega256rfr2.a(uip-ds6-route.o)
 .bss.neighborroutememb_memb_mem
                0x00800e6b       0x50 contiki-avr-atmega256rfr2.a(uip-ds6-route.o)
 .bss.neighborroutememb_memb_count
                0x00800ebb       0x14 contiki-avr-atmega256rfr2.a(uip-ds6-route.o)
 .bss._nbr_routes_mem
                0x00800ecf       0x50 contiki-avr-atmega256rfr2.a(uip-ds6-route.o)
 .bss.input_handler_list_list
                0x00800f1f        0x2 contiki-avr-atmega256rfr2.a(uip-icmp6.o)
 .bss.echo_reply_callback_list_list
                0x00800f21        0x2 contiki-avr-atmega256rfr2.a(uip-icmp6.o)
 .bss.tmp_ipaddr
                0x00800f23       0x10 contiki-avr-atmega256rfr2.a(uip-icmp6.o)
 .bss.addr      0x00800f33        0x2 contiki-avr-atmega256rfr2.a(uip-nd6.o)
 .bss.defrt     0x00800f35        0x2 contiki-avr-atmega256rfr2.a(uip-nd6.o)
 .bss.nbr       0x00800f37        0x2 contiki-avr-atmega256rfr2.a(uip-nd6.o)
 .bss.nd6_opt_llao
                0x00800f39        0x2 contiki-avr-atmega256rfr2.a(uip-nd6.o)
 .bss.nd6_opt_offset
                0x00800f3b        0x1 contiki-avr-atmega256rfr2.a(uip-nd6.o)
 .bss.databuffer
                0x00800f3c       0xf0 contiki-avr-atmega256rfr2.a(simple-udp.o)
 .bss.started   0x0080102c        0x1 contiki-avr-atmega256rfr2.a(simple-udp.o)
 .bss.i.4499    0x0080102d        0x1 contiki-avr-atmega256rfr2.a(tcpip.o)
 .bss.i.4455    0x0080102e        0x1 contiki-avr-atmega256rfr2.a(tcpip.o)
 .bss.i.4511    0x0080102f        0x1 contiki-avr-atmega256rfr2.a(tcpip.o)
 .bss.outputfunc
                0x00801030        0x2 contiki-avr-atmega256rfr2.a(tcpip.o)
 .bss.s         0x00801032       0x12 contiki-avr-atmega256rfr2.a(tcpip.o)
 .bss.periodic  0x00801044        0x8 contiki-avr-atmega256rfr2.a(tcpip.o)
 .bss.packets_memb_memb_mem
                0x0080104c      0x20c contiki-avr-atmega256rfr2.a(uip-packetqueue)
 .bss.packets_memb_memb_count
                0x00801258        0x2 contiki-avr-atmega256rfr2.a(uip-packetqueue)
 .bss.mode      0x0080125a        0x2 contiki-avr-atmega256rfr2.a(rpl.o)
 .bss._rpl_parents_mem
                0x0080125c       0xa0 contiki-avr-atmega256rfr2.a(rpl-dag.o)
 .bss.dio_send_ok
                0x008012fc        0x1 contiki-avr-atmega256rfr2.a(rpl-timers.o)
 .bss.next_dis  0x008012fd        0x2 contiki-avr-atmega256rfr2.a(rpl-timers.o)
 .bss.periodic_timer
                0x008012ff       0x10 contiki-avr-atmega256rfr2.a(rpl-timers.o)
 .bss.nbr_table_keys_list
                0x0080130f        0x2 contiki-avr-atmega256rfr2.a(nbr-table.o)
 .bss.neighbor_addr_mem_memb_mem
                0x00801311       0xc8 contiki-avr-atmega256rfr2.a(nbr-table.o)
 .bss.neighbor_addr_mem_memb_count
                0x008013d9       0x14 contiki-avr-atmega256rfr2.a(nbr-table.o)
 .bss.num_tables
                0x008013ed        0x2 contiki-avr-atmega256rfr2.a(nbr-table.o)
 .bss.all_tables
                0x008013ef       0x10 contiki-avr-atmega256rfr2.a(nbr-table.o)
 .bss.locked_map
                0x008013ff       0x14 contiki-avr-atmega256rfr2.a(nbr-table.o)
 .bss.used_map  0x00801413       0x14 contiki-avr-atmega256rfr2.a(nbr-table.o)
 .bss.packetbufptr
                0x00801427        0x2 contiki-avr-atmega256rfr2.a(packetbuf.o)
 .bss.packetbuf_aligned
                0x00801429       0xb0 contiki-avr-atmega256rfr2.a(packetbuf.o)
 .bss.hdrptr    0x008014d9        0x1 contiki-avr-atmega256rfr2.a(packetbuf.o)
 .bss.bufptr    0x008014da        0x2 contiki-avr-atmega256rfr2.a(packetbuf.o)
 .bss.buflen    0x008014dc        0x2 contiki-avr-atmega256rfr2.a(packetbuf.o)
 .bss.buframmem_memb_mem
                0x008014de      0x6b0 contiki-avr-atmega256rfr2.a(queuebuf.o)
 .bss.buframmem_memb_count
                0x00801b8e        0x8 contiki-avr-atmega256rfr2.a(queuebuf.o)
 .bss.refbufmem_memb_mem
                0x00801b96       0x6a contiki-avr-atmega256rfr2.a(queuebuf.o)
 .bss.refbufmem_memb_count
                0x00801c00        0x2 contiki-avr-atmega256rfr2.a(queuebuf.o)
 .bss.bufmem_memb_mem
                0x00801c02       0x10 contiki-avr-atmega256rfr2.a(queuebuf.o)
 .bss.bufmem_memb_count
                0x00801c12        0x8 contiki-avr-atmega256rfr2.a(queuebuf.o)
 .bss.hc06_ptr  0x00801c1a        0x2 contiki-avr-atmega256rfr2.a(sicslowpan.o)
 .bss.context   0x00801c1c        0x2 contiki-avr-atmega256rfr2.a(sicslowpan.o)
 .bss.addr_contexts
                0x00801c1e        0xa contiki-avr-atmega256rfr2.a(sicslowpan.o)
 .bss.callback  0x00801c28        0x2 contiki-avr-atmega256rfr2.a(sicslowpan.o)
 .bss.last_rssi
                0x00801c2a        0x2 contiki-avr-atmega256rfr2.a(sicslowpan.o)
 .bss.reass_timer
                0x00801c2c        0x4 contiki-avr-atmega256rfr2.a(sicslowpan.o)
 .bss.reass_tag
                0x00801c30        0x2 contiki-avr-atmega256rfr2.a(sicslowpan.o)
 .bss.my_tag    0x00801c32        0x2 contiki-avr-atmega256rfr2.a(sicslowpan.o)
 .bss.processed_ip_in_len
                0x00801c34        0x2 contiki-avr-atmega256rfr2.a(sicslowpan.o)
 .bss.sicslowpan_aligned_buf
                0x00801c36       0xf0 contiki-avr-atmega256rfr2.a(sicslowpan.o)
 .bss.sicslowpan_len
                0x00801d26        0x2 contiki-avr-atmega256rfr2.a(sicslowpan.o)
 .bss.last_tx_status
                0x00801d28        0x2 contiki-avr-atmega256rfr2.a(sicslowpan.o)
 .bss.uncomp_hdr_len
                0x00801d2a        0x1 contiki-avr-atmega256rfr2.a(sicslowpan.o)
 .bss.packetbuf_payload_len
                0x00801d2b        0x2 contiki-avr-atmega256rfr2.a(sicslowpan.o)
 .bss.packetbuf_hdr_len
                0x00801d2d        0x1 contiki-avr-atmega256rfr2.a(sicslowpan.o)
 .bss.packetbuf_ptr
                0x00801d2e        0x2 contiki-avr-atmega256rfr2.a(sicslowpan.o)
 .bss.initialized
                0x00801d30        0x1 contiki-avr-atmega256rfr2.a(framer-802154.o)
 .bss.mac_dsn   0x00801d31        0x1 contiki-avr-atmega256rfr2.a(framer-802154.o)
 *(COMMON)
 COMMON         0x00801d32        0x6 contiki-avr-atmega256rfr2.a(contiki-main.o)
                0x00801d32                ledtimer
                0x00801d34                clocktime
 COMMON         0x00801d38        0xc contiki-avr-atmega256rfr2.a(clock.o)
                0x00801d38                radioontime
                0x00801d3c                sleepseconds
                0x00801d40                seconds
 COMMON         0x00801d44        0x4 contiki-avr-atmega256rfr2.a(rs232.o)
                0x00801d44                input_handler_1
                0x00801d46                input_handler_0
 COMMON         0x00801d48      0x198 contiki-avr-atmega256rfr2.a(rf230bb.o)
                0x00801d48                rf230_last_correlation
                0x00801d49                rf230_last_rssi
                0x00801d4a                RF230_receivefail
                0x00801d4c                rf230_smallest_rssi
                0x00801d4d                rf230_pending
                0x00801d4e                rf230_ccawait
                0x00801d4f                RF230_receivepackets
                0x00801d51                rf230_txendwait
                0x00801d52                rxframe_tail
                0x00801d53                rxframe_head
                0x00801d54                rxframe
                0x00801eda                rf230_wakewait
                0x00801edb                RF230_sendpackets